ARM GAS  C:\Users\cyz19\AppData\Local\Temp\cccuqHwA.s 			page 1


   1              		.cpu cortex-m4
   2              		.arch armv7e-m
   3              		.fpu fpv4-sp-d16
   4              		.eabi_attribute 27, 1
   5              		.eabi_attribute 28, 1
   6              		.eabi_attribute 20, 1
   7              		.eabi_attribute 21, 1
   8              		.eabi_attribute 23, 3
   9              		.eabi_attribute 24, 1
  10              		.eabi_attribute 25, 1
  11              		.eabi_attribute 26, 1
  12              		.eabi_attribute 30, 1
  13              		.eabi_attribute 34, 1
  14              		.eabi_attribute 18, 4
  15              		.file	"Ammo.c"
  16              		.text
  17              	.Ltext0:
  18              		.cfi_sections	.debug_frame
  19              		.section	.text.usart_printf,"ax",%progbits
  20              		.align	1
  21              		.global	usart_printf
  22              		.syntax unified
  23              		.thumb
  24              		.thumb_func
  26              	usart_printf:
  27              	.LVL0:
  28              	.LFB138:
  29              		.file 1 "App/Src/Ammo.c"
   1:App/Src/Ammo.c **** #include "Ammo.h"
   2:App/Src/Ammo.c **** #include "motor.h"
   3:App/Src/Ammo.c **** #include "usart.h"
   4:App/Src/Ammo.c **** #include "stdio.h"
   5:App/Src/Ammo.c **** #include "string.h"
   6:App/Src/Ammo.c **** #include "stdarg.h"
   7:App/Src/Ammo.c **** #include "remote_control.h"
   8:App/Src/Ammo.c **** #include "Data.h"
   9:App/Src/Ammo.c **** #include "dma.h"
  10:App/Src/Ammo.c **** 
  11:App/Src/Ammo.c **** //ammo_step_e ammo_step =STEP_AMMO_CLOSE;
  12:App/Src/Ammo.c **** ammo_step_e ammo_step =STEP_AMMO_STOP;
  13:App/Src/Ammo.c **** pid_type_def PID_shoot_vel[4] = {0};
  14:App/Src/Ammo.c **** pid_type_def PID_ammo1_vel[4] = {0};
  15:App/Src/Ammo.c **** pid_type_def PID_ammo2_vel[4] = {0};
  16:App/Src/Ammo.c **** pid_type_def PID_ammo1_trans_vel[4] = {0};
  17:App/Src/Ammo.c **** pid_type_def PID_ammo2_trans_vel[4] = {0};
  18:App/Src/Ammo.c **** pid_type_def PID_chassis_pos[4] = {0};
  19:App/Src/Ammo.c **** pid_type_def PID_chassis_pos_vel[4] = {0};
  20:App/Src/Ammo.c **** pid_type_def PID_chassis_vel[4] = {0};
  21:App/Src/Ammo.c **** 
  22:App/Src/Ammo.c **** extern data_g2c_gimbal_t data_g2c_gimbal;
  23:App/Src/Ammo.c **** extern data_motor_t data_motor;
  24:App/Src/Ammo.c **** extern data_referee_t data_referee;
  25:App/Src/Ammo.c **** extern CAN_HandleTypeDef hcan1;
  26:App/Src/Ammo.c **** extern CAN_HandleTypeDef hcan2;
  27:App/Src/Ammo.c **** extern UART_HandleTypeDef huart1;
  28:App/Src/Ammo.c **** extern data_rc_t data_rc;
  29:App/Src/Ammo.c **** 
ARM GAS  C:\Users\cyz19\AppData\Local\Temp\cccuqHwA.s 			page 2


  30:App/Src/Ammo.c **** static int shoot_G_time = 0;
  31:App/Src/Ammo.c **** int ammo_time = 0;
  32:App/Src/Ammo.c **** int len=10;
  33:App/Src/Ammo.c **** int vel_trans[6]={2500,-2500,3000,-3000,3000,-3000};
  34:App/Src/Ammo.c **** int vel_before[6]={5000,-5000,3600,-3600,3374,-3374};//25米散布圆
  35:App/Src/Ammo.c **** int vel_last[6]={3570,-3570,4070,-4070,4570,-4570};
  36:App/Src/Ammo.c **** //int vel[6]={4365,-4365,4865,-4865,5365,-5365};//25米基地固定目标
  37:App/Src/Ammo.c **** //int vel[6]={3601,-3601,4101,-4101,4601,-4601};//16米前哨站目标
  38:App/Src/Ammo.c **** //int vel[6]={3601,-3601,3601,-3601,3601,-3601};
  39:App/Src/Ammo.c **** int pos[4]={5000,0,5000,0};
  40:App/Src/Ammo.c **** int veltest=4000;
  41:App/Src/Ammo.c **** int16_t ammo_circle = 0;
  42:App/Src/Ammo.c **** int last_circle = 0;
  43:App/Src/Ammo.c **** int ammo_transtime = 0;
  44:App/Src/Ammo.c **** uint32_t total_ecd = 0;
  45:App/Src/Ammo.c **** float now_ecd = 0.0;
  46:App/Src/Ammo.c **** float set_ecd = 3500;
  47:App/Src/Ammo.c **** float back_ecd = 20;
  48:App/Src/Ammo.c **** float circle_vel = 0;
  49:App/Src/Ammo.c **** 
  50:App/Src/Ammo.c **** void usart_printf( const char*fmt,...)
  51:App/Src/Ammo.c **** {
  30              		.loc 1 51 1 view -0
  31              		.cfi_startproc
  32              		@ args = 4, pretend = 16, frame = 0
  33              		@ frame_needed = 0, uses_anonymous_args = 1
  34              		.loc 1 51 1 is_stmt 0 view .LVU1
  35 0000 0FB4     		push	{r0, r1, r2, r3}
  36              	.LCFI0:
  37              		.cfi_def_cfa_offset 16
  38              		.cfi_offset 0, -16
  39              		.cfi_offset 1, -12
  40              		.cfi_offset 2, -8
  41              		.cfi_offset 3, -4
  42 0002 10B5     		push	{r4, lr}
  43              	.LCFI1:
  44              		.cfi_def_cfa_offset 24
  45              		.cfi_offset 4, -24
  46              		.cfi_offset 14, -20
  47 0004 02AA     		add	r2, sp, #8
  48 0006 52F8041B 		ldr	r1, [r2], #4
  52:App/Src/Ammo.c **** 	static uint8_t tx_buf[256]={0};
  49              		.loc 1 52 2 is_stmt 1 view .LVU2
  53:App/Src/Ammo.c **** 	static va_list ap;
  50              		.loc 1 53 2 view .LVU3
  54:App/Src/Ammo.c **** 	static uint16_t len;
  51              		.loc 1 54 2 view .LVU4
  55:App/Src/Ammo.c **** 	va_start(ap,fmt);
  52              		.loc 1 55 2 view .LVU5
  53 000a 084B     		ldr	r3, .L3
  54 000c 1A60     		str	r2, [r3]
  56:App/Src/Ammo.c **** 	len=vsprintf((char*)tx_buf,fmt,ap);
  55              		.loc 1 56 2 view .LVU6
  56              		.loc 1 56 6 is_stmt 0 view .LVU7
  57 000e 084C     		ldr	r4, .L3+4
  58 0010 2046     		mov	r0, r4
  59 0012 FFF7FEFF 		bl	vsprintf
ARM GAS  C:\Users\cyz19\AppData\Local\Temp\cccuqHwA.s 			page 3


  60              	.LVL1:
  61              		.loc 1 56 5 view .LVU8
  62 0016 82B2     		uxth	r2, r0
  63 0018 064B     		ldr	r3, .L3+8
  64 001a 1A80     		strh	r2, [r3]	@ movhi
  57:App/Src/Ammo.c **** 	va_end(ap);
  65              		.loc 1 57 2 is_stmt 1 view .LVU9
  58:App/Src/Ammo.c **** 	HAL_UART_Transmit_DMA(&huart1,tx_buf,len);
  66              		.loc 1 58 2 view .LVU10
  67 001c 2146     		mov	r1, r4
  68 001e 0648     		ldr	r0, .L3+12
  69 0020 FFF7FEFF 		bl	HAL_UART_Transmit_DMA
  70              	.LVL2:
  59:App/Src/Ammo.c **** }
  71              		.loc 1 59 1 is_stmt 0 view .LVU11
  72 0024 BDE81040 		pop	{r4, lr}
  73              	.LCFI2:
  74              		.cfi_restore 14
  75              		.cfi_restore 4
  76              		.cfi_def_cfa_offset 16
  77 0028 04B0     		add	sp, sp, #16
  78              	.LCFI3:
  79              		.cfi_restore 3
  80              		.cfi_restore 2
  81              		.cfi_restore 1
  82              		.cfi_restore 0
  83              		.cfi_def_cfa_offset 0
  84 002a 7047     		bx	lr
  85              	.L4:
  86              		.align	2
  87              	.L3:
  88 002c 00000000 		.word	.LANCHOR0
  89 0030 00000000 		.word	.LANCHOR1
  90 0034 00000000 		.word	.LANCHOR2
  91 0038 00000000 		.word	huart1
  92              		.cfi_endproc
  93              	.LFE138:
  95              		.section	.text.Circle_STOP,"ax",%progbits
  96              		.align	1
  97              		.global	Circle_STOP
  98              		.syntax unified
  99              		.thumb
 100              		.thumb_func
 102              	Circle_STOP:
 103              	.LVL3:
 104              	.LFB139:
  60:App/Src/Ammo.c **** 
  61:App/Src/Ammo.c **** int Circle_STOP(int i, int n)
  62:App/Src/Ammo.c **** {
 105              		.loc 1 62 1 is_stmt 1 view -0
 106              		.cfi_startproc
 107              		@ args = 0, pretend = 0, frame = 0
 108              		@ frame_needed = 0, uses_anonymous_args = 0
 109              		@ link register save eliminated.
  63:App/Src/Ammo.c ****     if (data_motor.Chassis_motor_measure[i].ecd - data_motor.Chassis_motor_measure[i].last_ecd > 40
 110              		.loc 1 63 5 view .LVU13
 111              		.loc 1 63 44 is_stmt 0 view .LVU14
ARM GAS  C:\Users\cyz19\AppData\Local\Temp\cccuqHwA.s 			page 4


 112 0000 0B4B     		ldr	r3, .L9
 113 0002 00EB4002 		add	r2, r0, r0, lsl #1
 114 0006 33F82220 		ldrh	r2, [r3, r2, lsl #2]
 115              		.loc 1 63 86 view .LVU15
 116 000a 00EB4000 		add	r0, r0, r0, lsl #1
 117              	.LVL4:
 118              		.loc 1 63 86 view .LVU16
 119 000e 03EB8000 		add	r0, r3, r0, lsl #2
 120 0012 B0F90830 		ldrsh	r3, [r0, #8]
 121              		.loc 1 63 49 view .LVU17
 122 0016 D31A     		subs	r3, r2, r3
 123              		.loc 1 63 8 view .LVU18
 124 0018 B3F5805F 		cmp	r3, #4096
 125 001c 01DD     		ble	.L6
  64:App/Src/Ammo.c ****     {
  65:App/Src/Ammo.c ****         n--;
 126              		.loc 1 65 9 is_stmt 1 view .LVU19
 127              		.loc 1 65 10 is_stmt 0 view .LVU20
 128 001e 481E     		subs	r0, r1, #1
 129              	.LVL5:
 130              		.loc 1 65 10 view .LVU21
 131 0020 7047     		bx	lr
 132              	.LVL6:
 133              	.L6:
  66:App/Src/Ammo.c ****     }
  67:App/Src/Ammo.c ****     else if (data_motor.Chassis_motor_measure[i].ecd - data_motor.Chassis_motor_measure[i].last_ecd
 134              		.loc 1 67 10 is_stmt 1 view .LVU22
 135              		.loc 1 67 13 is_stmt 0 view .LVU23
 136 0022 13F5805F 		cmn	r3, #4096
 137 0026 01DA     		bge	.L8
  68:App/Src/Ammo.c ****     {
  69:App/Src/Ammo.c ****         n++;
 138              		.loc 1 69 9 is_stmt 1 view .LVU24
 139              		.loc 1 69 10 is_stmt 0 view .LVU25
 140 0028 481C     		adds	r0, r1, #1
 141              	.LVL7:
 142              		.loc 1 69 10 view .LVU26
 143 002a 7047     		bx	lr
 144              	.LVL8:
 145              	.L8:
 146              		.loc 1 69 10 view .LVU27
 147 002c 0846     		mov	r0, r1
 148              	.LVL9:
  70:App/Src/Ammo.c ****     }
  71:App/Src/Ammo.c **** 
  72:App/Src/Ammo.c ****     return n;
 149              		.loc 1 72 5 is_stmt 1 view .LVU28
  73:App/Src/Ammo.c **** }
 150              		.loc 1 73 1 is_stmt 0 view .LVU29
 151 002e 7047     		bx	lr
 152              	.L10:
 153              		.align	2
 154              	.L9:
 155 0030 00000000 		.word	data_motor
 156              		.cfi_endproc
 157              	.LFE139:
 159              		.section	.text.Ammo_Task,"ax",%progbits
ARM GAS  C:\Users\cyz19\AppData\Local\Temp\cccuqHwA.s 			page 5


 160              		.align	1
 161              		.global	Ammo_Task
 162              		.syntax unified
 163              		.thumb
 164              		.thumb_func
 166              	Ammo_Task:
 167              	.LFB140:
  74:App/Src/Ammo.c **** 
  75:App/Src/Ammo.c **** void Ammo_Task()
  76:App/Src/Ammo.c **** {
 168              		.loc 1 76 1 is_stmt 1 view -0
 169              		.cfi_startproc
 170              		@ Volatile: function does not return.
 171              		@ args = 0, pretend = 0, frame = 0
 172              		@ frame_needed = 0, uses_anonymous_args = 0
 173 0000 00B5     		push	{lr}
 174              	.LCFI4:
 175              		.cfi_def_cfa_offset 4
 176              		.cfi_offset 14, -4
 177 0002 85B0     		sub	sp, sp, #20
 178              	.LCFI5:
 179              		.cfi_def_cfa_offset 24
  77:App/Src/Ammo.c ****     PID_init(&PID_shoot_vel[0] , PID_trigger_vel_Kp , PID_trigger_vel_Ki , PID_trigger_vel_Kd , PID
 180              		.loc 1 77 5 view .LVU31
 181 0004 DFEDE48A 		vldr.32	s17, .L34
 182 0008 DFEDE49A 		vldr.32	s19, .L34+4
 183 000c B0EE682A 		vmov.f32	s4, s17
 184 0010 F0EE691A 		vmov.f32	s3, s19
 185 0014 B7EE001A 		vmov.f32	s2, #1.0e+0
 186 0018 F6EE040A 		vmov.f32	s1, #6.25e-1
 187 001c B0EE080A 		vmov.f32	s0, #3.0e+0
 188 0020 DF48     		ldr	r0, .L34+8
 189 0022 FFF7FEFF 		bl	PID_init
 190              	.LVL10:
  78:App/Src/Ammo.c ****     PID_init(&PID_ammo1_vel[0] , PID_ammo1_vel_Kp , PID_ammo1_vel_Ki , PID_ammo1_vel_Kd , PID_ammo1
 191              		.loc 1 78 5 view .LVU32
 192 0026 9FEDDF9A 		vldr.32	s18, .L34+12
 193 002a 9FEDDFAA 		vldr.32	s20, .L34+16
 194 002e 9FEDDF8A 		vldr.32	s16, .L34+20
 195 0032 DF4C     		ldr	r4, .L34+24
 196 0034 B0EE682A 		vmov.f32	s4, s17
 197 0038 F0EE491A 		vmov.f32	s3, s18
 198 003c B0EE4A1A 		vmov.f32	s2, s20
 199 0040 F0EE480A 		vmov.f32	s1, s16
 200 0044 B1EE020A 		vmov.f32	s0, #4.5e+0
 201 0048 2046     		mov	r0, r4
 202 004a FFF7FEFF 		bl	PID_init
 203              	.LVL11:
  79:App/Src/Ammo.c ****     PID_init(&PID_ammo1_vel[1] , PID_ammo2_vel_Kp , PID_ammo2_vel_Ki , PID_ammo2_vel_Kd , PID_ammo2
 204              		.loc 1 79 5 view .LVU33
 205 004e B0EE682A 		vmov.f32	s4, s17
 206 0052 F0EE491A 		vmov.f32	s3, s18
 207 0056 B0EE4A1A 		vmov.f32	s2, s20
 208 005a F0EE480A 		vmov.f32	s1, s16
 209 005e B1EE020A 		vmov.f32	s0, #4.5e+0
 210 0062 04F13400 		add	r0, r4, #52
 211 0066 FFF7FEFF 		bl	PID_init
ARM GAS  C:\Users\cyz19\AppData\Local\Temp\cccuqHwA.s 			page 6


 212              	.LVL12:
  80:App/Src/Ammo.c ****     PID_init(&PID_ammo1_vel[2] , PID_ammo3_vel_Kp , PID_ammo3_vel_Ki , PID_ammo3_vel_Kd , PID_ammo3
 213              		.loc 1 80 5 view .LVU34
 214 006a DFEDD2AA 		vldr.32	s21, .L34+28
 215 006e 9FEDD28A 		vldr.32	s16, .L34+32
 216 0072 9FEDD2AA 		vldr.32	s20, .L34+36
 217 0076 B0EE682A 		vmov.f32	s4, s17
 218 007a F0EE491A 		vmov.f32	s3, s18
 219 007e B0EE6A1A 		vmov.f32	s2, s21
 220 0082 F0EE480A 		vmov.f32	s1, s16
 221 0086 B0EE4A0A 		vmov.f32	s0, s20
 222 008a 04F16800 		add	r0, r4, #104
 223 008e FFF7FEFF 		bl	PID_init
 224              	.LVL13:
  81:App/Src/Ammo.c ****     PID_init(&PID_ammo1_vel[3] , PID_ammo4_vel_Kp , PID_ammo4_vel_Ki , PID_ammo4_vel_Kd , PID_ammo4
 225              		.loc 1 81 5 view .LVU35
 226 0092 B0EE682A 		vmov.f32	s4, s17
 227 0096 F0EE491A 		vmov.f32	s3, s18
 228 009a B0EE6A1A 		vmov.f32	s2, s21
 229 009e F0EE480A 		vmov.f32	s1, s16
 230 00a2 B0EE4A0A 		vmov.f32	s0, s20
 231 00a6 04F19C00 		add	r0, r4, #156
 232 00aa FFF7FEFF 		bl	PID_init
 233              	.LVL14:
  82:App/Src/Ammo.c ****     PID_init(&PID_ammo2_vel[0] , PID_ammo5_vel_Kp , PID_ammo5_vel_Ki , PID_ammo5_vel_Kd , PID_ammo5
 234              		.loc 1 82 5 view .LVU36
 235 00ae C44C     		ldr	r4, .L34+40
 236 00b0 B0EE682A 		vmov.f32	s4, s17
 237 00b4 F0EE491A 		vmov.f32	s3, s18
 238 00b8 B0EE6A1A 		vmov.f32	s2, s21
 239 00bc F0EE480A 		vmov.f32	s1, s16
 240 00c0 B0EE4A0A 		vmov.f32	s0, s20
 241 00c4 2046     		mov	r0, r4
 242 00c6 FFF7FEFF 		bl	PID_init
 243              	.LVL15:
  83:App/Src/Ammo.c ****     PID_init(&PID_ammo2_vel[1] , PID_ammo6_vel_Kp , PID_ammo6_vel_Ki , PID_ammo6_vel_Kd , PID_ammo6
 244              		.loc 1 83 5 view .LVU37
 245 00ca B0EE682A 		vmov.f32	s4, s17
 246 00ce F0EE491A 		vmov.f32	s3, s18
 247 00d2 B0EE6A1A 		vmov.f32	s2, s21
 248 00d6 F0EE480A 		vmov.f32	s1, s16
 249 00da B0EE4A0A 		vmov.f32	s0, s20
 250 00de 04F13400 		add	r0, r4, #52
 251 00e2 FFF7FEFF 		bl	PID_init
 252              	.LVL16:
  84:App/Src/Ammo.c ****     PID_init(&PID_ammo2_vel[2] , PID_ammo_vel_Kp , PID_ammo_vel_Ki , PID_ammo_vel_Kd , PID_ammo_vel
 253              		.loc 1 84 5 view .LVU38
 254 00e6 B0EE682A 		vmov.f32	s4, s17
 255 00ea F0EE491A 		vmov.f32	s3, s18
 256 00ee B0EE481A 		vmov.f32	s2, s16
 257 00f2 F0EE480A 		vmov.f32	s1, s16
 258 00f6 B6EE080A 		vmov.f32	s0, #7.5e-1
 259 00fa 04F16800 		add	r0, r4, #104
 260 00fe FFF7FEFF 		bl	PID_init
 261              	.LVL17:
  85:App/Src/Ammo.c ****     PID_init(&PID_ammo2_vel[3] , PID_ammo_vel_Kp , PID_ammo_vel_Ki , PID_ammo_vel_Kd , PID_ammo_vel
 262              		.loc 1 85 5 view .LVU39
ARM GAS  C:\Users\cyz19\AppData\Local\Temp\cccuqHwA.s 			page 7


 263 0102 B0EE682A 		vmov.f32	s4, s17
 264 0106 F0EE491A 		vmov.f32	s3, s18
 265 010a B0EE481A 		vmov.f32	s2, s16
 266 010e F0EE480A 		vmov.f32	s1, s16
 267 0112 B6EE080A 		vmov.f32	s0, #7.5e-1
 268 0116 04F19C00 		add	r0, r4, #156
 269 011a FFF7FEFF 		bl	PID_init
 270              	.LVL18:
  86:App/Src/Ammo.c ****     PID_init(&PID_ammo1_trans_vel[0] , PID_ammo_vel_Kp , PID_ammo_vel_Ki , PID_ammo_vel_Kd , PID_am
 271              		.loc 1 86 5 view .LVU40
 272 011e A94C     		ldr	r4, .L34+44
 273 0120 B0EE682A 		vmov.f32	s4, s17
 274 0124 F0EE491A 		vmov.f32	s3, s18
 275 0128 B0EE481A 		vmov.f32	s2, s16
 276 012c F0EE480A 		vmov.f32	s1, s16
 277 0130 B6EE080A 		vmov.f32	s0, #7.5e-1
 278 0134 2046     		mov	r0, r4
 279 0136 FFF7FEFF 		bl	PID_init
 280              	.LVL19:
  87:App/Src/Ammo.c ****     PID_init(&PID_ammo1_trans_vel[1] , PID_ammo_vel_Kp , PID_ammo_vel_Ki , PID_ammo_vel_Kd , PID_am
 281              		.loc 1 87 5 view .LVU41
 282 013a B0EE682A 		vmov.f32	s4, s17
 283 013e F0EE491A 		vmov.f32	s3, s18
 284 0142 B0EE481A 		vmov.f32	s2, s16
 285 0146 F0EE480A 		vmov.f32	s1, s16
 286 014a B6EE080A 		vmov.f32	s0, #7.5e-1
 287 014e 04F13400 		add	r0, r4, #52
 288 0152 FFF7FEFF 		bl	PID_init
 289              	.LVL20:
  88:App/Src/Ammo.c ****     PID_init(&PID_ammo1_trans_vel[2] , PID_ammo_vel_Kp , PID_ammo_vel_Ki , PID_ammo_vel_Kd , PID_am
 290              		.loc 1 88 5 view .LVU42
 291 0156 B0EE682A 		vmov.f32	s4, s17
 292 015a F0EE491A 		vmov.f32	s3, s18
 293 015e B0EE481A 		vmov.f32	s2, s16
 294 0162 F0EE480A 		vmov.f32	s1, s16
 295 0166 B6EE080A 		vmov.f32	s0, #7.5e-1
 296 016a 04F16800 		add	r0, r4, #104
 297 016e FFF7FEFF 		bl	PID_init
 298              	.LVL21:
  89:App/Src/Ammo.c ****     PID_init(&PID_ammo1_trans_vel[3] , PID_ammo_vel_Kp , PID_ammo_vel_Ki , PID_ammo_vel_Kd , PID_am
 299              		.loc 1 89 5 view .LVU43
 300 0172 B0EE682A 		vmov.f32	s4, s17
 301 0176 F0EE491A 		vmov.f32	s3, s18
 302 017a B0EE481A 		vmov.f32	s2, s16
 303 017e F0EE480A 		vmov.f32	s1, s16
 304 0182 B6EE080A 		vmov.f32	s0, #7.5e-1
 305 0186 04F19C00 		add	r0, r4, #156
 306 018a FFF7FEFF 		bl	PID_init
 307              	.LVL22:
  90:App/Src/Ammo.c ****     PID_init(&PID_ammo2_trans_vel[0] , PID_ammo_vel_Kp , PID_ammo_vel_Ki , PID_ammo_vel_Kd , PID_am
 308              		.loc 1 90 5 view .LVU44
 309 018e 8E4C     		ldr	r4, .L34+48
 310 0190 B0EE682A 		vmov.f32	s4, s17
 311 0194 F0EE491A 		vmov.f32	s3, s18
 312 0198 B0EE481A 		vmov.f32	s2, s16
 313 019c F0EE480A 		vmov.f32	s1, s16
 314 01a0 B6EE080A 		vmov.f32	s0, #7.5e-1
ARM GAS  C:\Users\cyz19\AppData\Local\Temp\cccuqHwA.s 			page 8


 315 01a4 2046     		mov	r0, r4
 316 01a6 FFF7FEFF 		bl	PID_init
 317              	.LVL23:
  91:App/Src/Ammo.c ****     PID_init(&PID_ammo2_trans_vel[1] , PID_ammo_vel_Kp , PID_ammo_vel_Ki , PID_ammo_vel_Kd , PID_am
 318              		.loc 1 91 5 view .LVU45
 319 01aa B0EE682A 		vmov.f32	s4, s17
 320 01ae F0EE491A 		vmov.f32	s3, s18
 321 01b2 B0EE481A 		vmov.f32	s2, s16
 322 01b6 F0EE480A 		vmov.f32	s1, s16
 323 01ba B6EE080A 		vmov.f32	s0, #7.5e-1
 324 01be 04F13400 		add	r0, r4, #52
 325 01c2 FFF7FEFF 		bl	PID_init
 326              	.LVL24:
  92:App/Src/Ammo.c ****     PID_init(&PID_ammo2_trans_vel[2] , PID_ammo_vel_Kp , PID_ammo_vel_Ki , PID_ammo_vel_Kd , PID_am
 327              		.loc 1 92 5 view .LVU46
 328 01c6 B0EE682A 		vmov.f32	s4, s17
 329 01ca F0EE491A 		vmov.f32	s3, s18
 330 01ce B0EE481A 		vmov.f32	s2, s16
 331 01d2 F0EE480A 		vmov.f32	s1, s16
 332 01d6 B6EE080A 		vmov.f32	s0, #7.5e-1
 333 01da 04F16800 		add	r0, r4, #104
 334 01de FFF7FEFF 		bl	PID_init
 335              	.LVL25:
  93:App/Src/Ammo.c ****     PID_init(&PID_ammo2_trans_vel[3] , PID_ammo_vel_Kp , PID_ammo_vel_Ki , PID_ammo_vel_Kd , PID_am
 336              		.loc 1 93 5 view .LVU47
 337 01e2 B0EE682A 		vmov.f32	s4, s17
 338 01e6 F0EE491A 		vmov.f32	s3, s18
 339 01ea B0EE481A 		vmov.f32	s2, s16
 340 01ee F0EE480A 		vmov.f32	s1, s16
 341 01f2 B6EE080A 		vmov.f32	s0, #7.5e-1
 342 01f6 04F19C00 		add	r0, r4, #156
 343 01fa FFF7FEFF 		bl	PID_init
 344              	.LVL26:
  94:App/Src/Ammo.c ****     //PID_init(&PID_chassis_pos[0] , PID_chassis_pos_Kp , PID_chassis_pos_Ki , PID_chassis_pos_Kd ,
  95:App/Src/Ammo.c ****     //PID_init(&PID_chassis_pos[1] , PID_chassis_pos_Kp , PID_chassis_pos_Ki , PID_chassis_pos_Kd ,
  96:App/Src/Ammo.c ****     //PID_init(&PID_chassis_pos[2] , PID_chassis_pos_Kp , PID_chassis_pos_Ki , PID_chassis_pos_Kd ,
  97:App/Src/Ammo.c ****     //PID_init(&PID_chassis_pos[3] , PID_chassis_pos_Kp , PID_chassis_pos_Ki , PID_chassis_pos_Kd ,
  98:App/Src/Ammo.c ****     //PID_init(&PID_chassis_pos_vel[0] ,PID_chassis_pos_vel_Kp , PID_chassis_pos_vel_Ki , PID_chass
  99:App/Src/Ammo.c ****     //PID_init(&PID_chassis_pos_vel[1] ,PID_chassis_pos_vel_Kp , PID_chassis_pos_vel_Ki , PID_chass
 100:App/Src/Ammo.c ****     //PID_init(&PID_chassis_pos_vel[2] ,PID_chassis_pos_vel_Kp , PID_chassis_pos_vel_Ki , PID_chass
 101:App/Src/Ammo.c ****     //PID_init(&PID_chassis_pos_vel[3] ,PID_chassis_pos_vel_Kp , PID_chassis_pos_vel_Ki , PID_chass
 102:App/Src/Ammo.c ****     PID_init(&PID_chassis_vel[0] , PID_chassis1_vel_Kp , PID_chassis1_vel_Ki , PID_chassis1_vel_Kd 
 345              		.loc 1 102 5 view .LVU48
 346 01fe DFED738A 		vldr.32	s17, .L34+52
 347 0202 734C     		ldr	r4, .L34+56
 348 0204 B0EE682A 		vmov.f32	s4, s17
 349 0208 F0EE691A 		vmov.f32	s3, s19
 350 020c B7EE001A 		vmov.f32	s2, #1.0e+0
 351 0210 F6EE040A 		vmov.f32	s1, #6.25e-1
 352 0214 B2EE000A 		vmov.f32	s0, #8.0e+0
 353 0218 2046     		mov	r0, r4
 354 021a FFF7FEFF 		bl	PID_init
 355              	.LVL27:
 103:App/Src/Ammo.c ****     PID_init(&PID_chassis_vel[1] , PID_chassis2_vel_Kp , PID_chassis2_vel_Ki , PID_chassis2_vel_Kd 
 356              		.loc 1 103 5 view .LVU49
 357 021e 9FED6D2A 		vldr.32	s4, .L34+60
 358 0222 DFED6D1A 		vldr.32	s3, .L34+64
ARM GAS  C:\Users\cyz19\AppData\Local\Temp\cccuqHwA.s 			page 9


 359 0226 B0EE481A 		vmov.f32	s2, s16
 360 022a DFED6C0A 		vldr.32	s1, .L34+68
 361 022e B3EE090A 		vmov.f32	s0, #2.5e+1
 362 0232 04F13400 		add	r0, r4, #52
 363 0236 FFF7FEFF 		bl	PID_init
 364              	.LVL28:
 104:App/Src/Ammo.c ****     PID_init(&PID_chassis_vel[2] , PID_chassis3_vel_Kp , PID_chassis3_vel_Ki , PID_chassis3_vel_Kd 
 365              		.loc 1 104 5 view .LVU50
 366 023a B0EE682A 		vmov.f32	s4, s17
 367 023e F0EE691A 		vmov.f32	s3, s19
 368 0242 B0EE481A 		vmov.f32	s2, s16
 369 0246 F0EE480A 		vmov.f32	s1, s16
 370 024a B7EE000A 		vmov.f32	s0, #1.0e+0
 371 024e 04F16800 		add	r0, r4, #104
 372 0252 FFF7FEFF 		bl	PID_init
 373              	.LVL29:
 105:App/Src/Ammo.c ****     PID_init(&PID_chassis_vel[3] , PID_chassis4_vel_Kp , PID_chassis4_vel_Ki , PID_chassis4_vel_Kd 
 374              		.loc 1 105 5 view .LVU51
 375 0256 B0EE682A 		vmov.f32	s4, s17
 376 025a F0EE691A 		vmov.f32	s3, s19
 377 025e B7EE001A 		vmov.f32	s2, #1.0e+0
 378 0262 F6EE040A 		vmov.f32	s1, #6.25e-1
 379 0266 B2EE000A 		vmov.f32	s0, #8.0e+0
 380 026a 04F19C00 		add	r0, r4, #156
 381 026e FFF7FEFF 		bl	PID_init
 382              	.LVL30:
 106:App/Src/Ammo.c ****     PID_init(&PID_chassis_pos[0] , PID_chassis_pos_Kp , PID_chassis_pos_Ki , PID_chassis_pos_Kd , P
 383              		.loc 1 106 5 view .LVU52
 384 0272 DFED5B9A 		vldr.32	s19, .L34+72
 385 0276 9FED5B9A 		vldr.32	s18, .L34+76
 386 027a DFED5B8A 		vldr.32	s17, .L34+80
 387 027e 5B4C     		ldr	r4, .L34+84
 388 0280 B0EE692A 		vmov.f32	s4, s19
 389 0284 F0EE491A 		vmov.f32	s3, s18
 390 0288 B0EE481A 		vmov.f32	s2, s16
 391 028c F0EE680A 		vmov.f32	s1, s17
 392 0290 B3EE010A 		vmov.f32	s0, #1.7e+1
 393 0294 2046     		mov	r0, r4
 394 0296 FFF7FEFF 		bl	PID_init
 395              	.LVL31:
 107:App/Src/Ammo.c ****     PID_init(&PID_chassis_pos[1] , PID_chassis_pos_Kp , PID_chassis_pos_Ki , PID_chassis_pos_Kd , P
 396              		.loc 1 107 5 view .LVU53
 397 029a B0EE692A 		vmov.f32	s4, s19
 398 029e F0EE491A 		vmov.f32	s3, s18
 399 02a2 B0EE481A 		vmov.f32	s2, s16
 400 02a6 F0EE680A 		vmov.f32	s1, s17
 401 02aa B3EE010A 		vmov.f32	s0, #1.7e+1
 402 02ae 04F13400 		add	r0, r4, #52
 403 02b2 FFF7FEFF 		bl	PID_init
 404              	.LVL32:
 108:App/Src/Ammo.c ****     PID_init(&PID_chassis_pos[2] , PID_chassis_pos_Kp , PID_chassis_pos_Ki , PID_chassis_pos_Kd , P
 405              		.loc 1 108 5 view .LVU54
 406 02b6 B0EE692A 		vmov.f32	s4, s19
 407 02ba F0EE491A 		vmov.f32	s3, s18
 408 02be B0EE481A 		vmov.f32	s2, s16
 409 02c2 F0EE680A 		vmov.f32	s1, s17
 410 02c6 B3EE010A 		vmov.f32	s0, #1.7e+1
ARM GAS  C:\Users\cyz19\AppData\Local\Temp\cccuqHwA.s 			page 10


 411 02ca 04F16800 		add	r0, r4, #104
 412 02ce FFF7FEFF 		bl	PID_init
 413              	.LVL33:
 109:App/Src/Ammo.c ****     PID_init(&PID_chassis_pos[3] , PID_chassis_pos_Kp , PID_chassis_pos_Ki , PID_chassis_pos_Kd , P
 414              		.loc 1 109 5 view .LVU55
 415 02d2 B0EE692A 		vmov.f32	s4, s19
 416 02d6 F0EE491A 		vmov.f32	s3, s18
 417 02da B0EE481A 		vmov.f32	s2, s16
 418 02de F0EE680A 		vmov.f32	s1, s17
 419 02e2 B3EE010A 		vmov.f32	s0, #1.7e+1
 420 02e6 04F19C00 		add	r0, r4, #156
 421 02ea FFF7FEFF 		bl	PID_init
 422              	.LVL34:
 423 02ee 12E0     		b	.L32
 424              	.L19:
 110:App/Src/Ammo.c **** 
 111:App/Src/Ammo.c **** 
 112:App/Src/Ammo.c ****     while(1)
 113:App/Src/Ammo.c ****     {
 114:App/Src/Ammo.c ****         
 115:App/Src/Ammo.c ****         switch (ammo_step)
 116:App/Src/Ammo.c ****         {
 117:App/Src/Ammo.c ****             //case STEP_AMMO_CLOSE:
 118:App/Src/Ammo.c ****             //{
 119:App/Src/Ammo.c ****             //    if ((data_referee.GameRobotState.power_management_ammo_output == 0))
 120:App/Src/Ammo.c ****             //    {
 121:App/Src/Ammo.c ****             //        ammo_step = STEP_AMMO_CLOSE;
 122:App/Src/Ammo.c ****             //    }
 123:App/Src/Ammo.c ****             //    else if(data_referee.GameRobotState.power_management_ammo_output == 1)
 124:App/Src/Ammo.c ****             //    {
 125:App/Src/Ammo.c ****             //        ammo_step = STEP_AMMO_STOP;
 126:App/Src/Ammo.c ****             //    }
 127:App/Src/Ammo.c **** //
 128:App/Src/Ammo.c ****             //    break;
 129:App/Src/Ammo.c ****             //    
 130:App/Src/Ammo.c ****             //}
 131:App/Src/Ammo.c ****             case STEP_AMMO_STOP://关闭摩擦轮
 132:App/Src/Ammo.c ****             {
 133:App/Src/Ammo.c ****                 DJ_124_ctrl(&hcan2, 0x200, 0, 0, 0, 0);
 425              		.loc 1 133 17 view .LVU56
 426 02f0 0022     		movs	r2, #0
 427 02f2 0192     		str	r2, [sp, #4]
 428 02f4 0092     		str	r2, [sp]
 429 02f6 1346     		mov	r3, r2
 430 02f8 4FF40071 		mov	r1, #512
 431 02fc 3C48     		ldr	r0, .L34+88
 432 02fe FFF7FEFF 		bl	DJ_124_ctrl
 433              	.LVL35:
 134:App/Src/Ammo.c **** 
 135:App/Src/Ammo.c ****                 //if ((data_referee.GameRobotState.power_management_ammo_output == 0))
 136:App/Src/Ammo.c ****                 //{
 137:App/Src/Ammo.c ****                 //    ammo_step = STEP_AMMO_CLOSE;
 138:App/Src/Ammo.c ****                 //}
 139:App/Src/Ammo.c ****                 //else if(data_referee.GameRobotState.power_management_ammo_output == 1)
 140:App/Src/Ammo.c ****                 //{
 141:App/Src/Ammo.c ****                     if(data_rc.status_ammo==0)
 434              		.loc 1 141 21 view .LVU57
ARM GAS  C:\Users\cyz19\AppData\Local\Temp\cccuqHwA.s 			page 11


 435              		.loc 1 141 31 is_stmt 0 view .LVU58
 436 0302 3C4B     		ldr	r3, .L34+92
 437 0304 9B7C     		ldrb	r3, [r3, #18]	@ zero_extendqisi2
 438              		.loc 1 141 23 view .LVU59
 439 0306 002B     		cmp	r3, #0
 440 0308 3ED1     		bne	.L20
 142:App/Src/Ammo.c ****                     {
 143:App/Src/Ammo.c ****                         ammo_step = STEP_AMMO_STOP;
 441              		.loc 1 143 25 is_stmt 1 view .LVU60
 442              		.loc 1 143 35 is_stmt 0 view .LVU61
 443 030a 3B4B     		ldr	r3, .L34+96
 444 030c 0122     		movs	r2, #1
 445 030e 1A70     		strb	r2, [r3]
 446              	.L12:
 144:App/Src/Ammo.c ****                     }
 145:App/Src/Ammo.c ****                     else if(data_rc.status_ammo==1||data_rc.status_ammo==2)
 146:App/Src/Ammo.c ****                     {
 147:App/Src/Ammo.c ****                         ammo_step = STEP_AMMO_FIRE;
 148:App/Src/Ammo.c ****                     }
 149:App/Src/Ammo.c ****                 //}
 150:App/Src/Ammo.c **** 
 151:App/Src/Ammo.c ****                 break;
 152:App/Src/Ammo.c **** 
 153:App/Src/Ammo.c ****             }
 154:App/Src/Ammo.c **** 
 155:App/Src/Ammo.c ****             case STEP_AMMO_FIRE:
 156:App/Src/Ammo.c ****             {
 157:App/Src/Ammo.c ****                 DJ_124_ctrl(&hcan2, 0x200, 0, 0, 0, 0);
 158:App/Src/Ammo.c ****                 
 159:App/Src/Ammo.c ****                 //if ((data_referee.GameRobotState.power_management_ammo_output == 0))
 160:App/Src/Ammo.c ****                 //{
 161:App/Src/Ammo.c ****                 //    ammo_step = STEP_AMMO_CLOSE;
 162:App/Src/Ammo.c ****                 //}
 163:App/Src/Ammo.c ****                 //else if(data_referee.GameRobotState.power_management_ammo_output == 1)
 164:App/Src/Ammo.c ****                 //{
 165:App/Src/Ammo.c ****                     if(data_rc.status_ammo==0)
 166:App/Src/Ammo.c ****                     {
 167:App/Src/Ammo.c ****                         ammo_step = STEP_AMMO_STOP;
 168:App/Src/Ammo.c ****                     }
 169:App/Src/Ammo.c ****                     else if(data_rc.status_ammo==1 || data_rc.status_ammo==2)
 170:App/Src/Ammo.c ****                     {
 171:App/Src/Ammo.c ****                         if(ammo_transtime >= 200)
 172:App/Src/Ammo.c ****                         {
 173:App/Src/Ammo.c ****                             ammo_step = STEP_AMMO_FIRE_PUSH;
 174:App/Src/Ammo.c ****                             ammo_transtime = 0;
 175:App/Src/Ammo.c ****                         }
 176:App/Src/Ammo.c ****                         else
 177:App/Src/Ammo.c ****                         {
 178:App/Src/Ammo.c ****                             ammo_step = STEP_AMMO_FIRE;
 179:App/Src/Ammo.c ****                             ammo_transtime++;
 180:App/Src/Ammo.c ****                         }
 181:App/Src/Ammo.c ****                     }
 182:App/Src/Ammo.c **** 
 183:App/Src/Ammo.c ****                     break;
 184:App/Src/Ammo.c ****             }
 185:App/Src/Ammo.c **** 
 186:App/Src/Ammo.c ****             case STEP_AMMO_FIRE_PUSH:
ARM GAS  C:\Users\cyz19\AppData\Local\Temp\cccuqHwA.s 			page 12


 187:App/Src/Ammo.c ****             {
 188:App/Src/Ammo.c ****                 //DJ_124_ctrl_vel(&hcan2, 0x200, PID_chassis_vel, data_motor.Chassis_motor_measure,
 189:App/Src/Ammo.c ****                 //data_motor.Chassis_motor_measure[1].circle = Circle_STOP(1, ammo_circle);
 190:App/Src/Ammo.c ****                 //ammo_circle = Circle_STOP(1, ammo_circle);
 191:App/Src/Ammo.c ****                 //last_circle = ammo_circle;
 192:App/Src/Ammo.c ****                 //total_ecd = ammo_circle * 8192 + data_motor.Chassis_motor_measure[1].ecd;
 193:App/Src/Ammo.c ****                 //now_ecd = total_ecd / 8192.0f *2.0 * 3.14f;
 194:App/Src/Ammo.c **** 
 195:App/Src/Ammo.c ****                 DJ_124_ctrl_vel(&hcan2, 0x200, PID_chassis_vel, data_motor.Chassis_motor_measure, 0
 196:App/Src/Ammo.c ****                 //if (data_motor.Chassis_motor_measure[1].ecd - data_motor.Chassis_motor_measure[1]
 197:App/Src/Ammo.c ****                 //{
 198:App/Src/Ammo.c ****                 //    ammo_circle--;
 199:App/Src/Ammo.c ****                 //}
 200:App/Src/Ammo.c ****                 //else if (data_motor.Chassis_motor_measure[1].ecd - data_motor.Chassis_motor_measu
 201:App/Src/Ammo.c ****                 //{
 202:App/Src/Ammo.c ****                 //    ammo_circle++;
 203:App/Src/Ammo.c ****                 //}
 204:App/Src/Ammo.c ****                 //total_ecd = ammo_circle * 8192 + data_motor.Chassis_motor_measure[1].ecd;
 205:App/Src/Ammo.c ****                 //now_ecd = total_ecd / 8192.0f *2.0 * 3.14f;
 206:App/Src/Ammo.c **** 
 207:App/Src/Ammo.c ****                 //circle_vel = PID_Calc(&PID_chassis_pos[1], now_ecd, set_ecd);
 208:App/Src/Ammo.c ****                 //DJ_124_ctrl_vel(&hcan2, 0x200, PID_chassis_vel, data_motor.Chassis_motor_measure,
 209:App/Src/Ammo.c ****                 if(data_rc.status_ammo == 0)
 210:App/Src/Ammo.c ****                 {
 211:App/Src/Ammo.c ****                     ammo_step = STEP_AMMO_STOP;
 212:App/Src/Ammo.c ****                 }
 213:App/Src/Ammo.c ****                 else if (data_rc.status_ammo == 1 || data_rc.status_ammo == 2)
 214:App/Src/Ammo.c ****                 {
 215:App/Src/Ammo.c ****                     //if (data_motor.Chassis_motor_measure[1].given_current > 4000)
 216:App/Src/Ammo.c ****                     //{
 217:App/Src/Ammo.c ****                     //    ammo_step = STEP_AMMO_FIRE_BACK;
 218:App/Src/Ammo.c ****                     //}
 219:App/Src/Ammo.c ****                     
 220:App/Src/Ammo.c ****                     if (ammo_circle >= 2062)
 221:App/Src/Ammo.c ****                     {
 222:App/Src/Ammo.c ****                         ammo_step = STEP_AMMO_FIRE_BACK;
 223:App/Src/Ammo.c ****                         //ammo_circle = 0;
 224:App/Src/Ammo.c ****                     }
 225:App/Src/Ammo.c ****                     else
 226:App/Src/Ammo.c ****                     {
 227:App/Src/Ammo.c ****                         ammo_step = STEP_AMMO_FIRE_PUSH;
 228:App/Src/Ammo.c ****                     }
 229:App/Src/Ammo.c ****                     //ammo_step = STEP_AMMO_FIRE_PUSH;
 230:App/Src/Ammo.c ****                 }
 231:App/Src/Ammo.c ****                 break;
 232:App/Src/Ammo.c ****             }
 233:App/Src/Ammo.c ****             case STEP_AMMO_FIRE_BACK:
 234:App/Src/Ammo.c ****             {
 235:App/Src/Ammo.c ****                 DJ_124_ctrl_vel(&hcan2, 0x200, PID_chassis_vel, data_motor.Chassis_motor_measure, 0
 236:App/Src/Ammo.c ****                 //data_motor.Chassis_motor_measure[1].circle = Circle_STOP(1, ammo_circle);
 237:App/Src/Ammo.c ****                 //ammo_circle = Circle_STOP(1, ammo_circle);
 238:App/Src/Ammo.c ****                 //    data_motor.Chassis_motor_measure[1].circle = ammo_circle;
 239:App/Src/Ammo.c **** 
 240:App/Src/Ammo.c ****                 if (data_motor.Chassis_motor_measure[1].ecd - data_motor.Chassis_motor_measure[1].l
 241:App/Src/Ammo.c ****                 {
 242:App/Src/Ammo.c ****                     ammo_circle--;
 243:App/Src/Ammo.c ****                 }
ARM GAS  C:\Users\cyz19\AppData\Local\Temp\cccuqHwA.s 			page 13


 244:App/Src/Ammo.c ****                 else if (data_motor.Chassis_motor_measure[1].ecd - data_motor.Chassis_motor_measure
 245:App/Src/Ammo.c ****                 {
 246:App/Src/Ammo.c ****                     ammo_circle++;
 247:App/Src/Ammo.c ****                 }
 248:App/Src/Ammo.c ****                 
 249:App/Src/Ammo.c ****                 if(data_rc.status_ammo == 0)
 250:App/Src/Ammo.c ****                 {
 251:App/Src/Ammo.c ****                     ammo_step = STEP_AMMO_STOP;
 252:App/Src/Ammo.c ****                 }
 253:App/Src/Ammo.c ****                 else if (data_rc.status_ammo == 1 || data_rc.status_ammo == 2)
 254:App/Src/Ammo.c ****                 {
 255:App/Src/Ammo.c ****                     if (ammo_circle  <= -50)
 256:App/Src/Ammo.c ****                     {
 257:App/Src/Ammo.c ****                         ammo_step = STEP_AMMO_CHANGE;
 258:App/Src/Ammo.c ****                         ammo_circle = 0;
 259:App/Src/Ammo.c ****                     }
 260:App/Src/Ammo.c ****                     else
 261:App/Src/Ammo.c ****                     {
 262:App/Src/Ammo.c ****                         ammo_step = STEP_AMMO_FIRE_BACK;
 263:App/Src/Ammo.c ****                     }
 264:App/Src/Ammo.c ****                 }
 265:App/Src/Ammo.c ****                 break;
 266:App/Src/Ammo.c ****             }
 267:App/Src/Ammo.c ****             case STEP_AMMO_CHANGE:
 268:App/Src/Ammo.c ****             {
 269:App/Src/Ammo.c ****                 DJ_124_ctrl_vel(&hcan2, 0x200, PID_chassis_vel, data_motor.Chassis_motor_measure, 0
 270:App/Src/Ammo.c ****                 if(data_rc.status_ammo == 0)
 271:App/Src/Ammo.c ****                 {
 272:App/Src/Ammo.c ****                     ammo_step = STEP_AMMO_STOP;
 273:App/Src/Ammo.c ****                 }
 274:App/Src/Ammo.c ****                 else if (data_rc.status_ammo == 1 || data_rc.status_ammo == 2)
 275:App/Src/Ammo.c ****                 {
 276:App/Src/Ammo.c ****                     if (data_motor.Chassis_motor_measure[2].given_current > 4600)
 277:App/Src/Ammo.c ****                     {
 278:App/Src/Ammo.c ****                         ammo_step = STEP_AMMO_COOL;
 279:App/Src/Ammo.c ****                     }
 280:App/Src/Ammo.c ****                     else 
 281:App/Src/Ammo.c ****                     {
 282:App/Src/Ammo.c ****                         ammo_step = STEP_AMMO_CHANGE;
 283:App/Src/Ammo.c ****                     }
 284:App/Src/Ammo.c ****                 }
 285:App/Src/Ammo.c ****                 break;
 286:App/Src/Ammo.c ****             }
 287:App/Src/Ammo.c **** 
 288:App/Src/Ammo.c ****             case STEP_AMMO_COOL:
 289:App/Src/Ammo.c ****             {
 290:App/Src/Ammo.c ****                 DJ_124_ctrl_vel(&hcan2, 0x200, PID_chassis_vel, data_motor.Chassis_motor_measure, 0
 291:App/Src/Ammo.c ****                 if(data_rc.status_ammo == 0)
 292:App/Src/Ammo.c ****                 {
 293:App/Src/Ammo.c ****                     ammo_step = STEP_AMMO_STOP;
 294:App/Src/Ammo.c ****                 }
 295:App/Src/Ammo.c ****                 else if (data_rc.status_ammo == 1 || data_rc.status_ammo == 2)
 296:App/Src/Ammo.c ****                 {
 297:App/Src/Ammo.c ****                     ammo_step = STEP_AMMO_COOL;
 298:App/Src/Ammo.c ****                 }
 299:App/Src/Ammo.c ****                 break;
 300:App/Src/Ammo.c ****             }
ARM GAS  C:\Users\cyz19\AppData\Local\Temp\cccuqHwA.s 			page 14


 301:App/Src/Ammo.c ****                     
 302:App/Src/Ammo.c ****         }
 303:App/Src/Ammo.c ****         osDelay(10);
 447              		.loc 1 303 9 is_stmt 1 view .LVU62
 448 0310 0A20     		movs	r0, #10
 449 0312 FFF7FEFF 		bl	osDelay
 450              	.LVL36:
 112:App/Src/Ammo.c ****     {
 451              		.loc 1 112 10 view .LVU63
 452              	.L32:
 112:App/Src/Ammo.c ****     {
 453              		.loc 1 112 5 view .LVU64
 115:App/Src/Ammo.c ****         {
 454              		.loc 1 115 9 view .LVU65
 455 0316 384B     		ldr	r3, .L34+96
 456 0318 1B78     		ldrb	r3, [r3]	@ zero_extendqisi2
 457 031a 013B     		subs	r3, r3, #1
 458 031c 172B     		cmp	r3, #23
 459 031e F7D8     		bhi	.L12
 460 0320 01A2     		adr	r2, .L14
 461 0322 52F823F0 		ldr	pc, [r2, r3, lsl #2]
 462 0326 00BF     		.p2align 2
 463              	.L14:
 464 0328 F1020000 		.word	.L19+1
 465 032c 11030000 		.word	.L12+1
 466 0330 11030000 		.word	.L12+1
 467 0334 11030000 		.word	.L12+1
 468 0338 11030000 		.word	.L12+1
 469 033c 11030000 		.word	.L12+1
 470 0340 11030000 		.word	.L12+1
 471 0344 11030000 		.word	.L12+1
 472 0348 11030000 		.word	.L12+1
 473 034c 11030000 		.word	.L12+1
 474 0350 11030000 		.word	.L12+1
 475 0354 11030000 		.word	.L12+1
 476 0358 11030000 		.word	.L12+1
 477 035c 11030000 		.word	.L12+1
 478 0360 11030000 		.word	.L12+1
 479 0364 11030000 		.word	.L12+1
 480 0368 11030000 		.word	.L12+1
 481 036c 11030000 		.word	.L12+1
 482 0370 11030000 		.word	.L12+1
 483 0374 FD030000 		.word	.L18+1
 484 0378 4B040000 		.word	.L17+1
 485 037c 9D040000 		.word	.L16+1
 486 0380 19050000 		.word	.L15+1
 487 0384 6B050000 		.word	.L13+1
 488              		.p2align 1
 489              	.L20:
 145:App/Src/Ammo.c ****                     {
 490              		.loc 1 145 26 view .LVU66
 145:App/Src/Ammo.c ****                     {
 491              		.loc 1 145 51 is_stmt 0 view .LVU67
 492 0388 013B     		subs	r3, r3, #1
 493 038a DBB2     		uxtb	r3, r3
 145:App/Src/Ammo.c ****                     {
 494              		.loc 1 145 28 view .LVU68
ARM GAS  C:\Users\cyz19\AppData\Local\Temp\cccuqHwA.s 			page 15


 495 038c 012B     		cmp	r3, #1
 496 038e BFD8     		bhi	.L12
 147:App/Src/Ammo.c ****                     }
 497              		.loc 1 147 25 is_stmt 1 view .LVU69
 147:App/Src/Ammo.c ****                     }
 498              		.loc 1 147 35 is_stmt 0 view .LVU70
 499 0390 194B     		ldr	r3, .L34+96
 500 0392 1422     		movs	r2, #20
 501 0394 1A70     		strb	r2, [r3]
 502 0396 BBE7     		b	.L12
 503              	.L35:
 504              		.align	2
 505              	.L34:
 506 0398 0060EA45 		.word	1172987904
 507 039c 00007A44 		.word	1148846080
 508 03a0 00000000 		.word	.LANCHOR3
 509 03a4 00007A46 		.word	1182400512
 510 03a8 3333333F 		.word	1060320051
 511 03ac 0AD7A33C 		.word	1017370378
 512 03b0 00000000 		.word	.LANCHOR4
 513 03b4 8FC2753D 		.word	1031127695
 514 03b8 00000000 		.word	0
 515 03bc CDCC4C40 		.word	1078774989
 516 03c0 00000000 		.word	.LANCHOR5
 517 03c4 00000000 		.word	.LANCHOR6
 518 03c8 00000000 		.word	.LANCHOR7
 519 03cc 00D00446 		.word	1174720512
 520 03d0 00000000 		.word	.LANCHOR8
 521 03d4 00803B46 		.word	1178304512
 522 03d8 00409C45 		.word	1167867904
 523 03dc 6F12833A 		.word	981668463
 524 03e0 00A00C46 		.word	1175232512
 525 03e4 0080BB45 		.word	1169915904
 526 03e8 0AD7233C 		.word	1008981770
 527 03ec 00000000 		.word	.LANCHOR9
 528 03f0 00000000 		.word	hcan2
 529 03f4 00000000 		.word	data_rc
 530 03f8 00000000 		.word	.LANCHOR10
 531              	.L18:
 157:App/Src/Ammo.c ****                 
 532              		.loc 1 157 17 is_stmt 1 view .LVU71
 533 03fc 0022     		movs	r2, #0
 534 03fe 0192     		str	r2, [sp, #4]
 535 0400 0092     		str	r2, [sp]
 536 0402 1346     		mov	r3, r2
 537 0404 4FF40071 		mov	r1, #512
 538 0408 6648     		ldr	r0, .L36
 539 040a FFF7FEFF 		bl	DJ_124_ctrl
 540              	.LVL37:
 165:App/Src/Ammo.c ****                     {
 541              		.loc 1 165 21 view .LVU72
 165:App/Src/Ammo.c ****                     {
 542              		.loc 1 165 31 is_stmt 0 view .LVU73
 543 040e 664B     		ldr	r3, .L36+4
 544 0410 9B7C     		ldrb	r3, [r3, #18]	@ zero_extendqisi2
 165:App/Src/Ammo.c ****                     {
 545              		.loc 1 165 23 view .LVU74
ARM GAS  C:\Users\cyz19\AppData\Local\Temp\cccuqHwA.s 			page 16


 546 0412 1BB9     		cbnz	r3, .L21
 167:App/Src/Ammo.c ****                     }
 547              		.loc 1 167 25 is_stmt 1 view .LVU75
 167:App/Src/Ammo.c ****                     }
 548              		.loc 1 167 35 is_stmt 0 view .LVU76
 549 0414 654B     		ldr	r3, .L36+8
 550 0416 0122     		movs	r2, #1
 551 0418 1A70     		strb	r2, [r3]
 552 041a 79E7     		b	.L12
 553              	.L21:
 169:App/Src/Ammo.c ****                     {
 554              		.loc 1 169 26 is_stmt 1 view .LVU77
 169:App/Src/Ammo.c ****                     {
 555              		.loc 1 169 52 is_stmt 0 view .LVU78
 556 041c 013B     		subs	r3, r3, #1
 557 041e DBB2     		uxtb	r3, r3
 169:App/Src/Ammo.c ****                     {
 558              		.loc 1 169 28 view .LVU79
 559 0420 012B     		cmp	r3, #1
 560 0422 3FF675AF 		bhi	.L12
 171:App/Src/Ammo.c ****                         {
 561              		.loc 1 171 25 is_stmt 1 view .LVU80
 171:App/Src/Ammo.c ****                         {
 562              		.loc 1 171 43 is_stmt 0 view .LVU81
 563 0426 624B     		ldr	r3, .L36+12
 564 0428 1B68     		ldr	r3, [r3]
 171:App/Src/Ammo.c ****                         {
 565              		.loc 1 171 27 view .LVU82
 566 042a C72B     		cmp	r3, #199
 567 042c 06DD     		ble	.L22
 173:App/Src/Ammo.c ****                             ammo_transtime = 0;
 568              		.loc 1 173 29 is_stmt 1 view .LVU83
 173:App/Src/Ammo.c ****                             ammo_transtime = 0;
 569              		.loc 1 173 39 is_stmt 0 view .LVU84
 570 042e 5F4B     		ldr	r3, .L36+8
 571 0430 1522     		movs	r2, #21
 572 0432 1A70     		strb	r2, [r3]
 174:App/Src/Ammo.c ****                         }
 573              		.loc 1 174 29 is_stmt 1 view .LVU85
 174:App/Src/Ammo.c ****                         }
 574              		.loc 1 174 44 is_stmt 0 view .LVU86
 575 0434 5E4B     		ldr	r3, .L36+12
 576 0436 0022     		movs	r2, #0
 577 0438 1A60     		str	r2, [r3]
 578 043a 69E7     		b	.L12
 579              	.L22:
 178:App/Src/Ammo.c ****                             ammo_transtime++;
 580              		.loc 1 178 29 is_stmt 1 view .LVU87
 178:App/Src/Ammo.c ****                             ammo_transtime++;
 581              		.loc 1 178 39 is_stmt 0 view .LVU88
 582 043c 5B4A     		ldr	r2, .L36+8
 583 043e 1421     		movs	r1, #20
 584 0440 1170     		strb	r1, [r2]
 179:App/Src/Ammo.c ****                         }
 585              		.loc 1 179 29 is_stmt 1 view .LVU89
 179:App/Src/Ammo.c ****                         }
 586              		.loc 1 179 43 is_stmt 0 view .LVU90
ARM GAS  C:\Users\cyz19\AppData\Local\Temp\cccuqHwA.s 			page 17


 587 0442 0133     		adds	r3, r3, #1
 588 0444 5A4A     		ldr	r2, .L36+12
 589 0446 1360     		str	r3, [r2]
 590 0448 62E7     		b	.L12
 591              	.L17:
 195:App/Src/Ammo.c ****                 //if (data_motor.Chassis_motor_measure[1].ecd - data_motor.Chassis_motor_measure[1]
 592              		.loc 1 195 17 is_stmt 1 view .LVU91
 593 044a 0023     		movs	r3, #0
 594 044c 0393     		str	r3, [sp, #12]
 595 044e 0293     		str	r3, [sp, #8]
 596 0450 4FF4E152 		mov	r2, #7200
 597 0454 0192     		str	r2, [sp, #4]
 598 0456 0093     		str	r3, [sp]
 599 0458 564B     		ldr	r3, .L36+16
 600 045a 574A     		ldr	r2, .L36+20
 601 045c 4FF40071 		mov	r1, #512
 602 0460 5048     		ldr	r0, .L36
 603 0462 FFF7FEFF 		bl	DJ_124_ctrl_vel
 604              	.LVL38:
 209:App/Src/Ammo.c ****                 {
 605              		.loc 1 209 17 view .LVU92
 209:App/Src/Ammo.c ****                 {
 606              		.loc 1 209 27 is_stmt 0 view .LVU93
 607 0466 504B     		ldr	r3, .L36+4
 608 0468 9B7C     		ldrb	r3, [r3, #18]	@ zero_extendqisi2
 209:App/Src/Ammo.c ****                 {
 609              		.loc 1 209 19 view .LVU94
 610 046a 1BB9     		cbnz	r3, .L23
 211:App/Src/Ammo.c ****                 }
 611              		.loc 1 211 21 is_stmt 1 view .LVU95
 211:App/Src/Ammo.c ****                 }
 612              		.loc 1 211 31 is_stmt 0 view .LVU96
 613 046c 4F4B     		ldr	r3, .L36+8
 614 046e 0122     		movs	r2, #1
 615 0470 1A70     		strb	r2, [r3]
 616 0472 4DE7     		b	.L12
 617              	.L23:
 213:App/Src/Ammo.c ****                 {
 618              		.loc 1 213 22 is_stmt 1 view .LVU97
 213:App/Src/Ammo.c ****                 {
 619              		.loc 1 213 51 is_stmt 0 view .LVU98
 620 0474 013B     		subs	r3, r3, #1
 621 0476 DBB2     		uxtb	r3, r3
 213:App/Src/Ammo.c ****                 {
 622              		.loc 1 213 25 view .LVU99
 623 0478 012B     		cmp	r3, #1
 624 047a 3FF649AF 		bhi	.L12
 220:App/Src/Ammo.c ****                     {
 625              		.loc 1 220 21 is_stmt 1 view .LVU100
 220:App/Src/Ammo.c ****                     {
 626              		.loc 1 220 37 is_stmt 0 view .LVU101
 627 047e 4F4B     		ldr	r3, .L36+24
 628 0480 B3F90020 		ldrsh	r2, [r3]
 220:App/Src/Ammo.c ****                     {
 629              		.loc 1 220 24 view .LVU102
 630 0484 40F60D03 		movw	r3, #2061
 631 0488 9A42     		cmp	r2, r3
ARM GAS  C:\Users\cyz19\AppData\Local\Temp\cccuqHwA.s 			page 18


 632 048a 03DD     		ble	.L24
 222:App/Src/Ammo.c ****                         //ammo_circle = 0;
 633              		.loc 1 222 25 is_stmt 1 view .LVU103
 222:App/Src/Ammo.c ****                         //ammo_circle = 0;
 634              		.loc 1 222 35 is_stmt 0 view .LVU104
 635 048c 474B     		ldr	r3, .L36+8
 636 048e 1622     		movs	r2, #22
 637 0490 1A70     		strb	r2, [r3]
 638 0492 3DE7     		b	.L12
 639              	.L24:
 227:App/Src/Ammo.c ****                     }
 640              		.loc 1 227 25 is_stmt 1 view .LVU105
 227:App/Src/Ammo.c ****                     }
 641              		.loc 1 227 35 is_stmt 0 view .LVU106
 642 0494 454B     		ldr	r3, .L36+8
 643 0496 1522     		movs	r2, #21
 644 0498 1A70     		strb	r2, [r3]
 645 049a 39E7     		b	.L12
 646              	.L16:
 235:App/Src/Ammo.c ****                 //data_motor.Chassis_motor_measure[1].circle = Circle_STOP(1, ammo_circle);
 647              		.loc 1 235 17 is_stmt 1 view .LVU107
 648 049c 454C     		ldr	r4, .L36+16
 649 049e 0023     		movs	r3, #0
 650 04a0 0393     		str	r3, [sp, #12]
 651 04a2 0293     		str	r3, [sp, #8]
 652 04a4 464A     		ldr	r2, .L36+28
 653 04a6 0192     		str	r2, [sp, #4]
 654 04a8 0093     		str	r3, [sp]
 655 04aa 2346     		mov	r3, r4
 656 04ac 424A     		ldr	r2, .L36+20
 657 04ae 4FF40071 		mov	r1, #512
 658 04b2 3C48     		ldr	r0, .L36
 659 04b4 FFF7FEFF 		bl	DJ_124_ctrl_vel
 660              	.LVL39:
 240:App/Src/Ammo.c ****                 {
 661              		.loc 1 240 17 view .LVU108
 240:App/Src/Ammo.c ****                 {
 662              		.loc 1 240 56 is_stmt 0 view .LVU109
 663 04b8 A389     		ldrh	r3, [r4, #12]
 240:App/Src/Ammo.c ****                 {
 664              		.loc 1 240 98 view .LVU110
 665 04ba B4F91420 		ldrsh	r2, [r4, #20]
 240:App/Src/Ammo.c ****                 {
 666              		.loc 1 240 61 view .LVU111
 667 04be 9B1A     		subs	r3, r3, r2
 240:App/Src/Ammo.c ****                 {
 668              		.loc 1 240 20 view .LVU112
 669 04c0 B3F5805F 		cmp	r3, #4096
 670 04c4 0ADD     		ble	.L25
 242:App/Src/Ammo.c ****                 }
 671              		.loc 1 242 21 is_stmt 1 view .LVU113
 242:App/Src/Ammo.c ****                 }
 672              		.loc 1 242 32 is_stmt 0 view .LVU114
 673 04c6 3D4A     		ldr	r2, .L36+24
 674 04c8 1388     		ldrh	r3, [r2]
 675 04ca 013B     		subs	r3, r3, #1
 676 04cc 1380     		strh	r3, [r2]	@ movhi
ARM GAS  C:\Users\cyz19\AppData\Local\Temp\cccuqHwA.s 			page 19


 677              	.L26:
 249:App/Src/Ammo.c ****                 {
 678              		.loc 1 249 17 is_stmt 1 view .LVU115
 249:App/Src/Ammo.c ****                 {
 679              		.loc 1 249 27 is_stmt 0 view .LVU116
 680 04ce 364B     		ldr	r3, .L36+4
 681 04d0 9B7C     		ldrb	r3, [r3, #18]	@ zero_extendqisi2
 249:App/Src/Ammo.c ****                 {
 682              		.loc 1 249 19 view .LVU117
 683 04d2 5BB9     		cbnz	r3, .L27
 251:App/Src/Ammo.c ****                 }
 684              		.loc 1 251 21 is_stmt 1 view .LVU118
 251:App/Src/Ammo.c ****                 }
 685              		.loc 1 251 31 is_stmt 0 view .LVU119
 686 04d4 354B     		ldr	r3, .L36+8
 687 04d6 0122     		movs	r2, #1
 688 04d8 1A70     		strb	r2, [r3]
 689 04da 19E7     		b	.L12
 690              	.L25:
 244:App/Src/Ammo.c ****                 {
 691              		.loc 1 244 22 is_stmt 1 view .LVU120
 244:App/Src/Ammo.c ****                 {
 692              		.loc 1 244 25 is_stmt 0 view .LVU121
 693 04dc 13F5805F 		cmn	r3, #4096
 694 04e0 F5DA     		bge	.L26
 246:App/Src/Ammo.c ****                 }
 695              		.loc 1 246 21 is_stmt 1 view .LVU122
 246:App/Src/Ammo.c ****                 }
 696              		.loc 1 246 32 is_stmt 0 view .LVU123
 697 04e2 364A     		ldr	r2, .L36+24
 698 04e4 1388     		ldrh	r3, [r2]
 699 04e6 0133     		adds	r3, r3, #1
 700 04e8 1380     		strh	r3, [r2]	@ movhi
 701 04ea F0E7     		b	.L26
 702              	.L27:
 253:App/Src/Ammo.c ****                 {
 703              		.loc 1 253 22 is_stmt 1 view .LVU124
 253:App/Src/Ammo.c ****                 {
 704              		.loc 1 253 51 is_stmt 0 view .LVU125
 705 04ec 013B     		subs	r3, r3, #1
 706 04ee DBB2     		uxtb	r3, r3
 253:App/Src/Ammo.c ****                 {
 707              		.loc 1 253 25 view .LVU126
 708 04f0 012B     		cmp	r3, #1
 709 04f2 3FF60DAF 		bhi	.L12
 255:App/Src/Ammo.c ****                     {
 710              		.loc 1 255 21 is_stmt 1 view .LVU127
 255:App/Src/Ammo.c ****                     {
 711              		.loc 1 255 38 is_stmt 0 view .LVU128
 712 04f6 314B     		ldr	r3, .L36+24
 713 04f8 B3F90030 		ldrsh	r3, [r3]
 255:App/Src/Ammo.c ****                     {
 714              		.loc 1 255 24 view .LVU129
 715 04fc 13F1310F 		cmn	r3, #49
 716 0500 06DA     		bge	.L28
 257:App/Src/Ammo.c ****                         ammo_circle = 0;
 717              		.loc 1 257 25 is_stmt 1 view .LVU130
ARM GAS  C:\Users\cyz19\AppData\Local\Temp\cccuqHwA.s 			page 20


 257:App/Src/Ammo.c ****                         ammo_circle = 0;
 718              		.loc 1 257 35 is_stmt 0 view .LVU131
 719 0502 2A4B     		ldr	r3, .L36+8
 720 0504 1722     		movs	r2, #23
 721 0506 1A70     		strb	r2, [r3]
 258:App/Src/Ammo.c ****                     }
 722              		.loc 1 258 25 is_stmt 1 view .LVU132
 258:App/Src/Ammo.c ****                     }
 723              		.loc 1 258 37 is_stmt 0 view .LVU133
 724 0508 2C4B     		ldr	r3, .L36+24
 725 050a 0022     		movs	r2, #0
 726 050c 1A80     		strh	r2, [r3]	@ movhi
 727 050e FFE6     		b	.L12
 728              	.L28:
 262:App/Src/Ammo.c ****                     }
 729              		.loc 1 262 25 is_stmt 1 view .LVU134
 262:App/Src/Ammo.c ****                     }
 730              		.loc 1 262 35 is_stmt 0 view .LVU135
 731 0510 264B     		ldr	r3, .L36+8
 732 0512 1622     		movs	r2, #22
 733 0514 1A70     		strb	r2, [r3]
 734 0516 FBE6     		b	.L12
 735              	.L15:
 269:App/Src/Ammo.c ****                 if(data_rc.status_ammo == 0)
 736              		.loc 1 269 17 is_stmt 1 view .LVU136
 737 0518 0023     		movs	r3, #0
 738 051a 0393     		str	r3, [sp, #12]
 739 051c 41F64C52 		movw	r2, #7500
 740 0520 0292     		str	r2, [sp, #8]
 741 0522 0193     		str	r3, [sp, #4]
 742 0524 0093     		str	r3, [sp]
 743 0526 234B     		ldr	r3, .L36+16
 744 0528 234A     		ldr	r2, .L36+20
 745 052a 4FF40071 		mov	r1, #512
 746 052e 1D48     		ldr	r0, .L36
 747 0530 FFF7FEFF 		bl	DJ_124_ctrl_vel
 748              	.LVL40:
 270:App/Src/Ammo.c ****                 {
 749              		.loc 1 270 17 view .LVU137
 270:App/Src/Ammo.c ****                 {
 750              		.loc 1 270 27 is_stmt 0 view .LVU138
 751 0534 1C4B     		ldr	r3, .L36+4
 752 0536 9B7C     		ldrb	r3, [r3, #18]	@ zero_extendqisi2
 270:App/Src/Ammo.c ****                 {
 753              		.loc 1 270 19 view .LVU139
 754 0538 1BB9     		cbnz	r3, .L29
 272:App/Src/Ammo.c ****                 }
 755              		.loc 1 272 21 is_stmt 1 view .LVU140
 272:App/Src/Ammo.c ****                 }
 756              		.loc 1 272 31 is_stmt 0 view .LVU141
 757 053a 1C4B     		ldr	r3, .L36+8
 758 053c 0122     		movs	r2, #1
 759 053e 1A70     		strb	r2, [r3]
 760 0540 E6E6     		b	.L12
 761              	.L29:
 274:App/Src/Ammo.c ****                 {
 762              		.loc 1 274 22 is_stmt 1 view .LVU142
ARM GAS  C:\Users\cyz19\AppData\Local\Temp\cccuqHwA.s 			page 21


 274:App/Src/Ammo.c ****                 {
 763              		.loc 1 274 51 is_stmt 0 view .LVU143
 764 0542 013B     		subs	r3, r3, #1
 765 0544 DBB2     		uxtb	r3, r3
 274:App/Src/Ammo.c ****                 {
 766              		.loc 1 274 25 view .LVU144
 767 0546 012B     		cmp	r3, #1
 768 0548 3FF6E2AE 		bhi	.L12
 276:App/Src/Ammo.c ****                     {
 769              		.loc 1 276 21 is_stmt 1 view .LVU145
 276:App/Src/Ammo.c ****                     {
 770              		.loc 1 276 60 is_stmt 0 view .LVU146
 771 054c 194B     		ldr	r3, .L36+16
 772 054e B3F91C20 		ldrsh	r2, [r3, #28]
 276:App/Src/Ammo.c ****                     {
 773              		.loc 1 276 24 view .LVU147
 774 0552 41F2F813 		movw	r3, #4600
 775 0556 9A42     		cmp	r2, r3
 776 0558 03DD     		ble	.L30
 278:App/Src/Ammo.c ****                     }
 777              		.loc 1 278 25 is_stmt 1 view .LVU148
 278:App/Src/Ammo.c ****                     }
 778              		.loc 1 278 35 is_stmt 0 view .LVU149
 779 055a 144B     		ldr	r3, .L36+8
 780 055c 1822     		movs	r2, #24
 781 055e 1A70     		strb	r2, [r3]
 782 0560 D6E6     		b	.L12
 783              	.L30:
 282:App/Src/Ammo.c ****                     }
 784              		.loc 1 282 25 is_stmt 1 view .LVU150
 282:App/Src/Ammo.c ****                     }
 785              		.loc 1 282 35 is_stmt 0 view .LVU151
 786 0562 124B     		ldr	r3, .L36+8
 787 0564 1722     		movs	r2, #23
 788 0566 1A70     		strb	r2, [r3]
 789 0568 D2E6     		b	.L12
 790              	.L13:
 290:App/Src/Ammo.c ****                 if(data_rc.status_ammo == 0)
 791              		.loc 1 290 17 is_stmt 1 view .LVU152
 792 056a 0023     		movs	r3, #0
 793 056c 0393     		str	r3, [sp, #12]
 794 056e 0293     		str	r3, [sp, #8]
 795 0570 0193     		str	r3, [sp, #4]
 796 0572 0093     		str	r3, [sp]
 797 0574 0F4B     		ldr	r3, .L36+16
 798 0576 104A     		ldr	r2, .L36+20
 799 0578 4FF40071 		mov	r1, #512
 800 057c 0948     		ldr	r0, .L36
 801 057e FFF7FEFF 		bl	DJ_124_ctrl_vel
 802              	.LVL41:
 291:App/Src/Ammo.c ****                 {
 803              		.loc 1 291 17 view .LVU153
 291:App/Src/Ammo.c ****                 {
 804              		.loc 1 291 27 is_stmt 0 view .LVU154
 805 0582 094B     		ldr	r3, .L36+4
 806 0584 9B7C     		ldrb	r3, [r3, #18]	@ zero_extendqisi2
 291:App/Src/Ammo.c ****                 {
ARM GAS  C:\Users\cyz19\AppData\Local\Temp\cccuqHwA.s 			page 22


 807              		.loc 1 291 19 view .LVU155
 808 0586 1BB9     		cbnz	r3, .L31
 293:App/Src/Ammo.c ****                 }
 809              		.loc 1 293 21 is_stmt 1 view .LVU156
 293:App/Src/Ammo.c ****                 }
 810              		.loc 1 293 31 is_stmt 0 view .LVU157
 811 0588 084B     		ldr	r3, .L36+8
 812 058a 0122     		movs	r2, #1
 813 058c 1A70     		strb	r2, [r3]
 814 058e BFE6     		b	.L12
 815              	.L31:
 295:App/Src/Ammo.c ****                 {
 816              		.loc 1 295 22 is_stmt 1 view .LVU158
 295:App/Src/Ammo.c ****                 {
 817              		.loc 1 295 51 is_stmt 0 view .LVU159
 818 0590 013B     		subs	r3, r3, #1
 819 0592 DBB2     		uxtb	r3, r3
 295:App/Src/Ammo.c ****                 {
 820              		.loc 1 295 25 view .LVU160
 821 0594 012B     		cmp	r3, #1
 822 0596 3FF6BBAE 		bhi	.L12
 297:App/Src/Ammo.c ****                 }
 823              		.loc 1 297 21 is_stmt 1 view .LVU161
 297:App/Src/Ammo.c ****                 }
 824              		.loc 1 297 31 is_stmt 0 view .LVU162
 825 059a 044B     		ldr	r3, .L36+8
 826 059c 1822     		movs	r2, #24
 827 059e 1A70     		strb	r2, [r3]
 828 05a0 B6E6     		b	.L12
 829              	.L37:
 830 05a2 00BF     		.align	2
 831              	.L36:
 832 05a4 00000000 		.word	hcan2
 833 05a8 00000000 		.word	data_rc
 834 05ac 00000000 		.word	.LANCHOR10
 835 05b0 00000000 		.word	.LANCHOR11
 836 05b4 00000000 		.word	data_motor
 837 05b8 00000000 		.word	.LANCHOR8
 838 05bc 00000000 		.word	.LANCHOR12
 839 05c0 E0E3FFFF 		.word	-7200
 840              		.cfi_endproc
 841              	.LFE140:
 843              		.global	circle_vel
 844              		.global	back_ecd
 845              		.global	set_ecd
 846              		.global	now_ecd
 847              		.global	total_ecd
 848              		.global	ammo_transtime
 849              		.global	last_circle
 850              		.global	ammo_circle
 851              		.global	veltest
 852              		.global	pos
 853              		.global	vel_last
 854              		.global	vel_before
 855              		.global	vel_trans
 856              		.global	len
 857              		.global	ammo_time
ARM GAS  C:\Users\cyz19\AppData\Local\Temp\cccuqHwA.s 			page 23


 858              		.global	PID_chassis_vel
 859              		.global	PID_chassis_pos_vel
 860              		.global	PID_chassis_pos
 861              		.global	PID_ammo2_trans_vel
 862              		.global	PID_ammo1_trans_vel
 863              		.global	PID_ammo2_vel
 864              		.global	PID_ammo1_vel
 865              		.global	PID_shoot_vel
 866              		.global	ammo_step
 867              		.section	.bss.PID_ammo1_trans_vel,"aw",%nobits
 868              		.align	2
 869              		.set	.LANCHOR6,. + 0
 872              	PID_ammo1_trans_vel:
 873 0000 00000000 		.space	208
 873      00000000 
 873      00000000 
 873      00000000 
 873      00000000 
 874              		.section	.bss.PID_ammo1_vel,"aw",%nobits
 875              		.align	2
 876              		.set	.LANCHOR4,. + 0
 879              	PID_ammo1_vel:
 880 0000 00000000 		.space	208
 880      00000000 
 880      00000000 
 880      00000000 
 880      00000000 
 881              		.section	.bss.PID_ammo2_trans_vel,"aw",%nobits
 882              		.align	2
 883              		.set	.LANCHOR7,. + 0
 886              	PID_ammo2_trans_vel:
 887 0000 00000000 		.space	208
 887      00000000 
 887      00000000 
 887      00000000 
 887      00000000 
 888              		.section	.bss.PID_ammo2_vel,"aw",%nobits
 889              		.align	2
 890              		.set	.LANCHOR5,. + 0
 893              	PID_ammo2_vel:
 894 0000 00000000 		.space	208
 894      00000000 
 894      00000000 
 894      00000000 
 894      00000000 
 895              		.section	.bss.PID_chassis_pos,"aw",%nobits
 896              		.align	2
 897              		.set	.LANCHOR9,. + 0
 900              	PID_chassis_pos:
 901 0000 00000000 		.space	208
 901      00000000 
 901      00000000 
 901      00000000 
 901      00000000 
 902              		.section	.bss.PID_chassis_pos_vel,"aw",%nobits
 903              		.align	2
 906              	PID_chassis_pos_vel:
ARM GAS  C:\Users\cyz19\AppData\Local\Temp\cccuqHwA.s 			page 24


 907 0000 00000000 		.space	208
 907      00000000 
 907      00000000 
 907      00000000 
 907      00000000 
 908              		.section	.bss.PID_chassis_vel,"aw",%nobits
 909              		.align	2
 910              		.set	.LANCHOR8,. + 0
 913              	PID_chassis_vel:
 914 0000 00000000 		.space	208
 914      00000000 
 914      00000000 
 914      00000000 
 914      00000000 
 915              		.section	.bss.PID_shoot_vel,"aw",%nobits
 916              		.align	2
 917              		.set	.LANCHOR3,. + 0
 920              	PID_shoot_vel:
 921 0000 00000000 		.space	208
 921      00000000 
 921      00000000 
 921      00000000 
 921      00000000 
 922              		.section	.bss.ammo_circle,"aw",%nobits
 923              		.align	1
 924              		.set	.LANCHOR12,. + 0
 927              	ammo_circle:
 928 0000 0000     		.space	2
 929              		.section	.bss.ammo_time,"aw",%nobits
 930              		.align	2
 933              	ammo_time:
 934 0000 00000000 		.space	4
 935              		.section	.bss.ammo_transtime,"aw",%nobits
 936              		.align	2
 937              		.set	.LANCHOR11,. + 0
 940              	ammo_transtime:
 941 0000 00000000 		.space	4
 942              		.section	.bss.ap.2,"aw",%nobits
 943              		.align	2
 944              		.set	.LANCHOR0,. + 0
 947              	ap.2:
 948 0000 00000000 		.space	4
 949              		.section	.bss.circle_vel,"aw",%nobits
 950              		.align	2
 953              	circle_vel:
 954 0000 00000000 		.space	4
 955              		.section	.bss.last_circle,"aw",%nobits
 956              		.align	2
 959              	last_circle:
 960 0000 00000000 		.space	4
 961              		.section	.bss.len.0,"aw",%nobits
 962              		.align	1
 963              		.set	.LANCHOR2,. + 0
 966              	len.0:
 967 0000 0000     		.space	2
 968              		.section	.bss.now_ecd,"aw",%nobits
 969              		.align	2
ARM GAS  C:\Users\cyz19\AppData\Local\Temp\cccuqHwA.s 			page 25


 972              	now_ecd:
 973 0000 00000000 		.space	4
 974              		.section	.bss.total_ecd,"aw",%nobits
 975              		.align	2
 978              	total_ecd:
 979 0000 00000000 		.space	4
 980              		.section	.bss.tx_buf.1,"aw",%nobits
 981              		.align	2
 982              		.set	.LANCHOR1,. + 0
 985              	tx_buf.1:
 986 0000 00000000 		.space	256
 986      00000000 
 986      00000000 
 986      00000000 
 986      00000000 
 987              		.section	.data.ammo_step,"aw"
 988              		.set	.LANCHOR10,. + 0
 991              	ammo_step:
 992 0000 01       		.byte	1
 993              		.section	.data.back_ecd,"aw"
 994              		.align	2
 997              	back_ecd:
 998 0000 0000A041 		.word	1101004800
 999              		.section	.data.len,"aw"
 1000              		.align	2
 1003              	len:
 1004 0000 0A000000 		.word	10
 1005              		.section	.data.pos,"aw"
 1006              		.align	2
 1009              	pos:
 1010 0000 88130000 		.word	5000
 1011 0004 00000000 		.word	0
 1012 0008 88130000 		.word	5000
 1013 000c 00000000 		.word	0
 1014              		.section	.data.set_ecd,"aw"
 1015              		.align	2
 1018              	set_ecd:
 1019 0000 00C05A45 		.word	1163575296
 1020              		.section	.data.vel_before,"aw"
 1021              		.align	2
 1024              	vel_before:
 1025 0000 88130000 		.word	5000
 1026 0004 78ECFFFF 		.word	-5000
 1027 0008 100E0000 		.word	3600
 1028 000c F0F1FFFF 		.word	-3600
 1029 0010 2E0D0000 		.word	3374
 1030 0014 D2F2FFFF 		.word	-3374
 1031              		.section	.data.vel_last,"aw"
 1032              		.align	2
 1035              	vel_last:
 1036 0000 F20D0000 		.word	3570
 1037 0004 0EF2FFFF 		.word	-3570
 1038 0008 E60F0000 		.word	4070
 1039 000c 1AF0FFFF 		.word	-4070
 1040 0010 DA110000 		.word	4570
 1041 0014 26EEFFFF 		.word	-4570
 1042              		.section	.data.vel_trans,"aw"
ARM GAS  C:\Users\cyz19\AppData\Local\Temp\cccuqHwA.s 			page 26


 1043              		.align	2
 1046              	vel_trans:
 1047 0000 C4090000 		.word	2500
 1048 0004 3CF6FFFF 		.word	-2500
 1049 0008 B80B0000 		.word	3000
 1050 000c 48F4FFFF 		.word	-3000
 1051 0010 B80B0000 		.word	3000
 1052 0014 48F4FFFF 		.word	-3000
 1053              		.section	.data.veltest,"aw"
 1054              		.align	2
 1057              	veltest:
 1058 0000 A00F0000 		.word	4000
 1059              		.text
 1060              	.Letext0:
 1061              		.file 2 "c:\\program files (x86)\\gnu arm embedded toolchain\\10 2021.10\\arm-none-eabi\\include\\
 1062              		.file 3 "c:\\program files (x86)\\gnu arm embedded toolchain\\10 2021.10\\arm-none-eabi\\include\\
 1063              		.file 4 "Drivers/CMSIS/Device/ST/STM32F4xx/Include/stm32f407xx.h"
 1064              		.file 5 "Drivers/CMSIS/Device/ST/STM32F4xx/Include/stm32f4xx.h"
 1065              		.file 6 "Drivers/STM32F4xx_HAL_Driver/Inc/stm32f4xx_hal_def.h"
 1066              		.file 7 "Drivers/STM32F4xx_HAL_Driver/Inc/stm32f4xx_hal_dma.h"
 1067              		.file 8 "Drivers/STM32F4xx_HAL_Driver/Inc/stm32f4xx_hal_can.h"
 1068              		.file 9 "Drivers/STM32F4xx_HAL_Driver/Inc/stm32f4xx_hal_uart.h"
 1069              		.file 10 "Library/Inc/remote_control.h"
 1070              		.file 11 "Library/Inc/PID.h"
 1071              		.file 12 "Library/Inc/motor.h"
 1072              		.file 13 "c:\\program files (x86)\\gnu arm embedded toolchain\\10 2021.10\\lib\\gcc\\arm-none-eabi
 1073              		.file 14 "c:\\program files (x86)\\gnu arm embedded toolchain\\10 2021.10\\arm-none-eabi\\include\
 1074              		.file 15 "App/Inc/Ammo.h"
 1075              		.file 16 "Core/Inc/usart.h"
 1076              		.file 17 "Middlewares/Third_Party/FreeRTOS/Source/CMSIS_RTOS/cmsis_os.h"
 1077              		.file 18 "<built-in>"
ARM GAS  C:\Users\cyz19\AppData\Local\Temp\cccuqHwA.s 			page 27


DEFINED SYMBOLS
                            *ABS*:00000000 Ammo.c
C:\Users\cyz19\AppData\Local\Temp\cccuqHwA.s:20     .text.usart_printf:00000000 $t
C:\Users\cyz19\AppData\Local\Temp\cccuqHwA.s:26     .text.usart_printf:00000000 usart_printf
C:\Users\cyz19\AppData\Local\Temp\cccuqHwA.s:88     .text.usart_printf:0000002c $d
C:\Users\cyz19\AppData\Local\Temp\cccuqHwA.s:96     .text.Circle_STOP:00000000 $t
C:\Users\cyz19\AppData\Local\Temp\cccuqHwA.s:102    .text.Circle_STOP:00000000 Circle_STOP
C:\Users\cyz19\AppData\Local\Temp\cccuqHwA.s:155    .text.Circle_STOP:00000030 $d
C:\Users\cyz19\AppData\Local\Temp\cccuqHwA.s:160    .text.Ammo_Task:00000000 $t
C:\Users\cyz19\AppData\Local\Temp\cccuqHwA.s:166    .text.Ammo_Task:00000000 Ammo_Task
C:\Users\cyz19\AppData\Local\Temp\cccuqHwA.s:464    .text.Ammo_Task:00000328 $d
C:\Users\cyz19\AppData\Local\Temp\cccuqHwA.s:488    .text.Ammo_Task:00000388 $t
C:\Users\cyz19\AppData\Local\Temp\cccuqHwA.s:506    .text.Ammo_Task:00000398 $d
C:\Users\cyz19\AppData\Local\Temp\cccuqHwA.s:533    .text.Ammo_Task:000003fc $t
C:\Users\cyz19\AppData\Local\Temp\cccuqHwA.s:832    .text.Ammo_Task:000005a4 $d
C:\Users\cyz19\AppData\Local\Temp\cccuqHwA.s:953    .bss.circle_vel:00000000 circle_vel
C:\Users\cyz19\AppData\Local\Temp\cccuqHwA.s:997    .data.back_ecd:00000000 back_ecd
C:\Users\cyz19\AppData\Local\Temp\cccuqHwA.s:1018   .data.set_ecd:00000000 set_ecd
C:\Users\cyz19\AppData\Local\Temp\cccuqHwA.s:972    .bss.now_ecd:00000000 now_ecd
C:\Users\cyz19\AppData\Local\Temp\cccuqHwA.s:978    .bss.total_ecd:00000000 total_ecd
C:\Users\cyz19\AppData\Local\Temp\cccuqHwA.s:940    .bss.ammo_transtime:00000000 ammo_transtime
C:\Users\cyz19\AppData\Local\Temp\cccuqHwA.s:959    .bss.last_circle:00000000 last_circle
C:\Users\cyz19\AppData\Local\Temp\cccuqHwA.s:927    .bss.ammo_circle:00000000 ammo_circle
C:\Users\cyz19\AppData\Local\Temp\cccuqHwA.s:1057   .data.veltest:00000000 veltest
C:\Users\cyz19\AppData\Local\Temp\cccuqHwA.s:1009   .data.pos:00000000 pos
C:\Users\cyz19\AppData\Local\Temp\cccuqHwA.s:1035   .data.vel_last:00000000 vel_last
C:\Users\cyz19\AppData\Local\Temp\cccuqHwA.s:1024   .data.vel_before:00000000 vel_before
C:\Users\cyz19\AppData\Local\Temp\cccuqHwA.s:1046   .data.vel_trans:00000000 vel_trans
C:\Users\cyz19\AppData\Local\Temp\cccuqHwA.s:1003   .data.len:00000000 len
C:\Users\cyz19\AppData\Local\Temp\cccuqHwA.s:933    .bss.ammo_time:00000000 ammo_time
C:\Users\cyz19\AppData\Local\Temp\cccuqHwA.s:913    .bss.PID_chassis_vel:00000000 PID_chassis_vel
C:\Users\cyz19\AppData\Local\Temp\cccuqHwA.s:906    .bss.PID_chassis_pos_vel:00000000 PID_chassis_pos_vel
C:\Users\cyz19\AppData\Local\Temp\cccuqHwA.s:900    .bss.PID_chassis_pos:00000000 PID_chassis_pos
C:\Users\cyz19\AppData\Local\Temp\cccuqHwA.s:886    .bss.PID_ammo2_trans_vel:00000000 PID_ammo2_trans_vel
C:\Users\cyz19\AppData\Local\Temp\cccuqHwA.s:872    .bss.PID_ammo1_trans_vel:00000000 PID_ammo1_trans_vel
C:\Users\cyz19\AppData\Local\Temp\cccuqHwA.s:893    .bss.PID_ammo2_vel:00000000 PID_ammo2_vel
C:\Users\cyz19\AppData\Local\Temp\cccuqHwA.s:879    .bss.PID_ammo1_vel:00000000 PID_ammo1_vel
C:\Users\cyz19\AppData\Local\Temp\cccuqHwA.s:920    .bss.PID_shoot_vel:00000000 PID_shoot_vel
C:\Users\cyz19\AppData\Local\Temp\cccuqHwA.s:991    .data.ammo_step:00000000 ammo_step
C:\Users\cyz19\AppData\Local\Temp\cccuqHwA.s:868    .bss.PID_ammo1_trans_vel:00000000 $d
C:\Users\cyz19\AppData\Local\Temp\cccuqHwA.s:875    .bss.PID_ammo1_vel:00000000 $d
C:\Users\cyz19\AppData\Local\Temp\cccuqHwA.s:882    .bss.PID_ammo2_trans_vel:00000000 $d
C:\Users\cyz19\AppData\Local\Temp\cccuqHwA.s:889    .bss.PID_ammo2_vel:00000000 $d
C:\Users\cyz19\AppData\Local\Temp\cccuqHwA.s:896    .bss.PID_chassis_pos:00000000 $d
C:\Users\cyz19\AppData\Local\Temp\cccuqHwA.s:903    .bss.PID_chassis_pos_vel:00000000 $d
C:\Users\cyz19\AppData\Local\Temp\cccuqHwA.s:909    .bss.PID_chassis_vel:00000000 $d
C:\Users\cyz19\AppData\Local\Temp\cccuqHwA.s:916    .bss.PID_shoot_vel:00000000 $d
C:\Users\cyz19\AppData\Local\Temp\cccuqHwA.s:923    .bss.ammo_circle:00000000 $d
C:\Users\cyz19\AppData\Local\Temp\cccuqHwA.s:930    .bss.ammo_time:00000000 $d
C:\Users\cyz19\AppData\Local\Temp\cccuqHwA.s:936    .bss.ammo_transtime:00000000 $d
C:\Users\cyz19\AppData\Local\Temp\cccuqHwA.s:943    .bss.ap.2:00000000 $d
C:\Users\cyz19\AppData\Local\Temp\cccuqHwA.s:947    .bss.ap.2:00000000 ap.2
C:\Users\cyz19\AppData\Local\Temp\cccuqHwA.s:950    .bss.circle_vel:00000000 $d
C:\Users\cyz19\AppData\Local\Temp\cccuqHwA.s:956    .bss.last_circle:00000000 $d
C:\Users\cyz19\AppData\Local\Temp\cccuqHwA.s:962    .bss.len.0:00000000 $d
C:\Users\cyz19\AppData\Local\Temp\cccuqHwA.s:966    .bss.len.0:00000000 len.0
C:\Users\cyz19\AppData\Local\Temp\cccuqHwA.s:969    .bss.now_ecd:00000000 $d
ARM GAS  C:\Users\cyz19\AppData\Local\Temp\cccuqHwA.s 			page 28


C:\Users\cyz19\AppData\Local\Temp\cccuqHwA.s:975    .bss.total_ecd:00000000 $d
C:\Users\cyz19\AppData\Local\Temp\cccuqHwA.s:981    .bss.tx_buf.1:00000000 $d
C:\Users\cyz19\AppData\Local\Temp\cccuqHwA.s:985    .bss.tx_buf.1:00000000 tx_buf.1
C:\Users\cyz19\AppData\Local\Temp\cccuqHwA.s:994    .data.back_ecd:00000000 $d
C:\Users\cyz19\AppData\Local\Temp\cccuqHwA.s:1000   .data.len:00000000 $d
C:\Users\cyz19\AppData\Local\Temp\cccuqHwA.s:1006   .data.pos:00000000 $d
C:\Users\cyz19\AppData\Local\Temp\cccuqHwA.s:1015   .data.set_ecd:00000000 $d
C:\Users\cyz19\AppData\Local\Temp\cccuqHwA.s:1021   .data.vel_before:00000000 $d
C:\Users\cyz19\AppData\Local\Temp\cccuqHwA.s:1032   .data.vel_last:00000000 $d
C:\Users\cyz19\AppData\Local\Temp\cccuqHwA.s:1043   .data.vel_trans:00000000 $d
C:\Users\cyz19\AppData\Local\Temp\cccuqHwA.s:1054   .data.veltest:00000000 $d

UNDEFINED SYMBOLS
vsprintf
HAL_UART_Transmit_DMA
huart1
data_motor
PID_init
DJ_124_ctrl
osDelay
hcan2
data_rc
DJ_124_ctrl_vel
