ARM GAS  C:\Users\cyz19\AppData\Local\Temp\ccxqyFSF.s 			page 1


   1              		.cpu cortex-m4
   2              		.arch armv7e-m
   3              		.fpu fpv4-sp-d16
   4              		.eabi_attribute 27, 1
   5              		.eabi_attribute 28, 1
   6              		.eabi_attribute 20, 1
   7              		.eabi_attribute 21, 1
   8              		.eabi_attribute 23, 3
   9              		.eabi_attribute 24, 1
  10              		.eabi_attribute 25, 1
  11              		.eabi_attribute 26, 1
  12              		.eabi_attribute 30, 1
  13              		.eabi_attribute 34, 1
  14              		.eabi_attribute 18, 4
  15              		.file	"CAN_receive.c"
  16              		.text
  17              	.Ltext0:
  18              		.cfi_sections	.debug_frame
  19              		.section	.text.HAL_CAN_RxFifo0MsgPendingCallback,"ax",%progbits
  20              		.align	1
  21              		.global	HAL_CAN_RxFifo0MsgPendingCallback
  22              		.syntax unified
  23              		.thumb
  24              		.thumb_func
  26              	HAL_CAN_RxFifo0MsgPendingCallback:
  27              	.LVL0:
  28              	.LFB138:
  29              		.file 1 "Library/Src/CAN_receive.c"
   1:Library/Src/CAN_receive.c **** #include "CAN_receive.h"
   2:Library/Src/CAN_receive.c **** 
   3:Library/Src/CAN_receive.c **** extern data_motor_t data_motor;
   4:Library/Src/CAN_receive.c **** extern data_g2c_gimbal_t data_g2c_gimbal;
   5:Library/Src/CAN_receive.c **** extern data_g2c_chassis_t data_g2c_chassis;
   6:Library/Src/CAN_receive.c **** extern CAN_HandleTypeDef hcan1;
   7:Library/Src/CAN_receive.c **** extern CAN_HandleTypeDef hcan2;
   8:Library/Src/CAN_receive.c **** extern int16_t ammo_circle;
   9:Library/Src/CAN_receive.c **** 
  10:Library/Src/CAN_receive.c **** void HAL_CAN_RxFifo0MsgPendingCallback(CAN_HandleTypeDef *hcan)
  11:Library/Src/CAN_receive.c **** {
  30              		.loc 1 11 1 view -0
  31              		.cfi_startproc
  32              		@ args = 0, pretend = 0, frame = 40
  33              		@ frame_needed = 0, uses_anonymous_args = 0
  34              		.loc 1 11 1 is_stmt 0 view .LVU1
  35 0000 10B5     		push	{r4, lr}
  36              	.LCFI0:
  37              		.cfi_def_cfa_offset 8
  38              		.cfi_offset 4, -8
  39              		.cfi_offset 14, -4
  40 0002 8AB0     		sub	sp, sp, #40
  41              	.LCFI1:
  42              		.cfi_def_cfa_offset 48
  43 0004 0446     		mov	r4, r0
  12:Library/Src/CAN_receive.c ****     CAN_RxHeaderTypeDef rx_header;
  44              		.loc 1 12 5 is_stmt 1 view .LVU2
  13:Library/Src/CAN_receive.c ****     uint8_t rx_data[8];
  45              		.loc 1 13 5 view .LVU3
ARM GAS  C:\Users\cyz19\AppData\Local\Temp\ccxqyFSF.s 			page 2


  14:Library/Src/CAN_receive.c **** 
  15:Library/Src/CAN_receive.c ****     HAL_CAN_GetRxMessage(hcan, CAN_RX_FIFO0, &rx_header, rx_data);
  46              		.loc 1 15 5 view .LVU4
  47 0006 01AB     		add	r3, sp, #4
  48 0008 03AA     		add	r2, sp, #12
  49 000a 0021     		movs	r1, #0
  50 000c FFF7FEFF 		bl	HAL_CAN_GetRxMessage
  51              	.LVL1:
  16:Library/Src/CAN_receive.c ****     if(hcan == &hcan1)
  52              		.loc 1 16 5 view .LVU5
  53              		.loc 1 16 7 is_stmt 0 view .LVU6
  54 0010 354B     		ldr	r3, .L21
  55 0012 9C42     		cmp	r4, r3
  56 0014 04D0     		beq	.L19
  17:Library/Src/CAN_receive.c ****     {
  18:Library/Src/CAN_receive.c ****         switch (rx_header.StdId)
  19:Library/Src/CAN_receive.c ****         {
  20:Library/Src/CAN_receive.c **** 
  21:Library/Src/CAN_receive.c ****             case CAN_AMMO1_MOTOR_ID:    DJ_motor_fbdata(&data_motor.Ammo1_motor_measure[0] , rx_dat
  22:Library/Src/CAN_receive.c ****             case CAN_AMMO2_MOTOR_ID:    DJ_motor_fbdata(&data_motor.Ammo1_motor_measure[1] , rx_dat
  23:Library/Src/CAN_receive.c ****             case CAN_AMMO3_MOTOR_ID:    DJ_motor_fbdata(&data_motor.Ammo1_motor_measure[2] , rx_dat
  24:Library/Src/CAN_receive.c ****             case CAN_AMMO4_MOTOR_ID:    DJ_motor_fbdata(&data_motor.Ammo1_motor_measure[3] , rx_dat
  25:Library/Src/CAN_receive.c ****             //case CAN_AMMO5_MOTOR_ID:    DJ_motor_fbdata(&data_motor.Ammo2_motor_measure[0] , rx_d
  26:Library/Src/CAN_receive.c ****             case CAN_AMMO6_MOTOR_ID:    DJ_motor_fbdata(&data_motor.Ammo2_motor_measure[1] , rx_dat
  27:Library/Src/CAN_receive.c ****             //case CAN_chassis_M1_ID:    DJ_motor_fbdata(&data_motor.Chassis_motor_measure[0] , rx_
  28:Library/Src/CAN_receive.c ****             //case CAN_chassis_M2_ID:    DJ_motor_fbdata(&data_motor.Chassis_motor_measure[1] , rx_
  29:Library/Src/CAN_receive.c ****             //case CAN_chassis_M3_ID:    DJ_motor_fbdata(&data_motor.Chassis_motor_measure[2] , rx_
  30:Library/Src/CAN_receive.c ****             //case CAN_chassis_M4_ID:    DJ_motor_fbdata(&data_motor.Chassis_motor_measure[3] , rx_
  31:Library/Src/CAN_receive.c **** 
  32:Library/Src/CAN_receive.c ****             default: break;
  33:Library/Src/CAN_receive.c ****         }
  34:Library/Src/CAN_receive.c ****     }
  35:Library/Src/CAN_receive.c ****     else if(hcan == &hcan2)
  57              		.loc 1 35 10 is_stmt 1 view .LVU7
  58              		.loc 1 35 12 is_stmt 0 view .LVU8
  59 0016 354B     		ldr	r3, .L21+4
  60 0018 9C42     		cmp	r4, r3
  61 001a 2ED0     		beq	.L20
  62              	.L1:
  36:Library/Src/CAN_receive.c ****     {
  37:Library/Src/CAN_receive.c ****         switch (rx_header.StdId)
  38:Library/Src/CAN_receive.c ****         {
  39:Library/Src/CAN_receive.c ****             //case CAN_AMMO1_MOTOR_ID:    DJ_motor_fbdata(&data_motor.Ammo1_motor_measure[0] , rx_d
  40:Library/Src/CAN_receive.c ****             //case CAN_AMMO2_MOTOR_ID:    DJ_motor_fbdata(&data_motor.Ammo1_motor_measure[1] , rx_d
  41:Library/Src/CAN_receive.c ****             //case CAN_AMMO3_MOTOR_ID:    DJ_motor_fbdata(&data_motor.Ammo1_motor_measure[2] , rx_d
  42:Library/Src/CAN_receive.c ****             //case CAN_AMMO4_MOTOR_ID:    DJ_motor_fbdata(&data_motor.Ammo1_motor_measure[3] , rx_d
  43:Library/Src/CAN_receive.c ****             //case CAN_AMMO5_MOTOR_ID:    DJ_motor_fbdata(&data_motor.Ammo2_motor_measure[0] , rx_d
  44:Library/Src/CAN_receive.c ****             //case CAN_AMMO6_MOTOR_ID:    DJ_motor_fbdata(&data_motor.Ammo2_motor_measure[1] , rx_d
  45:Library/Src/CAN_receive.c **** 
  46:Library/Src/CAN_receive.c ****             case CAN_chassis_M1_ID:    DJ_motor_fbdata(&data_motor.Chassis_motor_measure[0] , rx_da
  47:Library/Src/CAN_receive.c ****             case CAN_chassis_M2_ID:    DJ_motor_fbdata(&data_motor.Chassis_motor_measure[1] , rx_da
  48:Library/Src/CAN_receive.c ****             case CAN_chassis_M3_ID:    DJ_motor_fbdata(&data_motor.Chassis_motor_measure[2] , rx_da
  49:Library/Src/CAN_receive.c ****             case CAN_chassis_M4_ID:    DJ_motor_fbdata(&data_motor.Chassis_motor_measure[3] , rx_da
  50:Library/Src/CAN_receive.c **** 
  51:Library/Src/CAN_receive.c **** 
  52:Library/Src/CAN_receive.c ****             case CAN_AMMO5_MOTOR_ID:    DJ_motor_fbdata(&data_motor.Ammo2_motor_measure[0] , rx_dat
  53:Library/Src/CAN_receive.c ****         }
ARM GAS  C:\Users\cyz19\AppData\Local\Temp\ccxqyFSF.s 			page 3


  54:Library/Src/CAN_receive.c ****         //ammo_circle = Circle_STOP(1, ammo_circle);
  55:Library/Src/CAN_receive.c ****         if (data_motor.Chassis_motor_measure[1].ecd - data_motor.Chassis_motor_measure[1].last_ecd 
  56:Library/Src/CAN_receive.c ****         {
  57:Library/Src/CAN_receive.c ****             ammo_circle--;
  58:Library/Src/CAN_receive.c ****         }
  59:Library/Src/CAN_receive.c ****         else if (data_motor.Chassis_motor_measure[1].ecd - data_motor.Chassis_motor_measure[1].last
  60:Library/Src/CAN_receive.c ****         {
  61:Library/Src/CAN_receive.c ****             ammo_circle++;
  62:Library/Src/CAN_receive.c ****         }
  63:Library/Src/CAN_receive.c ****     }
  64:Library/Src/CAN_receive.c **** }
  63              		.loc 1 64 1 view .LVU9
  64 001c 0AB0     		add	sp, sp, #40
  65              	.LCFI2:
  66              		.cfi_remember_state
  67              		.cfi_def_cfa_offset 8
  68              		@ sp needed
  69 001e 10BD     		pop	{r4, pc}
  70              	.LVL2:
  71              	.L19:
  72              	.LCFI3:
  73              		.cfi_restore_state
  18:Library/Src/CAN_receive.c ****         {
  74              		.loc 1 18 9 is_stmt 1 view .LVU10
  18:Library/Src/CAN_receive.c ****         {
  75              		.loc 1 18 26 is_stmt 0 view .LVU11
  76 0020 039B     		ldr	r3, [sp, #12]
  18:Library/Src/CAN_receive.c ****         {
  77              		.loc 1 18 9 view .LVU12
  78 0022 A3F20123 		subw	r3, r3, #513
  79 0026 052B     		cmp	r3, #5
  80 0028 F8D8     		bhi	.L1
  81 002a 01A2     		adr	r2, .L5
  82 002c 52F823F0 		ldr	pc, [r2, r3, lsl #2]
  83              		.p2align 2
  84              	.L5:
  85 0030 49000000 		.word	.L9+1
  86 0034 53000000 		.word	.L8+1
  87 0038 5D000000 		.word	.L7+1
  88 003c 67000000 		.word	.L6+1
  89 0040 1D000000 		.word	.L1+1
  90 0044 71000000 		.word	.L4+1
  91              		.p2align 1
  92              	.L9:
  21:Library/Src/CAN_receive.c ****             case CAN_AMMO2_MOTOR_ID:    DJ_motor_fbdata(&data_motor.Ammo1_motor_measure[1] , rx_dat
  93              		.loc 1 21 41 is_stmt 1 view .LVU13
  94 0048 01A9     		add	r1, sp, #4
  95 004a 2948     		ldr	r0, .L21+8
  96 004c FFF7FEFF 		bl	DJ_motor_fbdata
  97              	.LVL3:
  21:Library/Src/CAN_receive.c ****             case CAN_AMMO2_MOTOR_ID:    DJ_motor_fbdata(&data_motor.Ammo1_motor_measure[1] , rx_dat
  98              		.loc 1 21 103 view .LVU14
  21:Library/Src/CAN_receive.c ****             case CAN_AMMO2_MOTOR_ID:    DJ_motor_fbdata(&data_motor.Ammo1_motor_measure[1] , rx_dat
  99              		.loc 1 21 13 is_stmt 0 view .LVU15
 100 0050 E4E7     		b	.L1
 101              	.L8:
  22:Library/Src/CAN_receive.c ****             case CAN_AMMO3_MOTOR_ID:    DJ_motor_fbdata(&data_motor.Ammo1_motor_measure[2] , rx_dat
ARM GAS  C:\Users\cyz19\AppData\Local\Temp\ccxqyFSF.s 			page 4


 102              		.loc 1 22 41 is_stmt 1 view .LVU16
 103 0052 01A9     		add	r1, sp, #4
 104 0054 2748     		ldr	r0, .L21+12
 105 0056 FFF7FEFF 		bl	DJ_motor_fbdata
 106              	.LVL4:
  22:Library/Src/CAN_receive.c ****             case CAN_AMMO3_MOTOR_ID:    DJ_motor_fbdata(&data_motor.Ammo1_motor_measure[2] , rx_dat
 107              		.loc 1 22 103 view .LVU17
  22:Library/Src/CAN_receive.c ****             case CAN_AMMO3_MOTOR_ID:    DJ_motor_fbdata(&data_motor.Ammo1_motor_measure[2] , rx_dat
 108              		.loc 1 22 13 is_stmt 0 view .LVU18
 109 005a DFE7     		b	.L1
 110              	.L7:
  23:Library/Src/CAN_receive.c ****             case CAN_AMMO4_MOTOR_ID:    DJ_motor_fbdata(&data_motor.Ammo1_motor_measure[3] , rx_dat
 111              		.loc 1 23 41 is_stmt 1 view .LVU19
 112 005c 01A9     		add	r1, sp, #4
 113 005e 2648     		ldr	r0, .L21+16
 114 0060 FFF7FEFF 		bl	DJ_motor_fbdata
 115              	.LVL5:
  23:Library/Src/CAN_receive.c ****             case CAN_AMMO4_MOTOR_ID:    DJ_motor_fbdata(&data_motor.Ammo1_motor_measure[3] , rx_dat
 116              		.loc 1 23 103 view .LVU20
  23:Library/Src/CAN_receive.c ****             case CAN_AMMO4_MOTOR_ID:    DJ_motor_fbdata(&data_motor.Ammo1_motor_measure[3] , rx_dat
 117              		.loc 1 23 13 is_stmt 0 view .LVU21
 118 0064 DAE7     		b	.L1
 119              	.L6:
  24:Library/Src/CAN_receive.c ****             //case CAN_AMMO5_MOTOR_ID:    DJ_motor_fbdata(&data_motor.Ammo2_motor_measure[0] , rx_d
 120              		.loc 1 24 41 is_stmt 1 view .LVU22
 121 0066 01A9     		add	r1, sp, #4
 122 0068 2448     		ldr	r0, .L21+20
 123 006a FFF7FEFF 		bl	DJ_motor_fbdata
 124              	.LVL6:
  24:Library/Src/CAN_receive.c ****             //case CAN_AMMO5_MOTOR_ID:    DJ_motor_fbdata(&data_motor.Ammo2_motor_measure[0] , rx_d
 125              		.loc 1 24 103 view .LVU23
  24:Library/Src/CAN_receive.c ****             //case CAN_AMMO5_MOTOR_ID:    DJ_motor_fbdata(&data_motor.Ammo2_motor_measure[0] , rx_d
 126              		.loc 1 24 13 is_stmt 0 view .LVU24
 127 006e D5E7     		b	.L1
 128              	.L4:
  26:Library/Src/CAN_receive.c ****             //case CAN_chassis_M1_ID:    DJ_motor_fbdata(&data_motor.Chassis_motor_measure[0] , rx_
 129              		.loc 1 26 41 is_stmt 1 view .LVU25
 130 0070 01A9     		add	r1, sp, #4
 131 0072 2348     		ldr	r0, .L21+24
 132 0074 FFF7FEFF 		bl	DJ_motor_fbdata
 133              	.LVL7:
  26:Library/Src/CAN_receive.c ****             //case CAN_chassis_M1_ID:    DJ_motor_fbdata(&data_motor.Chassis_motor_measure[0] , rx_
 134              		.loc 1 26 103 view .LVU26
  26:Library/Src/CAN_receive.c ****             //case CAN_chassis_M1_ID:    DJ_motor_fbdata(&data_motor.Chassis_motor_measure[0] , rx_
 135              		.loc 1 26 13 is_stmt 0 view .LVU27
 136 0078 D0E7     		b	.L1
 137              	.L20:
  37:Library/Src/CAN_receive.c ****         {
 138              		.loc 1 37 9 is_stmt 1 view .LVU28
  37:Library/Src/CAN_receive.c ****         {
 139              		.loc 1 37 26 is_stmt 0 view .LVU29
 140 007a 039B     		ldr	r3, [sp, #12]
  37:Library/Src/CAN_receive.c ****         {
 141              		.loc 1 37 9 view .LVU30
 142 007c A3F20123 		subw	r3, r3, #513
 143 0080 042B     		cmp	r3, #4
 144 0082 08D8     		bhi	.L10
ARM GAS  C:\Users\cyz19\AppData\Local\Temp\ccxqyFSF.s 			page 5


 145 0084 DFE803F0 		tbb	[pc, r3]
 146              	.L12:
 147 0088 03       		.byte	(.L16-.L12)/2
 148 0089 14       		.byte	(.L15-.L12)/2
 149 008a 19       		.byte	(.L14-.L12)/2
 150 008b 1E       		.byte	(.L13-.L12)/2
 151 008c 23       		.byte	(.L11-.L12)/2
 152 008d 00       		.p2align 1
 153              	.L16:
  46:Library/Src/CAN_receive.c ****             case CAN_chassis_M2_ID:    DJ_motor_fbdata(&data_motor.Chassis_motor_measure[1] , rx_da
 154              		.loc 1 46 40 is_stmt 1 view .LVU31
 155 008e 01A9     		add	r1, sp, #4
 156 0090 1C48     		ldr	r0, .L21+28
 157 0092 FFF7FEFF 		bl	DJ_motor_fbdata
 158              	.LVL8:
  46:Library/Src/CAN_receive.c ****             case CAN_chassis_M2_ID:    DJ_motor_fbdata(&data_motor.Chassis_motor_measure[1] , rx_da
 159              		.loc 1 46 104 view .LVU32
 160              	.L10:
  55:Library/Src/CAN_receive.c ****         {
 161              		.loc 1 55 9 view .LVU33
  55:Library/Src/CAN_receive.c ****         {
 162              		.loc 1 55 48 is_stmt 0 view .LVU34
 163 0096 1B4A     		ldr	r2, .L21+28
 164 0098 9389     		ldrh	r3, [r2, #12]
  55:Library/Src/CAN_receive.c ****         {
 165              		.loc 1 55 90 view .LVU35
 166 009a B2F91420 		ldrsh	r2, [r2, #20]
  55:Library/Src/CAN_receive.c ****         {
 167              		.loc 1 55 53 view .LVU36
 168 009e 9B1A     		subs	r3, r3, r2
  55:Library/Src/CAN_receive.c ****         {
 169              		.loc 1 55 12 view .LVU37
 170 00a0 B3F5805F 		cmp	r3, #4096
 171 00a4 18DD     		ble	.L17
  57:Library/Src/CAN_receive.c ****         }
 172              		.loc 1 57 13 is_stmt 1 view .LVU38
  57:Library/Src/CAN_receive.c ****         }
 173              		.loc 1 57 24 is_stmt 0 view .LVU39
 174 00a6 184A     		ldr	r2, .L21+32
 175 00a8 1388     		ldrh	r3, [r2]
 176 00aa 013B     		subs	r3, r3, #1
 177 00ac 1380     		strh	r3, [r2]	@ movhi
 178 00ae B5E7     		b	.L1
 179              	.L15:
  47:Library/Src/CAN_receive.c ****             case CAN_chassis_M3_ID:    DJ_motor_fbdata(&data_motor.Chassis_motor_measure[2] , rx_da
 180              		.loc 1 47 40 is_stmt 1 view .LVU40
 181 00b0 01A9     		add	r1, sp, #4
 182 00b2 1648     		ldr	r0, .L21+36
 183 00b4 FFF7FEFF 		bl	DJ_motor_fbdata
 184              	.LVL9:
  47:Library/Src/CAN_receive.c ****             case CAN_chassis_M3_ID:    DJ_motor_fbdata(&data_motor.Chassis_motor_measure[2] , rx_da
 185              		.loc 1 47 104 view .LVU41
  47:Library/Src/CAN_receive.c ****             case CAN_chassis_M3_ID:    DJ_motor_fbdata(&data_motor.Chassis_motor_measure[2] , rx_da
 186              		.loc 1 47 13 is_stmt 0 view .LVU42
 187 00b8 EDE7     		b	.L10
 188              	.L14:
  48:Library/Src/CAN_receive.c ****             case CAN_chassis_M4_ID:    DJ_motor_fbdata(&data_motor.Chassis_motor_measure[3] , rx_da
ARM GAS  C:\Users\cyz19\AppData\Local\Temp\ccxqyFSF.s 			page 6


 189              		.loc 1 48 40 is_stmt 1 view .LVU43
 190 00ba 01A9     		add	r1, sp, #4
 191 00bc 1448     		ldr	r0, .L21+40
 192 00be FFF7FEFF 		bl	DJ_motor_fbdata
 193              	.LVL10:
  48:Library/Src/CAN_receive.c ****             case CAN_chassis_M4_ID:    DJ_motor_fbdata(&data_motor.Chassis_motor_measure[3] , rx_da
 194              		.loc 1 48 104 view .LVU44
  48:Library/Src/CAN_receive.c ****             case CAN_chassis_M4_ID:    DJ_motor_fbdata(&data_motor.Chassis_motor_measure[3] , rx_da
 195              		.loc 1 48 13 is_stmt 0 view .LVU45
 196 00c2 E8E7     		b	.L10
 197              	.L13:
  49:Library/Src/CAN_receive.c **** 
 198              		.loc 1 49 40 is_stmt 1 view .LVU46
 199 00c4 01A9     		add	r1, sp, #4
 200 00c6 1348     		ldr	r0, .L21+44
 201 00c8 FFF7FEFF 		bl	DJ_motor_fbdata
 202              	.LVL11:
  49:Library/Src/CAN_receive.c **** 
 203              		.loc 1 49 104 view .LVU47
  49:Library/Src/CAN_receive.c **** 
 204              		.loc 1 49 13 is_stmt 0 view .LVU48
 205 00cc E3E7     		b	.L10
 206              	.L11:
  52:Library/Src/CAN_receive.c ****         }
 207              		.loc 1 52 41 is_stmt 1 view .LVU49
 208 00ce 01A9     		add	r1, sp, #4
 209 00d0 1148     		ldr	r0, .L21+48
 210 00d2 FFF7FEFF 		bl	DJ_motor_fbdata
 211              	.LVL12:
  52:Library/Src/CAN_receive.c ****         }
 212              		.loc 1 52 103 view .LVU50
  52:Library/Src/CAN_receive.c ****         }
 213              		.loc 1 52 13 is_stmt 0 view .LVU51
 214 00d6 DEE7     		b	.L10
 215              	.L17:
  59:Library/Src/CAN_receive.c ****         {
 216              		.loc 1 59 14 is_stmt 1 view .LVU52
  59:Library/Src/CAN_receive.c ****         {
 217              		.loc 1 59 17 is_stmt 0 view .LVU53
 218 00d8 13F5805F 		cmn	r3, #4096
 219 00dc 9EDA     		bge	.L1
  61:Library/Src/CAN_receive.c ****         }
 220              		.loc 1 61 13 is_stmt 1 view .LVU54
  61:Library/Src/CAN_receive.c ****         }
 221              		.loc 1 61 24 is_stmt 0 view .LVU55
 222 00de 0A4A     		ldr	r2, .L21+32
 223 00e0 1388     		ldrh	r3, [r2]
 224 00e2 0133     		adds	r3, r3, #1
 225 00e4 1380     		strh	r3, [r2]	@ movhi
 226              		.loc 1 64 1 view .LVU56
 227 00e6 99E7     		b	.L1
 228              	.L22:
 229              		.align	2
 230              	.L21:
 231 00e8 00000000 		.word	hcan1
 232 00ec 00000000 		.word	hcan2
 233 00f0 80000000 		.word	data_motor+128
ARM GAS  C:\Users\cyz19\AppData\Local\Temp\ccxqyFSF.s 			page 7


 234 00f4 8C000000 		.word	data_motor+140
 235 00f8 98000000 		.word	data_motor+152
 236 00fc A4000000 		.word	data_motor+164
 237 0100 BC000000 		.word	data_motor+188
 238 0104 00000000 		.word	data_motor
 239 0108 00000000 		.word	ammo_circle
 240 010c 0C000000 		.word	data_motor+12
 241 0110 18000000 		.word	data_motor+24
 242 0114 24000000 		.word	data_motor+36
 243 0118 B0000000 		.word	data_motor+176
 244              		.cfi_endproc
 245              	.LFE138:
 247              		.section	.text.can_filter_init,"ax",%progbits
 248              		.align	1
 249              		.global	can_filter_init
 250              		.syntax unified
 251              		.thumb
 252              		.thumb_func
 254              	can_filter_init:
 255              	.LFB139:
  65:Library/Src/CAN_receive.c **** 
  66:Library/Src/CAN_receive.c **** /**
  67:Library/Src/CAN_receive.c ****   * @brief can过滤器初始化
  68:Library/Src/CAN_receive.c ****   * @return none 
  69:Library/Src/CAN_receive.c ****   */
  70:Library/Src/CAN_receive.c **** void can_filter_init(void)
  71:Library/Src/CAN_receive.c **** {
 256              		.loc 1 71 1 is_stmt 1 view -0
 257              		.cfi_startproc
 258              		@ args = 0, pretend = 0, frame = 40
 259              		@ frame_needed = 0, uses_anonymous_args = 0
 260 0000 10B5     		push	{r4, lr}
 261              	.LCFI4:
 262              		.cfi_def_cfa_offset 8
 263              		.cfi_offset 4, -8
 264              		.cfi_offset 14, -4
 265 0002 8AB0     		sub	sp, sp, #40
 266              	.LCFI5:
 267              		.cfi_def_cfa_offset 48
  72:Library/Src/CAN_receive.c **** 
  73:Library/Src/CAN_receive.c ****     CAN_FilterTypeDef can_filter_st;
 268              		.loc 1 73 5 view .LVU58
  74:Library/Src/CAN_receive.c ****     can_filter_st.FilterActivation = ENABLE;
 269              		.loc 1 74 5 view .LVU59
 270              		.loc 1 74 36 is_stmt 0 view .LVU60
 271 0004 0122     		movs	r2, #1
 272 0006 0892     		str	r2, [sp, #32]
  75:Library/Src/CAN_receive.c ****     can_filter_st.FilterMode = CAN_FILTERMODE_IDMASK;
 273              		.loc 1 75 5 is_stmt 1 view .LVU61
 274              		.loc 1 75 30 is_stmt 0 view .LVU62
 275 0008 0023     		movs	r3, #0
 276 000a 0693     		str	r3, [sp, #24]
  76:Library/Src/CAN_receive.c ****     can_filter_st.FilterScale = CAN_FILTERSCALE_32BIT;
 277              		.loc 1 76 5 is_stmt 1 view .LVU63
 278              		.loc 1 76 31 is_stmt 0 view .LVU64
 279 000c 0792     		str	r2, [sp, #28]
  77:Library/Src/CAN_receive.c ****     can_filter_st.FilterIdHigh = 0x0000;
ARM GAS  C:\Users\cyz19\AppData\Local\Temp\ccxqyFSF.s 			page 8


 280              		.loc 1 77 5 is_stmt 1 view .LVU65
 281              		.loc 1 77 32 is_stmt 0 view .LVU66
 282 000e 0093     		str	r3, [sp]
  78:Library/Src/CAN_receive.c ****     can_filter_st.FilterIdLow = 0x0000;
 283              		.loc 1 78 5 is_stmt 1 view .LVU67
 284              		.loc 1 78 31 is_stmt 0 view .LVU68
 285 0010 0193     		str	r3, [sp, #4]
  79:Library/Src/CAN_receive.c ****     can_filter_st.FilterMaskIdHigh = 0x0000;
 286              		.loc 1 79 5 is_stmt 1 view .LVU69
 287              		.loc 1 79 36 is_stmt 0 view .LVU70
 288 0012 0293     		str	r3, [sp, #8]
  80:Library/Src/CAN_receive.c ****     can_filter_st.FilterMaskIdLow = 0x0000;
 289              		.loc 1 80 5 is_stmt 1 view .LVU71
 290              		.loc 1 80 35 is_stmt 0 view .LVU72
 291 0014 0393     		str	r3, [sp, #12]
  81:Library/Src/CAN_receive.c ****     can_filter_st.FilterBank = 0;
 292              		.loc 1 81 5 is_stmt 1 view .LVU73
 293              		.loc 1 81 30 is_stmt 0 view .LVU74
 294 0016 0593     		str	r3, [sp, #20]
  82:Library/Src/CAN_receive.c ****     can_filter_st.FilterFIFOAssignment = CAN_RX_FIFO0;
 295              		.loc 1 82 5 is_stmt 1 view .LVU75
 296              		.loc 1 82 40 is_stmt 0 view .LVU76
 297 0018 0493     		str	r3, [sp, #16]
  83:Library/Src/CAN_receive.c ****     HAL_CAN_ConfigFilter(&hcan1, &can_filter_st);
 298              		.loc 1 83 5 is_stmt 1 view .LVU77
 299 001a 0E4C     		ldr	r4, .L25
 300 001c 6946     		mov	r1, sp
 301 001e 2046     		mov	r0, r4
 302 0020 FFF7FEFF 		bl	HAL_CAN_ConfigFilter
 303              	.LVL13:
  84:Library/Src/CAN_receive.c ****     HAL_CAN_Start(&hcan1);
 304              		.loc 1 84 5 view .LVU78
 305 0024 2046     		mov	r0, r4
 306 0026 FFF7FEFF 		bl	HAL_CAN_Start
 307              	.LVL14:
  85:Library/Src/CAN_receive.c ****     HAL_CAN_ActivateNotification(&hcan1, CAN_IT_RX_FIFO0_MSG_PENDING);
 308              		.loc 1 85 5 view .LVU79
 309 002a 0221     		movs	r1, #2
 310 002c 2046     		mov	r0, r4
 311 002e FFF7FEFF 		bl	HAL_CAN_ActivateNotification
 312              	.LVL15:
  86:Library/Src/CAN_receive.c **** 
  87:Library/Src/CAN_receive.c **** 
  88:Library/Src/CAN_receive.c ****     can_filter_st.SlaveStartFilterBank = 14;
 313              		.loc 1 88 5 view .LVU80
 314              		.loc 1 88 40 is_stmt 0 view .LVU81
 315 0032 0E23     		movs	r3, #14
 316 0034 0993     		str	r3, [sp, #36]
  89:Library/Src/CAN_receive.c ****     can_filter_st.FilterBank = 14;
 317              		.loc 1 89 5 is_stmt 1 view .LVU82
 318              		.loc 1 89 30 is_stmt 0 view .LVU83
 319 0036 0593     		str	r3, [sp, #20]
  90:Library/Src/CAN_receive.c ****     HAL_CAN_ConfigFilter(&hcan2, &can_filter_st);
 320              		.loc 1 90 5 is_stmt 1 view .LVU84
 321 0038 074C     		ldr	r4, .L25+4
 322 003a 6946     		mov	r1, sp
 323 003c 2046     		mov	r0, r4
ARM GAS  C:\Users\cyz19\AppData\Local\Temp\ccxqyFSF.s 			page 9


 324 003e FFF7FEFF 		bl	HAL_CAN_ConfigFilter
 325              	.LVL16:
  91:Library/Src/CAN_receive.c ****     HAL_CAN_Start(&hcan2);
 326              		.loc 1 91 5 view .LVU85
 327 0042 2046     		mov	r0, r4
 328 0044 FFF7FEFF 		bl	HAL_CAN_Start
 329              	.LVL17:
  92:Library/Src/CAN_receive.c ****     HAL_CAN_ActivateNotification(&hcan2, CAN_IT_RX_FIFO0_MSG_PENDING);
 330              		.loc 1 92 5 view .LVU86
 331 0048 0221     		movs	r1, #2
 332 004a 2046     		mov	r0, r4
 333 004c FFF7FEFF 		bl	HAL_CAN_ActivateNotification
 334              	.LVL18:
  93:Library/Src/CAN_receive.c **** }...
 335              		.loc 1 93 1 is_stmt 0 view .LVU87
 336 0050 0AB0     		add	sp, sp, #40
 337              	.LCFI6:
 338              		.cfi_def_cfa_offset 8
 339              		@ sp needed
 340 0052 10BD     		pop	{r4, pc}
 341              	.L26:
 342              		.align	2
 343              	.L25:
 344 0054 00000000 		.word	hcan1
 345 0058 00000000 		.word	hcan2
 346              		.cfi_endproc
 347              	.LFE139:
 349              		.text
 350              	.Letext0:
 351              		.file 2 "c:\\program files (x86)\\gnu arm embedded toolchain\\10 2021.10\\arm-none-eabi\\include\\
 352              		.file 3 "c:\\program files (x86)\\gnu arm embedded toolchain\\10 2021.10\\arm-none-eabi\\include\\
 353              		.file 4 "Drivers/CMSIS/Device/ST/STM32F4xx/Include/stm32f407xx.h"
 354              		.file 5 "Drivers/CMSIS/Device/ST/STM32F4xx/Include/stm32f4xx.h"
 355              		.file 6 "Drivers/STM32F4xx_HAL_Driver/Inc/stm32f4xx_hal_can.h"
 356              		.file 7 "Library/Inc/motor.h"
ARM GAS  C:\Users\cyz19\AppData\Local\Temp\ccxqyFSF.s 			page 10


DEFINED SYMBOLS
                            *ABS*:00000000 CAN_receive.c
C:\Users\cyz19\AppData\Local\Temp\ccxqyFSF.s:20     .text.HAL_CAN_RxFifo0MsgPendingCallback:00000000 $t
C:\Users\cyz19\AppData\Local\Temp\ccxqyFSF.s:26     .text.HAL_CAN_RxFifo0MsgPendingCallback:00000000 HAL_CAN_RxFifo0MsgPendingCallback
C:\Users\cyz19\AppData\Local\Temp\ccxqyFSF.s:85     .text.HAL_CAN_RxFifo0MsgPendingCallback:00000030 $d
C:\Users\cyz19\AppData\Local\Temp\ccxqyFSF.s:91     .text.HAL_CAN_RxFifo0MsgPendingCallback:00000048 $t
C:\Users\cyz19\AppData\Local\Temp\ccxqyFSF.s:147    .text.HAL_CAN_RxFifo0MsgPendingCallback:00000088 $d
C:\Users\cyz19\AppData\Local\Temp\ccxqyFSF.s:231    .text.HAL_CAN_RxFifo0MsgPendingCallback:000000e8 $d
C:\Users\cyz19\AppData\Local\Temp\ccxqyFSF.s:248    .text.can_filter_init:00000000 $t
C:\Users\cyz19\AppData\Local\Temp\ccxqyFSF.s:254    .text.can_filter_init:00000000 can_filter_init
C:\Users\cyz19\AppData\Local\Temp\ccxqyFSF.s:344    .text.can_filter_init:00000054 $d
C:\Users\cyz19\AppData\Local\Temp\ccxqyFSF.s:152    .text.HAL_CAN_RxFifo0MsgPendingCallback:0000008d $d
C:\Users\cyz19\AppData\Local\Temp\ccxqyFSF.s:152    .text.HAL_CAN_RxFifo0MsgPendingCallback:0000008e $t

UNDEFINED SYMBOLS
HAL_CAN_GetRxMessage
DJ_motor_fbdata
hcan1
hcan2
data_motor
ammo_circle
HAL_CAN_ConfigFilter
HAL_CAN_Start
HAL_CAN_ActivateNotification
