ARM GAS  C:\Users\cyz19\AppData\Local\Temp\ccGCDrRI.s 			page 1


   1              		.cpu cortex-m4
   2              		.arch armv7e-m
   3              		.fpu fpv4-sp-d16
   4              		.eabi_attribute 27, 1
   5              		.eabi_attribute 28, 1
   6              		.eabi_attribute 20, 1
   7              		.eabi_attribute 21, 1
   8              		.eabi_attribute 23, 3
   9              		.eabi_attribute 24, 1
  10              		.eabi_attribute 25, 1
  11              		.eabi_attribute 26, 1
  12              		.eabi_attribute 30, 1
  13              		.eabi_attribute 34, 1
  14              		.eabi_attribute 18, 4
  15              		.file	"Chassis.c"
  16              		.text
  17              	.Ltext0:
  18              		.cfi_sections	.debug_frame
  19              		.section	.text.Chassis_Task,"ax",%progbits
  20              		.align	1
  21              		.global	Chassis_Task
  22              		.syntax unified
  23              		.thumb
  24              		.thumb_func
  26              	Chassis_Task:
  27              	.LFB138:
  28              		.file 1 "App/Src/Chassis.c"
   1:App/Src/Chassis.c **** #include "Chassis.h"
   2:App/Src/Chassis.c **** #include "remote_control.h"
   3:App/Src/Chassis.c **** #include "Data.h"
   4:App/Src/Chassis.c **** 
   5:App/Src/Chassis.c **** 
   6:App/Src/Chassis.c **** chassis_step_e chassis_step = STEP_CHASSIS_CLOSE;
   7:App/Src/Chassis.c **** pid_type_def PID_chassis_TRANS_vel[4] = {0};
   8:App/Src/Chassis.c **** pid_type_def PID_chassis_TRANS_pos[4] = {0};
   9:App/Src/Chassis.c **** pid_type_def PID_chassis_STAY_pos[4] = {0};
  10:App/Src/Chassis.c **** pid_type_def PID_chassis_MOVE_vel[4] = {0};
  11:App/Src/Chassis.c **** pid_type_def PID_chassis_MOVE_pos[4] = {0};
  12:App/Src/Chassis.c **** pid_type_def PID_chassis_RESET_pos[4] = {0};
  13:App/Src/Chassis.c **** pid_type_def PID_chassis_RESET_vel[4] = {0};
  14:App/Src/Chassis.c **** static int chassis_RECO_time = 0;
  15:App/Src/Chassis.c **** static int chassis_TRANS_time = 0;
  16:App/Src/Chassis.c **** 
  17:App/Src/Chassis.c **** extern data_g2c_gimbal_t data_g2c_gimbal; 
  18:App/Src/Chassis.c **** extern data_g2c_chassis_t data_g2c_chassis;
  19:App/Src/Chassis.c **** extern data_ins_t data_ins;
  20:App/Src/Chassis.c **** extern data_referee_t data_referee;
  21:App/Src/Chassis.c **** extern CAN_HandleTypeDef hcan1;
  22:App/Src/Chassis.c **** extern CAN_HandleTypeDef hcan2;
  23:App/Src/Chassis.c **** extern data_rc_t data_rc;
  24:App/Src/Chassis.c **** extern  data_motor_t data_motor;
  25:App/Src/Chassis.c **** 
  26:App/Src/Chassis.c **** int16_t TRANS_x_speed = 0;
  27:App/Src/Chassis.c **** int16_t TRANS_y_speed = 0;
  28:App/Src/Chassis.c **** float chassis_yaw_pos = 0;
  29:App/Src/Chassis.c **** 
  30:App/Src/Chassis.c **** void Chassis_Task()
ARM GAS  C:\Users\cyz19\AppData\Local\Temp\ccGCDrRI.s 			page 2


  31:App/Src/Chassis.c **** {
  29              		.loc 1 31 1 view -0
  30              		.cfi_startproc
  31              		@ Volatile: function does not return.
  32              		@ args = 0, pretend = 0, frame = 0
  33              		@ frame_needed = 0, uses_anonymous_args = 0
  34 0000 08B5     		push	{r3, lr}
  35              	.LCFI0:
  36              		.cfi_def_cfa_offset 8
  37              		.cfi_offset 3, -8
  38              		.cfi_offset 14, -4
  39 0002 05E0     		b	.L4
  40              	.L3:
  32:App/Src/Chassis.c ****     while(1)
  33:App/Src/Chassis.c ****     {
  34:App/Src/Chassis.c ****         PID_init(&PID_chassis_TRANS_vel[0] , PID_chassis1_TRANS_vel_Kp , PID_chassis1_TRANS_vel_Ki 
  35:App/Src/Chassis.c ****         PID_init(&PID_chassis_TRANS_vel[1] , PID_chassis2_TRANS_vel_Kp , PID_chassis2_TRANS_vel_Ki 
  36:App/Src/Chassis.c ****         PID_init(&PID_chassis_TRANS_vel[2] , PID_chassis3_TRANS_vel_Kp , PID_chassis3_TRANS_vel_Ki 
  37:App/Src/Chassis.c ****         PID_init(&PID_chassis_TRANS_vel[3] , PID_chassis4_TRANS_vel_Kp , PID_chassis4_TRANS_vel_Ki 
  38:App/Src/Chassis.c ****         PID_init(&PID_chassis_TRANS_pos[0] , PID_chassis1_TRANS_pos_Kp , PID_chassis1_TRANS_pos_Ki 
  39:App/Src/Chassis.c ****         PID_init(&PID_chassis_TRANS_pos[1] , PID_chassis2_TRANS_pos_Kp , PID_chassis2_TRANS_pos_Ki 
  40:App/Src/Chassis.c ****         PID_init(&PID_chassis_TRANS_pos[2] , PID_chassis3_TRANS_pos_Kp , PID_chassis3_TRANS_pos_Ki 
  41:App/Src/Chassis.c ****         PID_init(&PID_chassis_TRANS_pos[3] , PID_chassis4_TRANS_pos_Kp , PID_chassis4_TRANS_pos_Ki 
  42:App/Src/Chassis.c **** 
  43:App/Src/Chassis.c ****         PID_init(&PID_chassis_STAY_pos[0] , PID_chassis1_STAY_pos_Kp , PID_chassis1_STAY_pos_Ki , P
  44:App/Src/Chassis.c ****         PID_init(&PID_chassis_STAY_pos[1] , PID_chassis2_STAY_pos_Kp , PID_chassis2_STAY_pos_Ki , P
  45:App/Src/Chassis.c ****         PID_init(&PID_chassis_STAY_pos[2] , PID_chassis3_STAY_pos_Kp , PID_chassis3_STAY_pos_Ki , P
  46:App/Src/Chassis.c ****         PID_init(&PID_chassis_STAY_pos[3] , PID_chassis4_STAY_pos_Kp , PID_chassis4_STAY_pos_Ki , P
  47:App/Src/Chassis.c **** 
  48:App/Src/Chassis.c ****         PID_init(&PID_chassis_MOVE_vel[0] , PID_chassis1_MOVE_vel_Kp , PID_chassis1_MOVE_vel_Ki , P
  49:App/Src/Chassis.c ****         PID_init(&PID_chassis_MOVE_vel[1] , PID_chassis2_MOVE_vel_Kp , PID_chassis2_MOVE_vel_Ki , P
  50:App/Src/Chassis.c ****         PID_init(&PID_chassis_MOVE_vel[2] , PID_chassis3_MOVE_vel_Kp , PID_chassis3_MOVE_vel_Ki , P
  51:App/Src/Chassis.c ****         PID_init(&PID_chassis_MOVE_vel[3] , PID_chassis4_MOVE_vel_Kp , PID_chassis4_MOVE_vel_Ki , P
  52:App/Src/Chassis.c ****         PID_init(&PID_chassis_MOVE_pos[0] , PID_chassis1_MOVE_pos_Kp , PID_chassis1_MOVE_pos_Ki , P
  53:App/Src/Chassis.c ****         PID_init(&PID_chassis_MOVE_pos[1] , PID_chassis2_MOVE_pos_Kp , PID_chassis2_MOVE_pos_Ki , P
  54:App/Src/Chassis.c ****         PID_init(&PID_chassis_MOVE_pos[2] , PID_chassis3_MOVE_pos_Kp , PID_chassis3_MOVE_pos_Ki , P
  55:App/Src/Chassis.c ****         PID_init(&PID_chassis_MOVE_pos[3] , PID_chassis4_MOVE_pos_Kp , PID_chassis4_MOVE_pos_Ki , P
  56:App/Src/Chassis.c **** 
  57:App/Src/Chassis.c ****         PID_init(&PID_chassis_RESET_vel[0] , PID_chassis1_RESET_vel_Kp , PID_chassis1_RESET_vel_Ki 
  58:App/Src/Chassis.c ****         PID_init(&PID_chassis_RESET_vel[1] , PID_chassis2_RESET_vel_Kp , PID_chassis2_RESET_vel_Ki 
  59:App/Src/Chassis.c ****         PID_init(&PID_chassis_RESET_vel[2] , PID_chassis3_RESET_vel_Kp , PID_chassis3_RESET_vel_Ki 
  60:App/Src/Chassis.c ****         PID_init(&PID_chassis_RESET_vel[3] , PID_chassis4_RESET_vel_Kp , PID_chassis4_RESET_vel_Ki 
  61:App/Src/Chassis.c ****         PID_init(&PID_chassis_RESET_pos[0] , PID_chassis1_RESET_pos_Kp , PID_chassis1_RESET_pos_Ki 
  62:App/Src/Chassis.c ****         PID_init(&PID_chassis_RESET_pos[1] , PID_chassis2_RESET_pos_Kp , PID_chassis2_RESET_pos_Ki 
  63:App/Src/Chassis.c ****         PID_init(&PID_chassis_RESET_pos[2] , PID_chassis3_RESET_pos_Kp , PID_chassis3_RESET_pos_Ki 
  64:App/Src/Chassis.c ****         PID_init(&PID_chassis_RESET_pos[3] , PID_chassis4_RESET_pos_Kp , PID_chassis4_RESET_pos_Ki 
  65:App/Src/Chassis.c **** 
  66:App/Src/Chassis.c **** 
  67:App/Src/Chassis.c ****         osDelay(2);
  68:App/Src/Chassis.c ****         switch (chassis_step)
  69:App/Src/Chassis.c ****         {
  70:App/Src/Chassis.c ****             case STEP_CHASSIS_CLOSE:
  71:App/Src/Chassis.c ****             {
  72:App/Src/Chassis.c ****                 if(data_referee.GameRobotState.power_management_ammo_output == 0)
  73:App/Src/Chassis.c ****                 {
  74:App/Src/Chassis.c ****                     chassis_step = STEP_CHASSIS_CLOSE;
  75:App/Src/Chassis.c ****                 }
ARM GAS  C:\Users\cyz19\AppData\Local\Temp\ccGCDrRI.s 			page 3


  76:App/Src/Chassis.c ****                 else if(data_referee.GameRobotState.power_management_ammo_output == 1)
  41              		.loc 1 76 22 view .LVU1
  77:App/Src/Chassis.c ****                 {
  78:App/Src/Chassis.c ****                     chassis_step = STEP_CHASSIS_CLOSE;
  42              		.loc 1 78 21 view .LVU2
  43              		.loc 1 78 34 is_stmt 0 view .LVU3
  44 0004 D94B     		ldr	r3, .L6
  45 0006 6522     		movs	r2, #101
  46 0008 1A70     		strb	r2, [r3]
  47              	.L2:
  79:App/Src/Chassis.c ****                 }
  80:App/Src/Chassis.c **** 
  81:App/Src/Chassis.c ****                 break;
  82:App/Src/Chassis.c ****             }
  83:App/Src/Chassis.c ****         }
  84:App/Src/Chassis.c ****          osDelay(1);
  48              		.loc 1 84 10 is_stmt 1 view .LVU4
  49 000a 0120     		movs	r0, #1
  50 000c FFF7FEFF 		bl	osDelay
  51              	.LVL0:
  32:App/Src/Chassis.c ****     {
  52              		.loc 1 32 10 view .LVU5
  53              	.L4:
  32:App/Src/Chassis.c ****     {
  54              		.loc 1 32 5 view .LVU6
  34:App/Src/Chassis.c ****         PID_init(&PID_chassis_TRANS_vel[1] , PID_chassis2_TRANS_vel_Kp , PID_chassis2_TRANS_vel_Ki 
  55              		.loc 1 34 9 view .LVU7
  56 0010 9FEDD7AA 		vldr.32	s20, .L6+4
  57 0014 DFEDD79A 		vldr.32	s19, .L6+8
  58 0018 D74C     		ldr	r4, .L6+12
  59 001a B0EE4A2A 		vmov.f32	s4, s20
  60 001e F0EE691A 		vmov.f32	s3, s19
  61 0022 B7EE001A 		vmov.f32	s2, #1.0e+0
  62 0026 F6EE040A 		vmov.f32	s1, #6.25e-1
  63 002a B2EE000A 		vmov.f32	s0, #8.0e+0
  64 002e 2046     		mov	r0, r4
  65 0030 FFF7FEFF 		bl	PID_init
  66              	.LVL1:
  35:App/Src/Chassis.c ****         PID_init(&PID_chassis_TRANS_vel[2] , PID_chassis3_TRANS_vel_Kp , PID_chassis3_TRANS_vel_Ki 
  67              		.loc 1 35 9 view .LVU8
  68 0034 B0EE4A2A 		vmov.f32	s4, s20
  69 0038 F0EE691A 		vmov.f32	s3, s19
  70 003c B7EE001A 		vmov.f32	s2, #1.0e+0
  71 0040 F6EE040A 		vmov.f32	s1, #6.25e-1
  72 0044 B2EE000A 		vmov.f32	s0, #8.0e+0
  73 0048 04F13400 		add	r0, r4, #52
  74 004c FFF7FEFF 		bl	PID_init
  75              	.LVL2:
  36:App/Src/Chassis.c ****         PID_init(&PID_chassis_TRANS_vel[3] , PID_chassis4_TRANS_vel_Kp , PID_chassis4_TRANS_vel_Ki 
  76              		.loc 1 36 9 view .LVU9
  77 0050 B0EE4A2A 		vmov.f32	s4, s20
  78 0054 F0EE691A 		vmov.f32	s3, s19
  79 0058 B7EE001A 		vmov.f32	s2, #1.0e+0
  80 005c F6EE040A 		vmov.f32	s1, #6.25e-1
  81 0060 B2EE000A 		vmov.f32	s0, #8.0e+0
  82 0064 04F16800 		add	r0, r4, #104
  83 0068 FFF7FEFF 		bl	PID_init
ARM GAS  C:\Users\cyz19\AppData\Local\Temp\ccGCDrRI.s 			page 4


  84              	.LVL3:
  37:App/Src/Chassis.c ****         PID_init(&PID_chassis_TRANS_pos[0] , PID_chassis1_TRANS_pos_Kp , PID_chassis1_TRANS_pos_Ki 
  85              		.loc 1 37 9 view .LVU10
  86 006c B0EE4A2A 		vmov.f32	s4, s20
  87 0070 F0EE691A 		vmov.f32	s3, s19
  88 0074 B7EE001A 		vmov.f32	s2, #1.0e+0
  89 0078 F6EE040A 		vmov.f32	s1, #6.25e-1
  90 007c B2EE000A 		vmov.f32	s0, #8.0e+0
  91 0080 04F19C00 		add	r0, r4, #156
  92 0084 FFF7FEFF 		bl	PID_init
  93              	.LVL4:
  38:App/Src/Chassis.c ****         PID_init(&PID_chassis_TRANS_pos[1] , PID_chassis2_TRANS_pos_Kp , PID_chassis2_TRANS_pos_Ki 
  94              		.loc 1 38 9 view .LVU11
  95 0088 9FEDBC9A 		vldr.32	s18, .L6+16
  96 008c DFEDBC8A 		vldr.32	s17, .L6+20
  97 0090 DFEDBCAA 		vldr.32	s21, .L6+24
  98 0094 9FEDBC8A 		vldr.32	s16, .L6+28
  99 0098 BC4C     		ldr	r4, .L6+32
 100 009a B0EE492A 		vmov.f32	s4, s18
 101 009e F0EE681A 		vmov.f32	s3, s17
 102 00a2 B0EE6A1A 		vmov.f32	s2, s21
 103 00a6 F6EE000A 		vmov.f32	s1, #5.0e-1
 104 00aa B0EE480A 		vmov.f32	s0, s16
 105 00ae 2046     		mov	r0, r4
 106 00b0 FFF7FEFF 		bl	PID_init
 107              	.LVL5:
  39:App/Src/Chassis.c ****         PID_init(&PID_chassis_TRANS_pos[2] , PID_chassis3_TRANS_pos_Kp , PID_chassis3_TRANS_pos_Ki 
 108              		.loc 1 39 9 view .LVU12
 109 00b4 B0EE492A 		vmov.f32	s4, s18
 110 00b8 F0EE681A 		vmov.f32	s3, s17
 111 00bc B0EE6A1A 		vmov.f32	s2, s21
 112 00c0 F6EE000A 		vmov.f32	s1, #5.0e-1
 113 00c4 B0EE480A 		vmov.f32	s0, s16
 114 00c8 04F13400 		add	r0, r4, #52
 115 00cc FFF7FEFF 		bl	PID_init
 116              	.LVL6:
  40:App/Src/Chassis.c ****         PID_init(&PID_chassis_TRANS_pos[3] , PID_chassis4_TRANS_pos_Kp , PID_chassis4_TRANS_pos_Ki 
 117              		.loc 1 40 9 view .LVU13
 118 00d0 B0EE492A 		vmov.f32	s4, s18
 119 00d4 F0EE681A 		vmov.f32	s3, s17
 120 00d8 B0EE6A1A 		vmov.f32	s2, s21
 121 00dc F6EE000A 		vmov.f32	s1, #5.0e-1
 122 00e0 B0EE480A 		vmov.f32	s0, s16
 123 00e4 04F16800 		add	r0, r4, #104
 124 00e8 FFF7FEFF 		bl	PID_init
 125              	.LVL7:
  41:App/Src/Chassis.c **** 
 126              		.loc 1 41 9 view .LVU14
 127 00ec B0EE492A 		vmov.f32	s4, s18
 128 00f0 F0EE681A 		vmov.f32	s3, s17
 129 00f4 B0EE6A1A 		vmov.f32	s2, s21
 130 00f8 F6EE000A 		vmov.f32	s1, #5.0e-1
 131 00fc B0EE480A 		vmov.f32	s0, s16
 132 0100 04F19C00 		add	r0, r4, #156
 133 0104 FFF7FEFF 		bl	PID_init
 134              	.LVL8:
  43:App/Src/Chassis.c ****         PID_init(&PID_chassis_STAY_pos[1] , PID_chassis2_STAY_pos_Kp , PID_chassis2_STAY_pos_Ki , P
ARM GAS  C:\Users\cyz19\AppData\Local\Temp\ccGCDrRI.s 			page 5


 135              		.loc 1 43 9 view .LVU15
 136 0108 9FEDA18A 		vldr.32	s16, .L6+36
 137 010c DFEDA1AA 		vldr.32	s21, .L6+40
 138 0110 A14C     		ldr	r4, .L6+44
 139 0112 B0EE492A 		vmov.f32	s4, s18
 140 0116 F0EE691A 		vmov.f32	s3, s19
 141 011a B0EE481A 		vmov.f32	s2, s16
 142 011e F0EE480A 		vmov.f32	s1, s16
 143 0122 B0EE6A0A 		vmov.f32	s0, s21
 144 0126 2046     		mov	r0, r4
 145 0128 FFF7FEFF 		bl	PID_init
 146              	.LVL9:
  44:App/Src/Chassis.c ****         PID_init(&PID_chassis_STAY_pos[2] , PID_chassis3_STAY_pos_Kp , PID_chassis3_STAY_pos_Ki , P
 147              		.loc 1 44 9 view .LVU16
 148 012c B0EE492A 		vmov.f32	s4, s18
 149 0130 F0EE691A 		vmov.f32	s3, s19
 150 0134 B0EE481A 		vmov.f32	s2, s16
 151 0138 F0EE480A 		vmov.f32	s1, s16
 152 013c B0EE6A0A 		vmov.f32	s0, s21
 153 0140 04F13400 		add	r0, r4, #52
 154 0144 FFF7FEFF 		bl	PID_init
 155              	.LVL10:
  45:App/Src/Chassis.c ****         PID_init(&PID_chassis_STAY_pos[3] , PID_chassis4_STAY_pos_Kp , PID_chassis4_STAY_pos_Ki , P
 156              		.loc 1 45 9 view .LVU17
 157 0148 B0EE492A 		vmov.f32	s4, s18
 158 014c F0EE691A 		vmov.f32	s3, s19
 159 0150 B0EE481A 		vmov.f32	s2, s16
 160 0154 F0EE480A 		vmov.f32	s1, s16
 161 0158 B0EE6A0A 		vmov.f32	s0, s21
 162 015c 04F16800 		add	r0, r4, #104
 163 0160 FFF7FEFF 		bl	PID_init
 164              	.LVL11:
  46:App/Src/Chassis.c **** 
 165              		.loc 1 46 9 view .LVU18
 166 0164 B0EE492A 		vmov.f32	s4, s18
 167 0168 F0EE691A 		vmov.f32	s3, s19
 168 016c B0EE481A 		vmov.f32	s2, s16
 169 0170 F0EE480A 		vmov.f32	s1, s16
 170 0174 B0EE6A0A 		vmov.f32	s0, s21
 171 0178 04F19C00 		add	r0, r4, #156
 172 017c FFF7FEFF 		bl	PID_init
 173              	.LVL12:
  48:App/Src/Chassis.c ****         PID_init(&PID_chassis_MOVE_vel[1] , PID_chassis2_MOVE_vel_Kp , PID_chassis2_MOVE_vel_Ki , P
 174              		.loc 1 48 9 view .LVU19
 175 0180 864C     		ldr	r4, .L6+48
 176 0182 B0EE4A2A 		vmov.f32	s4, s20
 177 0186 F0EE691A 		vmov.f32	s3, s19
 178 018a B7EE001A 		vmov.f32	s2, #1.0e+0
 179 018e F6EE040A 		vmov.f32	s1, #6.25e-1
 180 0192 B2EE000A 		vmov.f32	s0, #8.0e+0
 181 0196 2046     		mov	r0, r4
 182 0198 FFF7FEFF 		bl	PID_init
 183              	.LVL13:
  49:App/Src/Chassis.c ****         PID_init(&PID_chassis_MOVE_vel[2] , PID_chassis3_MOVE_vel_Kp , PID_chassis3_MOVE_vel_Ki , P
 184              		.loc 1 49 9 view .LVU20
 185 019c B0EE4A2A 		vmov.f32	s4, s20
 186 01a0 F0EE691A 		vmov.f32	s3, s19
ARM GAS  C:\Users\cyz19\AppData\Local\Temp\ccGCDrRI.s 			page 6


 187 01a4 B7EE001A 		vmov.f32	s2, #1.0e+0
 188 01a8 F6EE040A 		vmov.f32	s1, #6.25e-1
 189 01ac B2EE000A 		vmov.f32	s0, #8.0e+0
 190 01b0 04F13400 		add	r0, r4, #52
 191 01b4 FFF7FEFF 		bl	PID_init
 192              	.LVL14:
  50:App/Src/Chassis.c ****         PID_init(&PID_chassis_MOVE_vel[3] , PID_chassis4_MOVE_vel_Kp , PID_chassis4_MOVE_vel_Ki , P
 193              		.loc 1 50 9 view .LVU21
 194 01b8 B0EE4A2A 		vmov.f32	s4, s20
 195 01bc F0EE691A 		vmov.f32	s3, s19
 196 01c0 B7EE001A 		vmov.f32	s2, #1.0e+0
 197 01c4 F6EE040A 		vmov.f32	s1, #6.25e-1
 198 01c8 B2EE000A 		vmov.f32	s0, #8.0e+0
 199 01cc 04F16800 		add	r0, r4, #104
 200 01d0 FFF7FEFF 		bl	PID_init
 201              	.LVL15:
  51:App/Src/Chassis.c ****         PID_init(&PID_chassis_MOVE_pos[0] , PID_chassis1_MOVE_pos_Kp , PID_chassis1_MOVE_pos_Ki , P
 202              		.loc 1 51 9 view .LVU22
 203 01d4 B0EE4A2A 		vmov.f32	s4, s20
 204 01d8 F0EE691A 		vmov.f32	s3, s19
 205 01dc B7EE001A 		vmov.f32	s2, #1.0e+0
 206 01e0 F6EE040A 		vmov.f32	s1, #6.25e-1
 207 01e4 B2EE000A 		vmov.f32	s0, #8.0e+0
 208 01e8 04F19C00 		add	r0, r4, #156
 209 01ec FFF7FEFF 		bl	PID_init
 210              	.LVL16:
  52:App/Src/Chassis.c ****         PID_init(&PID_chassis_MOVE_pos[1] , PID_chassis2_MOVE_pos_Kp , PID_chassis2_MOVE_pos_Ki , P
 211              		.loc 1 52 9 view .LVU23
 212 01f0 DFED6BAA 		vldr.32	s21, .L6+52
 213 01f4 6B4C     		ldr	r4, .L6+56
 214 01f6 B0EE492A 		vmov.f32	s4, s18
 215 01fa F0EE681A 		vmov.f32	s3, s17
 216 01fe B0EE481A 		vmov.f32	s2, s16
 217 0202 F0EE480A 		vmov.f32	s1, s16
 218 0206 B0EE6A0A 		vmov.f32	s0, s21
 219 020a 2046     		mov	r0, r4
 220 020c FFF7FEFF 		bl	PID_init
 221              	.LVL17:
  53:App/Src/Chassis.c ****         PID_init(&PID_chassis_MOVE_pos[2] , PID_chassis3_MOVE_pos_Kp , PID_chassis3_MOVE_pos_Ki , P
 222              		.loc 1 53 9 view .LVU24
 223 0210 B0EE492A 		vmov.f32	s4, s18
 224 0214 F0EE681A 		vmov.f32	s3, s17
 225 0218 B0EE481A 		vmov.f32	s2, s16
 226 021c F0EE480A 		vmov.f32	s1, s16
 227 0220 B0EE6A0A 		vmov.f32	s0, s21
 228 0224 04F13400 		add	r0, r4, #52
 229 0228 FFF7FEFF 		bl	PID_init
 230              	.LVL18:
  54:App/Src/Chassis.c ****         PID_init(&PID_chassis_MOVE_pos[3] , PID_chassis4_MOVE_pos_Kp , PID_chassis4_MOVE_pos_Ki , P
 231              		.loc 1 54 9 view .LVU25
 232 022c B0EE492A 		vmov.f32	s4, s18
 233 0230 F0EE681A 		vmov.f32	s3, s17
 234 0234 B0EE481A 		vmov.f32	s2, s16
 235 0238 F0EE480A 		vmov.f32	s1, s16
 236 023c B0EE6A0A 		vmov.f32	s0, s21
 237 0240 04F16800 		add	r0, r4, #104
 238 0244 FFF7FEFF 		bl	PID_init
ARM GAS  C:\Users\cyz19\AppData\Local\Temp\ccGCDrRI.s 			page 7


 239              	.LVL19:
  55:App/Src/Chassis.c **** 
 240              		.loc 1 55 9 view .LVU26
 241 0248 B0EE492A 		vmov.f32	s4, s18
 242 024c F0EE681A 		vmov.f32	s3, s17
 243 0250 B0EE481A 		vmov.f32	s2, s16
 244 0254 F0EE480A 		vmov.f32	s1, s16
 245 0258 B0EE6A0A 		vmov.f32	s0, s21
 246 025c 04F19C00 		add	r0, r4, #156
 247 0260 FFF7FEFF 		bl	PID_init
 248              	.LVL20:
  57:App/Src/Chassis.c ****         PID_init(&PID_chassis_RESET_vel[1] , PID_chassis2_RESET_vel_Kp , PID_chassis2_RESET_vel_Ki 
 249              		.loc 1 57 9 view .LVU27
 250 0264 504C     		ldr	r4, .L6+60
 251 0266 B0EE4A2A 		vmov.f32	s4, s20
 252 026a F0EE691A 		vmov.f32	s3, s19
 253 026e B7EE001A 		vmov.f32	s2, #1.0e+0
 254 0272 F6EE040A 		vmov.f32	s1, #6.25e-1
 255 0276 B2EE000A 		vmov.f32	s0, #8.0e+0
 256 027a 2046     		mov	r0, r4
 257 027c FFF7FEFF 		bl	PID_init
 258              	.LVL21:
  58:App/Src/Chassis.c ****         PID_init(&PID_chassis_RESET_vel[2] , PID_chassis3_RESET_vel_Kp , PID_chassis3_RESET_vel_Ki 
 259              		.loc 1 58 9 view .LVU28
 260 0280 B0EE4A2A 		vmov.f32	s4, s20
 261 0284 F0EE691A 		vmov.f32	s3, s19
 262 0288 B7EE001A 		vmov.f32	s2, #1.0e+0
 263 028c F6EE040A 		vmov.f32	s1, #6.25e-1
 264 0290 B2EE000A 		vmov.f32	s0, #8.0e+0
 265 0294 04F13400 		add	r0, r4, #52
 266 0298 FFF7FEFF 		bl	PID_init
 267              	.LVL22:
  59:App/Src/Chassis.c ****         PID_init(&PID_chassis_RESET_vel[3] , PID_chassis4_RESET_vel_Kp , PID_chassis4_RESET_vel_Ki 
 268              		.loc 1 59 9 view .LVU29
 269 029c B0EE4A2A 		vmov.f32	s4, s20
 270 02a0 F0EE691A 		vmov.f32	s3, s19
 271 02a4 B7EE001A 		vmov.f32	s2, #1.0e+0
 272 02a8 F6EE040A 		vmov.f32	s1, #6.25e-1
 273 02ac B2EE000A 		vmov.f32	s0, #8.0e+0
 274 02b0 04F16800 		add	r0, r4, #104
 275 02b4 FFF7FEFF 		bl	PID_init
 276              	.LVL23:
  60:App/Src/Chassis.c ****         PID_init(&PID_chassis_RESET_pos[0] , PID_chassis1_RESET_pos_Kp , PID_chassis1_RESET_pos_Ki 
 277              		.loc 1 60 9 view .LVU30
 278 02b8 B0EE4A2A 		vmov.f32	s4, s20
 279 02bc F0EE691A 		vmov.f32	s3, s19
 280 02c0 B7EE001A 		vmov.f32	s2, #1.0e+0
 281 02c4 F6EE040A 		vmov.f32	s1, #6.25e-1
 282 02c8 B2EE000A 		vmov.f32	s0, #8.0e+0
 283 02cc 04F19C00 		add	r0, r4, #156
 284 02d0 FFF7FEFF 		bl	PID_init
 285              	.LVL24:
  61:App/Src/Chassis.c ****         PID_init(&PID_chassis_RESET_pos[1] , PID_chassis2_RESET_pos_Kp , PID_chassis2_RESET_pos_Ki 
 286              		.loc 1 61 9 view .LVU31
 287 02d4 354C     		ldr	r4, .L6+64
 288 02d6 B0EE492A 		vmov.f32	s4, s18
 289 02da F0EE681A 		vmov.f32	s3, s17
ARM GAS  C:\Users\cyz19\AppData\Local\Temp\ccGCDrRI.s 			page 8


 290 02de B0EE481A 		vmov.f32	s2, s16
 291 02e2 F0EE480A 		vmov.f32	s1, s16
 292 02e6 B0EE680A 		vmov.f32	s0, s17
 293 02ea 2046     		mov	r0, r4
 294 02ec FFF7FEFF 		bl	PID_init
 295              	.LVL25:
  62:App/Src/Chassis.c ****         PID_init(&PID_chassis_RESET_pos[2] , PID_chassis3_RESET_pos_Kp , PID_chassis3_RESET_pos_Ki 
 296              		.loc 1 62 9 view .LVU32
 297 02f0 B0EE492A 		vmov.f32	s4, s18
 298 02f4 F0EE681A 		vmov.f32	s3, s17
 299 02f8 B0EE481A 		vmov.f32	s2, s16
 300 02fc F0EE480A 		vmov.f32	s1, s16
 301 0300 B0EE680A 		vmov.f32	s0, s17
 302 0304 04F13400 		add	r0, r4, #52
 303 0308 FFF7FEFF 		bl	PID_init
 304              	.LVL26:
  63:App/Src/Chassis.c ****         PID_init(&PID_chassis_RESET_pos[3] , PID_chassis4_RESET_pos_Kp , PID_chassis4_RESET_pos_Ki 
 305              		.loc 1 63 9 view .LVU33
 306 030c B0EE492A 		vmov.f32	s4, s18
 307 0310 F0EE681A 		vmov.f32	s3, s17
 308 0314 B0EE481A 		vmov.f32	s2, s16
 309 0318 F0EE480A 		vmov.f32	s1, s16
 310 031c B0EE680A 		vmov.f32	s0, s17
 311 0320 04F16800 		add	r0, r4, #104
 312 0324 FFF7FEFF 		bl	PID_init
 313              	.LVL27:
  64:App/Src/Chassis.c **** 
 314              		.loc 1 64 9 view .LVU34
 315 0328 B0EE492A 		vmov.f32	s4, s18
 316 032c F0EE681A 		vmov.f32	s3, s17
 317 0330 B0EE481A 		vmov.f32	s2, s16
 318 0334 F0EE480A 		vmov.f32	s1, s16
 319 0338 B0EE680A 		vmov.f32	s0, s17
 320 033c 04F19C00 		add	r0, r4, #156
 321 0340 FFF7FEFF 		bl	PID_init
 322              	.LVL28:
  67:App/Src/Chassis.c ****         switch (chassis_step)
 323              		.loc 1 67 9 view .LVU35
 324 0344 0220     		movs	r0, #2
 325 0346 FFF7FEFF 		bl	osDelay
 326              	.LVL29:
  68:App/Src/Chassis.c ****         {
 327              		.loc 1 68 9 view .LVU36
 328 034a 084B     		ldr	r3, .L6
 329 034c 1B78     		ldrb	r3, [r3]	@ zero_extendqisi2
 330 034e 652B     		cmp	r3, #101
 331 0350 7FF45BAE 		bne	.L2
  72:App/Src/Chassis.c ****                 {
 332              		.loc 1 72 17 view .LVU37
  72:App/Src/Chassis.c ****                 {
 333              		.loc 1 72 77 is_stmt 0 view .LVU38
 334 0354 164B     		ldr	r3, .L6+68
 335 0356 93F84830 		ldrb	r3, [r3, #72]	@ zero_extendqisi2
  72:App/Src/Chassis.c ****                 {
 336              		.loc 1 72 19 view .LVU39
 337 035a 13F0040F 		tst	r3, #4
 338 035e 7FF451AE 		bne	.L3
ARM GAS  C:\Users\cyz19\AppData\Local\Temp\ccGCDrRI.s 			page 9


  74:App/Src/Chassis.c ****                 }
 339              		.loc 1 74 21 is_stmt 1 view .LVU40
  74:App/Src/Chassis.c ****                 }
 340              		.loc 1 74 34 is_stmt 0 view .LVU41
 341 0362 024B     		ldr	r3, .L6
 342 0364 6522     		movs	r2, #101
 343 0366 1A70     		strb	r2, [r3]
 344 0368 4FE6     		b	.L2
 345              	.L7:
 346 036a 00BF     		.align	2
 347              	.L6:
 348 036c 00000000 		.word	.LANCHOR7
 349 0370 00D00446 		.word	1174720512
 350 0374 00007A44 		.word	1148846080
 351 0378 00000000 		.word	.LANCHOR0
 352 037c 00409C45 		.word	1167867904
 353 0380 00001643 		.word	1125515264
 354 0384 00002A42 		.word	1110048768
 355 0388 00009642 		.word	1117126656
 356 038c 00000000 		.word	.LANCHOR1
 357 0390 00000000 		.word	0
 358 0394 CDCC4C3E 		.word	1045220557
 359 0398 00000000 		.word	.LANCHOR2
 360 039c 00000000 		.word	.LANCHOR3
 361 03a0 0000F042 		.word	1123024896
 362 03a4 00000000 		.word	.LANCHOR4
 363 03a8 00000000 		.word	.LANCHOR5
 364 03ac 00000000 		.word	.LANCHOR6
 365 03b0 00000000 		.word	data_referee
 366              		.cfi_endproc
 367              	.LFE138:
 369              		.global	chassis_yaw_pos
 370              		.global	TRANS_y_speed
 371              		.global	TRANS_x_speed
 372              		.global	PID_chassis_RESET_vel
 373              		.global	PID_chassis_RESET_pos
 374              		.global	PID_chassis_MOVE_pos
 375              		.global	PID_chassis_MOVE_vel
 376              		.global	PID_chassis_STAY_pos
 377              		.global	PID_chassis_TRANS_pos
 378              		.global	PID_chassis_TRANS_vel
 379              		.global	chassis_step
 380              		.section	.bss.PID_chassis_MOVE_pos,"aw",%nobits
 381              		.align	2
 382              		.set	.LANCHOR4,. + 0
 385              	PID_chassis_MOVE_pos:
 386 0000 00000000 		.space	208
 386      00000000 
 386      00000000 
 386      00000000 
 386      00000000 
 387              		.section	.bss.PID_chassis_MOVE_vel,"aw",%nobits
 388              		.align	2
 389              		.set	.LANCHOR3,. + 0
 392              	PID_chassis_MOVE_vel:
 393 0000 00000000 		.space	208
 393      00000000 
ARM GAS  C:\Users\cyz19\AppData\Local\Temp\ccGCDrRI.s 			page 10


 393      00000000 
 393      00000000 
 393      00000000 
 394              		.section	.bss.PID_chassis_RESET_pos,"aw",%nobits
 395              		.align	2
 396              		.set	.LANCHOR6,. + 0
 399              	PID_chassis_RESET_pos:
 400 0000 00000000 		.space	208
 400      00000000 
 400      00000000 
 400      00000000 
 400      00000000 
 401              		.section	.bss.PID_chassis_RESET_vel,"aw",%nobits
 402              		.align	2
 403              		.set	.LANCHOR5,. + 0
 406              	PID_chassis_RESET_vel:
 407 0000 00000000 		.space	208
 407      00000000 
 407      00000000 
 407      00000000 
 407      00000000 
 408              		.section	.bss.PID_chassis_STAY_pos,"aw",%nobits
 409              		.align	2
 410              		.set	.LANCHOR2,. + 0
 413              	PID_chassis_STAY_pos:
 414 0000 00000000 		.space	208
 414      00000000 
 414      00000000 
 414      00000000 
 414      00000000 
 415              		.section	.bss.PID_chassis_TRANS_pos,"aw",%nobits
 416              		.align	2
 417              		.set	.LANCHOR1,. + 0
 420              	PID_chassis_TRANS_pos:
 421 0000 00000000 		.space	208
 421      00000000 
 421      00000000 
 421      00000000 
 421      00000000 
 422              		.section	.bss.PID_chassis_TRANS_vel,"aw",%nobits
 423              		.align	2
 424              		.set	.LANCHOR0,. + 0
 427              	PID_chassis_TRANS_vel:
 428 0000 00000000 		.space	208
 428      00000000 
 428      00000000 
 428      00000000 
 428      00000000 
 429              		.section	.bss.TRANS_x_speed,"aw",%nobits
 430              		.align	1
 433              	TRANS_x_speed:
 434 0000 0000     		.space	2
 435              		.section	.bss.TRANS_y_speed,"aw",%nobits
 436              		.align	1
 439              	TRANS_y_speed:
 440 0000 0000     		.space	2
 441              		.section	.bss.chassis_yaw_pos,"aw",%nobits
ARM GAS  C:\Users\cyz19\AppData\Local\Temp\ccGCDrRI.s 			page 11


 442              		.align	2
 445              	chassis_yaw_pos:
 446 0000 00000000 		.space	4
 447              		.section	.data.chassis_step,"aw"
 448              		.set	.LANCHOR7,. + 0
 451              	chassis_step:
 452 0000 65       		.byte	101
 453              		.text
 454              	.Letext0:
 455              		.file 2 "c:\\program files (x86)\\gnu arm embedded toolchain\\10 2021.10\\arm-none-eabi\\include\\
 456              		.file 3 "c:\\program files (x86)\\gnu arm embedded toolchain\\10 2021.10\\arm-none-eabi\\include\\
 457              		.file 4 "Library/Inc/PID.h"
 458              		.file 5 "Library/Inc/referee.h"
 459              		.file 6 "App/Inc/Chassis.h"
 460              		.file 7 "Middlewares/Third_Party/FreeRTOS/Source/CMSIS_RTOS/cmsis_os.h"
ARM GAS  C:\Users\cyz19\AppData\Local\Temp\ccGCDrRI.s 			page 12


DEFINED SYMBOLS
                            *ABS*:00000000 Chassis.c
C:\Users\cyz19\AppData\Local\Temp\ccGCDrRI.s:20     .text.Chassis_Task:00000000 $t
C:\Users\cyz19\AppData\Local\Temp\ccGCDrRI.s:26     .text.Chassis_Task:00000000 Chassis_Task
C:\Users\cyz19\AppData\Local\Temp\ccGCDrRI.s:348    .text.Chassis_Task:0000036c $d
C:\Users\cyz19\AppData\Local\Temp\ccGCDrRI.s:445    .bss.chassis_yaw_pos:00000000 chassis_yaw_pos
C:\Users\cyz19\AppData\Local\Temp\ccGCDrRI.s:439    .bss.TRANS_y_speed:00000000 TRANS_y_speed
C:\Users\cyz19\AppData\Local\Temp\ccGCDrRI.s:433    .bss.TRANS_x_speed:00000000 TRANS_x_speed
C:\Users\cyz19\AppData\Local\Temp\ccGCDrRI.s:406    .bss.PID_chassis_RESET_vel:00000000 PID_chassis_RESET_vel
C:\Users\cyz19\AppData\Local\Temp\ccGCDrRI.s:399    .bss.PID_chassis_RESET_pos:00000000 PID_chassis_RESET_pos
C:\Users\cyz19\AppData\Local\Temp\ccGCDrRI.s:385    .bss.PID_chassis_MOVE_pos:00000000 PID_chassis_MOVE_pos
C:\Users\cyz19\AppData\Local\Temp\ccGCDrRI.s:392    .bss.PID_chassis_MOVE_vel:00000000 PID_chassis_MOVE_vel
C:\Users\cyz19\AppData\Local\Temp\ccGCDrRI.s:413    .bss.PID_chassis_STAY_pos:00000000 PID_chassis_STAY_pos
C:\Users\cyz19\AppData\Local\Temp\ccGCDrRI.s:420    .bss.PID_chassis_TRANS_pos:00000000 PID_chassis_TRANS_pos
C:\Users\cyz19\AppData\Local\Temp\ccGCDrRI.s:427    .bss.PID_chassis_TRANS_vel:00000000 PID_chassis_TRANS_vel
C:\Users\cyz19\AppData\Local\Temp\ccGCDrRI.s:451    .data.chassis_step:00000000 chassis_step
C:\Users\cyz19\AppData\Local\Temp\ccGCDrRI.s:381    .bss.PID_chassis_MOVE_pos:00000000 $d
C:\Users\cyz19\AppData\Local\Temp\ccGCDrRI.s:388    .bss.PID_chassis_MOVE_vel:00000000 $d
C:\Users\cyz19\AppData\Local\Temp\ccGCDrRI.s:395    .bss.PID_chassis_RESET_pos:00000000 $d
C:\Users\cyz19\AppData\Local\Temp\ccGCDrRI.s:402    .bss.PID_chassis_RESET_vel:00000000 $d
C:\Users\cyz19\AppData\Local\Temp\ccGCDrRI.s:409    .bss.PID_chassis_STAY_pos:00000000 $d
C:\Users\cyz19\AppData\Local\Temp\ccGCDrRI.s:416    .bss.PID_chassis_TRANS_pos:00000000 $d
C:\Users\cyz19\AppData\Local\Temp\ccGCDrRI.s:423    .bss.PID_chassis_TRANS_vel:00000000 $d
C:\Users\cyz19\AppData\Local\Temp\ccGCDrRI.s:430    .bss.TRANS_x_speed:00000000 $d
C:\Users\cyz19\AppData\Local\Temp\ccGCDrRI.s:436    .bss.TRANS_y_speed:00000000 $d
C:\Users\cyz19\AppData\Local\Temp\ccGCDrRI.s:442    .bss.chassis_yaw_pos:00000000 $d

UNDEFINED SYMBOLS
osDelay
PID_init
data_referee
