ARM GAS  C:\Users\cyz19\AppData\Local\Temp\ccot1Q8T.s 			page 1


   1              		.cpu cortex-m4
   2              		.arch armv7e-m
   3              		.fpu fpv4-sp-d16
   4              		.eabi_attribute 27, 1
   5              		.eabi_attribute 28, 1
   6              		.eabi_attribute 20, 1
   7              		.eabi_attribute 21, 1
   8              		.eabi_attribute 23, 3
   9              		.eabi_attribute 24, 1
  10              		.eabi_attribute 25, 1
  11              		.eabi_attribute 26, 1
  12              		.eabi_attribute 30, 1
  13              		.eabi_attribute 34, 1
  14              		.eabi_attribute 18, 4
  15              		.file	"Data.c"
  16              		.text
  17              	.Ltext0:
  18              		.cfi_sections	.debug_frame
  19              		.section	.text.Data_Task,"ax",%progbits
  20              		.align	1
  21              		.global	Data_Task
  22              		.syntax unified
  23              		.thumb
  24              		.thumb_func
  26              	Data_Task:
  27              	.LFB138:
  28              		.file 1 "App/Src/Data.c"
   1:App/Src/Data.c **** #include "Data.h"
   2:App/Src/Data.c **** 
   3:App/Src/Data.c **** extern fifo_s_t referee_fifo;
   4:App/Src/Data.c **** extern uint8_t referee_fifo_buf[REFEREE_FIFO_BUF_LENGTH];
   5:App/Src/Data.c **** extern uint8_t usart6_buf[2][USART_RX_BUF_LENGHT];
   6:App/Src/Data.c **** extern data_referee_t data_referee;
   7:App/Src/Data.c **** extern data_c2g_gimbal_t data_c2g_gimbal;
   8:App/Src/Data.c **** extern data_motor_t data_motor;
   9:App/Src/Data.c **** extern data_rc_t data_rc;
  10:App/Src/Data.c **** 
  11:App/Src/Data.c **** extern CAN_HandleTypeDef hcan1;
  12:App/Src/Data.c **** extern CAN_HandleTypeDef hcan2;
  13:App/Src/Data.c **** extern UART_HandleTypeDef huart1;
  14:App/Src/Data.c **** extern UART_HandleTypeDef huart6;
  15:App/Src/Data.c **** 
  16:App/Src/Data.c **** extern int count;
  17:App/Src/Data.c **** 
  18:App/Src/Data.c **** void Data_Task()
  19:App/Src/Data.c **** {
  29              		.loc 1 19 1 view -0
  30              		.cfi_startproc
  31              		@ Volatile: function does not return.
  32              		@ args = 0, pretend = 0, frame = 0
  33              		@ frame_needed = 0, uses_anonymous_args = 0
  34 0000 08B5     		push	{r3, lr}
  35              	.LCFI0:
  36              		.cfi_def_cfa_offset 8
  37              		.cfi_offset 3, -8
  38              		.cfi_offset 14, -4
  20:App/Src/Data.c ****     can_filter_init();
ARM GAS  C:\Users\cyz19\AppData\Local\Temp\ccot1Q8T.s 			page 2


  39              		.loc 1 20 5 view .LVU1
  40 0002 FFF7FEFF 		bl	can_filter_init
  41              	.LVL0:
  21:App/Src/Data.c ****     fifo_s_init(&referee_fifo, referee_fifo_buf, REFEREE_FIFO_BUF_LENGTH);
  42              		.loc 1 21 5 view .LVU2
  43 0006 4FF40072 		mov	r2, #512
  44 000a 0D49     		ldr	r1, .L4
  45 000c 0D48     		ldr	r0, .L4+4
  46 000e FFF7FEFF 		bl	fifo_s_init
  47              	.LVL1:
  22:App/Src/Data.c ****     referee_Init(usart6_buf[0] , usart6_buf[1] , USART_RX_BUF_LENGHT);
  48              		.loc 1 22 5 view .LVU3
  49 0012 0D49     		ldr	r1, .L4+8
  50 0014 4FF48072 		mov	r2, #256
  51 0018 A1F58070 		sub	r0, r1, #256
  52 001c FFF7FEFF 		bl	referee_Init
  53              	.LVL2:
  23:App/Src/Data.c ****     remote_control_init();
  54              		.loc 1 23 5 view .LVU4
  55 0020 FFF7FEFF 		bl	remote_control_init
  56              	.LVL3:
  57              	.L2:
  24:App/Src/Data.c ****     while(1)
  58              		.loc 1 24 5 discriminator 1 view .LVU5
  25:App/Src/Data.c ****     {
  26:App/Src/Data.c ****         data_rc.RC_ctrl=get_remote_control_point();
  59              		.loc 1 26 9 discriminator 1 view .LVU6
  60              		.loc 1 26 25 is_stmt 0 discriminator 1 view .LVU7
  61 0024 FFF7FEFF 		bl	get_remote_control_point
  62              	.LVL4:
  63              		.loc 1 26 24 discriminator 1 view .LVU8
  64 0028 084B     		ldr	r3, .L4+12
  65 002a 1860     		str	r0, [r3]
  27:App/Src/Data.c ****         rc_read_data(&data_rc);
  66              		.loc 1 27 9 is_stmt 1 discriminator 1 view .LVU9
  67 002c 1846     		mov	r0, r3
  68 002e FFF7FEFF 		bl	rc_read_data
  69              	.LVL5:
  28:App/Src/Data.c ****         referee_unpack_fifo_data();
  70              		.loc 1 28 9 discriminator 1 view .LVU10
  71 0032 FFF7FEFF 		bl	referee_unpack_fifo_data
  72              	.LVL6:
  29:App/Src/Data.c **** 
  30:App/Src/Data.c ****         //usart_printf("%d,%d,%d\n", data_motor.Ammo2_motor_measure[0].given_current, data_motor.Am
  31:App/Src/Data.c ****         osDelay(10);
  73              		.loc 1 31 9 discriminator 1 view .LVU11
  74 0036 0A20     		movs	r0, #10
  75 0038 FFF7FEFF 		bl	osDelay
  76              	.LVL7:
  24:App/Src/Data.c ****     {
  77              		.loc 1 24 10 discriminator 1 view .LVU12
  78 003c F2E7     		b	.L2
  79              	.L5:
  80 003e 00BF     		.align	2
  81              	.L4:
  82 0040 00000000 		.word	referee_fifo_buf
  83 0044 00000000 		.word	referee_fifo
ARM GAS  C:\Users\cyz19\AppData\Local\Temp\ccot1Q8T.s 			page 3


  84 0048 00010000 		.word	usart6_buf+256
  85 004c 00000000 		.word	data_rc
  86              		.cfi_endproc
  87              	.LFE138:
  89              		.text
  90              	.Letext0:
  91              		.file 2 "c:\\program files (x86)\\gnu arm embedded toolchain\\10 2021.10\\arm-none-eabi\\include\\
  92              		.file 3 "c:\\program files (x86)\\gnu arm embedded toolchain\\10 2021.10\\arm-none-eabi\\include\\
  93              		.file 4 "Library/Inc/fifo.h"
  94              		.file 5 "Library/Inc/remote_control.h"
  95              		.file 6 "Library/Inc/CAN_receive.h"
  96              		.file 7 "Library/Inc/referee.h"
  97              		.file 8 "Middlewares/Third_Party/FreeRTOS/Source/CMSIS_RTOS/cmsis_os.h"
ARM GAS  C:\Users\cyz19\AppData\Local\Temp\ccot1Q8T.s 			page 4


DEFINED SYMBOLS
                            *ABS*:00000000 Data.c
C:\Users\cyz19\AppData\Local\Temp\ccot1Q8T.s:20     .text.Data_Task:00000000 $t
C:\Users\cyz19\AppData\Local\Temp\ccot1Q8T.s:26     .text.Data_Task:00000000 Data_Task
C:\Users\cyz19\AppData\Local\Temp\ccot1Q8T.s:82     .text.Data_Task:00000040 $d

UNDEFINED SYMBOLS
can_filter_init
fifo_s_init
referee_Init
remote_control_init
get_remote_control_point
rc_read_data
referee_unpack_fifo_data
osDelay
referee_fifo_buf
referee_fifo
usart6_buf
data_rc
