ARM GAS  C:\Users\cyz19\AppData\Local\Temp\ccSRBera.s 			page 1


   1              		.cpu cortex-m4
   2              		.arch armv7e-m
   3              		.fpu fpv4-sp-d16
   4              		.eabi_attribute 27, 1
   5              		.eabi_attribute 28, 1
   6              		.eabi_attribute 20, 1
   7              		.eabi_attribute 21, 1
   8              		.eabi_attribute 23, 3
   9              		.eabi_attribute 24, 1
  10              		.eabi_attribute 25, 1
  11              		.eabi_attribute 26, 1
  12              		.eabi_attribute 30, 1
  13              		.eabi_attribute 34, 1
  14              		.eabi_attribute 18, 4
  15              		.file	"freertos.c"
  16              		.section	.rodata.str1.4,"aMS",%progbits,1
  17              		.align	2
  18              	.LC0:
  19 0000 494E5354 		.ascii	"INSTask\000"
  19      61736B00 
  20              		.align	2
  21              	.LC2:
  22 0008 43686173 		.ascii	"ChassisTask\000"
  22      73697354 
  22      61736B00 
  23              		.align	2
  24              	.LC4:
  25 0014 44617461 		.ascii	"DataTask\000"
  25      5461736B 
  25      00
  26 001d 000000   		.align	2
  27              	.LC6:
  28 0020 53746174 		.ascii	"StatusTask\000"
  28      75735461 
  28      736B00
  29 002b 00       		.align	2
  30              	.LC8:
  31 002c 47696D62 		.ascii	"GimbalTask\000"
  31      616C5461 
  31      736B00
  32 0037 00       		.align	2
  33              	.LC10:
  34 0038 416D6D6F 		.ascii	"AmmoTask\000"
  34      5461736B 
  34      00
  35              		.text
  36              	.Ltext0:
  37              		.cfi_sections	.debug_frame
  38              		.section	.text.INS_Task,"ax",%progbits
  39              		.align	1
  40              		.weak	INS_Task
  41              		.syntax unified
  42              		.thumb
  43              		.thumb_func
  45              	INS_Task:
  46              	.LFB138:
  47              		.file 1 "Core/Src/freertos.c"
ARM GAS  C:\Users\cyz19\AppData\Local\Temp\ccSRBera.s 			page 2


   1:Core/Src/freertos.c **** /* USER CODE BEGIN Header */
   2:Core/Src/freertos.c **** /**
   3:Core/Src/freertos.c ****   ******************************************************************************
   4:Core/Src/freertos.c ****   * File Name          : freertos.c
   5:Core/Src/freertos.c ****   * Description        : Code for freertos applications
   6:Core/Src/freertos.c ****   ******************************************************************************
   7:Core/Src/freertos.c ****   * @attention
   8:Core/Src/freertos.c ****   *
   9:Core/Src/freertos.c ****   * Copyright (c) 2024 STMicroelectronics.
  10:Core/Src/freertos.c ****   * All rights reserved.
  11:Core/Src/freertos.c ****   *
  12:Core/Src/freertos.c ****   * This software is licensed under terms that can be found in the LICENSE file
  13:Core/Src/freertos.c ****   * in the root directory of this software component.
  14:Core/Src/freertos.c ****   * If no LICENSE file comes with this software, it is provided AS-IS.
  15:Core/Src/freertos.c ****   *
  16:Core/Src/freertos.c ****   ******************************************************************************
  17:Core/Src/freertos.c ****   */
  18:Core/Src/freertos.c **** /* USER CODE END Header */
  19:Core/Src/freertos.c **** 
  20:Core/Src/freertos.c **** /* Includes ------------------------------------------------------------------*/
  21:Core/Src/freertos.c **** #include "FreeRTOS.h"
  22:Core/Src/freertos.c **** #include "task.h"
  23:Core/Src/freertos.c **** #include "main.h"
  24:Core/Src/freertos.c **** #include "cmsis_os.h"
  25:Core/Src/freertos.c **** 
  26:Core/Src/freertos.c **** /* Private includes ----------------------------------------------------------*/
  27:Core/Src/freertos.c **** /* USER CODE BEGIN Includes */
  28:Core/Src/freertos.c **** 
  29:Core/Src/freertos.c **** /* USER CODE END Includes */
  30:Core/Src/freertos.c **** 
  31:Core/Src/freertos.c **** /* Private typedef -----------------------------------------------------------*/
  32:Core/Src/freertos.c **** /* USER CODE BEGIN PTD */
  33:Core/Src/freertos.c **** 
  34:Core/Src/freertos.c **** /* USER CODE END PTD */
  35:Core/Src/freertos.c **** 
  36:Core/Src/freertos.c **** /* Private define ------------------------------------------------------------*/
  37:Core/Src/freertos.c **** /* USER CODE BEGIN PD */
  38:Core/Src/freertos.c **** 
  39:Core/Src/freertos.c **** /* USER CODE END PD */
  40:Core/Src/freertos.c **** 
  41:Core/Src/freertos.c **** /* Private macro -------------------------------------------------------------*/
  42:Core/Src/freertos.c **** /* USER CODE BEGIN PM */
  43:Core/Src/freertos.c **** 
  44:Core/Src/freertos.c **** /* USER CODE END PM */
  45:Core/Src/freertos.c **** 
  46:Core/Src/freertos.c **** /* Private variables ---------------------------------------------------------*/
  47:Core/Src/freertos.c **** /* USER CODE BEGIN Variables */
  48:Core/Src/freertos.c **** 
  49:Core/Src/freertos.c **** /* USER CODE END Variables */
  50:Core/Src/freertos.c **** osThreadId INSTaskHandle;
  51:Core/Src/freertos.c **** osThreadId ChassisTaskHandle;
  52:Core/Src/freertos.c **** osThreadId DataTaskHandle;
  53:Core/Src/freertos.c **** osThreadId StatusTaskHandle;
  54:Core/Src/freertos.c **** osThreadId GimbalTaskHandle;
  55:Core/Src/freertos.c **** osThreadId AmmoTaskHandle;
  56:Core/Src/freertos.c **** 
  57:Core/Src/freertos.c **** /* Private function prototypes -----------------------------------------------*/
ARM GAS  C:\Users\cyz19\AppData\Local\Temp\ccSRBera.s 			page 3


  58:Core/Src/freertos.c **** /* USER CODE BEGIN FunctionPrototypes */
  59:Core/Src/freertos.c **** 
  60:Core/Src/freertos.c **** /* USER CODE END FunctionPrototypes */
  61:Core/Src/freertos.c **** 
  62:Core/Src/freertos.c **** void INS_Task(void const * argument);
  63:Core/Src/freertos.c **** void Chassis_Task(void const * argument);
  64:Core/Src/freertos.c **** void Data_Task(void const * argument);
  65:Core/Src/freertos.c **** void Status_Task(void const * argument);
  66:Core/Src/freertos.c **** void Gimbal_Task(void const * argument);
  67:Core/Src/freertos.c **** void Ammo_Task(void const * argument);
  68:Core/Src/freertos.c **** 
  69:Core/Src/freertos.c **** void MX_FREERTOS_Init(void); /* (MISRA C 2004 rule 8.1) */
  70:Core/Src/freertos.c **** 
  71:Core/Src/freertos.c **** /* GetIdleTaskMemory prototype (linked to static allocation support) */
  72:Core/Src/freertos.c **** void vApplicationGetIdleTaskMemory( StaticTask_t **ppxIdleTaskTCBBuffer, StackType_t **ppxIdleTaskS
  73:Core/Src/freertos.c **** 
  74:Core/Src/freertos.c **** /* GetTimerTaskMemory prototype (linked to static allocation support) */
  75:Core/Src/freertos.c **** void vApplicationGetTimerTaskMemory( StaticTask_t **ppxTimerTaskTCBBuffer, StackType_t **ppxTimerTa
  76:Core/Src/freertos.c **** 
  77:Core/Src/freertos.c **** /* USER CODE BEGIN GET_IDLE_TASK_MEMORY */
  78:Core/Src/freertos.c **** static StaticTask_t xIdleTaskTCBBuffer;
  79:Core/Src/freertos.c **** static StackType_t xIdleStack[configMINIMAL_STACK_SIZE];
  80:Core/Src/freertos.c **** 
  81:Core/Src/freertos.c **** void vApplicationGetIdleTaskMemory( StaticTask_t **ppxIdleTaskTCBBuffer, StackType_t **ppxIdleTaskS
  82:Core/Src/freertos.c **** {
  83:Core/Src/freertos.c ****   *ppxIdleTaskTCBBuffer = &xIdleTaskTCBBuffer;
  84:Core/Src/freertos.c ****   *ppxIdleTaskStackBuffer = &xIdleStack[0];
  85:Core/Src/freertos.c ****   *pulIdleTaskStackSize = configMINIMAL_STACK_SIZE;
  86:Core/Src/freertos.c ****   /* place for user code */
  87:Core/Src/freertos.c **** }
  88:Core/Src/freertos.c **** /* USER CODE END GET_IDLE_TASK_MEMORY */
  89:Core/Src/freertos.c **** 
  90:Core/Src/freertos.c **** /* USER CODE BEGIN GET_TIMER_TASK_MEMORY */
  91:Core/Src/freertos.c **** static StaticTask_t xTimerTaskTCBBuffer;
  92:Core/Src/freertos.c **** static StackType_t xTimerStack[configTIMER_TASK_STACK_DEPTH];
  93:Core/Src/freertos.c **** 
  94:Core/Src/freertos.c **** void vApplicationGetTimerTaskMemory( StaticTask_t **ppxTimerTaskTCBBuffer, StackType_t **ppxTimerTa
  95:Core/Src/freertos.c **** {
  96:Core/Src/freertos.c ****   *ppxTimerTaskTCBBuffer = &xTimerTaskTCBBuffer;
  97:Core/Src/freertos.c ****   *ppxTimerTaskStackBuffer = &xTimerStack[0];
  98:Core/Src/freertos.c ****   *pulTimerTaskStackSize = configTIMER_TASK_STACK_DEPTH;
  99:Core/Src/freertos.c ****   /* place for user code */
 100:Core/Src/freertos.c **** }
 101:Core/Src/freertos.c **** /* USER CODE END GET_TIMER_TASK_MEMORY */
 102:Core/Src/freertos.c **** 
 103:Core/Src/freertos.c **** /**
 104:Core/Src/freertos.c ****   * @brief  FreeRTOS initialization
 105:Core/Src/freertos.c ****   * @param  None
 106:Core/Src/freertos.c ****   * @retval None
 107:Core/Src/freertos.c ****   */
 108:Core/Src/freertos.c **** void MX_FREERTOS_Init(void) {
 109:Core/Src/freertos.c ****   /* USER CODE BEGIN Init */
 110:Core/Src/freertos.c **** 
 111:Core/Src/freertos.c ****   /* USER CODE END Init */
 112:Core/Src/freertos.c **** 
 113:Core/Src/freertos.c ****   /* USER CODE BEGIN RTOS_MUTEX */
 114:Core/Src/freertos.c ****   /* add mutexes, ... */
ARM GAS  C:\Users\cyz19\AppData\Local\Temp\ccSRBera.s 			page 4


 115:Core/Src/freertos.c ****   /* USER CODE END RTOS_MUTEX */
 116:Core/Src/freertos.c **** 
 117:Core/Src/freertos.c ****   /* USER CODE BEGIN RTOS_SEMAPHORES */
 118:Core/Src/freertos.c ****   /* add semaphores, ... */
 119:Core/Src/freertos.c ****   /* USER CODE END RTOS_SEMAPHORES */
 120:Core/Src/freertos.c **** 
 121:Core/Src/freertos.c ****   /* USER CODE BEGIN RTOS_TIMERS */
 122:Core/Src/freertos.c ****   /* start timers, add new ones, ... */
 123:Core/Src/freertos.c ****   /* USER CODE END RTOS_TIMERS */
 124:Core/Src/freertos.c **** 
 125:Core/Src/freertos.c ****   /* USER CODE BEGIN RTOS_QUEUES */
 126:Core/Src/freertos.c ****   /* add queues, ... */
 127:Core/Src/freertos.c ****   /* USER CODE END RTOS_QUEUES */
 128:Core/Src/freertos.c **** 
 129:Core/Src/freertos.c ****   /* Create the thread(s) */
 130:Core/Src/freertos.c ****   /* definition and creation of INSTask */
 131:Core/Src/freertos.c ****   osThreadDef(INSTask, INS_Task, osPriorityRealtime, 0, 1024);
 132:Core/Src/freertos.c ****   INSTaskHandle = osThreadCreate(osThread(INSTask), NULL);
 133:Core/Src/freertos.c **** 
 134:Core/Src/freertos.c ****   /* definition and creation of ChassisTask */
 135:Core/Src/freertos.c ****   osThreadDef(ChassisTask, Chassis_Task, osPriorityBelowNormal, 0, 512);
 136:Core/Src/freertos.c ****   ChassisTaskHandle = osThreadCreate(osThread(ChassisTask), NULL);
 137:Core/Src/freertos.c **** 
 138:Core/Src/freertos.c ****   /* definition and creation of DataTask */
 139:Core/Src/freertos.c ****   osThreadDef(DataTask, Data_Task, osPriorityHigh, 0, 512);
 140:Core/Src/freertos.c ****   DataTaskHandle = osThreadCreate(osThread(DataTask), NULL);
 141:Core/Src/freertos.c **** 
 142:Core/Src/freertos.c ****   /* definition and creation of StatusTask */
 143:Core/Src/freertos.c ****   osThreadDef(StatusTask, Status_Task, osPriorityAboveNormal, 0, 512);
 144:Core/Src/freertos.c ****   StatusTaskHandle = osThreadCreate(osThread(StatusTask), NULL);
 145:Core/Src/freertos.c **** 
 146:Core/Src/freertos.c ****   /* definition and creation of GimbalTask */
 147:Core/Src/freertos.c ****   osThreadDef(GimbalTask, Gimbal_Task, osPriorityNormal, 0, 256);
 148:Core/Src/freertos.c ****   GimbalTaskHandle = osThreadCreate(osThread(GimbalTask), NULL);
 149:Core/Src/freertos.c **** 
 150:Core/Src/freertos.c ****   /* definition and creation of AmmoTask */
 151:Core/Src/freertos.c ****   osThreadDef(AmmoTask, Ammo_Task, osPriorityLow, 0, 256);
 152:Core/Src/freertos.c ****   AmmoTaskHandle = osThreadCreate(osThread(AmmoTask), NULL);
 153:Core/Src/freertos.c **** 
 154:Core/Src/freertos.c ****   /* USER CODE BEGIN RTOS_THREADS */
 155:Core/Src/freertos.c ****   /* add threads, ... */
 156:Core/Src/freertos.c ****   /* USER CODE END RTOS_THREADS */
 157:Core/Src/freertos.c **** 
 158:Core/Src/freertos.c **** }
 159:Core/Src/freertos.c **** 
 160:Core/Src/freertos.c **** /* USER CODE BEGIN Header_INS_Task */
 161:Core/Src/freertos.c **** /**
 162:Core/Src/freertos.c ****   * @brief  Function implementing the INSTask thread.
 163:Core/Src/freertos.c ****   * @param  argument: Not used
 164:Core/Src/freertos.c ****   * @retval None
 165:Core/Src/freertos.c ****   */
 166:Core/Src/freertos.c **** /* USER CODE END Header_INS_Task */
 167:Core/Src/freertos.c **** __weak void INS_Task(void const * argument)
 168:Core/Src/freertos.c **** {
  48              		.loc 1 168 1 view -0
  49              		.cfi_startproc
  50              		@ args = 0, pretend = 0, frame = 0
ARM GAS  C:\Users\cyz19\AppData\Local\Temp\ccSRBera.s 			page 5


  51              		@ frame_needed = 0, uses_anonymous_args = 0
  52              	.LVL0:
  53              		.loc 1 168 1 is_stmt 0 view .LVU1
  54 0000 08B5     		push	{r3, lr}
  55              	.LCFI0:
  56              		.cfi_def_cfa_offset 8
  57              		.cfi_offset 3, -8
  58              		.cfi_offset 14, -4
  59              	.LVL1:
  60              	.L2:
 169:Core/Src/freertos.c ****   /* USER CODE BEGIN INS_Task */
 170:Core/Src/freertos.c ****   /* Infinite loop */
 171:Core/Src/freertos.c ****   for(;;)
  61              		.loc 1 171 3 is_stmt 1 discriminator 1 view .LVU2
 172:Core/Src/freertos.c ****   {
 173:Core/Src/freertos.c ****     osDelay(1);
  62              		.loc 1 173 5 discriminator 1 view .LVU3
  63 0002 0120     		movs	r0, #1
  64 0004 FFF7FEFF 		bl	osDelay
  65              	.LVL2:
 171:Core/Src/freertos.c ****   {
  66              		.loc 1 171 8 discriminator 1 view .LVU4
  67 0008 FBE7     		b	.L2
  68              		.cfi_endproc
  69              	.LFE138:
  71              		.section	.text.Chassis_Task,"ax",%progbits
  72              		.align	1
  73              		.weak	Chassis_Task
  74              		.syntax unified
  75              		.thumb
  76              		.thumb_func
  78              	Chassis_Task:
  79              	.LFB139:
 174:Core/Src/freertos.c ****   }
 175:Core/Src/freertos.c ****   /* USER CODE END INS_Task */
 176:Core/Src/freertos.c **** }
 177:Core/Src/freertos.c **** 
 178:Core/Src/freertos.c **** /* USER CODE BEGIN Header_Chassis_Task */
 179:Core/Src/freertos.c **** /**
 180:Core/Src/freertos.c **** * @brief Function implementing the ChassisTask thread.
 181:Core/Src/freertos.c **** * @param argument: Not used
 182:Core/Src/freertos.c **** * @retval None
 183:Core/Src/freertos.c **** */
 184:Core/Src/freertos.c **** /* USER CODE END Header_Chassis_Task */
 185:Core/Src/freertos.c **** __weak void Chassis_Task(void const * argument)
 186:Core/Src/freertos.c **** {
  80              		.loc 1 186 1 view -0
  81              		.cfi_startproc
  82              		@ args = 0, pretend = 0, frame = 0
  83              		@ frame_needed = 0, uses_anonymous_args = 0
  84              	.LVL3:
  85              		.loc 1 186 1 is_stmt 0 view .LVU6
  86 0000 08B5     		push	{r3, lr}
  87              	.LCFI1:
  88              		.cfi_def_cfa_offset 8
  89              		.cfi_offset 3, -8
  90              		.cfi_offset 14, -4
ARM GAS  C:\Users\cyz19\AppData\Local\Temp\ccSRBera.s 			page 6


  91              	.LVL4:
  92              	.L5:
 187:Core/Src/freertos.c ****   /* USER CODE BEGIN Chassis_Task */
 188:Core/Src/freertos.c ****   /* Infinite loop */
 189:Core/Src/freertos.c ****   for(;;)
  93              		.loc 1 189 3 is_stmt 1 discriminator 1 view .LVU7
 190:Core/Src/freertos.c ****   {
 191:Core/Src/freertos.c ****     osDelay(1);
  94              		.loc 1 191 5 discriminator 1 view .LVU8
  95 0002 0120     		movs	r0, #1
  96 0004 FFF7FEFF 		bl	osDelay
  97              	.LVL5:
 189:Core/Src/freertos.c ****   {
  98              		.loc 1 189 8 discriminator 1 view .LVU9
  99 0008 FBE7     		b	.L5
 100              		.cfi_endproc
 101              	.LFE139:
 103              		.section	.text.Data_Task,"ax",%progbits
 104              		.align	1
 105              		.weak	Data_Task
 106              		.syntax unified
 107              		.thumb
 108              		.thumb_func
 110              	Data_Task:
 111              	.LFB140:
 192:Core/Src/freertos.c ****   }
 193:Core/Src/freertos.c ****   /* USER CODE END Chassis_Task */
 194:Core/Src/freertos.c **** }
 195:Core/Src/freertos.c **** 
 196:Core/Src/freertos.c **** /* USER CODE BEGIN Header_Data_Task */
 197:Core/Src/freertos.c **** /**
 198:Core/Src/freertos.c **** * @brief Function implementing the DataTask thread.
 199:Core/Src/freertos.c **** * @param argument: Not used
 200:Core/Src/freertos.c **** * @retval None
 201:Core/Src/freertos.c **** */
 202:Core/Src/freertos.c **** /* USER CODE END Header_Data_Task */
 203:Core/Src/freertos.c **** __weak void Data_Task(void const * argument)
 204:Core/Src/freertos.c **** {
 112              		.loc 1 204 1 view -0
 113              		.cfi_startproc
 114              		@ args = 0, pretend = 0, frame = 0
 115              		@ frame_needed = 0, uses_anonymous_args = 0
 116              	.LVL6:
 117              		.loc 1 204 1 is_stmt 0 view .LVU11
 118 0000 08B5     		push	{r3, lr}
 119              	.LCFI2:
 120              		.cfi_def_cfa_offset 8
 121              		.cfi_offset 3, -8
 122              		.cfi_offset 14, -4
 123              	.LVL7:
 124              	.L8:
 205:Core/Src/freertos.c ****   /* USER CODE BEGIN Data_Task */
 206:Core/Src/freertos.c ****   /* Infinite loop */
 207:Core/Src/freertos.c ****   for(;;)
 125              		.loc 1 207 3 is_stmt 1 discriminator 1 view .LVU12
 208:Core/Src/freertos.c ****   {
 209:Core/Src/freertos.c ****     osDelay(1);
ARM GAS  C:\Users\cyz19\AppData\Local\Temp\ccSRBera.s 			page 7


 126              		.loc 1 209 5 discriminator 1 view .LVU13
 127 0002 0120     		movs	r0, #1
 128 0004 FFF7FEFF 		bl	osDelay
 129              	.LVL8:
 207:Core/Src/freertos.c ****   {
 130              		.loc 1 207 8 discriminator 1 view .LVU14
 131 0008 FBE7     		b	.L8
 132              		.cfi_endproc
 133              	.LFE140:
 135              		.section	.text.Status_Task,"ax",%progbits
 136              		.align	1
 137              		.weak	Status_Task
 138              		.syntax unified
 139              		.thumb
 140              		.thumb_func
 142              	Status_Task:
 143              	.LFB141:
 210:Core/Src/freertos.c ****   }
 211:Core/Src/freertos.c ****   /* USER CODE END Data_Task */
 212:Core/Src/freertos.c **** }
 213:Core/Src/freertos.c **** 
 214:Core/Src/freertos.c **** /* USER CODE BEGIN Header_Status_Task */
 215:Core/Src/freertos.c **** /**
 216:Core/Src/freertos.c **** * @brief Function implementing the StatusTask thread.
 217:Core/Src/freertos.c **** * @param argument: Not used
 218:Core/Src/freertos.c **** * @retval None
 219:Core/Src/freertos.c **** */
 220:Core/Src/freertos.c **** /* USER CODE END Header_Status_Task */
 221:Core/Src/freertos.c **** __weak void Status_Task(void const * argument)
 222:Core/Src/freertos.c **** {
 144              		.loc 1 222 1 view -0
 145              		.cfi_startproc
 146              		@ args = 0, pretend = 0, frame = 0
 147              		@ frame_needed = 0, uses_anonymous_args = 0
 148              	.LVL9:
 149              		.loc 1 222 1 is_stmt 0 view .LVU16
 150 0000 08B5     		push	{r3, lr}
 151              	.LCFI3:
 152              		.cfi_def_cfa_offset 8
 153              		.cfi_offset 3, -8
 154              		.cfi_offset 14, -4
 155              	.LVL10:
 156              	.L11:
 223:Core/Src/freertos.c ****   /* USER CODE BEGIN Status_Task */
 224:Core/Src/freertos.c ****   /* Infinite loop */
 225:Core/Src/freertos.c ****   for(;;)
 157              		.loc 1 225 3 is_stmt 1 discriminator 1 view .LVU17
 226:Core/Src/freertos.c ****   {
 227:Core/Src/freertos.c ****     osDelay(1);
 158              		.loc 1 227 5 discriminator 1 view .LVU18
 159 0002 0120     		movs	r0, #1
 160 0004 FFF7FEFF 		bl	osDelay
 161              	.LVL11:
 225:Core/Src/freertos.c ****   {
 162              		.loc 1 225 8 discriminator 1 view .LVU19
 163 0008 FBE7     		b	.L11
 164              		.cfi_endproc
ARM GAS  C:\Users\cyz19\AppData\Local\Temp\ccSRBera.s 			page 8


 165              	.LFE141:
 167              		.section	.text.Gimbal_Task,"ax",%progbits
 168              		.align	1
 169              		.weak	Gimbal_Task
 170              		.syntax unified
 171              		.thumb
 172              		.thumb_func
 174              	Gimbal_Task:
 175              	.LFB142:
 228:Core/Src/freertos.c ****   }
 229:Core/Src/freertos.c ****   /* USER CODE END Status_Task */
 230:Core/Src/freertos.c **** }
 231:Core/Src/freertos.c **** 
 232:Core/Src/freertos.c **** /* USER CODE BEGIN Header_Gimbal_Task */
 233:Core/Src/freertos.c **** /**
 234:Core/Src/freertos.c **** * @brief Function implementing the GimbalTask thread.
 235:Core/Src/freertos.c **** * @param argument: Not used
 236:Core/Src/freertos.c **** * @retval None
 237:Core/Src/freertos.c **** */
 238:Core/Src/freertos.c **** /* USER CODE END Header_Gimbal_Task */
 239:Core/Src/freertos.c **** __weak void Gimbal_Task(void const * argument)
 240:Core/Src/freertos.c **** {
 176              		.loc 1 240 1 view -0
 177              		.cfi_startproc
 178              		@ args = 0, pretend = 0, frame = 0
 179              		@ frame_needed = 0, uses_anonymous_args = 0
 180              	.LVL12:
 181              		.loc 1 240 1 is_stmt 0 view .LVU21
 182 0000 08B5     		push	{r3, lr}
 183              	.LCFI4:
 184              		.cfi_def_cfa_offset 8
 185              		.cfi_offset 3, -8
 186              		.cfi_offset 14, -4
 187              	.LVL13:
 188              	.L14:
 241:Core/Src/freertos.c ****   /* USER CODE BEGIN Gimbal_Task */
 242:Core/Src/freertos.c ****   /* Infinite loop */
 243:Core/Src/freertos.c ****   for(;;)
 189              		.loc 1 243 3 is_stmt 1 discriminator 1 view .LVU22
 244:Core/Src/freertos.c ****   {
 245:Core/Src/freertos.c ****     osDelay(1);
 190              		.loc 1 245 5 discriminator 1 view .LVU23
 191 0002 0120     		movs	r0, #1
 192 0004 FFF7FEFF 		bl	osDelay
 193              	.LVL14:
 243:Core/Src/freertos.c ****   {
 194              		.loc 1 243 8 discriminator 1 view .LVU24
 195 0008 FBE7     		b	.L14
 196              		.cfi_endproc
 197              	.LFE142:
 199              		.section	.text.Ammo_Task,"ax",%progbits
 200              		.align	1
 201              		.weak	Ammo_Task
 202              		.syntax unified
 203              		.thumb
 204              		.thumb_func
 206              	Ammo_Task:
ARM GAS  C:\Users\cyz19\AppData\Local\Temp\ccSRBera.s 			page 9


 207              	.LFB143:
 246:Core/Src/freertos.c ****   }
 247:Core/Src/freertos.c ****   /* USER CODE END Gimbal_Task */
 248:Core/Src/freertos.c **** }
 249:Core/Src/freertos.c **** 
 250:Core/Src/freertos.c **** /* USER CODE BEGIN Header_Ammo_Task */
 251:Core/Src/freertos.c **** /**
 252:Core/Src/freertos.c **** * @brief Function implementing the AmmoTask thread.
 253:Core/Src/freertos.c **** * @param argument: Not used
 254:Core/Src/freertos.c **** * @retval None
 255:Core/Src/freertos.c **** */
 256:Core/Src/freertos.c **** /* USER CODE END Header_Ammo_Task */
 257:Core/Src/freertos.c **** __weak void Ammo_Task(void const * argument)
 258:Core/Src/freertos.c **** {
 208              		.loc 1 258 1 view -0
 209              		.cfi_startproc
 210              		@ args = 0, pretend = 0, frame = 0
 211              		@ frame_needed = 0, uses_anonymous_args = 0
 212              	.LVL15:
 213              		.loc 1 258 1 is_stmt 0 view .LVU26
 214 0000 08B5     		push	{r3, lr}
 215              	.LCFI5:
 216              		.cfi_def_cfa_offset 8
 217              		.cfi_offset 3, -8
 218              		.cfi_offset 14, -4
 219              	.LVL16:
 220              	.L17:
 259:Core/Src/freertos.c ****   /* USER CODE BEGIN Ammo_Task */
 260:Core/Src/freertos.c ****   /* Infinite loop */
 261:Core/Src/freertos.c ****   for(;;)
 221              		.loc 1 261 3 is_stmt 1 discriminator 1 view .LVU27
 262:Core/Src/freertos.c ****   {
 263:Core/Src/freertos.c ****     osDelay(1);
 222              		.loc 1 263 5 discriminator 1 view .LVU28
 223 0002 0120     		movs	r0, #1
 224 0004 FFF7FEFF 		bl	osDelay
 225              	.LVL17:
 261:Core/Src/freertos.c ****   {
 226              		.loc 1 261 8 discriminator 1 view .LVU29
 227 0008 FBE7     		b	.L17
 228              		.cfi_endproc
 229              	.LFE143:
 231              		.section	.text.vApplicationGetIdleTaskMemory,"ax",%progbits
 232              		.align	1
 233              		.global	vApplicationGetIdleTaskMemory
 234              		.syntax unified
 235              		.thumb
 236              		.thumb_func
 238              	vApplicationGetIdleTaskMemory:
 239              	.LVL18:
 240              	.LFB135:
  82:Core/Src/freertos.c ****   *ppxIdleTaskTCBBuffer = &xIdleTaskTCBBuffer;
 241              		.loc 1 82 1 view -0
 242              		.cfi_startproc
 243              		@ args = 0, pretend = 0, frame = 0
 244              		@ frame_needed = 0, uses_anonymous_args = 0
 245              		@ link register save eliminated.
ARM GAS  C:\Users\cyz19\AppData\Local\Temp\ccSRBera.s 			page 10


  83:Core/Src/freertos.c ****   *ppxIdleTaskStackBuffer = &xIdleStack[0];
 246              		.loc 1 83 3 view .LVU31
  83:Core/Src/freertos.c ****   *ppxIdleTaskStackBuffer = &xIdleStack[0];
 247              		.loc 1 83 25 is_stmt 0 view .LVU32
 248 0000 034B     		ldr	r3, .L20
 249 0002 0360     		str	r3, [r0]
  84:Core/Src/freertos.c ****   *pulIdleTaskStackSize = configMINIMAL_STACK_SIZE;
 250              		.loc 1 84 3 is_stmt 1 view .LVU33
  84:Core/Src/freertos.c ****   *pulIdleTaskStackSize = configMINIMAL_STACK_SIZE;
 251              		.loc 1 84 27 is_stmt 0 view .LVU34
 252 0004 034B     		ldr	r3, .L20+4
 253 0006 0B60     		str	r3, [r1]
  85:Core/Src/freertos.c ****   /* place for user code */
 254              		.loc 1 85 3 is_stmt 1 view .LVU35
  85:Core/Src/freertos.c ****   /* place for user code */
 255              		.loc 1 85 25 is_stmt 0 view .LVU36
 256 0008 8023     		movs	r3, #128
 257 000a 1360     		str	r3, [r2]
  87:Core/Src/freertos.c **** /* USER CODE END GET_IDLE_TASK_MEMORY */
 258              		.loc 1 87 1 view .LVU37
 259 000c 7047     		bx	lr
 260              	.L21:
 261 000e 00BF     		.align	2
 262              	.L20:
 263 0010 00000000 		.word	.LANCHOR0
 264 0014 00000000 		.word	.LANCHOR1
 265              		.cfi_endproc
 266              	.LFE135:
 268              		.section	.text.vApplicationGetTimerTaskMemory,"ax",%progbits
 269              		.align	1
 270              		.global	vApplicationGetTimerTaskMemory
 271              		.syntax unified
 272              		.thumb
 273              		.thumb_func
 275              	vApplicationGetTimerTaskMemory:
 276              	.LVL19:
 277              	.LFB136:
  95:Core/Src/freertos.c ****   *ppxTimerTaskTCBBuffer = &xTimerTaskTCBBuffer;
 278              		.loc 1 95 1 is_stmt 1 view -0
 279              		.cfi_startproc
 280              		@ args = 0, pretend = 0, frame = 0
 281              		@ frame_needed = 0, uses_anonymous_args = 0
 282              		@ link register save eliminated.
  96:Core/Src/freertos.c ****   *ppxTimerTaskStackBuffer = &xTimerStack[0];
 283              		.loc 1 96 3 view .LVU39
  96:Core/Src/freertos.c ****   *ppxTimerTaskStackBuffer = &xTimerStack[0];
 284              		.loc 1 96 26 is_stmt 0 view .LVU40
 285 0000 034B     		ldr	r3, .L23
 286 0002 0360     		str	r3, [r0]
  97:Core/Src/freertos.c ****   *pulTimerTaskStackSize = configTIMER_TASK_STACK_DEPTH;
 287              		.loc 1 97 3 is_stmt 1 view .LVU41
  97:Core/Src/freertos.c ****   *pulTimerTaskStackSize = configTIMER_TASK_STACK_DEPTH;
 288              		.loc 1 97 28 is_stmt 0 view .LVU42
 289 0004 034B     		ldr	r3, .L23+4
 290 0006 0B60     		str	r3, [r1]
  98:Core/Src/freertos.c ****   /* place for user code */
 291              		.loc 1 98 3 is_stmt 1 view .LVU43
ARM GAS  C:\Users\cyz19\AppData\Local\Temp\ccSRBera.s 			page 11


  98:Core/Src/freertos.c ****   /* place for user code */
 292              		.loc 1 98 26 is_stmt 0 view .LVU44
 293 0008 4FF48073 		mov	r3, #256
 294 000c 1360     		str	r3, [r2]
 100:Core/Src/freertos.c **** /* USER CODE END GET_TIMER_TASK_MEMORY */
 295              		.loc 1 100 1 view .LVU45
 296 000e 7047     		bx	lr
 297              	.L24:
 298              		.align	2
 299              	.L23:
 300 0010 00000000 		.word	.LANCHOR2
 301 0014 00000000 		.word	.LANCHOR3
 302              		.cfi_endproc
 303              	.LFE136:
 305              		.section	.text.MX_FREERTOS_Init,"ax",%progbits
 306              		.align	1
 307              		.global	MX_FREERTOS_Init
 308              		.syntax unified
 309              		.thumb
 310              		.thumb_func
 312              	MX_FREERTOS_Init:
 313              	.LFB137:
 108:Core/Src/freertos.c ****   /* USER CODE BEGIN Init */
 314              		.loc 1 108 29 is_stmt 1 view -0
 315              		.cfi_startproc
 316              		@ args = 0, pretend = 0, frame = 168
 317              		@ frame_needed = 0, uses_anonymous_args = 0
 318 0000 10B5     		push	{r4, lr}
 319              	.LCFI6:
 320              		.cfi_def_cfa_offset 8
 321              		.cfi_offset 4, -8
 322              		.cfi_offset 14, -4
 323 0002 AAB0     		sub	sp, sp, #168
 324              	.LCFI7:
 325              		.cfi_def_cfa_offset 176
 131:Core/Src/freertos.c ****   INSTaskHandle = osThreadCreate(osThread(INSTask), NULL);
 326              		.loc 1 131 3 view .LVU47
 327 0004 364C     		ldr	r4, .L27
 328 0006 0DF18C0C 		add	ip, sp, #140
 329 000a A646     		mov	lr, r4
 330 000c BEE80F00 		ldmia	lr!, {r0, r1, r2, r3}
 331 0010 ACE80F00 		stmia	ip!, {r0, r1, r2, r3}
 332 0014 9EE80700 		ldm	lr, {r0, r1, r2}
 333 0018 8CE80700 		stm	ip, {r0, r1, r2}
 132:Core/Src/freertos.c **** 
 334              		.loc 1 132 3 view .LVU48
 132:Core/Src/freertos.c **** 
 335              		.loc 1 132 19 is_stmt 0 view .LVU49
 336 001c 0021     		movs	r1, #0
 337 001e 23A8     		add	r0, sp, #140
 338 0020 FFF7FEFF 		bl	osThreadCreate
 339              	.LVL20:
 132:Core/Src/freertos.c **** 
 340              		.loc 1 132 17 view .LVU50
 341 0024 2F4B     		ldr	r3, .L27+4
 342 0026 1860     		str	r0, [r3]
 135:Core/Src/freertos.c ****   ChassisTaskHandle = osThreadCreate(osThread(ChassisTask), NULL);
ARM GAS  C:\Users\cyz19\AppData\Local\Temp\ccSRBera.s 			page 12


 343              		.loc 1 135 3 is_stmt 1 view .LVU51
 344 0028 0DF1700C 		add	ip, sp, #112
 345 002c 04F11C0E 		add	lr, r4, #28
 346 0030 BEE80F00 		ldmia	lr!, {r0, r1, r2, r3}
 347 0034 ACE80F00 		stmia	ip!, {r0, r1, r2, r3}
 348 0038 9EE80700 		ldm	lr, {r0, r1, r2}
 349 003c 8CE80700 		stm	ip, {r0, r1, r2}
 136:Core/Src/freertos.c **** 
 350              		.loc 1 136 3 view .LVU52
 136:Core/Src/freertos.c **** 
 351              		.loc 1 136 23 is_stmt 0 view .LVU53
 352 0040 0021     		movs	r1, #0
 353 0042 1CA8     		add	r0, sp, #112
 354 0044 FFF7FEFF 		bl	osThreadCreate
 355              	.LVL21:
 136:Core/Src/freertos.c **** 
 356              		.loc 1 136 21 view .LVU54
 357 0048 274B     		ldr	r3, .L27+8
 358 004a 1860     		str	r0, [r3]
 139:Core/Src/freertos.c ****   DataTaskHandle = osThreadCreate(osThread(DataTask), NULL);
 359              		.loc 1 139 3 is_stmt 1 view .LVU55
 360 004c 0DF1540C 		add	ip, sp, #84
 361 0050 04F1380E 		add	lr, r4, #56
 362 0054 BEE80F00 		ldmia	lr!, {r0, r1, r2, r3}
 363 0058 ACE80F00 		stmia	ip!, {r0, r1, r2, r3}
 364 005c 9EE80700 		ldm	lr, {r0, r1, r2}
 365 0060 8CE80700 		stm	ip, {r0, r1, r2}
 140:Core/Src/freertos.c **** 
 366              		.loc 1 140 3 view .LVU56
 140:Core/Src/freertos.c **** 
 367              		.loc 1 140 20 is_stmt 0 view .LVU57
 368 0064 0021     		movs	r1, #0
 369 0066 15A8     		add	r0, sp, #84
 370 0068 FFF7FEFF 		bl	osThreadCreate
 371              	.LVL22:
 140:Core/Src/freertos.c **** 
 372              		.loc 1 140 18 view .LVU58
 373 006c 1F4B     		ldr	r3, .L27+12
 374 006e 1860     		str	r0, [r3]
 143:Core/Src/freertos.c ****   StatusTaskHandle = osThreadCreate(osThread(StatusTask), NULL);
 375              		.loc 1 143 3 is_stmt 1 view .LVU59
 376 0070 0DF1380C 		add	ip, sp, #56
 377 0074 04F1540E 		add	lr, r4, #84
 378 0078 BEE80F00 		ldmia	lr!, {r0, r1, r2, r3}
 379 007c ACE80F00 		stmia	ip!, {r0, r1, r2, r3}
 380 0080 9EE80700 		ldm	lr, {r0, r1, r2}
 381 0084 8CE80700 		stm	ip, {r0, r1, r2}
 144:Core/Src/freertos.c **** 
 382              		.loc 1 144 3 view .LVU60
 144:Core/Src/freertos.c **** 
 383              		.loc 1 144 22 is_stmt 0 view .LVU61
 384 0088 0021     		movs	r1, #0
 385 008a 0EA8     		add	r0, sp, #56
 386 008c FFF7FEFF 		bl	osThreadCreate
 387              	.LVL23:
 144:Core/Src/freertos.c **** 
 388              		.loc 1 144 20 view .LVU62
ARM GAS  C:\Users\cyz19\AppData\Local\Temp\ccSRBera.s 			page 13


 389 0090 174B     		ldr	r3, .L27+16
 390 0092 1860     		str	r0, [r3]
 147:Core/Src/freertos.c ****   GimbalTaskHandle = osThreadCreate(osThread(GimbalTask), NULL);
 391              		.loc 1 147 3 is_stmt 1 view .LVU63
 392 0094 0DF11C0C 		add	ip, sp, #28
 393 0098 04F1700E 		add	lr, r4, #112
 394 009c BEE80F00 		ldmia	lr!, {r0, r1, r2, r3}
 395 00a0 ACE80F00 		stmia	ip!, {r0, r1, r2, r3}
 396 00a4 9EE80700 		ldm	lr, {r0, r1, r2}
 397 00a8 8CE80700 		stm	ip, {r0, r1, r2}
 148:Core/Src/freertos.c **** 
 398              		.loc 1 148 3 view .LVU64
 148:Core/Src/freertos.c **** 
 399              		.loc 1 148 22 is_stmt 0 view .LVU65
 400 00ac 0021     		movs	r1, #0
 401 00ae 07A8     		add	r0, sp, #28
 402 00b0 FFF7FEFF 		bl	osThreadCreate
 403              	.LVL24:
 148:Core/Src/freertos.c **** 
 404              		.loc 1 148 20 view .LVU66
 405 00b4 0F4B     		ldr	r3, .L27+20
 406 00b6 1860     		str	r0, [r3]
 151:Core/Src/freertos.c ****   AmmoTaskHandle = osThreadCreate(osThread(AmmoTask), NULL);
 407              		.loc 1 151 3 is_stmt 1 view .LVU67
 408 00b8 EE46     		mov	lr, sp
 409 00ba 04F18C0C 		add	ip, r4, #140
 410 00be BCE80F00 		ldmia	ip!, {r0, r1, r2, r3}
 411 00c2 AEE80F00 		stmia	lr!, {r0, r1, r2, r3}
 412 00c6 9CE80700 		ldm	ip, {r0, r1, r2}
 413 00ca 8EE80700 		stm	lr, {r0, r1, r2}
 152:Core/Src/freertos.c **** 
 414              		.loc 1 152 3 view .LVU68
 152:Core/Src/freertos.c **** 
 415              		.loc 1 152 20 is_stmt 0 view .LVU69
 416 00ce 0021     		movs	r1, #0
 417 00d0 6846     		mov	r0, sp
 418 00d2 FFF7FEFF 		bl	osThreadCreate
 419              	.LVL25:
 152:Core/Src/freertos.c **** 
 420              		.loc 1 152 18 view .LVU70
 421 00d6 084B     		ldr	r3, .L27+24
 422 00d8 1860     		str	r0, [r3]
 158:Core/Src/freertos.c **** 
 423              		.loc 1 158 1 view .LVU71
 424 00da 2AB0     		add	sp, sp, #168
 425              	.LCFI8:
 426              		.cfi_def_cfa_offset 8
 427              		@ sp needed
 428 00dc 10BD     		pop	{r4, pc}
 429              	.L28:
 430 00de 00BF     		.align	2
 431              	.L27:
 432 00e0 00000000 		.word	.LANCHOR4
 433 00e4 00000000 		.word	.LANCHOR5
 434 00e8 00000000 		.word	.LANCHOR6
 435 00ec 00000000 		.word	.LANCHOR7
 436 00f0 00000000 		.word	.LANCHOR8
ARM GAS  C:\Users\cyz19\AppData\Local\Temp\ccSRBera.s 			page 14


 437 00f4 00000000 		.word	.LANCHOR9
 438 00f8 00000000 		.word	.LANCHOR10
 439              		.cfi_endproc
 440              	.LFE137:
 442              		.global	AmmoTaskHandle
 443              		.global	GimbalTaskHandle
 444              		.global	StatusTaskHandle
 445              		.global	DataTaskHandle
 446              		.global	ChassisTaskHandle
 447              		.global	INSTaskHandle
 448              		.section	.rodata
 449              		.align	2
 450              		.set	.LANCHOR4,. + 0
 451              	.LC12:
 452 0000 00000000 		.word	.LC0
 453 0004 00000000 		.word	INS_Task
 454 0008 0300     		.short	3
 455 000a 0000     		.space	2
 456 000c 00000000 		.word	0
 457 0010 00040000 		.word	1024
 458 0014 00000000 		.word	0
 459 0018 00000000 		.word	0
 460              	.LC13:
 461 001c 08000000 		.word	.LC2
 462 0020 00000000 		.word	Chassis_Task
 463 0024 FFFF     		.short	-1
 464 0026 0000     		.space	2
 465 0028 00000000 		.word	0
 466 002c 00020000 		.word	512
 467 0030 00000000 		.word	0
 468 0034 00000000 		.word	0
 469              	.LC14:
 470 0038 14000000 		.word	.LC4
 471 003c 00000000 		.word	Data_Task
 472 0040 0200     		.short	2
 473 0042 0000     		.space	2
 474 0044 00000000 		.word	0
 475 0048 00020000 		.word	512
 476 004c 00000000 		.word	0
 477 0050 00000000 		.word	0
 478              	.LC15:
 479 0054 20000000 		.word	.LC6
 480 0058 00000000 		.word	Status_Task
 481 005c 0100     		.short	1
 482 005e 0000     		.space	2
 483 0060 00000000 		.word	0
 484 0064 00020000 		.word	512
 485 0068 00000000 		.word	0
 486 006c 00000000 		.word	0
 487              	.LC16:
 488 0070 2C000000 		.word	.LC8
 489 0074 00000000 		.word	Gimbal_Task
 490 0078 0000     		.short	0
 491 007a 0000     		.space	2
 492 007c 00000000 		.word	0
 493 0080 00010000 		.word	256
 494 0084 00000000 		.word	0
ARM GAS  C:\Users\cyz19\AppData\Local\Temp\ccSRBera.s 			page 15


 495 0088 00000000 		.word	0
 496              	.LC17:
 497 008c 38000000 		.word	.LC10
 498 0090 00000000 		.word	Ammo_Task
 499 0094 FEFF     		.short	-2
 500 0096 0000     		.space	2
 501 0098 00000000 		.word	0
 502 009c 00010000 		.word	256
 503 00a0 00000000 		.word	0
 504 00a4 00000000 		.word	0
 505              		.section	.bss.AmmoTaskHandle,"aw",%nobits
 506              		.align	2
 507              		.set	.LANCHOR10,. + 0
 510              	AmmoTaskHandle:
 511 0000 00000000 		.space	4
 512              		.section	.bss.ChassisTaskHandle,"aw",%nobits
 513              		.align	2
 514              		.set	.LANCHOR6,. + 0
 517              	ChassisTaskHandle:
 518 0000 00000000 		.space	4
 519              		.section	.bss.DataTaskHandle,"aw",%nobits
 520              		.align	2
 521              		.set	.LANCHOR7,. + 0
 524              	DataTaskHandle:
 525 0000 00000000 		.space	4
 526              		.section	.bss.GimbalTaskHandle,"aw",%nobits
 527              		.align	2
 528              		.set	.LANCHOR9,. + 0
 531              	GimbalTaskHandle:
 532 0000 00000000 		.space	4
 533              		.section	.bss.INSTaskHandle,"aw",%nobits
 534              		.align	2
 535              		.set	.LANCHOR5,. + 0
 538              	INSTaskHandle:
 539 0000 00000000 		.space	4
 540              		.section	.bss.StatusTaskHandle,"aw",%nobits
 541              		.align	2
 542              		.set	.LANCHOR8,. + 0
 545              	StatusTaskHandle:
 546 0000 00000000 		.space	4
 547              		.section	.bss.xIdleStack,"aw",%nobits
 548              		.align	2
 549              		.set	.LANCHOR1,. + 0
 552              	xIdleStack:
 553 0000 00000000 		.space	512
 553      00000000 
 553      00000000 
 553      00000000 
 553      00000000 
 554              		.section	.bss.xIdleTaskTCBBuffer,"aw",%nobits
 555              		.align	2
 556              		.set	.LANCHOR0,. + 0
 559              	xIdleTaskTCBBuffer:
 560 0000 00000000 		.space	84
 560      00000000 
 560      00000000 
 560      00000000 
ARM GAS  C:\Users\cyz19\AppData\Local\Temp\ccSRBera.s 			page 16


 560      00000000 
 561              		.section	.bss.xTimerStack,"aw",%nobits
 562              		.align	2
 563              		.set	.LANCHOR3,. + 0
 566              	xTimerStack:
 567 0000 00000000 		.space	1024
 567      00000000 
 567      00000000 
 567      00000000 
 567      00000000 
 568              		.section	.bss.xTimerTaskTCBBuffer,"aw",%nobits
 569              		.align	2
 570              		.set	.LANCHOR2,. + 0
 573              	xTimerTaskTCBBuffer:
 574 0000 00000000 		.space	84
 574      00000000 
 574      00000000 
 574      00000000 
 574      00000000 
 575              		.text
 576              	.Letext0:
 577              		.file 2 "c:\\program files (x86)\\gnu arm embedded toolchain\\10 2021.10\\arm-none-eabi\\include\\
 578              		.file 3 "c:\\program files (x86)\\gnu arm embedded toolchain\\10 2021.10\\arm-none-eabi\\include\\
 579              		.file 4 "Middlewares/Third_Party/FreeRTOS/Source/portable/GCC/ARM_CM4F/portmacro.h"
 580              		.file 5 "Middlewares/Third_Party/FreeRTOS/Source/include/FreeRTOS.h"
 581              		.file 6 "Middlewares/Third_Party/FreeRTOS/Source/include/task.h"
 582              		.file 7 "Middlewares/Third_Party/FreeRTOS/Source/CMSIS_RTOS/cmsis_os.h"
ARM GAS  C:\Users\cyz19\AppData\Local\Temp\ccSRBera.s 			page 17


DEFINED SYMBOLS
                            *ABS*:00000000 freertos.c
C:\Users\cyz19\AppData\Local\Temp\ccSRBera.s:17     .rodata.str1.4:00000000 $d
C:\Users\cyz19\AppData\Local\Temp\ccSRBera.s:39     .text.INS_Task:00000000 $t
C:\Users\cyz19\AppData\Local\Temp\ccSRBera.s:45     .text.INS_Task:00000000 INS_Task
C:\Users\cyz19\AppData\Local\Temp\ccSRBera.s:72     .text.Chassis_Task:00000000 $t
C:\Users\cyz19\AppData\Local\Temp\ccSRBera.s:78     .text.Chassis_Task:00000000 Chassis_Task
C:\Users\cyz19\AppData\Local\Temp\ccSRBera.s:104    .text.Data_Task:00000000 $t
C:\Users\cyz19\AppData\Local\Temp\ccSRBera.s:110    .text.Data_Task:00000000 Data_Task
C:\Users\cyz19\AppData\Local\Temp\ccSRBera.s:136    .text.Status_Task:00000000 $t
C:\Users\cyz19\AppData\Local\Temp\ccSRBera.s:142    .text.Status_Task:00000000 Status_Task
C:\Users\cyz19\AppData\Local\Temp\ccSRBera.s:168    .text.Gimbal_Task:00000000 $t
C:\Users\cyz19\AppData\Local\Temp\ccSRBera.s:174    .text.Gimbal_Task:00000000 Gimbal_Task
C:\Users\cyz19\AppData\Local\Temp\ccSRBera.s:200    .text.Ammo_Task:00000000 $t
C:\Users\cyz19\AppData\Local\Temp\ccSRBera.s:206    .text.Ammo_Task:00000000 Ammo_Task
C:\Users\cyz19\AppData\Local\Temp\ccSRBera.s:232    .text.vApplicationGetIdleTaskMemory:00000000 $t
C:\Users\cyz19\AppData\Local\Temp\ccSRBera.s:238    .text.vApplicationGetIdleTaskMemory:00000000 vApplicationGetIdleTaskMemory
C:\Users\cyz19\AppData\Local\Temp\ccSRBera.s:263    .text.vApplicationGetIdleTaskMemory:00000010 $d
C:\Users\cyz19\AppData\Local\Temp\ccSRBera.s:269    .text.vApplicationGetTimerTaskMemory:00000000 $t
C:\Users\cyz19\AppData\Local\Temp\ccSRBera.s:275    .text.vApplicationGetTimerTaskMemory:00000000 vApplicationGetTimerTaskMemory
C:\Users\cyz19\AppData\Local\Temp\ccSRBera.s:300    .text.vApplicationGetTimerTaskMemory:00000010 $d
C:\Users\cyz19\AppData\Local\Temp\ccSRBera.s:306    .text.MX_FREERTOS_Init:00000000 $t
C:\Users\cyz19\AppData\Local\Temp\ccSRBera.s:312    .text.MX_FREERTOS_Init:00000000 MX_FREERTOS_Init
C:\Users\cyz19\AppData\Local\Temp\ccSRBera.s:432    .text.MX_FREERTOS_Init:000000e0 $d
C:\Users\cyz19\AppData\Local\Temp\ccSRBera.s:510    .bss.AmmoTaskHandle:00000000 AmmoTaskHandle
C:\Users\cyz19\AppData\Local\Temp\ccSRBera.s:531    .bss.GimbalTaskHandle:00000000 GimbalTaskHandle
C:\Users\cyz19\AppData\Local\Temp\ccSRBera.s:545    .bss.StatusTaskHandle:00000000 StatusTaskHandle
C:\Users\cyz19\AppData\Local\Temp\ccSRBera.s:524    .bss.DataTaskHandle:00000000 DataTaskHandle
C:\Users\cyz19\AppData\Local\Temp\ccSRBera.s:517    .bss.ChassisTaskHandle:00000000 ChassisTaskHandle
C:\Users\cyz19\AppData\Local\Temp\ccSRBera.s:538    .bss.INSTaskHandle:00000000 INSTaskHandle
C:\Users\cyz19\AppData\Local\Temp\ccSRBera.s:449    .rodata:00000000 $d
C:\Users\cyz19\AppData\Local\Temp\ccSRBera.s:506    .bss.AmmoTaskHandle:00000000 $d
C:\Users\cyz19\AppData\Local\Temp\ccSRBera.s:513    .bss.ChassisTaskHandle:00000000 $d
C:\Users\cyz19\AppData\Local\Temp\ccSRBera.s:520    .bss.DataTaskHandle:00000000 $d
C:\Users\cyz19\AppData\Local\Temp\ccSRBera.s:527    .bss.GimbalTaskHandle:00000000 $d
C:\Users\cyz19\AppData\Local\Temp\ccSRBera.s:534    .bss.INSTaskHandle:00000000 $d
C:\Users\cyz19\AppData\Local\Temp\ccSRBera.s:541    .bss.StatusTaskHandle:00000000 $d
C:\Users\cyz19\AppData\Local\Temp\ccSRBera.s:548    .bss.xIdleStack:00000000 $d
C:\Users\cyz19\AppData\Local\Temp\ccSRBera.s:552    .bss.xIdleStack:00000000 xIdleStack
C:\Users\cyz19\AppData\Local\Temp\ccSRBera.s:555    .bss.xIdleTaskTCBBuffer:00000000 $d
C:\Users\cyz19\AppData\Local\Temp\ccSRBera.s:559    .bss.xIdleTaskTCBBuffer:00000000 xIdleTaskTCBBuffer
C:\Users\cyz19\AppData\Local\Temp\ccSRBera.s:562    .bss.xTimerStack:00000000 $d
C:\Users\cyz19\AppData\Local\Temp\ccSRBera.s:566    .bss.xTimerStack:00000000 xTimerStack
C:\Users\cyz19\AppData\Local\Temp\ccSRBera.s:569    .bss.xTimerTaskTCBBuffer:00000000 $d
C:\Users\cyz19\AppData\Local\Temp\ccSRBera.s:573    .bss.xTimerTaskTCBBuffer:00000000 xTimerTaskTCBBuffer

UNDEFINED SYMBOLS
osDelay
osThreadCreate
