ARM GAS  C:\Users\cyz19\AppData\Local\Temp\ccZb3SyH.s 			page 1


   1              		.cpu cortex-m4
   2              		.arch armv7e-m
   3              		.fpu fpv4-sp-d16
   4              		.eabi_attribute 27, 1
   5              		.eabi_attribute 28, 1
   6              		.eabi_attribute 20, 1
   7              		.eabi_attribute 21, 1
   8              		.eabi_attribute 23, 3
   9              		.eabi_attribute 24, 1
  10              		.eabi_attribute 25, 1
  11              		.eabi_attribute 26, 1
  12              		.eabi_attribute 30, 1
  13              		.eabi_attribute 34, 1
  14              		.eabi_attribute 18, 4
  15              		.file	"gpio.c"
  16              		.text
  17              	.Ltext0:
  18              		.cfi_sections	.debug_frame
  19              		.section	.text.MX_GPIO_Init,"ax",%progbits
  20              		.align	1
  21              		.global	MX_GPIO_Init
  22              		.syntax unified
  23              		.thumb
  24              		.thumb_func
  26              	MX_GPIO_Init:
  27              	.LFB135:
  28              		.file 1 "Core/Src/gpio.c"
   1:Core/Src/gpio.c **** /* USER CODE BEGIN Header */
   2:Core/Src/gpio.c **** /**
   3:Core/Src/gpio.c ****   ******************************************************************************
   4:Core/Src/gpio.c ****   * @file    gpio.c
   5:Core/Src/gpio.c ****   * @brief   This file provides code for the configuration
   6:Core/Src/gpio.c ****   *          of all used GPIO pins.
   7:Core/Src/gpio.c ****   ******************************************************************************
   8:Core/Src/gpio.c ****   * @attention
   9:Core/Src/gpio.c ****   *
  10:Core/Src/gpio.c ****   * Copyright (c) 2024 STMicroelectronics.
  11:Core/Src/gpio.c ****   * All rights reserved.
  12:Core/Src/gpio.c ****   *
  13:Core/Src/gpio.c ****   * This software is licensed under terms that can be found in the LICENSE file
  14:Core/Src/gpio.c ****   * in the root directory of this software component.
  15:Core/Src/gpio.c ****   * If no LICENSE file comes with this software, it is provided AS-IS.
  16:Core/Src/gpio.c ****   *
  17:Core/Src/gpio.c ****   ******************************************************************************
  18:Core/Src/gpio.c ****   */
  19:Core/Src/gpio.c **** /* USER CODE END Header */
  20:Core/Src/gpio.c **** 
  21:Core/Src/gpio.c **** /* Includes ------------------------------------------------------------------*/
  22:Core/Src/gpio.c **** #include "gpio.h"
  23:Core/Src/gpio.c **** 
  24:Core/Src/gpio.c **** /* USER CODE BEGIN 0 */
  25:Core/Src/gpio.c **** 
  26:Core/Src/gpio.c **** /* USER CODE END 0 */
  27:Core/Src/gpio.c **** 
  28:Core/Src/gpio.c **** /*----------------------------------------------------------------------------*/
  29:Core/Src/gpio.c **** /* Configure GPIO                                                             */
  30:Core/Src/gpio.c **** /*----------------------------------------------------------------------------*/
ARM GAS  C:\Users\cyz19\AppData\Local\Temp\ccZb3SyH.s 			page 2


  31:Core/Src/gpio.c **** /* USER CODE BEGIN 1 */
  32:Core/Src/gpio.c **** 
  33:Core/Src/gpio.c **** /* USER CODE END 1 */
  34:Core/Src/gpio.c **** 
  35:Core/Src/gpio.c **** /** Configure pins as
  36:Core/Src/gpio.c ****         * Analog
  37:Core/Src/gpio.c ****         * Input
  38:Core/Src/gpio.c ****         * Output
  39:Core/Src/gpio.c ****         * EVENT_OUT
  40:Core/Src/gpio.c ****         * EXTI
  41:Core/Src/gpio.c **** */
  42:Core/Src/gpio.c **** void MX_GPIO_Init(void)
  43:Core/Src/gpio.c **** {
  29              		.loc 1 43 1 view -0
  30              		.cfi_startproc
  31              		@ args = 0, pretend = 0, frame = 48
  32              		@ frame_needed = 0, uses_anonymous_args = 0
  33 0000 2DE9F047 		push	{r4, r5, r6, r7, r8, r9, r10, lr}
  34              	.LCFI0:
  35              		.cfi_def_cfa_offset 32
  36              		.cfi_offset 4, -32
  37              		.cfi_offset 5, -28
  38              		.cfi_offset 6, -24
  39              		.cfi_offset 7, -20
  40              		.cfi_offset 8, -16
  41              		.cfi_offset 9, -12
  42              		.cfi_offset 10, -8
  43              		.cfi_offset 14, -4
  44 0004 8CB0     		sub	sp, sp, #48
  45              	.LCFI1:
  46              		.cfi_def_cfa_offset 80
  44:Core/Src/gpio.c **** 
  45:Core/Src/gpio.c ****   GPIO_InitTypeDef GPIO_InitStruct = {0};
  47              		.loc 1 45 3 view .LVU1
  48              		.loc 1 45 20 is_stmt 0 view .LVU2
  49 0006 0024     		movs	r4, #0
  50 0008 0794     		str	r4, [sp, #28]
  51 000a 0894     		str	r4, [sp, #32]
  52 000c 0994     		str	r4, [sp, #36]
  53 000e 0A94     		str	r4, [sp, #40]
  54 0010 0B94     		str	r4, [sp, #44]
  46:Core/Src/gpio.c **** 
  47:Core/Src/gpio.c ****   /* GPIO Ports Clock Enable */
  48:Core/Src/gpio.c ****   __HAL_RCC_GPIOB_CLK_ENABLE();
  55              		.loc 1 48 3 is_stmt 1 view .LVU3
  56              	.LBB2:
  57              		.loc 1 48 3 view .LVU4
  58 0012 0094     		str	r4, [sp]
  59              		.loc 1 48 3 view .LVU5
  60 0014 524B     		ldr	r3, .L3
  61 0016 1A6B     		ldr	r2, [r3, #48]
  62 0018 42F00202 		orr	r2, r2, #2
  63 001c 1A63     		str	r2, [r3, #48]
  64              		.loc 1 48 3 view .LVU6
  65 001e 1A6B     		ldr	r2, [r3, #48]
  66 0020 02F00202 		and	r2, r2, #2
  67 0024 0092     		str	r2, [sp]
ARM GAS  C:\Users\cyz19\AppData\Local\Temp\ccZb3SyH.s 			page 3


  68              		.loc 1 48 3 view .LVU7
  69 0026 009A     		ldr	r2, [sp]
  70              	.LBE2:
  71              		.loc 1 48 3 view .LVU8
  49:Core/Src/gpio.c ****   __HAL_RCC_GPIOG_CLK_ENABLE();
  72              		.loc 1 49 3 view .LVU9
  73              	.LBB3:
  74              		.loc 1 49 3 view .LVU10
  75 0028 0194     		str	r4, [sp, #4]
  76              		.loc 1 49 3 view .LVU11
  77 002a 1A6B     		ldr	r2, [r3, #48]
  78 002c 42F04002 		orr	r2, r2, #64
  79 0030 1A63     		str	r2, [r3, #48]
  80              		.loc 1 49 3 view .LVU12
  81 0032 1A6B     		ldr	r2, [r3, #48]
  82 0034 02F04002 		and	r2, r2, #64
  83 0038 0192     		str	r2, [sp, #4]
  84              		.loc 1 49 3 view .LVU13
  85 003a 019A     		ldr	r2, [sp, #4]
  86              	.LBE3:
  87              		.loc 1 49 3 view .LVU14
  50:Core/Src/gpio.c ****   __HAL_RCC_GPIOA_CLK_ENABLE();
  88              		.loc 1 50 3 view .LVU15
  89              	.LBB4:
  90              		.loc 1 50 3 view .LVU16
  91 003c 0294     		str	r4, [sp, #8]
  92              		.loc 1 50 3 view .LVU17
  93 003e 1A6B     		ldr	r2, [r3, #48]
  94 0040 42F00102 		orr	r2, r2, #1
  95 0044 1A63     		str	r2, [r3, #48]
  96              		.loc 1 50 3 view .LVU18
  97 0046 1A6B     		ldr	r2, [r3, #48]
  98 0048 02F00102 		and	r2, r2, #1
  99 004c 0292     		str	r2, [sp, #8]
 100              		.loc 1 50 3 view .LVU19
 101 004e 029A     		ldr	r2, [sp, #8]
 102              	.LBE4:
 103              		.loc 1 50 3 view .LVU20
  51:Core/Src/gpio.c ****   __HAL_RCC_GPIOD_CLK_ENABLE();
 104              		.loc 1 51 3 view .LVU21
 105              	.LBB5:
 106              		.loc 1 51 3 view .LVU22
 107 0050 0394     		str	r4, [sp, #12]
 108              		.loc 1 51 3 view .LVU23
 109 0052 1A6B     		ldr	r2, [r3, #48]
 110 0054 42F00802 		orr	r2, r2, #8
 111 0058 1A63     		str	r2, [r3, #48]
 112              		.loc 1 51 3 view .LVU24
 113 005a 1A6B     		ldr	r2, [r3, #48]
 114 005c 02F00802 		and	r2, r2, #8
 115 0060 0392     		str	r2, [sp, #12]
 116              		.loc 1 51 3 view .LVU25
 117 0062 039A     		ldr	r2, [sp, #12]
 118              	.LBE5:
 119              		.loc 1 51 3 view .LVU26
  52:Core/Src/gpio.c ****   __HAL_RCC_GPIOC_CLK_ENABLE();
 120              		.loc 1 52 3 view .LVU27
ARM GAS  C:\Users\cyz19\AppData\Local\Temp\ccZb3SyH.s 			page 4


 121              	.LBB6:
 122              		.loc 1 52 3 view .LVU28
 123 0064 0494     		str	r4, [sp, #16]
 124              		.loc 1 52 3 view .LVU29
 125 0066 1A6B     		ldr	r2, [r3, #48]
 126 0068 42F00402 		orr	r2, r2, #4
 127 006c 1A63     		str	r2, [r3, #48]
 128              		.loc 1 52 3 view .LVU30
 129 006e 1A6B     		ldr	r2, [r3, #48]
 130 0070 02F00402 		and	r2, r2, #4
 131 0074 0492     		str	r2, [sp, #16]
 132              		.loc 1 52 3 view .LVU31
 133 0076 049A     		ldr	r2, [sp, #16]
 134              	.LBE6:
 135              		.loc 1 52 3 view .LVU32
  53:Core/Src/gpio.c ****   __HAL_RCC_GPIOH_CLK_ENABLE();
 136              		.loc 1 53 3 view .LVU33
 137              	.LBB7:
 138              		.loc 1 53 3 view .LVU34
 139 0078 0594     		str	r4, [sp, #20]
 140              		.loc 1 53 3 view .LVU35
 141 007a 1A6B     		ldr	r2, [r3, #48]
 142 007c 42F08002 		orr	r2, r2, #128
 143 0080 1A63     		str	r2, [r3, #48]
 144              		.loc 1 53 3 view .LVU36
 145 0082 1A6B     		ldr	r2, [r3, #48]
 146 0084 02F08002 		and	r2, r2, #128
 147 0088 0592     		str	r2, [sp, #20]
 148              		.loc 1 53 3 view .LVU37
 149 008a 059A     		ldr	r2, [sp, #20]
 150              	.LBE7:
 151              		.loc 1 53 3 view .LVU38
  54:Core/Src/gpio.c ****   __HAL_RCC_GPIOF_CLK_ENABLE();
 152              		.loc 1 54 3 view .LVU39
 153              	.LBB8:
 154              		.loc 1 54 3 view .LVU40
 155 008c 0694     		str	r4, [sp, #24]
 156              		.loc 1 54 3 view .LVU41
 157 008e 1A6B     		ldr	r2, [r3, #48]
 158 0090 42F02002 		orr	r2, r2, #32
 159 0094 1A63     		str	r2, [r3, #48]
 160              		.loc 1 54 3 view .LVU42
 161 0096 1B6B     		ldr	r3, [r3, #48]
 162 0098 03F02003 		and	r3, r3, #32
 163 009c 0693     		str	r3, [sp, #24]
 164              		.loc 1 54 3 view .LVU43
 165 009e 069B     		ldr	r3, [sp, #24]
 166              	.LBE8:
 167              		.loc 1 54 3 view .LVU44
  55:Core/Src/gpio.c **** 
  56:Core/Src/gpio.c ****   /*Configure GPIO pin Output Level */
  57:Core/Src/gpio.c ****   HAL_GPIO_WritePin(IST8310_Reset_GPIO_Port, IST8310_Reset_Pin, GPIO_PIN_SET);
 168              		.loc 1 57 3 view .LVU45
 169 00a0 DFF8C480 		ldr	r8, .L3+8
 170 00a4 0122     		movs	r2, #1
 171 00a6 4021     		movs	r1, #64
 172 00a8 4046     		mov	r0, r8
ARM GAS  C:\Users\cyz19\AppData\Local\Temp\ccZb3SyH.s 			page 5


 173 00aa FFF7FEFF 		bl	HAL_GPIO_WritePin
 174              	.LVL0:
  58:Core/Src/gpio.c **** 
  59:Core/Src/gpio.c ****   /*Configure GPIO pin Output Level */
  60:Core/Src/gpio.c ****   HAL_GPIO_WritePin(GPIOH, LED_R_Pin|LED_G_Pin|LED_B_Pin, GPIO_PIN_RESET);
 175              		.loc 1 60 3 view .LVU46
 176 00ae DFF8BCA0 		ldr	r10, .L3+12
 177 00b2 2246     		mov	r2, r4
 178 00b4 4FF4E051 		mov	r1, #7168
 179 00b8 5046     		mov	r0, r10
 180 00ba FFF7FEFF 		bl	HAL_GPIO_WritePin
 181              	.LVL1:
  61:Core/Src/gpio.c **** 
  62:Core/Src/gpio.c ****   /*Configure GPIO pin Output Level */
  63:Core/Src/gpio.c ****   HAL_GPIO_WritePin(BMI088_Accel_GPIO_Port, BMI088_Accel_Pin, GPIO_PIN_SET);
 182              		.loc 1 63 3 view .LVU47
 183 00be 294F     		ldr	r7, .L3+4
 184 00c0 0122     		movs	r2, #1
 185 00c2 1021     		movs	r1, #16
 186 00c4 3846     		mov	r0, r7
 187 00c6 FFF7FEFF 		bl	HAL_GPIO_WritePin
 188              	.LVL2:
  64:Core/Src/gpio.c **** 
  65:Core/Src/gpio.c ****   /*Configure GPIO pin Output Level */
  66:Core/Src/gpio.c ****   HAL_GPIO_WritePin(BMI088_Gyro_GPIO_Port, BMI088_Gyro_Pin, GPIO_PIN_SET);
 189              		.loc 1 66 3 view .LVU48
 190 00ca DFF8A490 		ldr	r9, .L3+16
 191 00ce 0122     		movs	r2, #1
 192 00d0 1146     		mov	r1, r2
 193 00d2 4846     		mov	r0, r9
 194 00d4 FFF7FEFF 		bl	HAL_GPIO_WritePin
 195              	.LVL3:
  67:Core/Src/gpio.c **** 
  68:Core/Src/gpio.c ****   /*Configure GPIO pin : PtPin */
  69:Core/Src/gpio.c ****   GPIO_InitStruct.Pin = IST8310_Reset_Pin;
 196              		.loc 1 69 3 view .LVU49
 197              		.loc 1 69 23 is_stmt 0 view .LVU50
 198 00d8 4023     		movs	r3, #64
 199 00da 0793     		str	r3, [sp, #28]
  70:Core/Src/gpio.c ****   GPIO_InitStruct.Mode = GPIO_MODE_OUTPUT_PP;
 200              		.loc 1 70 3 is_stmt 1 view .LVU51
 201              		.loc 1 70 24 is_stmt 0 view .LVU52
 202 00dc 0125     		movs	r5, #1
 203 00de 0895     		str	r5, [sp, #32]
  71:Core/Src/gpio.c ****   GPIO_InitStruct.Pull = GPIO_PULLUP;
 204              		.loc 1 71 3 is_stmt 1 view .LVU53
 205              		.loc 1 71 24 is_stmt 0 view .LVU54
 206 00e0 0995     		str	r5, [sp, #36]
  72:Core/Src/gpio.c ****   GPIO_InitStruct.Speed = GPIO_SPEED_FREQ_HIGH;
 207              		.loc 1 72 3 is_stmt 1 view .LVU55
 208              		.loc 1 72 25 is_stmt 0 view .LVU56
 209 00e2 0226     		movs	r6, #2
 210 00e4 0A96     		str	r6, [sp, #40]
  73:Core/Src/gpio.c ****   HAL_GPIO_Init(IST8310_Reset_GPIO_Port, &GPIO_InitStruct);
 211              		.loc 1 73 3 is_stmt 1 view .LVU57
 212 00e6 07A9     		add	r1, sp, #28
 213 00e8 4046     		mov	r0, r8
ARM GAS  C:\Users\cyz19\AppData\Local\Temp\ccZb3SyH.s 			page 6


 214 00ea FFF7FEFF 		bl	HAL_GPIO_Init
 215              	.LVL4:
  74:Core/Src/gpio.c **** 
  75:Core/Src/gpio.c ****   /*Configure GPIO pins : PHPin PHPin PHPin */
  76:Core/Src/gpio.c ****   GPIO_InitStruct.Pin = LED_R_Pin|LED_G_Pin|LED_B_Pin;
 216              		.loc 1 76 3 view .LVU58
 217              		.loc 1 76 23 is_stmt 0 view .LVU59
 218 00ee 4FF4E053 		mov	r3, #7168
 219 00f2 0793     		str	r3, [sp, #28]
  77:Core/Src/gpio.c ****   GPIO_InitStruct.Mode = GPIO_MODE_OUTPUT_PP;
 220              		.loc 1 77 3 is_stmt 1 view .LVU60
 221              		.loc 1 77 24 is_stmt 0 view .LVU61
 222 00f4 0895     		str	r5, [sp, #32]
  78:Core/Src/gpio.c ****   GPIO_InitStruct.Pull = GPIO_NOPULL;
 223              		.loc 1 78 3 is_stmt 1 view .LVU62
 224              		.loc 1 78 24 is_stmt 0 view .LVU63
 225 00f6 0994     		str	r4, [sp, #36]
  79:Core/Src/gpio.c ****   GPIO_InitStruct.Speed = GPIO_SPEED_FREQ_LOW;
 226              		.loc 1 79 3 is_stmt 1 view .LVU64
 227              		.loc 1 79 25 is_stmt 0 view .LVU65
 228 00f8 0A94     		str	r4, [sp, #40]
  80:Core/Src/gpio.c ****   HAL_GPIO_Init(GPIOH, &GPIO_InitStruct);
 229              		.loc 1 80 3 is_stmt 1 view .LVU66
 230 00fa 07A9     		add	r1, sp, #28
 231 00fc 5046     		mov	r0, r10
 232 00fe FFF7FEFF 		bl	HAL_GPIO_Init
 233              	.LVL5:
  81:Core/Src/gpio.c **** 
  82:Core/Src/gpio.c ****   /*Configure GPIO pin : PtPin */
  83:Core/Src/gpio.c ****   GPIO_InitStruct.Pin = IST8310_DataReady_Pin;
 234              		.loc 1 83 3 view .LVU67
 235              		.loc 1 83 23 is_stmt 0 view .LVU68
 236 0102 0823     		movs	r3, #8
 237 0104 0793     		str	r3, [sp, #28]
  84:Core/Src/gpio.c ****   GPIO_InitStruct.Mode = GPIO_MODE_IT_FALLING;
 238              		.loc 1 84 3 is_stmt 1 view .LVU69
 239              		.loc 1 84 24 is_stmt 0 view .LVU70
 240 0106 4FF40413 		mov	r3, #2162688
 241 010a 0893     		str	r3, [sp, #32]
  85:Core/Src/gpio.c ****   GPIO_InitStruct.Pull = GPIO_PULLUP;
 242              		.loc 1 85 3 is_stmt 1 view .LVU71
 243              		.loc 1 85 24 is_stmt 0 view .LVU72
 244 010c 0995     		str	r5, [sp, #36]
  86:Core/Src/gpio.c ****   HAL_GPIO_Init(IST8310_DataReady_GPIO_Port, &GPIO_InitStruct);
 245              		.loc 1 86 3 is_stmt 1 view .LVU73
 246 010e 07A9     		add	r1, sp, #28
 247 0110 4046     		mov	r0, r8
 248 0112 FFF7FEFF 		bl	HAL_GPIO_Init
 249              	.LVL6:
  87:Core/Src/gpio.c **** 
  88:Core/Src/gpio.c ****   /*Configure GPIO pin : PtPin */
  89:Core/Src/gpio.c ****   GPIO_InitStruct.Pin = KEY_Pin;
 250              		.loc 1 89 3 view .LVU74
 251              		.loc 1 89 23 is_stmt 0 view .LVU75
 252 0116 0795     		str	r5, [sp, #28]
  90:Core/Src/gpio.c ****   GPIO_InitStruct.Mode = GPIO_MODE_IT_RISING;
 253              		.loc 1 90 3 is_stmt 1 view .LVU76
ARM GAS  C:\Users\cyz19\AppData\Local\Temp\ccZb3SyH.s 			page 7


 254              		.loc 1 90 24 is_stmt 0 view .LVU77
 255 0118 4FF48813 		mov	r3, #1114112
 256 011c 0893     		str	r3, [sp, #32]
  91:Core/Src/gpio.c ****   GPIO_InitStruct.Pull = GPIO_PULLUP;
 257              		.loc 1 91 3 is_stmt 1 view .LVU78
 258              		.loc 1 91 24 is_stmt 0 view .LVU79
 259 011e 0995     		str	r5, [sp, #36]
  92:Core/Src/gpio.c ****   HAL_GPIO_Init(KEY_GPIO_Port, &GPIO_InitStruct);
 260              		.loc 1 92 3 is_stmt 1 view .LVU80
 261 0120 07A9     		add	r1, sp, #28
 262 0122 3846     		mov	r0, r7
 263 0124 FFF7FEFF 		bl	HAL_GPIO_Init
 264              	.LVL7:
  93:Core/Src/gpio.c **** 
  94:Core/Src/gpio.c ****   /*Configure GPIO pin : PtPin */
  95:Core/Src/gpio.c ****   GPIO_InitStruct.Pin = BMI088_Accel_Pin;
 265              		.loc 1 95 3 view .LVU81
 266              		.loc 1 95 23 is_stmt 0 view .LVU82
 267 0128 1023     		movs	r3, #16
 268 012a 0793     		str	r3, [sp, #28]
  96:Core/Src/gpio.c ****   GPIO_InitStruct.Mode = GPIO_MODE_OUTPUT_PP;
 269              		.loc 1 96 3 is_stmt 1 view .LVU83
 270              		.loc 1 96 24 is_stmt 0 view .LVU84
 271 012c 0895     		str	r5, [sp, #32]
  97:Core/Src/gpio.c ****   GPIO_InitStruct.Pull = GPIO_PULLUP;
 272              		.loc 1 97 3 is_stmt 1 view .LVU85
 273              		.loc 1 97 24 is_stmt 0 view .LVU86
 274 012e 0995     		str	r5, [sp, #36]
  98:Core/Src/gpio.c ****   GPIO_InitStruct.Speed = GPIO_SPEED_FREQ_HIGH;
 275              		.loc 1 98 3 is_stmt 1 view .LVU87
 276              		.loc 1 98 25 is_stmt 0 view .LVU88
 277 0130 0A96     		str	r6, [sp, #40]
  99:Core/Src/gpio.c ****   HAL_GPIO_Init(BMI088_Accel_GPIO_Port, &GPIO_InitStruct);
 278              		.loc 1 99 3 is_stmt 1 view .LVU89
 279 0132 07A9     		add	r1, sp, #28
 280 0134 3846     		mov	r0, r7
 281 0136 FFF7FEFF 		bl	HAL_GPIO_Init
 282              	.LVL8:
 100:Core/Src/gpio.c **** 
 101:Core/Src/gpio.c ****   /*Configure GPIO pin : PtPin */
 102:Core/Src/gpio.c ****   GPIO_InitStruct.Pin = BMI088_Gyro_Pin;
 283              		.loc 1 102 3 view .LVU90
 284              		.loc 1 102 23 is_stmt 0 view .LVU91
 285 013a 0795     		str	r5, [sp, #28]
 103:Core/Src/gpio.c ****   GPIO_InitStruct.Mode = GPIO_MODE_OUTPUT_PP;
 286              		.loc 1 103 3 is_stmt 1 view .LVU92
 287              		.loc 1 103 24 is_stmt 0 view .LVU93
 288 013c 0895     		str	r5, [sp, #32]
 104:Core/Src/gpio.c ****   GPIO_InitStruct.Pull = GPIO_PULLUP;
 289              		.loc 1 104 3 is_stmt 1 view .LVU94
 290              		.loc 1 104 24 is_stmt 0 view .LVU95
 291 013e 0995     		str	r5, [sp, #36]
 105:Core/Src/gpio.c ****   GPIO_InitStruct.Speed = GPIO_SPEED_FREQ_HIGH;
 292              		.loc 1 105 3 is_stmt 1 view .LVU96
 293              		.loc 1 105 25 is_stmt 0 view .LVU97
 294 0140 0A96     		str	r6, [sp, #40]
 106:Core/Src/gpio.c ****   HAL_GPIO_Init(BMI088_Gyro_GPIO_Port, &GPIO_InitStruct);
ARM GAS  C:\Users\cyz19\AppData\Local\Temp\ccZb3SyH.s 			page 8


 295              		.loc 1 106 3 is_stmt 1 view .LVU98
 296 0142 07A9     		add	r1, sp, #28
 297 0144 4846     		mov	r0, r9
 298 0146 FFF7FEFF 		bl	HAL_GPIO_Init
 299              	.LVL9:
 107:Core/Src/gpio.c **** 
 108:Core/Src/gpio.c ****   /* EXTI interrupt init*/
 109:Core/Src/gpio.c ****   HAL_NVIC_SetPriority(EXTI3_IRQn, 5, 0);
 300              		.loc 1 109 3 view .LVU99
 301 014a 2246     		mov	r2, r4
 302 014c 0521     		movs	r1, #5
 303 014e 0920     		movs	r0, #9
 304 0150 FFF7FEFF 		bl	HAL_NVIC_SetPriority
 305              	.LVL10:
 110:Core/Src/gpio.c ****   HAL_NVIC_EnableIRQ(EXTI3_IRQn);
 306              		.loc 1 110 3 view .LVU100
 307 0154 0920     		movs	r0, #9
 308 0156 FFF7FEFF 		bl	HAL_NVIC_EnableIRQ
 309              	.LVL11:
 111:Core/Src/gpio.c **** 
 112:Core/Src/gpio.c **** }
 310              		.loc 1 112 1 is_stmt 0 view .LVU101
 311 015a 0CB0     		add	sp, sp, #48
 312              	.LCFI2:
 313              		.cfi_def_cfa_offset 32
 314              		@ sp needed
 315 015c BDE8F087 		pop	{r4, r5, r6, r7, r8, r9, r10, pc}
 316              	.L4:
 317              		.align	2
 318              	.L3:
 319 0160 00380240 		.word	1073887232
 320 0164 00000240 		.word	1073872896
 321 0168 00180240 		.word	1073879040
 322 016c 001C0240 		.word	1073880064
 323 0170 00040240 		.word	1073873920
 324              		.cfi_endproc
 325              	.LFE135:
 327              		.text
 328              	.Letext0:
 329              		.file 2 "c:\\program files (x86)\\gnu arm embedded toolchain\\10 2021.10\\arm-none-eabi\\include\\
 330              		.file 3 "c:\\program files (x86)\\gnu arm embedded toolchain\\10 2021.10\\arm-none-eabi\\include\\
 331              		.file 4 "Drivers/CMSIS/Device/ST/STM32F4xx/Include/stm32f407xx.h"
 332              		.file 5 "Drivers/STM32F4xx_HAL_Driver/Inc/stm32f4xx_hal_gpio.h"
 333              		.file 6 "Drivers/STM32F4xx_HAL_Driver/Inc/stm32f4xx_hal_cortex.h"
ARM GAS  C:\Users\cyz19\AppData\Local\Temp\ccZb3SyH.s 			page 9


DEFINED SYMBOLS
                            *ABS*:00000000 gpio.c
C:\Users\cyz19\AppData\Local\Temp\ccZb3SyH.s:20     .text.MX_GPIO_Init:00000000 $t
C:\Users\cyz19\AppData\Local\Temp\ccZb3SyH.s:26     .text.MX_GPIO_Init:00000000 MX_GPIO_Init
C:\Users\cyz19\AppData\Local\Temp\ccZb3SyH.s:319    .text.MX_GPIO_Init:00000160 $d

UNDEFINED SYMBOLS
HAL_GPIO_WritePin
HAL_GPIO_Init
HAL_NVIC_SetPriority
HAL_NVIC_EnableIRQ
