ARM GAS  C:\Users\cyz19\AppData\Local\Temp\ccs9SGz3.s 			page 1


   1              		.cpu cortex-m4
   2              		.arch armv7e-m
   3              		.fpu fpv4-sp-d16
   4              		.eabi_attribute 27, 1
   5              		.eabi_attribute 28, 1
   6              		.eabi_attribute 20, 1
   7              		.eabi_attribute 21, 1
   8              		.eabi_attribute 23, 3
   9              		.eabi_attribute 24, 1
  10              		.eabi_attribute 25, 1
  11              		.eabi_attribute 26, 1
  12              		.eabi_attribute 30, 1
  13              		.eabi_attribute 34, 1
  14              		.eabi_attribute 18, 4
  15              		.file	"INS.c"
  16              		.text
  17              	.Ltext0:
  18              		.cfi_sections	.debug_frame
  19              		.section	.text.INS_Task,"ax",%progbits
  20              		.align	1
  21              		.global	INS_Task
  22              		.syntax unified
  23              		.thumb
  24              		.thumb_func
  26              	INS_Task:
  27              	.LVL0:
  28              	.LFB138:
  29              		.file 1 "App/Src/INS.c"
   1:App/Src/INS.c **** #include "INS.h"
   2:App/Src/INS.c **** 
   3:App/Src/INS.c **** 
   4:App/Src/INS.c **** data_ins_t data_ins = {0};
   5:App/Src/INS.c **** float ist8310_data[4];
   6:App/Src/INS.c **** float gyro[3],accel[3],temp;
   7:App/Src/INS.c **** float INS_quat[4] = {0.0f, 0.0f, 0.0f, 0.0f};
   8:App/Src/INS.c **** 
   9:App/Src/INS.c **** static int INS_time = 0;
  10:App/Src/INS.c **** float yaw_D = 0;
  11:App/Src/INS.c **** float last_yaw = 0;
  12:App/Src/INS.c **** float yaw = 0;
  13:App/Src/INS.c **** extern int ammo_circle;
  14:App/Src/INS.c **** extern data_motor_t data_motor;
  15:App/Src/INS.c **** 
  16:App/Src/INS.c **** 
  17:App/Src/INS.c **** void INS_Task(void const * argument)
  18:App/Src/INS.c **** {   
  30              		.loc 1 18 1 view -0
  31              		.cfi_startproc
  32              		@ Volatile: function does not return.
  33              		@ args = 0, pretend = 0, frame = 0
  34              		@ frame_needed = 0, uses_anonymous_args = 0
  35              		.loc 1 18 1 is_stmt 0 view .LVU1
  36 0000 80B5     		push	{r7, lr}
  37              	.LCFI0:
  38              		.cfi_def_cfa_offset 8
  39              		.cfi_offset 7, -8
  40              		.cfi_offset 14, -4
ARM GAS  C:\Users\cyz19\AppData\Local\Temp\ccs9SGz3.s 			page 2


  19:App/Src/INS.c ****     //ist8310_init();
  20:App/Src/INS.c ****     BMI088_init();
  41              		.loc 1 20 5 is_stmt 1 view .LVU2
  42 0002 FFF7FEFF 		bl	BMI088_init
  43              	.LVL1:
  21:App/Src/INS.c ****     //ist8310_data_read(ist8310_data);
  22:App/Src/INS.c ****     BMI088_read(gyro , accel , &temp);
  44              		.loc 1 22 5 view .LVU3
  45 0006 314A     		ldr	r2, .L7
  46 0008 3149     		ldr	r1, .L7+4
  47 000a 3248     		ldr	r0, .L7+8
  48 000c FFF7FEFF 		bl	BMI088_read
  49              	.LVL2:
  23:App/Src/INS.c ****     INS_quat[0] = 1.0f;
  50              		.loc 1 23 5 view .LVU4
  51              		.loc 1 23 17 is_stmt 0 view .LVU5
  52 0010 314B     		ldr	r3, .L7+12
  53 0012 4FF07E52 		mov	r2, #1065353216
  54 0016 1A60     		str	r2, [r3]	@ float
  55 0018 12E0     		b	.L4
  56              	.L6:
  24:App/Src/INS.c **** 
  25:App/Src/INS.c ****     while(1)
  26:App/Src/INS.c ****     {
  27:App/Src/INS.c ****       //if (data_motor.Chassis_motor_measure[1].ecd - data_motor.Chassis_motor_measure[1].last_ecd 
  28:App/Src/INS.c ****       //          {
  29:App/Src/INS.c ****       //              ammo_circle--;
  30:App/Src/INS.c ****       //          }
  31:App/Src/INS.c ****       //          else if (data_motor.Chassis_motor_measure[1].ecd - data_motor.Chassis_motor_measu
  32:App/Src/INS.c ****       //          {
  33:App/Src/INS.c ****       //              ammo_circle++;
  34:App/Src/INS.c ****       //          }
  35:App/Src/INS.c ****       /*获取IST8310数据*/
  36:App/Src/INS.c ****       //ist8310_data_read(ist8310_data);
  37:App/Src/INS.c ****       //features_orig.ist8310_a = ist8310_data[0];
  38:App/Src/INS.c ****       //features_orig.ist8310_b = ist8310_data[1];
  39:App/Src/INS.c ****       //features_orig.ist8310_c = ist8310_data[2];
  40:App/Src/INS.c ****       //features_orig.temp_ist8310 = ist8310_data[3];
  41:App/Src/INS.c ****       /*获取IST8310数据*/
  42:App/Src/INS.c **** 
  43:App/Src/INS.c ****       /*获取BMI088数据*/
  44:App/Src/INS.c ****       BMI088_read(gyro , accel , &temp);
  45:App/Src/INS.c ****       data_ins.accel_x = accel[0];
  46:App/Src/INS.c ****       data_ins.accel_y = accel[1];
  47:App/Src/INS.c ****       data_ins.accel_z = accel[2];
  48:App/Src/INS.c ****       data_ins.gyro_p = gyro[0];
  49:App/Src/INS.c ****       data_ins.gyro_y = gyro[1];
  50:App/Src/INS.c ****       data_ins.gyro_r = gyro[2];
  51:App/Src/INS.c ****       data_ins.temp_imu = temp;
  52:App/Src/INS.c ****       /*获取BMI088数据*/
  53:App/Src/INS.c **** 
  54:App/Src/INS.c ****       /*BMI088温控*/
  55:App/Src/INS.c ****       //IMU_temp_ctrl(PID_imu_temp , temp , 30);
  56:App/Src/INS.c ****       /*BMI088温控*/ 
  57:App/Src/INS.c **** 
  58:App/Src/INS.c ****       /*四元数姿态解算*/
  59:App/Src/INS.c ****       
ARM GAS  C:\Users\cyz19\AppData\Local\Temp\ccs9SGz3.s 			page 3


  60:App/Src/INS.c ****       MahonyAHRSupdateIMU(INS_quat , gyro[0] , gyro[1] , gyro[2] , accel[0] , accel[1] , accel[2]);
  61:App/Src/INS.c ****       get_angle(INS_quat , &data_ins.yaw , &data_ins.pitch , &data_ins.roll);
  62:App/Src/INS.c ****       data_ins.yaw = -data_ins.yaw;
  63:App/Src/INS.c ****       data_ins.pitch = -data_ins.pitch;
  64:App/Src/INS.c ****       /*四元数姿态解算*/
  65:App/Src/INS.c **** 
  66:App/Src/INS.c ****       if(INS_time >= 10000)
  67:App/Src/INS.c ****       {
  68:App/Src/INS.c ****         INS_time = 0;
  57              		.loc 1 68 9 is_stmt 1 view .LVU6
  58              		.loc 1 68 18 is_stmt 0 view .LVU7
  59 001a 304B     		ldr	r3, .L7+16
  60 001c 0022     		movs	r2, #0
  61 001e 1A60     		str	r2, [r3]
  69:App/Src/INS.c ****         yaw = data_ins.yaw;
  62              		.loc 1 69 9 is_stmt 1 view .LVU8
  63              		.loc 1 69 13 is_stmt 0 view .LVU9
  64 0020 2F4B     		ldr	r3, .L7+20
  65 0022 C3ED007A 		vstr.32	s15, [r3]
  70:App/Src/INS.c ****         yaw_D = yaw - last_yaw;
  66              		.loc 1 70 9 is_stmt 1 view .LVU10
  67              		.loc 1 70 21 is_stmt 0 view .LVU11
  68 0026 2F4B     		ldr	r3, .L7+24
  69 0028 93ED007A 		vldr.32	s14, [r3]
  70 002c 37EEC77A 		vsub.f32	s14, s15, s14
  71              		.loc 1 70 15 view .LVU12
  72 0030 2D4A     		ldr	r2, .L7+28
  73 0032 82ED007A 		vstr.32	s14, [r2]
  71:App/Src/INS.c ****         last_yaw = yaw;
  74              		.loc 1 71 9 is_stmt 1 view .LVU13
  75              		.loc 1 71 18 is_stmt 0 view .LVU14
  76 0036 C3ED007A 		vstr.32	s15, [r3]
  77              	.L3:
  72:App/Src/INS.c ****       }
  73:App/Src/INS.c ****       else
  74:App/Src/INS.c ****       {
  75:App/Src/INS.c ****         INS_time += 1;
  76:App/Src/INS.c ****       }
  77:App/Src/INS.c **** 
  78:App/Src/INS.c ****       
  79:App/Src/INS.c ****       osDelay(1);
  78              		.loc 1 79 7 is_stmt 1 view .LVU15
  79 003a 0120     		movs	r0, #1
  80 003c FFF7FEFF 		bl	osDelay
  81              	.LVL3:
  25:App/Src/INS.c ****     {
  82              		.loc 1 25 10 view .LVU16
  83              	.L4:
  25:App/Src/INS.c ****     {
  84              		.loc 1 25 5 view .LVU17
  44:App/Src/INS.c ****       data_ins.accel_x = accel[0];
  85              		.loc 1 44 7 view .LVU18
  86 0040 224F     		ldr	r7, .L7
  87 0042 234E     		ldr	r6, .L7+4
  88 0044 234D     		ldr	r5, .L7+8
  89 0046 3A46     		mov	r2, r7
  90 0048 3146     		mov	r1, r6
ARM GAS  C:\Users\cyz19\AppData\Local\Temp\ccs9SGz3.s 			page 4


  91 004a 2846     		mov	r0, r5
  92 004c FFF7FEFF 		bl	BMI088_read
  93              	.LVL4:
  45:App/Src/INS.c ****       data_ins.accel_y = accel[1];
  94              		.loc 1 45 7 view .LVU19
  45:App/Src/INS.c ****       data_ins.accel_y = accel[1];
  95              		.loc 1 45 31 is_stmt 0 view .LVU20
  96 0050 D6ED001A 		vldr.32	s3, [r6]
  45:App/Src/INS.c ****       data_ins.accel_y = accel[1];
  97              		.loc 1 45 24 view .LVU21
  98 0054 254C     		ldr	r4, .L7+32
  99 0056 C4ED051A 		vstr.32	s3, [r4, #20]
  46:App/Src/INS.c ****       data_ins.accel_z = accel[2];
 100              		.loc 1 46 7 is_stmt 1 view .LVU22
  46:App/Src/INS.c ****       data_ins.accel_z = accel[2];
 101              		.loc 1 46 31 is_stmt 0 view .LVU23
 102 005a 96ED012A 		vldr.32	s4, [r6, #4]
  46:App/Src/INS.c ****       data_ins.accel_z = accel[2];
 103              		.loc 1 46 24 view .LVU24
 104 005e 84ED062A 		vstr.32	s4, [r4, #24]
  47:App/Src/INS.c ****       data_ins.gyro_p = gyro[0];
 105              		.loc 1 47 7 is_stmt 1 view .LVU25
  47:App/Src/INS.c ****       data_ins.gyro_p = gyro[0];
 106              		.loc 1 47 31 is_stmt 0 view .LVU26
 107 0062 D6ED022A 		vldr.32	s5, [r6, #8]
  47:App/Src/INS.c ****       data_ins.gyro_p = gyro[0];
 108              		.loc 1 47 24 view .LVU27
 109 0066 C4ED072A 		vstr.32	s5, [r4, #28]
  48:App/Src/INS.c ****       data_ins.gyro_y = gyro[1];
 110              		.loc 1 48 7 is_stmt 1 view .LVU28
  48:App/Src/INS.c ****       data_ins.gyro_y = gyro[1];
 111              		.loc 1 48 29 is_stmt 0 view .LVU29
 112 006a 95ED000A 		vldr.32	s0, [r5]
  48:App/Src/INS.c ****       data_ins.gyro_y = gyro[1];
 113              		.loc 1 48 23 view .LVU30
 114 006e 84ED080A 		vstr.32	s0, [r4, #32]
  49:App/Src/INS.c ****       data_ins.gyro_r = gyro[2];
 115              		.loc 1 49 7 is_stmt 1 view .LVU31
  49:App/Src/INS.c ****       data_ins.gyro_r = gyro[2];
 116              		.loc 1 49 29 is_stmt 0 view .LVU32
 117 0072 D5ED010A 		vldr.32	s1, [r5, #4]
  49:App/Src/INS.c ****       data_ins.gyro_r = gyro[2];
 118              		.loc 1 49 23 view .LVU33
 119 0076 C4ED090A 		vstr.32	s1, [r4, #36]
  50:App/Src/INS.c ****       data_ins.temp_imu = temp;
 120              		.loc 1 50 7 is_stmt 1 view .LVU34
  50:App/Src/INS.c ****       data_ins.temp_imu = temp;
 121              		.loc 1 50 29 is_stmt 0 view .LVU35
 122 007a 95ED021A 		vldr.32	s2, [r5, #8]
  50:App/Src/INS.c ****       data_ins.temp_imu = temp;
 123              		.loc 1 50 23 view .LVU36
 124 007e 84ED0A1A 		vstr.32	s2, [r4, #40]
  51:App/Src/INS.c ****       /*获取BMI088数据*/
 125              		.loc 1 51 7 is_stmt 1 view .LVU37
  51:App/Src/INS.c ****       /*获取BMI088数据*/
 126              		.loc 1 51 25 is_stmt 0 view .LVU38
 127 0082 3B68     		ldr	r3, [r7]	@ float
ARM GAS  C:\Users\cyz19\AppData\Local\Temp\ccs9SGz3.s 			page 5


 128 0084 E362     		str	r3, [r4, #44]	@ float
  60:App/Src/INS.c ****       get_angle(INS_quat , &data_ins.yaw , &data_ins.pitch , &data_ins.roll);
 129              		.loc 1 60 7 is_stmt 1 view .LVU39
 130 0086 144D     		ldr	r5, .L7+12
 131 0088 2846     		mov	r0, r5
 132 008a FFF7FEFF 		bl	MahonyAHRSupdateIMU
 133              	.LVL5:
  61:App/Src/INS.c ****       data_ins.yaw = -data_ins.yaw;
 134              		.loc 1 61 7 view .LVU40
 135 008e 04F13803 		add	r3, r4, #56
 136 0092 04F13002 		add	r2, r4, #48
 137 0096 04F13401 		add	r1, r4, #52
 138 009a 2846     		mov	r0, r5
 139 009c FFF7FEFF 		bl	get_angle
 140              	.LVL6:
  62:App/Src/INS.c ****       data_ins.pitch = -data_ins.pitch;
 141              		.loc 1 62 7 view .LVU41
  62:App/Src/INS.c ****       data_ins.pitch = -data_ins.pitch;
 142              		.loc 1 62 31 is_stmt 0 view .LVU42
 143 00a0 D4ED0D7A 		vldr.32	s15, [r4, #52]
  62:App/Src/INS.c ****       data_ins.pitch = -data_ins.pitch;
 144              		.loc 1 62 22 view .LVU43
 145 00a4 F1EE677A 		vneg.f32	s15, s15
  62:App/Src/INS.c ****       data_ins.pitch = -data_ins.pitch;
 146              		.loc 1 62 20 view .LVU44
 147 00a8 C4ED0D7A 		vstr.32	s15, [r4, #52]
  63:App/Src/INS.c ****       /*四元数姿态解算*/
 148              		.loc 1 63 7 is_stmt 1 view .LVU45
  63:App/Src/INS.c ****       /*四元数姿态解算*/
 149              		.loc 1 63 33 is_stmt 0 view .LVU46
 150 00ac 94ED0C7A 		vldr.32	s14, [r4, #48]
  63:App/Src/INS.c ****       /*四元数姿态解算*/
 151              		.loc 1 63 24 view .LVU47
 152 00b0 B1EE477A 		vneg.f32	s14, s14
  63:App/Src/INS.c ****       /*四元数姿态解算*/
 153              		.loc 1 63 22 view .LVU48
 154 00b4 84ED0C7A 		vstr.32	s14, [r4, #48]
  66:App/Src/INS.c ****       {
 155              		.loc 1 66 7 is_stmt 1 view .LVU49
  66:App/Src/INS.c ****       {
 156              		.loc 1 66 19 is_stmt 0 view .LVU50
 157 00b8 084B     		ldr	r3, .L7+16
 158 00ba 1B68     		ldr	r3, [r3]
  66:App/Src/INS.c ****       {
 159              		.loc 1 66 9 view .LVU51
 160 00bc 42F20F72 		movw	r2, #9999
 161 00c0 9342     		cmp	r3, r2
 162 00c2 AADC     		bgt	.L6
  75:App/Src/INS.c ****       }
 163              		.loc 1 75 9 is_stmt 1 view .LVU52
  75:App/Src/INS.c ****       }
 164              		.loc 1 75 18 is_stmt 0 view .LVU53
 165 00c4 0133     		adds	r3, r3, #1
 166 00c6 054A     		ldr	r2, .L7+16
 167 00c8 1360     		str	r3, [r2]
 168 00ca B6E7     		b	.L3
 169              	.L8:
ARM GAS  C:\Users\cyz19\AppData\Local\Temp\ccs9SGz3.s 			page 6


 170              		.align	2
 171              	.L7:
 172 00cc 00000000 		.word	.LANCHOR0
 173 00d0 00000000 		.word	.LANCHOR1
 174 00d4 00000000 		.word	.LANCHOR2
 175 00d8 00000000 		.word	.LANCHOR3
 176 00dc 00000000 		.word	.LANCHOR5
 177 00e0 00000000 		.word	.LANCHOR6
 178 00e4 00000000 		.word	.LANCHOR7
 179 00e8 00000000 		.word	.LANCHOR8
 180 00ec 00000000 		.word	.LANCHOR4
 181              		.cfi_endproc
 182              	.LFE138:
 184              		.global	yaw
 185              		.global	last_yaw
 186              		.global	yaw_D
 187              		.global	INS_quat
 188              		.global	temp
 189              		.global	accel
 190              		.global	gyro
 191              		.global	ist8310_data
 192              		.global	data_ins
 193              		.section	.bss.INS_quat,"aw",%nobits
 194              		.align	2
 195              		.set	.LANCHOR3,. + 0
 198              	INS_quat:
 199 0000 00000000 		.space	16
 199      00000000 
 199      00000000 
 199      00000000 
 200              		.section	.bss.INS_time,"aw",%nobits
 201              		.align	2
 202              		.set	.LANCHOR5,. + 0
 205              	INS_time:
 206 0000 00000000 		.space	4
 207              		.section	.bss.accel,"aw",%nobits
 208              		.align	2
 209              		.set	.LANCHOR1,. + 0
 212              	accel:
 213 0000 00000000 		.space	12
 213      00000000 
 213      00000000 
 214              		.section	.bss.data_ins,"aw",%nobits
 215              		.align	2
 216              		.set	.LANCHOR4,. + 0
 219              	data_ins:
 220 0000 00000000 		.space	60
 220      00000000 
 220      00000000 
 220      00000000 
 220      00000000 
 221              		.section	.bss.gyro,"aw",%nobits
 222              		.align	2
 223              		.set	.LANCHOR2,. + 0
 226              	gyro:
 227 0000 00000000 		.space	12
 227      00000000 
ARM GAS  C:\Users\cyz19\AppData\Local\Temp\ccs9SGz3.s 			page 7


 227      00000000 
 228              		.section	.bss.ist8310_data,"aw",%nobits
 229              		.align	2
 232              	ist8310_data:
 233 0000 00000000 		.space	16
 233      00000000 
 233      00000000 
 233      00000000 
 234              		.section	.bss.last_yaw,"aw",%nobits
 235              		.align	2
 236              		.set	.LANCHOR7,. + 0
 239              	last_yaw:
 240 0000 00000000 		.space	4
 241              		.section	.bss.temp,"aw",%nobits
 242              		.align	2
 243              		.set	.LANCHOR0,. + 0
 246              	temp:
 247 0000 00000000 		.space	4
 248              		.section	.bss.yaw,"aw",%nobits
 249              		.align	2
 250              		.set	.LANCHOR6,. + 0
 253              	yaw:
 254 0000 00000000 		.space	4
 255              		.section	.bss.yaw_D,"aw",%nobits
 256              		.align	2
 257              		.set	.LANCHOR8,. + 0
 260              	yaw_D:
 261 0000 00000000 		.space	4
 262              		.text
 263              	.Letext0:
 264              		.file 2 "App/Inc/INS.h"
 265              		.file 3 "Library/Inc/BMI088.h"
 266              		.file 4 "Middlewares/Third_Party/FreeRTOS/Source/CMSIS_RTOS/cmsis_os.h"
 267              		.file 5 "Library/Inc/MahonyAHRS.h"
ARM GAS  C:\Users\cyz19\AppData\Local\Temp\ccs9SGz3.s 			page 8


DEFINED SYMBOLS
                            *ABS*:00000000 INS.c
C:\Users\cyz19\AppData\Local\Temp\ccs9SGz3.s:20     .text.INS_Task:00000000 $t
C:\Users\cyz19\AppData\Local\Temp\ccs9SGz3.s:26     .text.INS_Task:00000000 INS_Task
C:\Users\cyz19\AppData\Local\Temp\ccs9SGz3.s:172    .text.INS_Task:000000cc $d
C:\Users\cyz19\AppData\Local\Temp\ccs9SGz3.s:253    .bss.yaw:00000000 yaw
C:\Users\cyz19\AppData\Local\Temp\ccs9SGz3.s:239    .bss.last_yaw:00000000 last_yaw
C:\Users\cyz19\AppData\Local\Temp\ccs9SGz3.s:260    .bss.yaw_D:00000000 yaw_D
C:\Users\cyz19\AppData\Local\Temp\ccs9SGz3.s:198    .bss.INS_quat:00000000 INS_quat
C:\Users\cyz19\AppData\Local\Temp\ccs9SGz3.s:246    .bss.temp:00000000 temp
C:\Users\cyz19\AppData\Local\Temp\ccs9SGz3.s:212    .bss.accel:00000000 accel
C:\Users\cyz19\AppData\Local\Temp\ccs9SGz3.s:226    .bss.gyro:00000000 gyro
C:\Users\cyz19\AppData\Local\Temp\ccs9SGz3.s:232    .bss.ist8310_data:00000000 ist8310_data
C:\Users\cyz19\AppData\Local\Temp\ccs9SGz3.s:219    .bss.data_ins:00000000 data_ins
C:\Users\cyz19\AppData\Local\Temp\ccs9SGz3.s:194    .bss.INS_quat:00000000 $d
C:\Users\cyz19\AppData\Local\Temp\ccs9SGz3.s:201    .bss.INS_time:00000000 $d
C:\Users\cyz19\AppData\Local\Temp\ccs9SGz3.s:205    .bss.INS_time:00000000 INS_time
C:\Users\cyz19\AppData\Local\Temp\ccs9SGz3.s:208    .bss.accel:00000000 $d
C:\Users\cyz19\AppData\Local\Temp\ccs9SGz3.s:215    .bss.data_ins:00000000 $d
C:\Users\cyz19\AppData\Local\Temp\ccs9SGz3.s:222    .bss.gyro:00000000 $d
C:\Users\cyz19\AppData\Local\Temp\ccs9SGz3.s:229    .bss.ist8310_data:00000000 $d
C:\Users\cyz19\AppData\Local\Temp\ccs9SGz3.s:235    .bss.last_yaw:00000000 $d
C:\Users\cyz19\AppData\Local\Temp\ccs9SGz3.s:242    .bss.temp:00000000 $d
C:\Users\cyz19\AppData\Local\Temp\ccs9SGz3.s:249    .bss.yaw:00000000 $d
C:\Users\cyz19\AppData\Local\Temp\ccs9SGz3.s:256    .bss.yaw_D:00000000 $d

UNDEFINED SYMBOLS
BMI088_init
BMI088_read
osDelay
MahonyAHRSupdateIMU
get_angle
