ARM GAS  C:\Users\cyz19\AppData\Local\Temp\ccgAs9UY.s 			page 1


   1              		.cpu cortex-m4
   2              		.arch armv7e-m
   3              		.fpu fpv4-sp-d16
   4              		.eabi_attribute 27, 1
   5              		.eabi_attribute 28, 1
   6              		.eabi_attribute 20, 1
   7              		.eabi_attribute 21, 1
   8              		.eabi_attribute 23, 3
   9              		.eabi_attribute 24, 1
  10              		.eabi_attribute 25, 1
  11              		.eabi_attribute 26, 1
  12              		.eabi_attribute 30, 1
  13              		.eabi_attribute 34, 1
  14              		.eabi_attribute 18, 4
  15              		.file	"led.c"
  16              		.text
  17              	.Ltext0:
  18              		.cfi_sections	.debug_frame
  19              		.section	.text.led_R_on,"ax",%progbits
  20              		.align	1
  21              		.global	led_R_on
  22              		.syntax unified
  23              		.thumb
  24              		.thumb_func
  26              	led_R_on:
  27              	.LFB135:
  28              		.file 1 "Library/Src/led.c"
   1:Library/Src/led.c **** #include "led.h"
   2:Library/Src/led.c **** 
   3:Library/Src/led.c **** 
   4:Library/Src/led.c **** /**
   5:Library/Src/led.c ****   * @brief 点亮红色LED
   6:Library/Src/led.c ****   * @param none
   7:Library/Src/led.c ****   * @return none 
   8:Library/Src/led.c ****   */
   9:Library/Src/led.c **** void led_R_on()
  10:Library/Src/led.c **** { 
  29              		.loc 1 10 1 view -0
  30              		.cfi_startproc
  31              		@ args = 0, pretend = 0, frame = 0
  32              		@ frame_needed = 0, uses_anonymous_args = 0
  33 0000 08B5     		push	{r3, lr}
  34              	.LCFI0:
  35              		.cfi_def_cfa_offset 8
  36              		.cfi_offset 3, -8
  37              		.cfi_offset 14, -4
  11:Library/Src/led.c ****     HAL_GPIO_WritePin(LED_R_GPIO_Port, LED_R_Pin, GPIO_PIN_SET);
  38              		.loc 1 11 5 view .LVU1
  39 0002 0122     		movs	r2, #1
  40 0004 4FF48051 		mov	r1, #4096
  41 0008 0148     		ldr	r0, .L3
  42 000a FFF7FEFF 		bl	HAL_GPIO_WritePin
  43              	.LVL0:
  12:Library/Src/led.c **** }
  44              		.loc 1 12 1 is_stmt 0 view .LVU2
  45 000e 08BD     		pop	{r3, pc}
  46              	.L4:
ARM GAS  C:\Users\cyz19\AppData\Local\Temp\ccgAs9UY.s 			page 2


  47              		.align	2
  48              	.L3:
  49 0010 001C0240 		.word	1073880064
  50              		.cfi_endproc
  51              	.LFE135:
  53              		.section	.text.led_G_on,"ax",%progbits
  54              		.align	1
  55              		.global	led_G_on
  56              		.syntax unified
  57              		.thumb
  58              		.thumb_func
  60              	led_G_on:
  61              	.LFB136:
  13:Library/Src/led.c **** 
  14:Library/Src/led.c **** 
  15:Library/Src/led.c **** /**
  16:Library/Src/led.c ****   * @brief 点亮绿色LED
  17:Library/Src/led.c ****   * @param none
  18:Library/Src/led.c ****   * @return none 
  19:Library/Src/led.c ****   */
  20:Library/Src/led.c **** void led_G_on()
  21:Library/Src/led.c **** { 
  62              		.loc 1 21 1 is_stmt 1 view -0
  63              		.cfi_startproc
  64              		@ args = 0, pretend = 0, frame = 0
  65              		@ frame_needed = 0, uses_anonymous_args = 0
  66 0000 08B5     		push	{r3, lr}
  67              	.LCFI1:
  68              		.cfi_def_cfa_offset 8
  69              		.cfi_offset 3, -8
  70              		.cfi_offset 14, -4
  22:Library/Src/led.c ****     HAL_GPIO_WritePin(LED_G_GPIO_Port, LED_G_Pin, GPIO_PIN_SET);
  71              		.loc 1 22 5 view .LVU4
  72 0002 0122     		movs	r2, #1
  73 0004 4FF40061 		mov	r1, #2048
  74 0008 0148     		ldr	r0, .L7
  75 000a FFF7FEFF 		bl	HAL_GPIO_WritePin
  76              	.LVL1:
  23:Library/Src/led.c **** }
  77              		.loc 1 23 1 is_stmt 0 view .LVU5
  78 000e 08BD     		pop	{r3, pc}
  79              	.L8:
  80              		.align	2
  81              	.L7:
  82 0010 001C0240 		.word	1073880064
  83              		.cfi_endproc
  84              	.LFE136:
  86              		.section	.text.led_B_on,"ax",%progbits
  87              		.align	1
  88              		.global	led_B_on
  89              		.syntax unified
  90              		.thumb
  91              		.thumb_func
  93              	led_B_on:
  94              	.LFB137:
  24:Library/Src/led.c **** 
  25:Library/Src/led.c **** 
ARM GAS  C:\Users\cyz19\AppData\Local\Temp\ccgAs9UY.s 			page 3


  26:Library/Src/led.c **** /**
  27:Library/Src/led.c ****   * @brief 点亮蓝色LED
  28:Library/Src/led.c ****   * @param none
  29:Library/Src/led.c ****   * @return none 
  30:Library/Src/led.c ****   */
  31:Library/Src/led.c **** void led_B_on()
  32:Library/Src/led.c **** { 
  95              		.loc 1 32 1 is_stmt 1 view -0
  96              		.cfi_startproc
  97              		@ args = 0, pretend = 0, frame = 0
  98              		@ frame_needed = 0, uses_anonymous_args = 0
  99 0000 08B5     		push	{r3, lr}
 100              	.LCFI2:
 101              		.cfi_def_cfa_offset 8
 102              		.cfi_offset 3, -8
 103              		.cfi_offset 14, -4
  33:Library/Src/led.c ****     HAL_GPIO_WritePin(LED_B_GPIO_Port, LED_B_Pin, GPIO_PIN_SET);
 104              		.loc 1 33 5 view .LVU7
 105 0002 0122     		movs	r2, #1
 106 0004 4FF48061 		mov	r1, #1024
 107 0008 0148     		ldr	r0, .L11
 108 000a FFF7FEFF 		bl	HAL_GPIO_WritePin
 109              	.LVL2:
  34:Library/Src/led.c **** }
 110              		.loc 1 34 1 is_stmt 0 view .LVU8
 111 000e 08BD     		pop	{r3, pc}
 112              	.L12:
 113              		.align	2
 114              	.L11:
 115 0010 001C0240 		.word	1073880064
 116              		.cfi_endproc
 117              	.LFE137:
 119              		.section	.text.led_R_off,"ax",%progbits
 120              		.align	1
 121              		.global	led_R_off
 122              		.syntax unified
 123              		.thumb
 124              		.thumb_func
 126              	led_R_off:
 127              	.LFB138:
  35:Library/Src/led.c **** 
  36:Library/Src/led.c **** 
  37:Library/Src/led.c **** /**
  38:Library/Src/led.c ****   * @brief 熄灭红色LED
  39:Library/Src/led.c ****   * @param none
  40:Library/Src/led.c ****   * @return none 
  41:Library/Src/led.c ****   */
  42:Library/Src/led.c **** void led_R_off()
  43:Library/Src/led.c **** { 
 128              		.loc 1 43 1 is_stmt 1 view -0
 129              		.cfi_startproc
 130              		@ args = 0, pretend = 0, frame = 0
 131              		@ frame_needed = 0, uses_anonymous_args = 0
 132 0000 08B5     		push	{r3, lr}
 133              	.LCFI3:
 134              		.cfi_def_cfa_offset 8
 135              		.cfi_offset 3, -8
ARM GAS  C:\Users\cyz19\AppData\Local\Temp\ccgAs9UY.s 			page 4


 136              		.cfi_offset 14, -4
  44:Library/Src/led.c ****     HAL_GPIO_WritePin(LED_R_GPIO_Port, LED_R_Pin, GPIO_PIN_RESET);
 137              		.loc 1 44 5 view .LVU10
 138 0002 0022     		movs	r2, #0
 139 0004 4FF48051 		mov	r1, #4096
 140 0008 0148     		ldr	r0, .L15
 141 000a FFF7FEFF 		bl	HAL_GPIO_WritePin
 142              	.LVL3:
  45:Library/Src/led.c **** }
 143              		.loc 1 45 1 is_stmt 0 view .LVU11
 144 000e 08BD     		pop	{r3, pc}
 145              	.L16:
 146              		.align	2
 147              	.L15:
 148 0010 001C0240 		.word	1073880064
 149              		.cfi_endproc
 150              	.LFE138:
 152              		.section	.text.led_G_off,"ax",%progbits
 153              		.align	1
 154              		.global	led_G_off
 155              		.syntax unified
 156              		.thumb
 157              		.thumb_func
 159              	led_G_off:
 160              	.LFB139:
  46:Library/Src/led.c **** 
  47:Library/Src/led.c **** 
  48:Library/Src/led.c **** /**
  49:Library/Src/led.c ****   * @brief 熄灭绿色LED
  50:Library/Src/led.c ****   * @param none
  51:Library/Src/led.c ****   * @return none 
  52:Library/Src/led.c ****   */
  53:Library/Src/led.c **** void led_G_off()
  54:Library/Src/led.c **** { 
 161              		.loc 1 54 1 is_stmt 1 view -0
 162              		.cfi_startproc
 163              		@ args = 0, pretend = 0, frame = 0
 164              		@ frame_needed = 0, uses_anonymous_args = 0
 165 0000 08B5     		push	{r3, lr}
 166              	.LCFI4:
 167              		.cfi_def_cfa_offset 8
 168              		.cfi_offset 3, -8
 169              		.cfi_offset 14, -4
  55:Library/Src/led.c ****     HAL_GPIO_WritePin(LED_G_GPIO_Port, LED_G_Pin, GPIO_PIN_RESET);
 170              		.loc 1 55 5 view .LVU13
 171 0002 0022     		movs	r2, #0
 172 0004 4FF40061 		mov	r1, #2048
 173 0008 0148     		ldr	r0, .L19
 174 000a FFF7FEFF 		bl	HAL_GPIO_WritePin
 175              	.LVL4:
  56:Library/Src/led.c **** }
 176              		.loc 1 56 1 is_stmt 0 view .LVU14
 177 000e 08BD     		pop	{r3, pc}
 178              	.L20:
 179              		.align	2
 180              	.L19:
 181 0010 001C0240 		.word	1073880064
ARM GAS  C:\Users\cyz19\AppData\Local\Temp\ccgAs9UY.s 			page 5


 182              		.cfi_endproc
 183              	.LFE139:
 185              		.section	.text.led_B_off,"ax",%progbits
 186              		.align	1
 187              		.global	led_B_off
 188              		.syntax unified
 189              		.thumb
 190              		.thumb_func
 192              	led_B_off:
 193              	.LFB140:
  57:Library/Src/led.c **** 
  58:Library/Src/led.c **** 
  59:Library/Src/led.c **** /**
  60:Library/Src/led.c ****   * @brief 熄灭蓝色LED
  61:Library/Src/led.c ****   * @param none
  62:Library/Src/led.c ****   * @return none 
  63:Library/Src/led.c ****   */
  64:Library/Src/led.c **** void led_B_off()
  65:Library/Src/led.c **** { 
 194              		.loc 1 65 1 is_stmt 1 view -0
 195              		.cfi_startproc
 196              		@ args = 0, pretend = 0, frame = 0
 197              		@ frame_needed = 0, uses_anonymous_args = 0
 198 0000 08B5     		push	{r3, lr}
 199              	.LCFI5:
 200              		.cfi_def_cfa_offset 8
 201              		.cfi_offset 3, -8
 202              		.cfi_offset 14, -4
  66:Library/Src/led.c ****     HAL_GPIO_WritePin(LED_B_GPIO_Port, LED_B_Pin, GPIO_PIN_RESET);
 203              		.loc 1 66 5 view .LVU16
 204 0002 0022     		movs	r2, #0
 205 0004 4FF48061 		mov	r1, #1024
 206 0008 0148     		ldr	r0, .L23
 207 000a FFF7FEFF 		bl	HAL_GPIO_WritePin
 208              	.LVL5:
  67:Library/Src/led.c **** }
 209              		.loc 1 67 1 is_stmt 0 view .LVU17
 210 000e 08BD     		pop	{r3, pc}
 211              	.L24:
 212              		.align	2
 213              	.L23:
 214 0010 001C0240 		.word	1073880064
 215              		.cfi_endproc
 216              	.LFE140:
 218              		.section	.text.led_R_flicker,"ax",%progbits
 219              		.align	1
 220              		.global	led_R_flicker
 221              		.syntax unified
 222              		.thumb
 223              		.thumb_func
 225              	led_R_flicker:
 226              	.LVL6:
 227              	.LFB141:
  68:Library/Src/led.c **** 
  69:Library/Src/led.c **** 
  70:Library/Src/led.c **** /**
  71:Library/Src/led.c ****  * @brief 闪烁红色LED
ARM GAS  C:\Users\cyz19\AppData\Local\Temp\ccgAs9UY.s 			page 6


  72:Library/Src/led.c ****  * @param time_on     单周期点亮时间
  73:Library/Src/led.c ****  * @param time_off    单周期熄灭时间
  74:Library/Src/led.c ****  * @param time        循环次数
  75:Library/Src/led.c ****  * @return none 
  76:Library/Src/led.c ****  */
  77:Library/Src/led.c **** void led_R_flicker(int16_t time_on , int16_t time_off , int16_t time)
  78:Library/Src/led.c **** { 
 228              		.loc 1 78 1 is_stmt 1 view -0
 229              		.cfi_startproc
 230              		@ args = 0, pretend = 0, frame = 0
 231              		@ frame_needed = 0, uses_anonymous_args = 0
 232              		.loc 1 78 1 is_stmt 0 view .LVU19
 233 0000 F8B5     		push	{r3, r4, r5, r6, r7, lr}
 234              	.LCFI6:
 235              		.cfi_def_cfa_offset 24
 236              		.cfi_offset 3, -24
 237              		.cfi_offset 4, -20
 238              		.cfi_offset 5, -16
 239              		.cfi_offset 6, -12
 240              		.cfi_offset 7, -8
 241              		.cfi_offset 14, -4
 242 0002 0746     		mov	r7, r0
 243 0004 0E46     		mov	r6, r1
 244 0006 1546     		mov	r5, r2
  79:Library/Src/led.c ****   static int i;
 245              		.loc 1 79 3 is_stmt 1 view .LVU20
  80:Library/Src/led.c ****   for(i = 0 ; i < time ; i ++)
 246              		.loc 1 80 3 view .LVU21
 247              		.loc 1 80 9 is_stmt 0 view .LVU22
 248 0008 0F4B     		ldr	r3, .L29
 249 000a 0022     		movs	r2, #0
 250              	.LVL7:
 251              		.loc 1 80 9 view .LVU23
 252 000c 1A60     		str	r2, [r3]
 253              		.loc 1 80 3 view .LVU24
 254 000e 16E0     		b	.L26
 255              	.LVL8:
 256              	.L27:
  81:Library/Src/led.c ****   {
  82:Library/Src/led.c ****       HAL_GPIO_WritePin(LED_R_GPIO_Port, LED_R_Pin, GPIO_PIN_SET);
 257              		.loc 1 82 7 is_stmt 1 discriminator 3 view .LVU25
 258 0010 0E4C     		ldr	r4, .L29+4
 259 0012 0122     		movs	r2, #1
 260 0014 4FF48051 		mov	r1, #4096
 261 0018 2046     		mov	r0, r4
 262 001a FFF7FEFF 		bl	HAL_GPIO_WritePin
 263              	.LVL9:
  83:Library/Src/led.c ****       osDelay(time_on);
 264              		.loc 1 83 7 discriminator 3 view .LVU26
 265 001e 3846     		mov	r0, r7
 266 0020 FFF7FEFF 		bl	osDelay
 267              	.LVL10:
  84:Library/Src/led.c ****       HAL_GPIO_WritePin(LED_R_GPIO_Port, LED_R_Pin, GPIO_PIN_RESET);
 268              		.loc 1 84 7 discriminator 3 view .LVU27
 269 0024 0022     		movs	r2, #0
 270 0026 4FF48051 		mov	r1, #4096
 271 002a 2046     		mov	r0, r4
ARM GAS  C:\Users\cyz19\AppData\Local\Temp\ccgAs9UY.s 			page 7


 272 002c FFF7FEFF 		bl	HAL_GPIO_WritePin
 273              	.LVL11:
  85:Library/Src/led.c ****       osDelay(time_off);
 274              		.loc 1 85 7 discriminator 3 view .LVU28
 275 0030 3046     		mov	r0, r6
 276 0032 FFF7FEFF 		bl	osDelay
 277              	.LVL12:
  80:Library/Src/led.c ****   {
 278              		.loc 1 80 26 discriminator 3 view .LVU29
  80:Library/Src/led.c ****   {
 279              		.loc 1 80 28 is_stmt 0 discriminator 3 view .LVU30
 280 0036 044C     		ldr	r4, .L29
 281 0038 2368     		ldr	r3, [r4]
 282 003a 0133     		adds	r3, r3, #1
 283 003c 2360     		str	r3, [r4]
 284              	.L26:
  80:Library/Src/led.c ****   {
 285              		.loc 1 80 15 is_stmt 1 discriminator 1 view .LVU31
  80:Library/Src/led.c ****   {
 286              		.loc 1 80 17 is_stmt 0 discriminator 1 view .LVU32
 287 003e 024B     		ldr	r3, .L29
 288 0040 1B68     		ldr	r3, [r3]
  80:Library/Src/led.c ****   {
 289              		.loc 1 80 3 discriminator 1 view .LVU33
 290 0042 9D42     		cmp	r5, r3
 291 0044 E4DC     		bgt	.L27
  86:Library/Src/led.c ****   }  
  87:Library/Src/led.c **** }
 292              		.loc 1 87 1 view .LVU34
 293 0046 F8BD     		pop	{r3, r4, r5, r6, r7, pc}
 294              	.L30:
 295              		.align	2
 296              	.L29:
 297 0048 00000000 		.word	.LANCHOR0
 298 004c 001C0240 		.word	1073880064
 299              		.cfi_endproc
 300              	.LFE141:
 302              		.section	.text.led_G_flicker,"ax",%progbits
 303              		.align	1
 304              		.global	led_G_flicker
 305              		.syntax unified
 306              		.thumb
 307              		.thumb_func
 309              	led_G_flicker:
 310              	.LVL13:
 311              	.LFB142:
  88:Library/Src/led.c **** 
  89:Library/Src/led.c **** 
  90:Library/Src/led.c **** /**
  91:Library/Src/led.c ****  * @brief 闪烁绿色LED
  92:Library/Src/led.c ****  * @param time_on     单周期点亮时间
  93:Library/Src/led.c ****  * @param time_off    单周期熄灭时间
  94:Library/Src/led.c ****  * @param time        循环次数
  95:Library/Src/led.c ****  * @return none 
  96:Library/Src/led.c ****  */
  97:Library/Src/led.c **** void led_G_flicker(int16_t time_on , int16_t time_off , int16_t time)
  98:Library/Src/led.c **** { 
ARM GAS  C:\Users\cyz19\AppData\Local\Temp\ccgAs9UY.s 			page 8


 312              		.loc 1 98 1 is_stmt 1 view -0
 313              		.cfi_startproc
 314              		@ args = 0, pretend = 0, frame = 0
 315              		@ frame_needed = 0, uses_anonymous_args = 0
 316              		.loc 1 98 1 is_stmt 0 view .LVU36
 317 0000 F8B5     		push	{r3, r4, r5, r6, r7, lr}
 318              	.LCFI7:
 319              		.cfi_def_cfa_offset 24
 320              		.cfi_offset 3, -24
 321              		.cfi_offset 4, -20
 322              		.cfi_offset 5, -16
 323              		.cfi_offset 6, -12
 324              		.cfi_offset 7, -8
 325              		.cfi_offset 14, -4
 326 0002 0746     		mov	r7, r0
 327 0004 0E46     		mov	r6, r1
 328 0006 1546     		mov	r5, r2
  99:Library/Src/led.c ****   static int i;
 329              		.loc 1 99 3 is_stmt 1 view .LVU37
 100:Library/Src/led.c ****   for(i = 0 ; i < time ; i ++)
 330              		.loc 1 100 3 view .LVU38
 331              		.loc 1 100 9 is_stmt 0 view .LVU39
 332 0008 0F4B     		ldr	r3, .L35
 333 000a 0022     		movs	r2, #0
 334              	.LVL14:
 335              		.loc 1 100 9 view .LVU40
 336 000c 1A60     		str	r2, [r3]
 337              		.loc 1 100 3 view .LVU41
 338 000e 16E0     		b	.L32
 339              	.LVL15:
 340              	.L33:
 101:Library/Src/led.c ****   {
 102:Library/Src/led.c ****       HAL_GPIO_WritePin(LED_G_GPIO_Port, LED_G_Pin, GPIO_PIN_SET);
 341              		.loc 1 102 7 is_stmt 1 discriminator 3 view .LVU42
 342 0010 0E4C     		ldr	r4, .L35+4
 343 0012 0122     		movs	r2, #1
 344 0014 4FF40061 		mov	r1, #2048
 345 0018 2046     		mov	r0, r4
 346 001a FFF7FEFF 		bl	HAL_GPIO_WritePin
 347              	.LVL16:
 103:Library/Src/led.c ****       osDelay(time_on);
 348              		.loc 1 103 7 discriminator 3 view .LVU43
 349 001e 3846     		mov	r0, r7
 350 0020 FFF7FEFF 		bl	osDelay
 351              	.LVL17:
 104:Library/Src/led.c ****       HAL_GPIO_WritePin(LED_G_GPIO_Port, LED_G_Pin, GPIO_PIN_RESET);
 352              		.loc 1 104 7 discriminator 3 view .LVU44
 353 0024 0022     		movs	r2, #0
 354 0026 4FF40061 		mov	r1, #2048
 355 002a 2046     		mov	r0, r4
 356 002c FFF7FEFF 		bl	HAL_GPIO_WritePin
 357              	.LVL18:
 105:Library/Src/led.c ****       osDelay(time_off);
 358              		.loc 1 105 7 discriminator 3 view .LVU45
 359 0030 3046     		mov	r0, r6
 360 0032 FFF7FEFF 		bl	osDelay
 361              	.LVL19:
ARM GAS  C:\Users\cyz19\AppData\Local\Temp\ccgAs9UY.s 			page 9


 100:Library/Src/led.c ****   {
 362              		.loc 1 100 26 discriminator 3 view .LVU46
 100:Library/Src/led.c ****   {
 363              		.loc 1 100 28 is_stmt 0 discriminator 3 view .LVU47
 364 0036 044C     		ldr	r4, .L35
 365 0038 2368     		ldr	r3, [r4]
 366 003a 0133     		adds	r3, r3, #1
 367 003c 2360     		str	r3, [r4]
 368              	.L32:
 100:Library/Src/led.c ****   {
 369              		.loc 1 100 15 is_stmt 1 discriminator 1 view .LVU48
 100:Library/Src/led.c ****   {
 370              		.loc 1 100 17 is_stmt 0 discriminator 1 view .LVU49
 371 003e 024B     		ldr	r3, .L35
 372 0040 1B68     		ldr	r3, [r3]
 100:Library/Src/led.c ****   {
 373              		.loc 1 100 3 discriminator 1 view .LVU50
 374 0042 9D42     		cmp	r5, r3
 375 0044 E4DC     		bgt	.L33
 106:Library/Src/led.c ****   }  
 107:Library/Src/led.c **** }
 376              		.loc 1 107 1 view .LVU51
 377 0046 F8BD     		pop	{r3, r4, r5, r6, r7, pc}
 378              	.L36:
 379              		.align	2
 380              	.L35:
 381 0048 00000000 		.word	.LANCHOR1
 382 004c 001C0240 		.word	1073880064
 383              		.cfi_endproc
 384              	.LFE142:
 386              		.section	.text.led_B_flicker,"ax",%progbits
 387              		.align	1
 388              		.global	led_B_flicker
 389              		.syntax unified
 390              		.thumb
 391              		.thumb_func
 393              	led_B_flicker:
 394              	.LVL20:
 395              	.LFB143:
 108:Library/Src/led.c **** 
 109:Library/Src/led.c **** 
 110:Library/Src/led.c **** /**
 111:Library/Src/led.c ****  * @brief 闪烁蓝色LED
 112:Library/Src/led.c ****  * @param time_on     单周期点亮时间
 113:Library/Src/led.c ****  * @param time_off    单周期熄灭时间
 114:Library/Src/led.c ****  * @param time        循环次数
 115:Library/Src/led.c ****  * @return none 
 116:Library/Src/led.c ****  */
 117:Library/Src/led.c **** void led_B_flicker(int16_t time_on , int16_t time_off , int16_t time)
 118:Library/Src/led.c **** { 
 396              		.loc 1 118 1 is_stmt 1 view -0
 397              		.cfi_startproc
 398              		@ args = 0, pretend = 0, frame = 0
 399              		@ frame_needed = 0, uses_anonymous_args = 0
 400              		.loc 1 118 1 is_stmt 0 view .LVU53
 401 0000 F8B5     		push	{r3, r4, r5, r6, r7, lr}
 402              	.LCFI8:
ARM GAS  C:\Users\cyz19\AppData\Local\Temp\ccgAs9UY.s 			page 10


 403              		.cfi_def_cfa_offset 24
 404              		.cfi_offset 3, -24
 405              		.cfi_offset 4, -20
 406              		.cfi_offset 5, -16
 407              		.cfi_offset 6, -12
 408              		.cfi_offset 7, -8
 409              		.cfi_offset 14, -4
 410 0002 0746     		mov	r7, r0
 411 0004 0E46     		mov	r6, r1
 412 0006 1546     		mov	r5, r2
 119:Library/Src/led.c ****   static int i;
 413              		.loc 1 119 3 is_stmt 1 view .LVU54
 120:Library/Src/led.c ****   for(i = 0 ; i < time ; i ++)
 414              		.loc 1 120 3 view .LVU55
 415              		.loc 1 120 9 is_stmt 0 view .LVU56
 416 0008 0F4B     		ldr	r3, .L41
 417 000a 0022     		movs	r2, #0
 418              	.LVL21:
 419              		.loc 1 120 9 view .LVU57
 420 000c 1A60     		str	r2, [r3]
 421              		.loc 1 120 3 view .LVU58
 422 000e 16E0     		b	.L38
 423              	.LVL22:
 424              	.L39:
 121:Library/Src/led.c ****   {
 122:Library/Src/led.c ****       HAL_GPIO_WritePin(LED_B_GPIO_Port, LED_B_Pin, GPIO_PIN_SET);
 425              		.loc 1 122 7 is_stmt 1 discriminator 3 view .LVU59
 426 0010 0E4C     		ldr	r4, .L41+4
 427 0012 0122     		movs	r2, #1
 428 0014 4FF48061 		mov	r1, #1024
 429 0018 2046     		mov	r0, r4
 430 001a FFF7FEFF 		bl	HAL_GPIO_WritePin
 431              	.LVL23:
 123:Library/Src/led.c ****       osDelay(time_on);
 432              		.loc 1 123 7 discriminator 3 view .LVU60
 433 001e 3846     		mov	r0, r7
 434 0020 FFF7FEFF 		bl	osDelay
 435              	.LVL24:
 124:Library/Src/led.c ****       HAL_GPIO_WritePin(LED_B_GPIO_Port, LED_B_Pin, GPIO_PIN_RESET);
 436              		.loc 1 124 7 discriminator 3 view .LVU61
 437 0024 0022     		movs	r2, #0
 438 0026 4FF48061 		mov	r1, #1024
 439 002a 2046     		mov	r0, r4
 440 002c FFF7FEFF 		bl	HAL_GPIO_WritePin
 441              	.LVL25:
 125:Library/Src/led.c ****       osDelay(time_off);
 442              		.loc 1 125 7 discriminator 3 view .LVU62
 443 0030 3046     		mov	r0, r6
 444 0032 FFF7FEFF 		bl	osDelay
 445              	.LVL26:
 120:Library/Src/led.c ****   {
 446              		.loc 1 120 26 discriminator 3 view .LVU63
 120:Library/Src/led.c ****   {
 447              		.loc 1 120 28 is_stmt 0 discriminator 3 view .LVU64
 448 0036 044C     		ldr	r4, .L41
 449 0038 2368     		ldr	r3, [r4]
 450 003a 0133     		adds	r3, r3, #1
ARM GAS  C:\Users\cyz19\AppData\Local\Temp\ccgAs9UY.s 			page 11


 451 003c 2360     		str	r3, [r4]
 452              	.L38:
 120:Library/Src/led.c ****   {
 453              		.loc 1 120 15 is_stmt 1 discriminator 1 view .LVU65
 120:Library/Src/led.c ****   {
 454              		.loc 1 120 17 is_stmt 0 discriminator 1 view .LVU66
 455 003e 024B     		ldr	r3, .L41
 456 0040 1B68     		ldr	r3, [r3]
 120:Library/Src/led.c ****   {
 457              		.loc 1 120 3 discriminator 1 view .LVU67
 458 0042 9D42     		cmp	r5, r3
 459 0044 E4DC     		bgt	.L39
 126:Library/Src/led.c ****   }  
 127:Library/Src/led.c **** }
 460              		.loc 1 127 1 view .LVU68
 461 0046 F8BD     		pop	{r3, r4, r5, r6, r7, pc}
 462              	.L42:
 463              		.align	2
 464              	.L41:
 465 0048 00000000 		.word	.LANCHOR2
 466 004c 001C0240 		.word	1073880064
 467              		.cfi_endproc
 468              	.LFE143:
 470              		.section	.bss.i.0,"aw",%nobits
 471              		.align	2
 472              		.set	.LANCHOR2,. + 0
 475              	i.0:
 476 0000 00000000 		.space	4
 477              		.section	.bss.i.1,"aw",%nobits
 478              		.align	2
 479              		.set	.LANCHOR1,. + 0
 482              	i.1:
 483 0000 00000000 		.space	4
 484              		.section	.bss.i.2,"aw",%nobits
 485              		.align	2
 486              		.set	.LANCHOR0,. + 0
 489              	i.2:
 490 0000 00000000 		.space	4
 491              		.text
 492              	.Letext0:
 493              		.file 2 "c:\\program files (x86)\\gnu arm embedded toolchain\\10 2021.10\\arm-none-eabi\\include\\
 494              		.file 3 "c:\\program files (x86)\\gnu arm embedded toolchain\\10 2021.10\\arm-none-eabi\\include\\
 495              		.file 4 "Drivers/CMSIS/Device/ST/STM32F4xx/Include/stm32f407xx.h"
 496              		.file 5 "Drivers/STM32F4xx_HAL_Driver/Inc/stm32f4xx_hal_gpio.h"
 497              		.file 6 "Middlewares/Third_Party/FreeRTOS/Source/CMSIS_RTOS/cmsis_os.h"
ARM GAS  C:\Users\cyz19\AppData\Local\Temp\ccgAs9UY.s 			page 12


DEFINED SYMBOLS
                            *ABS*:00000000 led.c
C:\Users\cyz19\AppData\Local\Temp\ccgAs9UY.s:20     .text.led_R_on:00000000 $t
C:\Users\cyz19\AppData\Local\Temp\ccgAs9UY.s:26     .text.led_R_on:00000000 led_R_on
C:\Users\cyz19\AppData\Local\Temp\ccgAs9UY.s:49     .text.led_R_on:00000010 $d
C:\Users\cyz19\AppData\Local\Temp\ccgAs9UY.s:54     .text.led_G_on:00000000 $t
C:\Users\cyz19\AppData\Local\Temp\ccgAs9UY.s:60     .text.led_G_on:00000000 led_G_on
C:\Users\cyz19\AppData\Local\Temp\ccgAs9UY.s:82     .text.led_G_on:00000010 $d
C:\Users\cyz19\AppData\Local\Temp\ccgAs9UY.s:87     .text.led_B_on:00000000 $t
C:\Users\cyz19\AppData\Local\Temp\ccgAs9UY.s:93     .text.led_B_on:00000000 led_B_on
C:\Users\cyz19\AppData\Local\Temp\ccgAs9UY.s:115    .text.led_B_on:00000010 $d
C:\Users\cyz19\AppData\Local\Temp\ccgAs9UY.s:120    .text.led_R_off:00000000 $t
C:\Users\cyz19\AppData\Local\Temp\ccgAs9UY.s:126    .text.led_R_off:00000000 led_R_off
C:\Users\cyz19\AppData\Local\Temp\ccgAs9UY.s:148    .text.led_R_off:00000010 $d
C:\Users\cyz19\AppData\Local\Temp\ccgAs9UY.s:153    .text.led_G_off:00000000 $t
C:\Users\cyz19\AppData\Local\Temp\ccgAs9UY.s:159    .text.led_G_off:00000000 led_G_off
C:\Users\cyz19\AppData\Local\Temp\ccgAs9UY.s:181    .text.led_G_off:00000010 $d
C:\Users\cyz19\AppData\Local\Temp\ccgAs9UY.s:186    .text.led_B_off:00000000 $t
C:\Users\cyz19\AppData\Local\Temp\ccgAs9UY.s:192    .text.led_B_off:00000000 led_B_off
C:\Users\cyz19\AppData\Local\Temp\ccgAs9UY.s:214    .text.led_B_off:00000010 $d
C:\Users\cyz19\AppData\Local\Temp\ccgAs9UY.s:219    .text.led_R_flicker:00000000 $t
C:\Users\cyz19\AppData\Local\Temp\ccgAs9UY.s:225    .text.led_R_flicker:00000000 led_R_flicker
C:\Users\cyz19\AppData\Local\Temp\ccgAs9UY.s:297    .text.led_R_flicker:00000048 $d
C:\Users\cyz19\AppData\Local\Temp\ccgAs9UY.s:303    .text.led_G_flicker:00000000 $t
C:\Users\cyz19\AppData\Local\Temp\ccgAs9UY.s:309    .text.led_G_flicker:00000000 led_G_flicker
C:\Users\cyz19\AppData\Local\Temp\ccgAs9UY.s:381    .text.led_G_flicker:00000048 $d
C:\Users\cyz19\AppData\Local\Temp\ccgAs9UY.s:387    .text.led_B_flicker:00000000 $t
C:\Users\cyz19\AppData\Local\Temp\ccgAs9UY.s:393    .text.led_B_flicker:00000000 led_B_flicker
C:\Users\cyz19\AppData\Local\Temp\ccgAs9UY.s:465    .text.led_B_flicker:00000048 $d
C:\Users\cyz19\AppData\Local\Temp\ccgAs9UY.s:471    .bss.i.0:00000000 $d
C:\Users\cyz19\AppData\Local\Temp\ccgAs9UY.s:475    .bss.i.0:00000000 i.0
C:\Users\cyz19\AppData\Local\Temp\ccgAs9UY.s:478    .bss.i.1:00000000 $d
C:\Users\cyz19\AppData\Local\Temp\ccgAs9UY.s:482    .bss.i.1:00000000 i.1
C:\Users\cyz19\AppData\Local\Temp\ccgAs9UY.s:485    .bss.i.2:00000000 $d
C:\Users\cyz19\AppData\Local\Temp\ccgAs9UY.s:489    .bss.i.2:00000000 i.2

UNDEFINED SYMBOLS
HAL_GPIO_WritePin
osDelay
