ARM GAS  C:\Users\cyz19\AppData\Local\Temp\ccXAKO1i.s 			page 1


   1              		.cpu cortex-m4
   2              		.arch armv7e-m
   3              		.fpu fpv4-sp-d16
   4              		.eabi_attribute 27, 1
   5              		.eabi_attribute 28, 1
   6              		.eabi_attribute 20, 1
   7              		.eabi_attribute 21, 1
   8              		.eabi_attribute 23, 3
   9              		.eabi_attribute 24, 1
  10              		.eabi_attribute 25, 1
  11              		.eabi_attribute 26, 1
  12              		.eabi_attribute 30, 1
  13              		.eabi_attribute 34, 1
  14              		.eabi_attribute 18, 4
  15              		.file	"main.c"
  16              		.text
  17              	.Ltext0:
  18              		.cfi_sections	.debug_frame
  19              		.section	.text.Error_Handler,"ax",%progbits
  20              		.align	1
  21              		.global	Error_Handler
  22              		.syntax unified
  23              		.thumb
  24              		.thumb_func
  26              	Error_Handler:
  27              	.LFB137:
  28              		.file 1 "Core/Src/main.c"
   1:Core/Src/main.c **** /* USER CODE BEGIN Header */
   2:Core/Src/main.c **** /**
   3:Core/Src/main.c ****   ******************************************************************************
   4:Core/Src/main.c ****   * @file           : main.c
   5:Core/Src/main.c ****   * @brief          : Main program body
   6:Core/Src/main.c ****   ******************************************************************************
   7:Core/Src/main.c ****   * @attention
   8:Core/Src/main.c ****   *
   9:Core/Src/main.c ****   * Copyright (c) 2024 STMicroelectronics.
  10:Core/Src/main.c ****   * All rights reserved.
  11:Core/Src/main.c ****   *
  12:Core/Src/main.c ****   * This software is licensed under terms that can be found in the LICENSE file
  13:Core/Src/main.c ****   * in the root directory of this software component.
  14:Core/Src/main.c ****   * If no LICENSE file comes with this software, it is provided AS-IS.
  15:Core/Src/main.c ****   *
  16:Core/Src/main.c ****   ******************************************************************************
  17:Core/Src/main.c ****   */
  18:Core/Src/main.c **** /* USER CODE END Header */
  19:Core/Src/main.c **** /* Includes ------------------------------------------------------------------*/
  20:Core/Src/main.c **** #include "main.h"
  21:Core/Src/main.c **** #include "cmsis_os.h"
  22:Core/Src/main.c **** #include "can.h"
  23:Core/Src/main.c **** #include "dma.h"
  24:Core/Src/main.c **** #include "i2c.h"
  25:Core/Src/main.c **** #include "spi.h"
  26:Core/Src/main.c **** #include "tim.h"
  27:Core/Src/main.c **** #include "usart.h"
  28:Core/Src/main.c **** #include "gpio.h"
  29:Core/Src/main.c **** 
  30:Core/Src/main.c **** /* Private includes ----------------------------------------------------------*/
ARM GAS  C:\Users\cyz19\AppData\Local\Temp\ccXAKO1i.s 			page 2


  31:Core/Src/main.c **** /* USER CODE BEGIN Includes */
  32:Core/Src/main.c **** 
  33:Core/Src/main.c **** /* USER CODE END Includes */
  34:Core/Src/main.c **** 
  35:Core/Src/main.c **** /* Private typedef -----------------------------------------------------------*/
  36:Core/Src/main.c **** /* USER CODE BEGIN PTD */
  37:Core/Src/main.c **** 
  38:Core/Src/main.c **** /* USER CODE END PTD */
  39:Core/Src/main.c **** 
  40:Core/Src/main.c **** /* Private define ------------------------------------------------------------*/
  41:Core/Src/main.c **** /* USER CODE BEGIN PD */
  42:Core/Src/main.c **** /* USER CODE END PD */
  43:Core/Src/main.c **** 
  44:Core/Src/main.c **** /* Private macro -------------------------------------------------------------*/
  45:Core/Src/main.c **** /* USER CODE BEGIN PM */
  46:Core/Src/main.c **** 
  47:Core/Src/main.c **** /* USER CODE END PM */
  48:Core/Src/main.c **** 
  49:Core/Src/main.c **** /* Private variables ---------------------------------------------------------*/
  50:Core/Src/main.c **** 
  51:Core/Src/main.c **** /* USER CODE BEGIN PV */
  52:Core/Src/main.c **** 
  53:Core/Src/main.c **** /* USER CODE END PV */
  54:Core/Src/main.c **** 
  55:Core/Src/main.c **** /* Private function prototypes -----------------------------------------------*/
  56:Core/Src/main.c **** void SystemClock_Config(void);
  57:Core/Src/main.c **** void MX_FREERTOS_Init(void);
  58:Core/Src/main.c **** /* USER CODE BEGIN PFP */
  59:Core/Src/main.c **** 
  60:Core/Src/main.c **** /* USER CODE END PFP */
  61:Core/Src/main.c **** 
  62:Core/Src/main.c **** /* Private user code ---------------------------------------------------------*/
  63:Core/Src/main.c **** /* USER CODE BEGIN 0 */
  64:Core/Src/main.c **** 
  65:Core/Src/main.c **** /* USER CODE END 0 */
  66:Core/Src/main.c **** 
  67:Core/Src/main.c **** /**
  68:Core/Src/main.c ****   * @brief  The application entry point.
  69:Core/Src/main.c ****   * @retval int
  70:Core/Src/main.c ****   */
  71:Core/Src/main.c **** int main(void)
  72:Core/Src/main.c **** {
  73:Core/Src/main.c ****   /* USER CODE BEGIN 1 */
  74:Core/Src/main.c **** 
  75:Core/Src/main.c ****   /* USER CODE END 1 */
  76:Core/Src/main.c **** 
  77:Core/Src/main.c ****   /* MCU Configuration--------------------------------------------------------*/
  78:Core/Src/main.c **** 
  79:Core/Src/main.c ****   /* Reset of all peripherals, Initializes the Flash interface and the Systick. */
  80:Core/Src/main.c ****   HAL_Init();
  81:Core/Src/main.c **** 
  82:Core/Src/main.c ****   /* USER CODE BEGIN Init */
  83:Core/Src/main.c **** 
  84:Core/Src/main.c ****   /* USER CODE END Init */
  85:Core/Src/main.c **** 
  86:Core/Src/main.c ****   /* Configure the system clock */
  87:Core/Src/main.c ****   SystemClock_Config();
ARM GAS  C:\Users\cyz19\AppData\Local\Temp\ccXAKO1i.s 			page 3


  88:Core/Src/main.c **** 
  89:Core/Src/main.c ****   /* USER CODE BEGIN SysInit */
  90:Core/Src/main.c **** 
  91:Core/Src/main.c ****   /* USER CODE END SysInit */
  92:Core/Src/main.c **** 
  93:Core/Src/main.c ****   /* Initialize all configured peripherals */
  94:Core/Src/main.c ****   MX_GPIO_Init();
  95:Core/Src/main.c ****   MX_DMA_Init();
  96:Core/Src/main.c ****   MX_TIM4_Init();
  97:Core/Src/main.c ****   MX_I2C3_Init();
  98:Core/Src/main.c ****   MX_SPI1_Init();
  99:Core/Src/main.c ****   MX_USART3_UART_Init();
 100:Core/Src/main.c ****   MX_CAN1_Init();
 101:Core/Src/main.c ****   MX_CAN2_Init();
 102:Core/Src/main.c ****   MX_TIM10_Init();
 103:Core/Src/main.c ****   MX_USART6_UART_Init();
 104:Core/Src/main.c ****   MX_USART1_UART_Init();
 105:Core/Src/main.c ****   MX_TIM5_Init();
 106:Core/Src/main.c ****   /* USER CODE BEGIN 2 */
 107:Core/Src/main.c ****   /* USER CODE END 2 */
 108:Core/Src/main.c **** 
 109:Core/Src/main.c ****   /* Call init function for freertos objects (in freertos.c) */
 110:Core/Src/main.c ****   MX_FREERTOS_Init();
 111:Core/Src/main.c **** 
 112:Core/Src/main.c ****   /* Start scheduler */
 113:Core/Src/main.c ****   osKernelStart();
 114:Core/Src/main.c **** 
 115:Core/Src/main.c ****   /* We should never get here as control is now taken by the scheduler */
 116:Core/Src/main.c ****   /* Infinite loop */
 117:Core/Src/main.c ****   /* USER CODE BEGIN WHILE */
 118:Core/Src/main.c ****   while (1)
 119:Core/Src/main.c ****   {
 120:Core/Src/main.c ****     /* USER CODE END WHILE */
 121:Core/Src/main.c **** 
 122:Core/Src/main.c ****     /* USER CODE BEGIN 3 */
 123:Core/Src/main.c ****   }
 124:Core/Src/main.c ****   /* USER CODE END 3 */
 125:Core/Src/main.c **** }
 126:Core/Src/main.c **** 
 127:Core/Src/main.c **** /**
 128:Core/Src/main.c ****   * @brief System Clock Configuration
 129:Core/Src/main.c ****   * @retval None
 130:Core/Src/main.c ****   */
 131:Core/Src/main.c **** void SystemClock_Config(void)
 132:Core/Src/main.c **** {
 133:Core/Src/main.c ****   RCC_OscInitTypeDef RCC_OscInitStruct = {0};
 134:Core/Src/main.c ****   RCC_ClkInitTypeDef RCC_ClkInitStruct = {0};
 135:Core/Src/main.c **** 
 136:Core/Src/main.c ****   /** Configure the main internal regulator output voltage
 137:Core/Src/main.c ****   */
 138:Core/Src/main.c ****   __HAL_RCC_PWR_CLK_ENABLE();
 139:Core/Src/main.c ****   __HAL_PWR_VOLTAGESCALING_CONFIG(PWR_REGULATOR_VOLTAGE_SCALE1);
 140:Core/Src/main.c **** 
 141:Core/Src/main.c ****   /** Initializes the RCC Oscillators according to the specified parameters
 142:Core/Src/main.c ****   * in the RCC_OscInitTypeDef structure.
 143:Core/Src/main.c ****   */
 144:Core/Src/main.c ****   RCC_OscInitStruct.OscillatorType = RCC_OSCILLATORTYPE_HSE;
ARM GAS  C:\Users\cyz19\AppData\Local\Temp\ccXAKO1i.s 			page 4


 145:Core/Src/main.c ****   RCC_OscInitStruct.HSEState = RCC_HSE_ON;
 146:Core/Src/main.c ****   RCC_OscInitStruct.PLL.PLLState = RCC_PLL_ON;
 147:Core/Src/main.c ****   RCC_OscInitStruct.PLL.PLLSource = RCC_PLLSOURCE_HSE;
 148:Core/Src/main.c ****   RCC_OscInitStruct.PLL.PLLM = 6;
 149:Core/Src/main.c ****   RCC_OscInitStruct.PLL.PLLN = 168;
 150:Core/Src/main.c ****   RCC_OscInitStruct.PLL.PLLP = RCC_PLLP_DIV2;
 151:Core/Src/main.c ****   RCC_OscInitStruct.PLL.PLLQ = 4;
 152:Core/Src/main.c ****   if (HAL_RCC_OscConfig(&RCC_OscInitStruct) != HAL_OK)
 153:Core/Src/main.c ****   {
 154:Core/Src/main.c ****     Error_Handler();
 155:Core/Src/main.c ****   }
 156:Core/Src/main.c **** 
 157:Core/Src/main.c ****   /** Initializes the CPU, AHB and APB buses clocks
 158:Core/Src/main.c ****   */
 159:Core/Src/main.c ****   RCC_ClkInitStruct.ClockType = RCC_CLOCKTYPE_HCLK|RCC_CLOCKTYPE_SYSCLK
 160:Core/Src/main.c ****                               |RCC_CLOCKTYPE_PCLK1|RCC_CLOCKTYPE_PCLK2;
 161:Core/Src/main.c ****   RCC_ClkInitStruct.SYSCLKSource = RCC_SYSCLKSOURCE_PLLCLK;
 162:Core/Src/main.c ****   RCC_ClkInitStruct.AHBCLKDivider = RCC_SYSCLK_DIV1;
 163:Core/Src/main.c ****   RCC_ClkInitStruct.APB1CLKDivider = RCC_HCLK_DIV4;
 164:Core/Src/main.c ****   RCC_ClkInitStruct.APB2CLKDivider = RCC_HCLK_DIV2;
 165:Core/Src/main.c **** 
 166:Core/Src/main.c ****   if (HAL_RCC_ClockConfig(&RCC_ClkInitStruct, FLASH_LATENCY_5) != HAL_OK)
 167:Core/Src/main.c ****   {
 168:Core/Src/main.c ****     Error_Handler();
 169:Core/Src/main.c ****   }
 170:Core/Src/main.c **** }
 171:Core/Src/main.c **** 
 172:Core/Src/main.c **** /* USER CODE BEGIN 4 */
 173:Core/Src/main.c **** 
 174:Core/Src/main.c **** /* USER CODE END 4 */
 175:Core/Src/main.c **** 
 176:Core/Src/main.c **** /**
 177:Core/Src/main.c ****   * @brief  This function is executed in case of error occurrence.
 178:Core/Src/main.c ****   * @retval None
 179:Core/Src/main.c ****   */
 180:Core/Src/main.c **** void Error_Handler(void)
 181:Core/Src/main.c **** {
  29              		.loc 1 181 1 view -0
  30              		.cfi_startproc
  31              		@ Volatile: function does not return.
  32              		@ args = 0, pretend = 0, frame = 0
  33              		@ frame_needed = 0, uses_anonymous_args = 0
  34              		@ link register save eliminated.
 182:Core/Src/main.c ****   /* USER CODE BEGIN Error_Handler_Debug */
 183:Core/Src/main.c ****   /* User can add his own implementation to report the HAL error return state */
 184:Core/Src/main.c ****   __disable_irq();
  35              		.loc 1 184 3 view .LVU1
  36              	.LBB4:
  37              	.LBI4:
  38              		.file 2 "Drivers/CMSIS/Include/cmsis_gcc.h"
   1:Drivers/CMSIS/Include/cmsis_gcc.h **** /**************************************************************************//**
   2:Drivers/CMSIS/Include/cmsis_gcc.h ****  * @file     cmsis_gcc.h
   3:Drivers/CMSIS/Include/cmsis_gcc.h ****  * @brief    CMSIS compiler GCC header file
   4:Drivers/CMSIS/Include/cmsis_gcc.h ****  * @version  V5.0.4
   5:Drivers/CMSIS/Include/cmsis_gcc.h ****  * @date     09. April 2018
   6:Drivers/CMSIS/Include/cmsis_gcc.h ****  ******************************************************************************/
   7:Drivers/CMSIS/Include/cmsis_gcc.h **** /*
ARM GAS  C:\Users\cyz19\AppData\Local\Temp\ccXAKO1i.s 			page 5


   8:Drivers/CMSIS/Include/cmsis_gcc.h ****  * Copyright (c) 2009-2018 Arm Limited. All rights reserved.
   9:Drivers/CMSIS/Include/cmsis_gcc.h ****  *
  10:Drivers/CMSIS/Include/cmsis_gcc.h ****  * SPDX-License-Identifier: Apache-2.0
  11:Drivers/CMSIS/Include/cmsis_gcc.h ****  *
  12:Drivers/CMSIS/Include/cmsis_gcc.h ****  * Licensed under the Apache License, Version 2.0 (the License); you may
  13:Drivers/CMSIS/Include/cmsis_gcc.h ****  * not use this file except in compliance with the License.
  14:Drivers/CMSIS/Include/cmsis_gcc.h ****  * You may obtain a copy of the License at
  15:Drivers/CMSIS/Include/cmsis_gcc.h ****  *
  16:Drivers/CMSIS/Include/cmsis_gcc.h ****  * www.apache.org/licenses/LICENSE-2.0
  17:Drivers/CMSIS/Include/cmsis_gcc.h ****  *
  18:Drivers/CMSIS/Include/cmsis_gcc.h ****  * Unless required by applicable law or agreed to in writing, software
  19:Drivers/CMSIS/Include/cmsis_gcc.h ****  * distributed under the License is distributed on an AS IS BASIS, WITHOUT
  20:Drivers/CMSIS/Include/cmsis_gcc.h ****  * WARRANTIES OR CONDITIONS OF ANY KIND, either express or implied.
  21:Drivers/CMSIS/Include/cmsis_gcc.h ****  * See the License for the specific language governing permissions and
  22:Drivers/CMSIS/Include/cmsis_gcc.h ****  * limitations under the License.
  23:Drivers/CMSIS/Include/cmsis_gcc.h ****  */
  24:Drivers/CMSIS/Include/cmsis_gcc.h **** 
  25:Drivers/CMSIS/Include/cmsis_gcc.h **** #ifndef __CMSIS_GCC_H
  26:Drivers/CMSIS/Include/cmsis_gcc.h **** #define __CMSIS_GCC_H
  27:Drivers/CMSIS/Include/cmsis_gcc.h **** 
  28:Drivers/CMSIS/Include/cmsis_gcc.h **** /* ignore some GCC warnings */
  29:Drivers/CMSIS/Include/cmsis_gcc.h **** #pragma GCC diagnostic push
  30:Drivers/CMSIS/Include/cmsis_gcc.h **** #pragma GCC diagnostic ignored "-Wsign-conversion"
  31:Drivers/CMSIS/Include/cmsis_gcc.h **** #pragma GCC diagnostic ignored "-Wconversion"
  32:Drivers/CMSIS/Include/cmsis_gcc.h **** #pragma GCC diagnostic ignored "-Wunused-parameter"
  33:Drivers/CMSIS/Include/cmsis_gcc.h **** 
  34:Drivers/CMSIS/Include/cmsis_gcc.h **** /* Fallback for __has_builtin */
  35:Drivers/CMSIS/Include/cmsis_gcc.h **** #ifndef __has_builtin
  36:Drivers/CMSIS/Include/cmsis_gcc.h ****   #define __has_builtin(x) (0)
  37:Drivers/CMSIS/Include/cmsis_gcc.h **** #endif
  38:Drivers/CMSIS/Include/cmsis_gcc.h **** 
  39:Drivers/CMSIS/Include/cmsis_gcc.h **** /* CMSIS compiler specific defines */
  40:Drivers/CMSIS/Include/cmsis_gcc.h **** #ifndef   __ASM
  41:Drivers/CMSIS/Include/cmsis_gcc.h ****   #define __ASM                                  __asm
  42:Drivers/CMSIS/Include/cmsis_gcc.h **** #endif
  43:Drivers/CMSIS/Include/cmsis_gcc.h **** #ifndef   __INLINE
  44:Drivers/CMSIS/Include/cmsis_gcc.h ****   #define __INLINE                               inline
  45:Drivers/CMSIS/Include/cmsis_gcc.h **** #endif
  46:Drivers/CMSIS/Include/cmsis_gcc.h **** #ifndef   __STATIC_INLINE
  47:Drivers/CMSIS/Include/cmsis_gcc.h ****   #define __STATIC_INLINE                        static inline
  48:Drivers/CMSIS/Include/cmsis_gcc.h **** #endif
  49:Drivers/CMSIS/Include/cmsis_gcc.h **** #ifndef   __STATIC_FORCEINLINE                 
  50:Drivers/CMSIS/Include/cmsis_gcc.h ****   #define __STATIC_FORCEINLINE                   __attribute__((always_inline)) static inline
  51:Drivers/CMSIS/Include/cmsis_gcc.h **** #endif                                           
  52:Drivers/CMSIS/Include/cmsis_gcc.h **** #ifndef   __NO_RETURN
  53:Drivers/CMSIS/Include/cmsis_gcc.h ****   #define __NO_RETURN                            __attribute__((__noreturn__))
  54:Drivers/CMSIS/Include/cmsis_gcc.h **** #endif
  55:Drivers/CMSIS/Include/cmsis_gcc.h **** #ifndef   __USED
  56:Drivers/CMSIS/Include/cmsis_gcc.h ****   #define __USED                                 __attribute__((used))
  57:Drivers/CMSIS/Include/cmsis_gcc.h **** #endif
  58:Drivers/CMSIS/Include/cmsis_gcc.h **** #ifndef   __WEAK
  59:Drivers/CMSIS/Include/cmsis_gcc.h ****   #define __WEAK                                 __attribute__((weak))
  60:Drivers/CMSIS/Include/cmsis_gcc.h **** #endif
  61:Drivers/CMSIS/Include/cmsis_gcc.h **** #ifndef   __PACKED
  62:Drivers/CMSIS/Include/cmsis_gcc.h ****   #define __PACKED                               __attribute__((packed, aligned(1)))
  63:Drivers/CMSIS/Include/cmsis_gcc.h **** #endif
  64:Drivers/CMSIS/Include/cmsis_gcc.h **** #ifndef   __PACKED_STRUCT
ARM GAS  C:\Users\cyz19\AppData\Local\Temp\ccXAKO1i.s 			page 6


  65:Drivers/CMSIS/Include/cmsis_gcc.h ****   #define __PACKED_STRUCT                        struct __attribute__((packed, aligned(1)))
  66:Drivers/CMSIS/Include/cmsis_gcc.h **** #endif
  67:Drivers/CMSIS/Include/cmsis_gcc.h **** #ifndef   __PACKED_UNION
  68:Drivers/CMSIS/Include/cmsis_gcc.h ****   #define __PACKED_UNION                         union __attribute__((packed, aligned(1)))
  69:Drivers/CMSIS/Include/cmsis_gcc.h **** #endif
  70:Drivers/CMSIS/Include/cmsis_gcc.h **** #ifndef   __UNALIGNED_UINT32        /* deprecated */
  71:Drivers/CMSIS/Include/cmsis_gcc.h ****   #pragma GCC diagnostic push
  72:Drivers/CMSIS/Include/cmsis_gcc.h ****   #pragma GCC diagnostic ignored "-Wpacked"
  73:Drivers/CMSIS/Include/cmsis_gcc.h ****   #pragma GCC diagnostic ignored "-Wattributes"
  74:Drivers/CMSIS/Include/cmsis_gcc.h ****   struct __attribute__((packed)) T_UINT32 { uint32_t v; };
  75:Drivers/CMSIS/Include/cmsis_gcc.h ****   #pragma GCC diagnostic pop
  76:Drivers/CMSIS/Include/cmsis_gcc.h ****   #define __UNALIGNED_UINT32(x)                  (((struct T_UINT32 *)(x))->v)
  77:Drivers/CMSIS/Include/cmsis_gcc.h **** #endif
  78:Drivers/CMSIS/Include/cmsis_gcc.h **** #ifndef   __UNALIGNED_UINT16_WRITE
  79:Drivers/CMSIS/Include/cmsis_gcc.h ****   #pragma GCC diagnostic push
  80:Drivers/CMSIS/Include/cmsis_gcc.h ****   #pragma GCC diagnostic ignored "-Wpacked"
  81:Drivers/CMSIS/Include/cmsis_gcc.h ****   #pragma GCC diagnostic ignored "-Wattributes"
  82:Drivers/CMSIS/Include/cmsis_gcc.h ****   __PACKED_STRUCT T_UINT16_WRITE { uint16_t v; };
  83:Drivers/CMSIS/Include/cmsis_gcc.h ****   #pragma GCC diagnostic pop
  84:Drivers/CMSIS/Include/cmsis_gcc.h ****   #define __UNALIGNED_UINT16_WRITE(addr, val)    (void)((((struct T_UINT16_WRITE *)(void *)(addr))-
  85:Drivers/CMSIS/Include/cmsis_gcc.h **** #endif
  86:Drivers/CMSIS/Include/cmsis_gcc.h **** #ifndef   __UNALIGNED_UINT16_READ
  87:Drivers/CMSIS/Include/cmsis_gcc.h ****   #pragma GCC diagnostic push
  88:Drivers/CMSIS/Include/cmsis_gcc.h ****   #pragma GCC diagnostic ignored "-Wpacked"
  89:Drivers/CMSIS/Include/cmsis_gcc.h ****   #pragma GCC diagnostic ignored "-Wattributes"
  90:Drivers/CMSIS/Include/cmsis_gcc.h ****   __PACKED_STRUCT T_UINT16_READ { uint16_t v; };
  91:Drivers/CMSIS/Include/cmsis_gcc.h ****   #pragma GCC diagnostic pop
  92:Drivers/CMSIS/Include/cmsis_gcc.h ****   #define __UNALIGNED_UINT16_READ(addr)          (((const struct T_UINT16_READ *)(const void *)(add
  93:Drivers/CMSIS/Include/cmsis_gcc.h **** #endif
  94:Drivers/CMSIS/Include/cmsis_gcc.h **** #ifndef   __UNALIGNED_UINT32_WRITE
  95:Drivers/CMSIS/Include/cmsis_gcc.h ****   #pragma GCC diagnostic push
  96:Drivers/CMSIS/Include/cmsis_gcc.h ****   #pragma GCC diagnostic ignored "-Wpacked"
  97:Drivers/CMSIS/Include/cmsis_gcc.h ****   #pragma GCC diagnostic ignored "-Wattributes"
  98:Drivers/CMSIS/Include/cmsis_gcc.h ****   __PACKED_STRUCT T_UINT32_WRITE { uint32_t v; };
  99:Drivers/CMSIS/Include/cmsis_gcc.h ****   #pragma GCC diagnostic pop
 100:Drivers/CMSIS/Include/cmsis_gcc.h ****   #define __UNALIGNED_UINT32_WRITE(addr, val)    (void)((((struct T_UINT32_WRITE *)(void *)(addr))-
 101:Drivers/CMSIS/Include/cmsis_gcc.h **** #endif
 102:Drivers/CMSIS/Include/cmsis_gcc.h **** #ifndef   __UNALIGNED_UINT32_READ
 103:Drivers/CMSIS/Include/cmsis_gcc.h ****   #pragma GCC diagnostic push
 104:Drivers/CMSIS/Include/cmsis_gcc.h ****   #pragma GCC diagnostic ignored "-Wpacked"
 105:Drivers/CMSIS/Include/cmsis_gcc.h ****   #pragma GCC diagnostic ignored "-Wattributes"
 106:Drivers/CMSIS/Include/cmsis_gcc.h ****   __PACKED_STRUCT T_UINT32_READ { uint32_t v; };
 107:Drivers/CMSIS/Include/cmsis_gcc.h ****   #pragma GCC diagnostic pop
 108:Drivers/CMSIS/Include/cmsis_gcc.h ****   #define __UNALIGNED_UINT32_READ(addr)          (((const struct T_UINT32_READ *)(const void *)(add
 109:Drivers/CMSIS/Include/cmsis_gcc.h **** #endif
 110:Drivers/CMSIS/Include/cmsis_gcc.h **** #ifndef   __ALIGNED
 111:Drivers/CMSIS/Include/cmsis_gcc.h ****   #define __ALIGNED(x)                           __attribute__((aligned(x)))
 112:Drivers/CMSIS/Include/cmsis_gcc.h **** #endif
 113:Drivers/CMSIS/Include/cmsis_gcc.h **** #ifndef   __RESTRICT
 114:Drivers/CMSIS/Include/cmsis_gcc.h ****   #define __RESTRICT                             __restrict
 115:Drivers/CMSIS/Include/cmsis_gcc.h **** #endif
 116:Drivers/CMSIS/Include/cmsis_gcc.h **** 
 117:Drivers/CMSIS/Include/cmsis_gcc.h **** 
 118:Drivers/CMSIS/Include/cmsis_gcc.h **** /* ###########################  Core Function Access  ########################### */
 119:Drivers/CMSIS/Include/cmsis_gcc.h **** /** \ingroup  CMSIS_Core_FunctionInterface
 120:Drivers/CMSIS/Include/cmsis_gcc.h ****     \defgroup CMSIS_Core_RegAccFunctions CMSIS Core Register Access Functions
 121:Drivers/CMSIS/Include/cmsis_gcc.h ****   @{
ARM GAS  C:\Users\cyz19\AppData\Local\Temp\ccXAKO1i.s 			page 7


 122:Drivers/CMSIS/Include/cmsis_gcc.h ****  */
 123:Drivers/CMSIS/Include/cmsis_gcc.h **** 
 124:Drivers/CMSIS/Include/cmsis_gcc.h **** /**
 125:Drivers/CMSIS/Include/cmsis_gcc.h ****   \brief   Enable IRQ Interrupts
 126:Drivers/CMSIS/Include/cmsis_gcc.h ****   \details Enables IRQ interrupts by clearing the I-bit in the CPSR.
 127:Drivers/CMSIS/Include/cmsis_gcc.h ****            Can only be executed in Privileged modes.
 128:Drivers/CMSIS/Include/cmsis_gcc.h ****  */
 129:Drivers/CMSIS/Include/cmsis_gcc.h **** __STATIC_FORCEINLINE void __enable_irq(void)
 130:Drivers/CMSIS/Include/cmsis_gcc.h **** {
 131:Drivers/CMSIS/Include/cmsis_gcc.h ****   __ASM volatile ("cpsie i" : : : "memory");
 132:Drivers/CMSIS/Include/cmsis_gcc.h **** }
 133:Drivers/CMSIS/Include/cmsis_gcc.h **** 
 134:Drivers/CMSIS/Include/cmsis_gcc.h **** 
 135:Drivers/CMSIS/Include/cmsis_gcc.h **** /**
 136:Drivers/CMSIS/Include/cmsis_gcc.h ****   \brief   Disable IRQ Interrupts
 137:Drivers/CMSIS/Include/cmsis_gcc.h ****   \details Disables IRQ interrupts by setting the I-bit in the CPSR.
 138:Drivers/CMSIS/Include/cmsis_gcc.h ****            Can only be executed in Privileged modes.
 139:Drivers/CMSIS/Include/cmsis_gcc.h ****  */
 140:Drivers/CMSIS/Include/cmsis_gcc.h **** __STATIC_FORCEINLINE void __disable_irq(void)
  39              		.loc 2 140 27 view .LVU2
  40              	.LBB5:
 141:Drivers/CMSIS/Include/cmsis_gcc.h **** {
 142:Drivers/CMSIS/Include/cmsis_gcc.h ****   __ASM volatile ("cpsid i" : : : "memory");
  41              		.loc 2 142 3 view .LVU3
  42              		.syntax unified
  43              	@ 142 "Drivers/CMSIS/Include/cmsis_gcc.h" 1
  44 0000 72B6     		cpsid i
  45              	@ 0 "" 2
  46              		.thumb
  47              		.syntax unified
  48              	.L2:
  49              	.LBE5:
  50              	.LBE4:
 185:Core/Src/main.c ****   while (1)
  51              		.loc 1 185 3 discriminator 1 view .LVU4
 186:Core/Src/main.c ****   {
 187:Core/Src/main.c ****   }
  52              		.loc 1 187 3 discriminator 1 view .LVU5
 185:Core/Src/main.c ****   while (1)
  53              		.loc 1 185 9 discriminator 1 view .LVU6
  54 0002 FEE7     		b	.L2
  55              		.cfi_endproc
  56              	.LFE137:
  58              		.section	.text.SystemClock_Config,"ax",%progbits
  59              		.align	1
  60              		.global	SystemClock_Config
  61              		.syntax unified
  62              		.thumb
  63              		.thumb_func
  65              	SystemClock_Config:
  66              	.LFB136:
 132:Core/Src/main.c ****   RCC_OscInitTypeDef RCC_OscInitStruct = {0};
  67              		.loc 1 132 1 view -0
  68              		.cfi_startproc
  69              		@ args = 0, pretend = 0, frame = 80
  70              		@ frame_needed = 0, uses_anonymous_args = 0
  71 0000 00B5     		push	{lr}
ARM GAS  C:\Users\cyz19\AppData\Local\Temp\ccXAKO1i.s 			page 8


  72              	.LCFI0:
  73              		.cfi_def_cfa_offset 4
  74              		.cfi_offset 14, -4
  75 0002 95B0     		sub	sp, sp, #84
  76              	.LCFI1:
  77              		.cfi_def_cfa_offset 88
 133:Core/Src/main.c ****   RCC_ClkInitTypeDef RCC_ClkInitStruct = {0};
  78              		.loc 1 133 3 view .LVU8
 133:Core/Src/main.c ****   RCC_ClkInitTypeDef RCC_ClkInitStruct = {0};
  79              		.loc 1 133 22 is_stmt 0 view .LVU9
  80 0004 3022     		movs	r2, #48
  81 0006 0021     		movs	r1, #0
  82 0008 08A8     		add	r0, sp, #32
  83 000a FFF7FEFF 		bl	memset
  84              	.LVL0:
 134:Core/Src/main.c **** 
  85              		.loc 1 134 3 is_stmt 1 view .LVU10
 134:Core/Src/main.c **** 
  86              		.loc 1 134 22 is_stmt 0 view .LVU11
  87 000e 0023     		movs	r3, #0
  88 0010 0393     		str	r3, [sp, #12]
  89 0012 0493     		str	r3, [sp, #16]
  90 0014 0593     		str	r3, [sp, #20]
  91 0016 0693     		str	r3, [sp, #24]
  92 0018 0793     		str	r3, [sp, #28]
 138:Core/Src/main.c ****   __HAL_PWR_VOLTAGESCALING_CONFIG(PWR_REGULATOR_VOLTAGE_SCALE1);
  93              		.loc 1 138 3 is_stmt 1 view .LVU12
  94              	.LBB6:
 138:Core/Src/main.c ****   __HAL_PWR_VOLTAGESCALING_CONFIG(PWR_REGULATOR_VOLTAGE_SCALE1);
  95              		.loc 1 138 3 view .LVU13
  96 001a 0193     		str	r3, [sp, #4]
 138:Core/Src/main.c ****   __HAL_PWR_VOLTAGESCALING_CONFIG(PWR_REGULATOR_VOLTAGE_SCALE1);
  97              		.loc 1 138 3 view .LVU14
  98 001c 204A     		ldr	r2, .L9
  99 001e 116C     		ldr	r1, [r2, #64]
 100 0020 41F08051 		orr	r1, r1, #268435456
 101 0024 1164     		str	r1, [r2, #64]
 138:Core/Src/main.c ****   __HAL_PWR_VOLTAGESCALING_CONFIG(PWR_REGULATOR_VOLTAGE_SCALE1);
 102              		.loc 1 138 3 view .LVU15
 103 0026 126C     		ldr	r2, [r2, #64]
 104 0028 02F08052 		and	r2, r2, #268435456
 105 002c 0192     		str	r2, [sp, #4]
 138:Core/Src/main.c ****   __HAL_PWR_VOLTAGESCALING_CONFIG(PWR_REGULATOR_VOLTAGE_SCALE1);
 106              		.loc 1 138 3 view .LVU16
 107 002e 019A     		ldr	r2, [sp, #4]
 108              	.LBE6:
 138:Core/Src/main.c ****   __HAL_PWR_VOLTAGESCALING_CONFIG(PWR_REGULATOR_VOLTAGE_SCALE1);
 109              		.loc 1 138 3 view .LVU17
 139:Core/Src/main.c **** 
 110              		.loc 1 139 3 view .LVU18
 111              	.LBB7:
 139:Core/Src/main.c **** 
 112              		.loc 1 139 3 view .LVU19
 113 0030 0293     		str	r3, [sp, #8]
 139:Core/Src/main.c **** 
 114              		.loc 1 139 3 view .LVU20
 115 0032 1C4B     		ldr	r3, .L9+4
ARM GAS  C:\Users\cyz19\AppData\Local\Temp\ccXAKO1i.s 			page 9


 116 0034 1A68     		ldr	r2, [r3]
 117 0036 42F48042 		orr	r2, r2, #16384
 118 003a 1A60     		str	r2, [r3]
 139:Core/Src/main.c **** 
 119              		.loc 1 139 3 view .LVU21
 120 003c 1B68     		ldr	r3, [r3]
 121 003e 03F48043 		and	r3, r3, #16384
 122 0042 0293     		str	r3, [sp, #8]
 139:Core/Src/main.c **** 
 123              		.loc 1 139 3 view .LVU22
 124 0044 029B     		ldr	r3, [sp, #8]
 125              	.LBE7:
 139:Core/Src/main.c **** 
 126              		.loc 1 139 3 view .LVU23
 144:Core/Src/main.c ****   RCC_OscInitStruct.HSEState = RCC_HSE_ON;
 127              		.loc 1 144 3 view .LVU24
 144:Core/Src/main.c ****   RCC_OscInitStruct.HSEState = RCC_HSE_ON;
 128              		.loc 1 144 36 is_stmt 0 view .LVU25
 129 0046 0123     		movs	r3, #1
 130 0048 0893     		str	r3, [sp, #32]
 145:Core/Src/main.c ****   RCC_OscInitStruct.PLL.PLLState = RCC_PLL_ON;
 131              		.loc 1 145 3 is_stmt 1 view .LVU26
 145:Core/Src/main.c ****   RCC_OscInitStruct.PLL.PLLState = RCC_PLL_ON;
 132              		.loc 1 145 30 is_stmt 0 view .LVU27
 133 004a 4FF48033 		mov	r3, #65536
 134 004e 0993     		str	r3, [sp, #36]
 146:Core/Src/main.c ****   RCC_OscInitStruct.PLL.PLLSource = RCC_PLLSOURCE_HSE;
 135              		.loc 1 146 3 is_stmt 1 view .LVU28
 146:Core/Src/main.c ****   RCC_OscInitStruct.PLL.PLLSource = RCC_PLLSOURCE_HSE;
 136              		.loc 1 146 34 is_stmt 0 view .LVU29
 137 0050 0223     		movs	r3, #2
 138 0052 0E93     		str	r3, [sp, #56]
 147:Core/Src/main.c ****   RCC_OscInitStruct.PLL.PLLM = 6;
 139              		.loc 1 147 3 is_stmt 1 view .LVU30
 147:Core/Src/main.c ****   RCC_OscInitStruct.PLL.PLLM = 6;
 140              		.loc 1 147 35 is_stmt 0 view .LVU31
 141 0054 4FF48002 		mov	r2, #4194304
 142 0058 0F92     		str	r2, [sp, #60]
 148:Core/Src/main.c ****   RCC_OscInitStruct.PLL.PLLN = 168;
 143              		.loc 1 148 3 is_stmt 1 view .LVU32
 148:Core/Src/main.c ****   RCC_OscInitStruct.PLL.PLLN = 168;
 144              		.loc 1 148 30 is_stmt 0 view .LVU33
 145 005a 0622     		movs	r2, #6
 146 005c 1092     		str	r2, [sp, #64]
 149:Core/Src/main.c ****   RCC_OscInitStruct.PLL.PLLP = RCC_PLLP_DIV2;
 147              		.loc 1 149 3 is_stmt 1 view .LVU34
 149:Core/Src/main.c ****   RCC_OscInitStruct.PLL.PLLP = RCC_PLLP_DIV2;
 148              		.loc 1 149 30 is_stmt 0 view .LVU35
 149 005e A822     		movs	r2, #168
 150 0060 1192     		str	r2, [sp, #68]
 150:Core/Src/main.c ****   RCC_OscInitStruct.PLL.PLLQ = 4;
 151              		.loc 1 150 3 is_stmt 1 view .LVU36
 150:Core/Src/main.c ****   RCC_OscInitStruct.PLL.PLLQ = 4;
 152              		.loc 1 150 30 is_stmt 0 view .LVU37
 153 0062 1293     		str	r3, [sp, #72]
 151:Core/Src/main.c ****   if (HAL_RCC_OscConfig(&RCC_OscInitStruct) != HAL_OK)
 154              		.loc 1 151 3 is_stmt 1 view .LVU38
ARM GAS  C:\Users\cyz19\AppData\Local\Temp\ccXAKO1i.s 			page 10


 151:Core/Src/main.c ****   if (HAL_RCC_OscConfig(&RCC_OscInitStruct) != HAL_OK)
 155              		.loc 1 151 30 is_stmt 0 view .LVU39
 156 0064 0423     		movs	r3, #4
 157 0066 1393     		str	r3, [sp, #76]
 152:Core/Src/main.c ****   {
 158              		.loc 1 152 3 is_stmt 1 view .LVU40
 152:Core/Src/main.c ****   {
 159              		.loc 1 152 7 is_stmt 0 view .LVU41
 160 0068 08A8     		add	r0, sp, #32
 161 006a FFF7FEFF 		bl	HAL_RCC_OscConfig
 162              	.LVL1:
 152:Core/Src/main.c ****   {
 163              		.loc 1 152 6 view .LVU42
 164 006e 98B9     		cbnz	r0, .L7
 159:Core/Src/main.c ****                               |RCC_CLOCKTYPE_PCLK1|RCC_CLOCKTYPE_PCLK2;
 165              		.loc 1 159 3 is_stmt 1 view .LVU43
 159:Core/Src/main.c ****                               |RCC_CLOCKTYPE_PCLK1|RCC_CLOCKTYPE_PCLK2;
 166              		.loc 1 159 31 is_stmt 0 view .LVU44
 167 0070 0F23     		movs	r3, #15
 168 0072 0393     		str	r3, [sp, #12]
 161:Core/Src/main.c ****   RCC_ClkInitStruct.AHBCLKDivider = RCC_SYSCLK_DIV1;
 169              		.loc 1 161 3 is_stmt 1 view .LVU45
 161:Core/Src/main.c ****   RCC_ClkInitStruct.AHBCLKDivider = RCC_SYSCLK_DIV1;
 170              		.loc 1 161 34 is_stmt 0 view .LVU46
 171 0074 0223     		movs	r3, #2
 172 0076 0493     		str	r3, [sp, #16]
 162:Core/Src/main.c ****   RCC_ClkInitStruct.APB1CLKDivider = RCC_HCLK_DIV4;
 173              		.loc 1 162 3 is_stmt 1 view .LVU47
 162:Core/Src/main.c ****   RCC_ClkInitStruct.APB1CLKDivider = RCC_HCLK_DIV4;
 174              		.loc 1 162 35 is_stmt 0 view .LVU48
 175 0078 0023     		movs	r3, #0
 176 007a 0593     		str	r3, [sp, #20]
 163:Core/Src/main.c ****   RCC_ClkInitStruct.APB2CLKDivider = RCC_HCLK_DIV2;
 177              		.loc 1 163 3 is_stmt 1 view .LVU49
 163:Core/Src/main.c ****   RCC_ClkInitStruct.APB2CLKDivider = RCC_HCLK_DIV2;
 178              		.loc 1 163 36 is_stmt 0 view .LVU50
 179 007c 4FF4A053 		mov	r3, #5120
 180 0080 0693     		str	r3, [sp, #24]
 164:Core/Src/main.c **** 
 181              		.loc 1 164 3 is_stmt 1 view .LVU51
 164:Core/Src/main.c **** 
 182              		.loc 1 164 36 is_stmt 0 view .LVU52
 183 0082 4FF48053 		mov	r3, #4096
 184 0086 0793     		str	r3, [sp, #28]
 166:Core/Src/main.c ****   {
 185              		.loc 1 166 3 is_stmt 1 view .LVU53
 166:Core/Src/main.c ****   {
 186              		.loc 1 166 7 is_stmt 0 view .LVU54
 187 0088 0521     		movs	r1, #5
 188 008a 03A8     		add	r0, sp, #12
 189 008c FFF7FEFF 		bl	HAL_RCC_ClockConfig
 190              	.LVL2:
 166:Core/Src/main.c ****   {
 191              		.loc 1 166 6 view .LVU55
 192 0090 20B9     		cbnz	r0, .L8
 170:Core/Src/main.c **** 
 193              		.loc 1 170 1 view .LVU56
ARM GAS  C:\Users\cyz19\AppData\Local\Temp\ccXAKO1i.s 			page 11


 194 0092 15B0     		add	sp, sp, #84
 195              	.LCFI2:
 196              		.cfi_remember_state
 197              		.cfi_def_cfa_offset 4
 198              		@ sp needed
 199 0094 5DF804FB 		ldr	pc, [sp], #4
 200              	.L7:
 201              	.LCFI3:
 202              		.cfi_restore_state
 154:Core/Src/main.c ****   }
 203              		.loc 1 154 5 is_stmt 1 view .LVU57
 204 0098 FFF7FEFF 		bl	Error_Handler
 205              	.LVL3:
 206              	.L8:
 168:Core/Src/main.c ****   }
 207              		.loc 1 168 5 view .LVU58
 208 009c FFF7FEFF 		bl	Error_Handler
 209              	.LVL4:
 210              	.L10:
 211              		.align	2
 212              	.L9:
 213 00a0 00380240 		.word	1073887232
 214 00a4 00700040 		.word	1073770496
 215              		.cfi_endproc
 216              	.LFE136:
 218              		.section	.text.main,"ax",%progbits
 219              		.align	1
 220              		.global	main
 221              		.syntax unified
 222              		.thumb
 223              		.thumb_func
 225              	main:
 226              	.LFB135:
  72:Core/Src/main.c ****   /* USER CODE BEGIN 1 */
 227              		.loc 1 72 1 view -0
 228              		.cfi_startproc
 229              		@ Volatile: function does not return.
 230              		@ args = 0, pretend = 0, frame = 0
 231              		@ frame_needed = 0, uses_anonymous_args = 0
 232 0000 08B5     		push	{r3, lr}
 233              	.LCFI4:
 234              		.cfi_def_cfa_offset 8
 235              		.cfi_offset 3, -8
 236              		.cfi_offset 14, -4
  80:Core/Src/main.c **** 
 237              		.loc 1 80 3 view .LVU60
 238 0002 FFF7FEFF 		bl	HAL_Init
 239              	.LVL5:
  87:Core/Src/main.c **** 
 240              		.loc 1 87 3 view .LVU61
 241 0006 FFF7FEFF 		bl	SystemClock_Config
 242              	.LVL6:
  94:Core/Src/main.c ****   MX_DMA_Init();
 243              		.loc 1 94 3 view .LVU62
 244 000a FFF7FEFF 		bl	MX_GPIO_Init
 245              	.LVL7:
  95:Core/Src/main.c ****   MX_TIM4_Init();
ARM GAS  C:\Users\cyz19\AppData\Local\Temp\ccXAKO1i.s 			page 12


 246              		.loc 1 95 3 view .LVU63
 247 000e FFF7FEFF 		bl	MX_DMA_Init
 248              	.LVL8:
  96:Core/Src/main.c ****   MX_I2C3_Init();
 249              		.loc 1 96 3 view .LVU64
 250 0012 FFF7FEFF 		bl	MX_TIM4_Init
 251              	.LVL9:
  97:Core/Src/main.c ****   MX_SPI1_Init();
 252              		.loc 1 97 3 view .LVU65
 253 0016 FFF7FEFF 		bl	MX_I2C3_Init
 254              	.LVL10:
  98:Core/Src/main.c ****   MX_USART3_UART_Init();
 255              		.loc 1 98 3 view .LVU66
 256 001a FFF7FEFF 		bl	MX_SPI1_Init
 257              	.LVL11:
  99:Core/Src/main.c ****   MX_CAN1_Init();
 258              		.loc 1 99 3 view .LVU67
 259 001e FFF7FEFF 		bl	MX_USART3_UART_Init
 260              	.LVL12:
 100:Core/Src/main.c ****   MX_CAN2_Init();
 261              		.loc 1 100 3 view .LVU68
 262 0022 FFF7FEFF 		bl	MX_CAN1_Init
 263              	.LVL13:
 101:Core/Src/main.c ****   MX_TIM10_Init();
 264              		.loc 1 101 3 view .LVU69
 265 0026 FFF7FEFF 		bl	MX_CAN2_Init
 266              	.LVL14:
 102:Core/Src/main.c ****   MX_USART6_UART_Init();
 267              		.loc 1 102 3 view .LVU70
 268 002a FFF7FEFF 		bl	MX_TIM10_Init
 269              	.LVL15:
 103:Core/Src/main.c ****   MX_USART1_UART_Init();
 270              		.loc 1 103 3 view .LVU71
 271 002e FFF7FEFF 		bl	MX_USART6_UART_Init
 272              	.LVL16:
 104:Core/Src/main.c ****   MX_TIM5_Init();
 273              		.loc 1 104 3 view .LVU72
 274 0032 FFF7FEFF 		bl	MX_USART1_UART_Init
 275              	.LVL17:
 105:Core/Src/main.c ****   /* USER CODE BEGIN 2 */
 276              		.loc 1 105 3 view .LVU73
 277 0036 FFF7FEFF 		bl	MX_TIM5_Init
 278              	.LVL18:
 110:Core/Src/main.c **** 
 279              		.loc 1 110 3 view .LVU74
 280 003a FFF7FEFF 		bl	MX_FREERTOS_Init
 281              	.LVL19:
 113:Core/Src/main.c **** 
 282              		.loc 1 113 3 view .LVU75
 283 003e FFF7FEFF 		bl	osKernelStart
 284              	.LVL20:
 285              	.L12:
 118:Core/Src/main.c ****   {
 286              		.loc 1 118 3 discriminator 1 view .LVU76
 123:Core/Src/main.c ****   /* USER CODE END 3 */
 287              		.loc 1 123 3 discriminator 1 view .LVU77
 118:Core/Src/main.c ****   {
ARM GAS  C:\Users\cyz19\AppData\Local\Temp\ccXAKO1i.s 			page 13


 288              		.loc 1 118 9 discriminator 1 view .LVU78
 289 0042 FEE7     		b	.L12
 290              		.cfi_endproc
 291              	.LFE135:
 293              		.text
 294              	.Letext0:
 295              		.file 3 "c:\\program files (x86)\\gnu arm embedded toolchain\\10 2021.10\\arm-none-eabi\\include\\
 296              		.file 4 "c:\\program files (x86)\\gnu arm embedded toolchain\\10 2021.10\\arm-none-eabi\\include\\
 297              		.file 5 "Drivers/CMSIS/Device/ST/STM32F4xx/Include/stm32f407xx.h"
 298              		.file 6 "Drivers/STM32F4xx_HAL_Driver/Inc/stm32f4xx_hal_rcc_ex.h"
 299              		.file 7 "Drivers/STM32F4xx_HAL_Driver/Inc/stm32f4xx_hal_rcc.h"
 300              		.file 8 "Drivers/STM32F4xx_HAL_Driver/Inc/stm32f4xx_hal.h"
 301              		.file 9 "Core/Inc/gpio.h"
 302              		.file 10 "Core/Inc/dma.h"
 303              		.file 11 "Core/Inc/tim.h"
 304              		.file 12 "Core/Inc/i2c.h"
 305              		.file 13 "Core/Inc/spi.h"
 306              		.file 14 "Core/Inc/usart.h"
 307              		.file 15 "Core/Inc/can.h"
 308              		.file 16 "Middlewares/Third_Party/FreeRTOS/Source/CMSIS_RTOS/cmsis_os.h"
 309              		.file 17 "Drivers/STM32F4xx_HAL_Driver/Inc/stm32f4xx_hal_def.h"
 310              		.file 18 "<built-in>"
ARM GAS  C:\Users\cyz19\AppData\Local\Temp\ccXAKO1i.s 			page 14


DEFINED SYMBOLS
                            *ABS*:00000000 main.c
C:\Users\cyz19\AppData\Local\Temp\ccXAKO1i.s:20     .text.Error_Handler:00000000 $t
C:\Users\cyz19\AppData\Local\Temp\ccXAKO1i.s:26     .text.Error_Handler:00000000 Error_Handler
C:\Users\cyz19\AppData\Local\Temp\ccXAKO1i.s:59     .text.SystemClock_Config:00000000 $t
C:\Users\cyz19\AppData\Local\Temp\ccXAKO1i.s:65     .text.SystemClock_Config:00000000 SystemClock_Config
C:\Users\cyz19\AppData\Local\Temp\ccXAKO1i.s:213    .text.SystemClock_Config:000000a0 $d
C:\Users\cyz19\AppData\Local\Temp\ccXAKO1i.s:219    .text.main:00000000 $t
C:\Users\cyz19\AppData\Local\Temp\ccXAKO1i.s:225    .text.main:00000000 main

UNDEFINED SYMBOLS
memset
HAL_RCC_OscConfig
HAL_RCC_ClockConfig
HAL_Init
MX_GPIO_Init
MX_DMA_Init
MX_TIM4_Init
MX_I2C3_Init
MX_SPI1_Init
MX_USART3_UART_Init
MX_CAN1_Init
MX_CAN2_Init
MX_TIM10_Init
MX_USART6_UART_Init
MX_USART1_UART_Init
MX_TIM5_Init
MX_FREERTOS_Init
osKernelStart
