ARM GAS  C:\Users\cyz19\AppData\Local\Temp\ccRu0Bio.s 			page 1


   1              		.cpu cortex-m4
   2              		.arch armv7e-m
   3              		.fpu fpv4-sp-d16
   4              		.eabi_attribute 27, 1
   5              		.eabi_attribute 28, 1
   6              		.eabi_attribute 20, 1
   7              		.eabi_attribute 21, 1
   8              		.eabi_attribute 23, 3
   9              		.eabi_attribute 24, 1
  10              		.eabi_attribute 25, 1
  11              		.eabi_attribute 26, 1
  12              		.eabi_attribute 30, 1
  13              		.eabi_attribute 34, 1
  14              		.eabi_attribute 18, 4
  15              		.file	"PID.c"
  16              		.text
  17              	.Ltext0:
  18              		.cfi_sections	.debug_frame
  19              		.section	.text.PID_init,"ax",%progbits
  20              		.align	1
  21              		.global	PID_init
  22              		.syntax unified
  23              		.thumb
  24              		.thumb_func
  26              	PID_init:
  27              	.LVL0:
  28              	.LFB135:
  29              		.file 1 "Library/Src/PID.c"
   1:Library/Src/PID.c **** #include "PID.h"
   2:Library/Src/PID.c **** 
   3:Library/Src/PID.c **** 
   4:Library/Src/PID.c **** /**
   5:Library/Src/PID.c ****   * @brief  PID计算
   6:Library/Src/PID.c ****   * @param  pid  PID结构体地址
   7:Library/Src/PID.c ****   * @param  Kp  P
   8:Library/Src/PID.c ****   * @param  Ki  I
   9:Library/Src/PID.c ****   * @param  Kd  D
  10:Library/Src/PID.c ****   * @param  i_max  I最大值
  11:Library/Src/PID.c ****   * @param  max_out  最大输出值
  12:Library/Src/PID.c ****   */
  13:Library/Src/PID.c **** void PID_init(pid_type_def* pid , float Kp , float Ki , float Kd , float i_max , float max_out)
  14:Library/Src/PID.c **** {
  30              		.loc 1 14 1 view -0
  31              		.cfi_startproc
  32              		@ args = 0, pretend = 0, frame = 0
  33              		@ frame_needed = 0, uses_anonymous_args = 0
  34              		@ link register save eliminated.
  15:Library/Src/PID.c ****     pid->Kp = Kp;
  35              		.loc 1 15 5 view .LVU1
  36              		.loc 1 15 13 is_stmt 0 view .LVU2
  37 0000 80ED000A 		vstr.32	s0, [r0]
  16:Library/Src/PID.c ****     pid->Ki = Ki;
  38              		.loc 1 16 5 is_stmt 1 view .LVU3
  39              		.loc 1 16 13 is_stmt 0 view .LVU4
  40 0004 C0ED010A 		vstr.32	s1, [r0, #4]
  17:Library/Src/PID.c ****     pid->Kd = Kd;
  41              		.loc 1 17 5 is_stmt 1 view .LVU5
ARM GAS  C:\Users\cyz19\AppData\Local\Temp\ccRu0Bio.s 			page 2


  42              		.loc 1 17 13 is_stmt 0 view .LVU6
  43 0008 80ED021A 		vstr.32	s2, [r0, #8]
  18:Library/Src/PID.c ****     pid->i_max = i_max;
  44              		.loc 1 18 5 is_stmt 1 view .LVU7
  45              		.loc 1 18 16 is_stmt 0 view .LVU8
  46 000c C0ED0B1A 		vstr.32	s3, [r0, #44]
  19:Library/Src/PID.c ****     pid->out_max = max_out;
  47              		.loc 1 19 5 is_stmt 1 view .LVU9
  48              		.loc 1 19 18 is_stmt 0 view .LVU10
  49 0010 80ED0A2A 		vstr.32	s4, [r0, #40]
  20:Library/Src/PID.c ****     pid->error = pid->last_error = 0.0f;
  50              		.loc 1 20 5 is_stmt 1 view .LVU11
  51              		.loc 1 20 34 is_stmt 0 view .LVU12
  52 0014 0023     		movs	r3, #0
  53 0016 C361     		str	r3, [r0, #28]	@ float
  54              		.loc 1 20 16 view .LVU13
  55 0018 8361     		str	r3, [r0, #24]	@ float
  21:Library/Src/PID.c **** }
  56              		.loc 1 21 1 view .LVU14
  57 001a 7047     		bx	lr
  58              		.cfi_endproc
  59              	.LFE135:
  61              		.section	.text.PID_Calc,"ax",%progbits
  62              		.align	1
  63              		.global	PID_Calc
  64              		.syntax unified
  65              		.thumb
  66              		.thumb_func
  68              	PID_Calc:
  69              	.LVL1:
  70              	.LFB136:
  22:Library/Src/PID.c **** 
  23:Library/Src/PID.c **** 
  24:Library/Src/PID.c **** /**
  25:Library/Src/PID.c ****   * @brief  无限制的PID计算（速度环）
  26:Library/Src/PID.c ****   * @param  pid  PID结构体地址
  27:Library/Src/PID.c ****   * @param  ref  实际值
  28:Library/Src/PID.c ****   * @param  set  预期值
  29:Library/Src/PID.c ****   * @retval PID计算结果
  30:Library/Src/PID.c ****   */
  31:Library/Src/PID.c **** float PID_Calc(pid_type_def* pid , float ref , float set)
  32:Library/Src/PID.c **** {
  71              		.loc 1 32 1 is_stmt 1 view -0
  72              		.cfi_startproc
  73              		@ args = 0, pretend = 0, frame = 0
  74              		@ frame_needed = 0, uses_anonymous_args = 0
  75              		@ link register save eliminated.
  33:Library/Src/PID.c ****     pid->fdb = ref;
  76              		.loc 1 33 5 view .LVU16
  77              		.loc 1 33 14 is_stmt 0 view .LVU17
  78 0000 80ED090A 		vstr.32	s0, [r0, #36]
  34:Library/Src/PID.c ****     pid->set = set;
  79              		.loc 1 34 5 is_stmt 1 view .LVU18
  80              		.loc 1 34 14 is_stmt 0 view .LVU19
  81 0004 C0ED080A 		vstr.32	s1, [r0, #32]
  35:Library/Src/PID.c ****     pid->last_error = pid->error;
  82              		.loc 1 35 5 is_stmt 1 view .LVU20
ARM GAS  C:\Users\cyz19\AppData\Local\Temp\ccRu0Bio.s 			page 3


  83              		.loc 1 35 26 is_stmt 0 view .LVU21
  84 0008 D0ED066A 		vldr.32	s13, [r0, #24]
  85              		.loc 1 35 21 view .LVU22
  86 000c C0ED076A 		vstr.32	s13, [r0, #28]
  36:Library/Src/PID.c ****     pid->error = set - ref;
  87              		.loc 1 36 5 is_stmt 1 view .LVU23
  88              		.loc 1 36 22 is_stmt 0 view .LVU24
  89 0010 70EEC00A 		vsub.f32	s1, s1, s0
  90              	.LVL2:
  91              		.loc 1 36 16 view .LVU25
  92 0014 C0ED060A 		vstr.32	s1, [r0, #24]
  37:Library/Src/PID.c **** 
  38:Library/Src/PID.c ****     pid->pout = pid->error * pid->Kp;
  93              		.loc 1 38 5 is_stmt 1 view .LVU26
  94              		.loc 1 38 33 is_stmt 0 view .LVU27
  95 0018 D0ED007A 		vldr.32	s15, [r0]
  96              		.loc 1 38 28 view .LVU28
  97 001c 60EEA77A 		vmul.f32	s15, s1, s15
  98              		.loc 1 38 15 view .LVU29
  99 0020 C0ED037A 		vstr.32	s15, [r0, #12]
  39:Library/Src/PID.c ****     pid->iout += pid->error * pid->Ki;
 100              		.loc 1 39 5 is_stmt 1 view .LVU30
 101              		.loc 1 39 34 is_stmt 0 view .LVU31
 102 0024 90ED017A 		vldr.32	s14, [r0, #4]
 103              		.loc 1 39 29 view .LVU32
 104 0028 20EE877A 		vmul.f32	s14, s1, s14
 105              		.loc 1 39 15 view .LVU33
 106 002c 90ED046A 		vldr.32	s12, [r0, #16]
 107 0030 37EE067A 		vadd.f32	s14, s14, s12
 108 0034 80ED047A 		vstr.32	s14, [r0, #16]
  40:Library/Src/PID.c ****     pid->dout = (pid->error - pid->last_error) * pid->Kd;
 109              		.loc 1 40 5 is_stmt 1 view .LVU34
 110              		.loc 1 40 29 is_stmt 0 view .LVU35
 111 0038 70EEE60A 		vsub.f32	s1, s1, s13
 112              		.loc 1 40 53 view .LVU36
 113 003c D0ED026A 		vldr.32	s13, [r0, #8]
 114              		.loc 1 40 48 view .LVU37
 115 0040 60EEA60A 		vmul.f32	s1, s1, s13
 116              		.loc 1 40 15 view .LVU38
 117 0044 C0ED050A 		vstr.32	s1, [r0, #20]
  41:Library/Src/PID.c **** 
  42:Library/Src/PID.c ****     if(pid->iout >= pid->i_max)
 118              		.loc 1 42 5 is_stmt 1 view .LVU39
 119              		.loc 1 42 24 is_stmt 0 view .LVU40
 120 0048 D0ED0B6A 		vldr.32	s13, [r0, #44]
 121              		.loc 1 42 7 view .LVU41
 122 004c B4EEE67A 		vcmpe.f32	s14, s13
 123 0050 F1EE10FA 		vmrs	APSR_nzcv, FPSCR
 124 0054 01DB     		blt	.L3
  43:Library/Src/PID.c ****     {
  44:Library/Src/PID.c ****         pid->iout = pid->i_max;
 125              		.loc 1 44 9 is_stmt 1 view .LVU42
 126              		.loc 1 44 19 is_stmt 0 view .LVU43
 127 0056 C0ED046A 		vstr.32	s13, [r0, #16]
 128              	.L3:
  45:Library/Src/PID.c ****     }
  46:Library/Src/PID.c ****     if(pid->iout <= -pid->i_max)
ARM GAS  C:\Users\cyz19\AppData\Local\Temp\ccRu0Bio.s 			page 4


 129              		.loc 1 46 5 is_stmt 1 view .LVU44
 130              		.loc 1 46 11 is_stmt 0 view .LVU45
 131 005a 90ED047A 		vldr.32	s14, [r0, #16]
 132              		.loc 1 46 21 view .LVU46
 133 005e F1EE666A 		vneg.f32	s13, s13
 134              		.loc 1 46 7 view .LVU47
 135 0062 B4EEE67A 		vcmpe.f32	s14, s13
 136 0066 F1EE10FA 		vmrs	APSR_nzcv, FPSCR
 137 006a 01D8     		bhi	.L5
  47:Library/Src/PID.c ****     {
  48:Library/Src/PID.c ****         pid->iout = -pid->i_max;
 138              		.loc 1 48 9 is_stmt 1 view .LVU48
 139              		.loc 1 48 19 is_stmt 0 view .LVU49
 140 006c C0ED046A 		vstr.32	s13, [r0, #16]
 141              	.L5:
  49:Library/Src/PID.c ****     }
  50:Library/Src/PID.c **** 
  51:Library/Src/PID.c ****     pid->out = pid->pout + pid->iout + pid->dout;
 142              		.loc 1 51 5 is_stmt 1 view .LVU50
 143              		.loc 1 51 31 is_stmt 0 view .LVU51
 144 0070 90ED047A 		vldr.32	s14, [r0, #16]
 145              		.loc 1 51 26 view .LVU52
 146 0074 77EE877A 		vadd.f32	s15, s15, s14
 147              		.loc 1 51 38 view .LVU53
 148 0078 70EEA70A 		vadd.f32	s1, s1, s15
 149              		.loc 1 51 14 view .LVU54
 150 007c C0ED0C0A 		vstr.32	s1, [r0, #48]
  52:Library/Src/PID.c ****     
  53:Library/Src/PID.c ****     if(pid->out >= pid->out_max)
 151              		.loc 1 53 5 is_stmt 1 view .LVU55
 152              		.loc 1 53 23 is_stmt 0 view .LVU56
 153 0080 D0ED0A7A 		vldr.32	s15, [r0, #40]
 154              		.loc 1 53 7 view .LVU57
 155 0084 F4EEE70A 		vcmpe.f32	s1, s15
 156 0088 F1EE10FA 		vmrs	APSR_nzcv, FPSCR
 157 008c 01DB     		blt	.L7
  54:Library/Src/PID.c ****     {
  55:Library/Src/PID.c ****         pid->out = pid->out_max;
 158              		.loc 1 55 9 is_stmt 1 view .LVU58
 159              		.loc 1 55 18 is_stmt 0 view .LVU59
 160 008e C0ED0C7A 		vstr.32	s15, [r0, #48]
 161              	.L7:
  56:Library/Src/PID.c ****     }
  57:Library/Src/PID.c ****     if(pid->out <= -pid->out_max)
 162              		.loc 1 57 5 is_stmt 1 view .LVU60
 163              		.loc 1 57 11 is_stmt 0 view .LVU61
 164 0092 90ED0C7A 		vldr.32	s14, [r0, #48]
 165              		.loc 1 57 20 view .LVU62
 166 0096 F1EE677A 		vneg.f32	s15, s15
 167              		.loc 1 57 7 view .LVU63
 168 009a B4EEE77A 		vcmpe.f32	s14, s15
 169 009e F1EE10FA 		vmrs	APSR_nzcv, FPSCR
 170 00a2 01D8     		bhi	.L9
  58:Library/Src/PID.c ****     {
  59:Library/Src/PID.c ****         pid->out = -pid->out_max;
 171              		.loc 1 59 9 is_stmt 1 view .LVU64
 172              		.loc 1 59 18 is_stmt 0 view .LVU65
ARM GAS  C:\Users\cyz19\AppData\Local\Temp\ccRu0Bio.s 			page 5


 173 00a4 C0ED0C7A 		vstr.32	s15, [r0, #48]
 174              	.L9:
  60:Library/Src/PID.c ****     }
  61:Library/Src/PID.c ****     return pid->out;
 175              		.loc 1 61 5 is_stmt 1 view .LVU66
  62:Library/Src/PID.c **** }
 176              		.loc 1 62 1 is_stmt 0 view .LVU67
 177 00a8 90ED0C0A 		vldr.32	s0, [r0, #48]
 178              	.LVL3:
 179              		.loc 1 62 1 view .LVU68
 180 00ac 7047     		bx	lr
 181              		.cfi_endproc
 182              	.LFE136:
 184              		.section	.text.PID_Calc_INS,"ax",%progbits
 185              		.align	1
 186              		.global	PID_Calc_INS
 187              		.syntax unified
 188              		.thumb
 189              		.thumb_func
 191              	PID_Calc_INS:
 192              	.LVL4:
 193              	.LFB137:
  63:Library/Src/PID.c **** 
  64:Library/Src/PID.c **** 
  65:Library/Src/PID.c **** /**
  66:Library/Src/PID.c ****   * @brief  位姿角度为-180~180度时PID计算
  67:Library/Src/PID.c ****   * @param  pid  PID结构体地址
  68:Library/Src/PID.c ****   * @param  ref  实际值
  69:Library/Src/PID.c ****   * @param  set  预期值
  70:Library/Src/PID.c ****   * @retval PID计算结果
  71:Library/Src/PID.c ****   */
  72:Library/Src/PID.c **** float PID_Calc_INS(pid_type_def* pid , float ref , float set)
  73:Library/Src/PID.c **** {
 194              		.loc 1 73 1 is_stmt 1 view -0
 195              		.cfi_startproc
 196              		@ args = 0, pretend = 0, frame = 0
 197              		@ frame_needed = 0, uses_anonymous_args = 0
 198              		@ link register save eliminated.
  74:Library/Src/PID.c ****     pid->fdb = ref;
 199              		.loc 1 74 5 view .LVU70
 200              		.loc 1 74 14 is_stmt 0 view .LVU71
 201 0000 80ED090A 		vstr.32	s0, [r0, #36]
  75:Library/Src/PID.c ****     pid->set = set;
 202              		.loc 1 75 5 is_stmt 1 view .LVU72
 203              		.loc 1 75 14 is_stmt 0 view .LVU73
 204 0004 C0ED080A 		vstr.32	s1, [r0, #32]
  76:Library/Src/PID.c ****     pid->last_error = pid->error;
 205              		.loc 1 76 5 is_stmt 1 view .LVU74
 206              		.loc 1 76 26 is_stmt 0 view .LVU75
 207 0008 90ED066A 		vldr.32	s12, [r0, #24]
 208              		.loc 1 76 21 view .LVU76
 209 000c 80ED076A 		vstr.32	s12, [r0, #28]
  77:Library/Src/PID.c ****     pid->error = set - ref;
 210              		.loc 1 77 5 is_stmt 1 view .LVU77
 211              		.loc 1 77 22 is_stmt 0 view .LVU78
 212 0010 70EEC00A 		vsub.f32	s1, s1, s0
 213              	.LVL5:
ARM GAS  C:\Users\cyz19\AppData\Local\Temp\ccRu0Bio.s 			page 6


 214              		.loc 1 77 16 view .LVU79
 215 0014 C0ED060A 		vstr.32	s1, [r0, #24]
  78:Library/Src/PID.c **** 
  79:Library/Src/PID.c ****     if(pid->error > 180)
 216              		.loc 1 79 5 is_stmt 1 view .LVU80
 217              		.loc 1 79 7 is_stmt 0 view .LVU81
 218 0018 DFED347A 		vldr.32	s15, .L34
 219 001c F4EEE70A 		vcmpe.f32	s1, s15
 220 0020 F1EE10FA 		vmrs	APSR_nzcv, FPSCR
 221 0024 05DD     		ble	.L16
  80:Library/Src/PID.c ****     {
  81:Library/Src/PID.c ****         pid->error -= 360;
 222              		.loc 1 81 9 is_stmt 1 view .LVU82
 223              		.loc 1 81 20 is_stmt 0 view .LVU83
 224 0026 9FED320A 		vldr.32	s0, .L34+4
 225              	.LVL6:
 226              		.loc 1 81 20 view .LVU84
 227 002a 70EEC00A 		vsub.f32	s1, s1, s0
 228 002e C0ED060A 		vstr.32	s1, [r0, #24]
 229              	.L16:
  82:Library/Src/PID.c ****     }
  83:Library/Src/PID.c ****     if(pid->error < -180)
 230              		.loc 1 83 5 is_stmt 1 view .LVU85
 231              		.loc 1 83 11 is_stmt 0 view .LVU86
 232 0032 90ED067A 		vldr.32	s14, [r0, #24]
 233              		.loc 1 83 7 view .LVU87
 234 0036 DFED2F7A 		vldr.32	s15, .L34+8
 235 003a B4EEE77A 		vcmpe.f32	s14, s15
 236 003e F1EE10FA 		vmrs	APSR_nzcv, FPSCR
 237 0042 05D5     		bpl	.L18
  84:Library/Src/PID.c ****     {
  85:Library/Src/PID.c ****         pid->error += 360;
 238              		.loc 1 85 9 is_stmt 1 view .LVU88
 239              		.loc 1 85 20 is_stmt 0 view .LVU89
 240 0044 DFED2A7A 		vldr.32	s15, .L34+4
 241 0048 37EE277A 		vadd.f32	s14, s14, s15
 242 004c 80ED067A 		vstr.32	s14, [r0, #24]
 243              	.L18:
  86:Library/Src/PID.c ****     }
  87:Library/Src/PID.c ****     
  88:Library/Src/PID.c ****     pid->pout = pid->error * pid->Kp;
 244              		.loc 1 88 5 is_stmt 1 view .LVU90
 245              		.loc 1 88 20 is_stmt 0 view .LVU91
 246 0050 D0ED067A 		vldr.32	s15, [r0, #24]
 247              		.loc 1 88 33 view .LVU92
 248 0054 90ED007A 		vldr.32	s14, [r0]
 249              		.loc 1 88 28 view .LVU93
 250 0058 27EE877A 		vmul.f32	s14, s15, s14
 251              		.loc 1 88 15 view .LVU94
 252 005c 80ED037A 		vstr.32	s14, [r0, #12]
  89:Library/Src/PID.c ****     pid->iout += pid->error * pid->Ki;
 253              		.loc 1 89 5 is_stmt 1 view .LVU95
 254              		.loc 1 89 34 is_stmt 0 view .LVU96
 255 0060 D0ED016A 		vldr.32	s13, [r0, #4]
 256              		.loc 1 89 29 view .LVU97
 257 0064 67EEA66A 		vmul.f32	s13, s15, s13
 258              		.loc 1 89 15 view .LVU98
ARM GAS  C:\Users\cyz19\AppData\Local\Temp\ccRu0Bio.s 			page 7


 259 0068 D0ED045A 		vldr.32	s11, [r0, #16]
 260 006c 76EEA56A 		vadd.f32	s13, s13, s11
 261 0070 C0ED046A 		vstr.32	s13, [r0, #16]
  90:Library/Src/PID.c ****     pid->dout = (pid->error - pid->last_error) * pid->Kd;
 262              		.loc 1 90 5 is_stmt 1 view .LVU99
 263              		.loc 1 90 29 is_stmt 0 view .LVU100
 264 0074 77EEC67A 		vsub.f32	s15, s15, s12
 265              		.loc 1 90 53 view .LVU101
 266 0078 90ED026A 		vldr.32	s12, [r0, #8]
 267              		.loc 1 90 48 view .LVU102
 268 007c 67EE867A 		vmul.f32	s15, s15, s12
 269              		.loc 1 90 15 view .LVU103
 270 0080 C0ED057A 		vstr.32	s15, [r0, #20]
  91:Library/Src/PID.c **** 
  92:Library/Src/PID.c ****     if(pid->iout >= pid->i_max)
 271              		.loc 1 92 5 is_stmt 1 view .LVU104
 272              		.loc 1 92 24 is_stmt 0 view .LVU105
 273 0084 90ED0B6A 		vldr.32	s12, [r0, #44]
 274              		.loc 1 92 7 view .LVU106
 275 0088 F4EEC66A 		vcmpe.f32	s13, s12
 276 008c F1EE10FA 		vmrs	APSR_nzcv, FPSCR
 277 0090 01DB     		blt	.L20
  93:Library/Src/PID.c ****     {
  94:Library/Src/PID.c ****         pid->iout = pid->i_max;
 278              		.loc 1 94 9 is_stmt 1 view .LVU107
 279              		.loc 1 94 19 is_stmt 0 view .LVU108
 280 0092 80ED046A 		vstr.32	s12, [r0, #16]
 281              	.L20:
  95:Library/Src/PID.c ****     }
  96:Library/Src/PID.c ****     if(pid->iout <= -pid->i_max)
 282              		.loc 1 96 5 is_stmt 1 view .LVU109
 283              		.loc 1 96 11 is_stmt 0 view .LVU110
 284 0096 D0ED046A 		vldr.32	s13, [r0, #16]
 285              		.loc 1 96 21 view .LVU111
 286 009a B1EE466A 		vneg.f32	s12, s12
 287              		.loc 1 96 7 view .LVU112
 288 009e F4EEC66A 		vcmpe.f32	s13, s12
 289 00a2 F1EE10FA 		vmrs	APSR_nzcv, FPSCR
 290 00a6 01D8     		bhi	.L22
  97:Library/Src/PID.c ****     {
  98:Library/Src/PID.c ****         pid->iout = -pid->i_max;
 291              		.loc 1 98 9 is_stmt 1 view .LVU113
 292              		.loc 1 98 19 is_stmt 0 view .LVU114
 293 00a8 80ED046A 		vstr.32	s12, [r0, #16]
 294              	.L22:
  99:Library/Src/PID.c ****     }
 100:Library/Src/PID.c **** 
 101:Library/Src/PID.c ****     pid->out = pid->pout + pid->iout + pid->dout;
 295              		.loc 1 101 5 is_stmt 1 view .LVU115
 296              		.loc 1 101 31 is_stmt 0 view .LVU116
 297 00ac D0ED046A 		vldr.32	s13, [r0, #16]
 298              		.loc 1 101 26 view .LVU117
 299 00b0 37EE267A 		vadd.f32	s14, s14, s13
 300              		.loc 1 101 38 view .LVU118
 301 00b4 77EE877A 		vadd.f32	s15, s15, s14
 302              		.loc 1 101 14 view .LVU119
 303 00b8 C0ED0C7A 		vstr.32	s15, [r0, #48]
ARM GAS  C:\Users\cyz19\AppData\Local\Temp\ccRu0Bio.s 			page 8


 102:Library/Src/PID.c ****     
 103:Library/Src/PID.c ****     if(pid->out >= pid->out_max)
 304              		.loc 1 103 5 is_stmt 1 view .LVU120
 305              		.loc 1 103 23 is_stmt 0 view .LVU121
 306 00bc 90ED0A7A 		vldr.32	s14, [r0, #40]
 307              		.loc 1 103 7 view .LVU122
 308 00c0 F4EEC77A 		vcmpe.f32	s15, s14
 309 00c4 F1EE10FA 		vmrs	APSR_nzcv, FPSCR
 310 00c8 01DB     		blt	.L24
 104:Library/Src/PID.c ****     {
 105:Library/Src/PID.c ****         pid->out = pid->out_max;
 311              		.loc 1 105 9 is_stmt 1 view .LVU123
 312              		.loc 1 105 18 is_stmt 0 view .LVU124
 313 00ca 80ED0C7A 		vstr.32	s14, [r0, #48]
 314              	.L24:
 106:Library/Src/PID.c ****     }
 107:Library/Src/PID.c ****     if(pid->out <= -pid->out_max)
 315              		.loc 1 107 5 is_stmt 1 view .LVU125
 316              		.loc 1 107 11 is_stmt 0 view .LVU126
 317 00ce D0ED0C7A 		vldr.32	s15, [r0, #48]
 318              		.loc 1 107 20 view .LVU127
 319 00d2 B1EE477A 		vneg.f32	s14, s14
 320              		.loc 1 107 7 view .LVU128
 321 00d6 F4EEC77A 		vcmpe.f32	s15, s14
 322 00da F1EE10FA 		vmrs	APSR_nzcv, FPSCR
 323 00de 01D8     		bhi	.L26
 108:Library/Src/PID.c ****     {
 109:Library/Src/PID.c ****         pid->out = -pid->out_max;
 324              		.loc 1 109 9 is_stmt 1 view .LVU129
 325              		.loc 1 109 18 is_stmt 0 view .LVU130
 326 00e0 80ED0C7A 		vstr.32	s14, [r0, #48]
 327              	.L26:
 110:Library/Src/PID.c ****     }
 111:Library/Src/PID.c ****     return pid->out;
 328              		.loc 1 111 5 is_stmt 1 view .LVU131
 112:Library/Src/PID.c **** }
 329              		.loc 1 112 1 is_stmt 0 view .LVU132
 330 00e4 90ED0C0A 		vldr.32	s0, [r0, #48]
 331 00e8 7047     		bx	lr
 332              	.L35:
 333 00ea 00BF     		.align	2
 334              	.L34:
 335 00ec 00003443 		.word	1127481344
 336 00f0 0000B443 		.word	1135869952
 337 00f4 000034C3 		.word	-1020002304
 338              		.cfi_endproc
 339              	.LFE137:
 341              		.section	.text.PID_Calc_motorpos,"ax",%progbits
 342              		.align	1
 343              		.global	PID_Calc_motorpos
 344              		.syntax unified
 345              		.thumb
 346              		.thumb_func
 348              	PID_Calc_motorpos:
 349              	.LVL7:
 350              	.LFB138:
 113:Library/Src/PID.c **** 
ARM GAS  C:\Users\cyz19\AppData\Local\Temp\ccRu0Bio.s 			page 9


 114:Library/Src/PID.c **** 
 115:Library/Src/PID.c **** 
 116:Library/Src/PID.c **** /**
 117:Library/Src/PID.c ****   * @brief  电机编码器角度为0-8191时的PID计算
 118:Library/Src/PID.c ****   * @param  pid  PID结构体地址
 119:Library/Src/PID.c ****   * @param  ref  实际值
 120:Library/Src/PID.c ****   * @param  set  预期值
 121:Library/Src/PID.c ****   * @retval PID计算结果
 122:Library/Src/PID.c ****   */
 123:Library/Src/PID.c **** float PID_Calc_motorpos(pid_type_def* pid , float ref , float set)
 124:Library/Src/PID.c **** {
 351              		.loc 1 124 1 is_stmt 1 view -0
 352              		.cfi_startproc
 353              		@ args = 0, pretend = 0, frame = 0
 354              		@ frame_needed = 0, uses_anonymous_args = 0
 355              		@ link register save eliminated.
 125:Library/Src/PID.c ****     pid->fdb = ref;
 356              		.loc 1 125 5 view .LVU134
 357              		.loc 1 125 14 is_stmt 0 view .LVU135
 358 0000 80ED090A 		vstr.32	s0, [r0, #36]
 126:Library/Src/PID.c ****     pid->set = set;
 359              		.loc 1 126 5 is_stmt 1 view .LVU136
 360              		.loc 1 126 14 is_stmt 0 view .LVU137
 361 0004 C0ED080A 		vstr.32	s1, [r0, #32]
 127:Library/Src/PID.c ****     pid->last_error = pid->error;
 362              		.loc 1 127 5 is_stmt 1 view .LVU138
 363              		.loc 1 127 26 is_stmt 0 view .LVU139
 364 0008 90ED066A 		vldr.32	s12, [r0, #24]
 365              		.loc 1 127 21 view .LVU140
 366 000c 80ED076A 		vstr.32	s12, [r0, #28]
 128:Library/Src/PID.c ****     pid->error = set - ref;
 367              		.loc 1 128 5 is_stmt 1 view .LVU141
 368              		.loc 1 128 22 is_stmt 0 view .LVU142
 369 0010 70EEC00A 		vsub.f32	s1, s1, s0
 370              	.LVL8:
 371              		.loc 1 128 16 view .LVU143
 372 0014 C0ED060A 		vstr.32	s1, [r0, #24]
 129:Library/Src/PID.c ****     
 130:Library/Src/PID.c ****     if(pid->error > 4096)
 373              		.loc 1 130 5 is_stmt 1 view .LVU144
 374              		.loc 1 130 7 is_stmt 0 view .LVU145
 375 0018 DFED347A 		vldr.32	s15, .L55
 376 001c F4EEE70A 		vcmpe.f32	s1, s15
 377 0020 F1EE10FA 		vmrs	APSR_nzcv, FPSCR
 378 0024 05DD     		ble	.L37
 131:Library/Src/PID.c ****     {
 132:Library/Src/PID.c ****         pid->error -= 8191;
 379              		.loc 1 132 9 is_stmt 1 view .LVU146
 380              		.loc 1 132 20 is_stmt 0 view .LVU147
 381 0026 9FED320A 		vldr.32	s0, .L55+4
 382              	.LVL9:
 383              		.loc 1 132 20 view .LVU148
 384 002a 70EEC00A 		vsub.f32	s1, s1, s0
 385 002e C0ED060A 		vstr.32	s1, [r0, #24]
 386              	.L37:
 133:Library/Src/PID.c ****     }
 134:Library/Src/PID.c ****     if(pid->error < -4096)
ARM GAS  C:\Users\cyz19\AppData\Local\Temp\ccRu0Bio.s 			page 10


 387              		.loc 1 134 5 is_stmt 1 view .LVU149
 388              		.loc 1 134 11 is_stmt 0 view .LVU150
 389 0032 90ED067A 		vldr.32	s14, [r0, #24]
 390              		.loc 1 134 7 view .LVU151
 391 0036 DFED2F7A 		vldr.32	s15, .L55+8
 392 003a B4EEE77A 		vcmpe.f32	s14, s15
 393 003e F1EE10FA 		vmrs	APSR_nzcv, FPSCR
 394 0042 05D5     		bpl	.L39
 135:Library/Src/PID.c ****     {
 136:Library/Src/PID.c ****         pid->error += 8191;
 395              		.loc 1 136 9 is_stmt 1 view .LVU152
 396              		.loc 1 136 20 is_stmt 0 view .LVU153
 397 0044 DFED2A7A 		vldr.32	s15, .L55+4
 398 0048 37EE277A 		vadd.f32	s14, s14, s15
 399 004c 80ED067A 		vstr.32	s14, [r0, #24]
 400              	.L39:
 137:Library/Src/PID.c ****     }
 138:Library/Src/PID.c **** 
 139:Library/Src/PID.c ****     pid->pout = pid->error * pid->Kp;
 401              		.loc 1 139 5 is_stmt 1 view .LVU154
 402              		.loc 1 139 20 is_stmt 0 view .LVU155
 403 0050 D0ED067A 		vldr.32	s15, [r0, #24]
 404              		.loc 1 139 33 view .LVU156
 405 0054 90ED007A 		vldr.32	s14, [r0]
 406              		.loc 1 139 28 view .LVU157
 407 0058 27EE877A 		vmul.f32	s14, s15, s14
 408              		.loc 1 139 15 view .LVU158
 409 005c 80ED037A 		vstr.32	s14, [r0, #12]
 140:Library/Src/PID.c ****     pid->iout += pid->error * pid->Ki;
 410              		.loc 1 140 5 is_stmt 1 view .LVU159
 411              		.loc 1 140 34 is_stmt 0 view .LVU160
 412 0060 D0ED016A 		vldr.32	s13, [r0, #4]
 413              		.loc 1 140 29 view .LVU161
 414 0064 67EEA66A 		vmul.f32	s13, s15, s13
 415              		.loc 1 140 15 view .LVU162
 416 0068 D0ED045A 		vldr.32	s11, [r0, #16]
 417 006c 76EEA56A 		vadd.f32	s13, s13, s11
 418 0070 C0ED046A 		vstr.32	s13, [r0, #16]
 141:Library/Src/PID.c ****     pid->dout = (pid->error - pid->last_error) * pid->Kd;
 419              		.loc 1 141 5 is_stmt 1 view .LVU163
 420              		.loc 1 141 29 is_stmt 0 view .LVU164
 421 0074 77EEC67A 		vsub.f32	s15, s15, s12
 422              		.loc 1 141 53 view .LVU165
 423 0078 90ED026A 		vldr.32	s12, [r0, #8]
 424              		.loc 1 141 48 view .LVU166
 425 007c 67EE867A 		vmul.f32	s15, s15, s12
 426              		.loc 1 141 15 view .LVU167
 427 0080 C0ED057A 		vstr.32	s15, [r0, #20]
 142:Library/Src/PID.c **** 
 143:Library/Src/PID.c ****     if(pid->iout >= pid->i_max)
 428              		.loc 1 143 5 is_stmt 1 view .LVU168
 429              		.loc 1 143 24 is_stmt 0 view .LVU169
 430 0084 90ED0B6A 		vldr.32	s12, [r0, #44]
 431              		.loc 1 143 7 view .LVU170
 432 0088 F4EEC66A 		vcmpe.f32	s13, s12
 433 008c F1EE10FA 		vmrs	APSR_nzcv, FPSCR
 434 0090 01DB     		blt	.L41
ARM GAS  C:\Users\cyz19\AppData\Local\Temp\ccRu0Bio.s 			page 11


 144:Library/Src/PID.c ****     {
 145:Library/Src/PID.c ****         pid->iout = pid->i_max;
 435              		.loc 1 145 9 is_stmt 1 view .LVU171
 436              		.loc 1 145 19 is_stmt 0 view .LVU172
 437 0092 80ED046A 		vstr.32	s12, [r0, #16]
 438              	.L41:
 146:Library/Src/PID.c ****     }
 147:Library/Src/PID.c ****     if(pid->iout <= -pid->i_max)
 439              		.loc 1 147 5 is_stmt 1 view .LVU173
 440              		.loc 1 147 11 is_stmt 0 view .LVU174
 441 0096 D0ED046A 		vldr.32	s13, [r0, #16]
 442              		.loc 1 147 21 view .LVU175
 443 009a B1EE466A 		vneg.f32	s12, s12
 444              		.loc 1 147 7 view .LVU176
 445 009e F4EEC66A 		vcmpe.f32	s13, s12
 446 00a2 F1EE10FA 		vmrs	APSR_nzcv, FPSCR
 447 00a6 01D8     		bhi	.L43
 148:Library/Src/PID.c ****     {
 149:Library/Src/PID.c ****         pid->iout = -pid->i_max;
 448              		.loc 1 149 9 is_stmt 1 view .LVU177
 449              		.loc 1 149 19 is_stmt 0 view .LVU178
 450 00a8 80ED046A 		vstr.32	s12, [r0, #16]
 451              	.L43:
 150:Library/Src/PID.c ****     }
 151:Library/Src/PID.c **** 
 152:Library/Src/PID.c ****     pid->out = pid->pout + pid->iout + pid->dout;
 452              		.loc 1 152 5 is_stmt 1 view .LVU179
 453              		.loc 1 152 31 is_stmt 0 view .LVU180
 454 00ac D0ED046A 		vldr.32	s13, [r0, #16]
 455              		.loc 1 152 26 view .LVU181
 456 00b0 37EE267A 		vadd.f32	s14, s14, s13
 457              		.loc 1 152 38 view .LVU182
 458 00b4 77EE877A 		vadd.f32	s15, s15, s14
 459              		.loc 1 152 14 view .LVU183
 460 00b8 C0ED0C7A 		vstr.32	s15, [r0, #48]
 153:Library/Src/PID.c ****     
 154:Library/Src/PID.c ****     if(pid->out >= pid->out_max)
 461              		.loc 1 154 5 is_stmt 1 view .LVU184
 462              		.loc 1 154 23 is_stmt 0 view .LVU185
 463 00bc 90ED0A7A 		vldr.32	s14, [r0, #40]
 464              		.loc 1 154 7 view .LVU186
 465 00c0 F4EEC77A 		vcmpe.f32	s15, s14
 466 00c4 F1EE10FA 		vmrs	APSR_nzcv, FPSCR
 467 00c8 01DB     		blt	.L45
 155:Library/Src/PID.c ****     {
 156:Library/Src/PID.c ****         pid->out = pid->out_max;
 468              		.loc 1 156 9 is_stmt 1 view .LVU187
 469              		.loc 1 156 18 is_stmt 0 view .LVU188
 470 00ca 80ED0C7A 		vstr.32	s14, [r0, #48]
 471              	.L45:
 157:Library/Src/PID.c ****     }
 158:Library/Src/PID.c ****     if(pid->out <= -pid->out_max)
 472              		.loc 1 158 5 is_stmt 1 view .LVU189
 473              		.loc 1 158 11 is_stmt 0 view .LVU190
 474 00ce D0ED0C7A 		vldr.32	s15, [r0, #48]
 475              		.loc 1 158 20 view .LVU191
 476 00d2 B1EE477A 		vneg.f32	s14, s14
ARM GAS  C:\Users\cyz19\AppData\Local\Temp\ccRu0Bio.s 			page 12


 477              		.loc 1 158 7 view .LVU192
 478 00d6 F4EEC77A 		vcmpe.f32	s15, s14
 479 00da F1EE10FA 		vmrs	APSR_nzcv, FPSCR
 480 00de 01D8     		bhi	.L47
 159:Library/Src/PID.c ****     {
 160:Library/Src/PID.c ****         pid->out = -pid->out_max;
 481              		.loc 1 160 9 is_stmt 1 view .LVU193
 482              		.loc 1 160 18 is_stmt 0 view .LVU194
 483 00e0 80ED0C7A 		vstr.32	s14, [r0, #48]
 484              	.L47:
 161:Library/Src/PID.c ****     }
 162:Library/Src/PID.c ****     return pid->out;
 485              		.loc 1 162 5 is_stmt 1 view .LVU195
 163:Library/Src/PID.c **** }...
 486              		.loc 1 163 1 is_stmt 0 view .LVU196
 487 00e4 90ED0C0A 		vldr.32	s0, [r0, #48]
 488 00e8 7047     		bx	lr
 489              	.L56:
 490 00ea 00BF     		.align	2
 491              	.L55:
 492 00ec 00008045 		.word	1166016512
 493 00f0 00F8FF45 		.word	1174403072
 494 00f4 000080C5 		.word	-981467136
 495              		.cfi_endproc
 496              	.LFE138:
 498              		.text
 499              	.Letext0:
 500              		.file 2 "Library/Inc/PID.h"
ARM GAS  C:\Users\cyz19\AppData\Local\Temp\ccRu0Bio.s 			page 13


DEFINED SYMBOLS
                            *ABS*:00000000 PID.c
C:\Users\cyz19\AppData\Local\Temp\ccRu0Bio.s:20     .text.PID_init:00000000 $t
C:\Users\cyz19\AppData\Local\Temp\ccRu0Bio.s:26     .text.PID_init:00000000 PID_init
C:\Users\cyz19\AppData\Local\Temp\ccRu0Bio.s:62     .text.PID_Calc:00000000 $t
C:\Users\cyz19\AppData\Local\Temp\ccRu0Bio.s:68     .text.PID_Calc:00000000 PID_Calc
C:\Users\cyz19\AppData\Local\Temp\ccRu0Bio.s:185    .text.PID_Calc_INS:00000000 $t
C:\Users\cyz19\AppData\Local\Temp\ccRu0Bio.s:191    .text.PID_Calc_INS:00000000 PID_Calc_INS
C:\Users\cyz19\AppData\Local\Temp\ccRu0Bio.s:335    .text.PID_Calc_INS:000000ec $d
C:\Users\cyz19\AppData\Local\Temp\ccRu0Bio.s:342    .text.PID_Calc_motorpos:00000000 $t
C:\Users\cyz19\AppData\Local\Temp\ccRu0Bio.s:348    .text.PID_Calc_motorpos:00000000 PID_Calc_motorpos
C:\Users\cyz19\AppData\Local\Temp\ccRu0Bio.s:492    .text.PID_Calc_motorpos:000000ec $d

NO UNDEFINED SYMBOLS
