ARM GAS  C:\Users\cyz19\AppData\Local\Temp\ccOmsIEg.s 			page 1


   1              		.cpu cortex-m4
   2              		.arch armv7e-m
   3              		.fpu fpv4-sp-d16
   4              		.eabi_attribute 27, 1
   5              		.eabi_attribute 28, 1
   6              		.eabi_attribute 20, 1
   7              		.eabi_attribute 21, 1
   8              		.eabi_attribute 23, 3
   9              		.eabi_attribute 24, 1
  10              		.eabi_attribute 25, 1
  11              		.eabi_attribute 26, 1
  12              		.eabi_attribute 30, 1
  13              		.eabi_attribute 34, 1
  14              		.eabi_attribute 18, 4
  15              		.file	"remote_control.c"
  16              		.text
  17              	.Ltext0:
  18              		.cfi_sections	.debug_frame
  19              		.section	.text.sbus_to_rc,"ax",%progbits
  20              		.align	1
  21              		.syntax unified
  22              		.thumb
  23              		.thumb_func
  25              	sbus_to_rc:
  26              	.LVL0:
  27              	.LFB140:
  28              		.file 1 "Library/Src/remote_control.c"
   1:Library/Src/remote_control.c **** #include "remote_control.h"
   2:Library/Src/remote_control.c **** #include "Data.h"
   3:Library/Src/remote_control.c **** 
   4:Library/Src/remote_control.c **** 
   5:Library/Src/remote_control.c **** RC_ctrl_t rc_ctrl = {0};
   6:Library/Src/remote_control.c **** data_rc_t data_rc = {0};
   7:Library/Src/remote_control.c **** 
   8:Library/Src/remote_control.c **** extern DMA_HandleTypeDef hdma_usart3_rx;
   9:Library/Src/remote_control.c **** extern UART_HandleTypeDef huart3;
  10:Library/Src/remote_control.c **** 
  11:Library/Src/remote_control.c **** static uint8_t sbus_rx_buf[2][SBUS_RX_BUF_NUM];
  12:Library/Src/remote_control.c **** 
  13:Library/Src/remote_control.c **** static void sbus_to_rc(volatile const uint8_t *sbus_buf, RC_ctrl_t *rc_ctrl);
  14:Library/Src/remote_control.c **** 
  15:Library/Src/remote_control.c **** 
  16:Library/Src/remote_control.c **** void remote_control_init(void)
  17:Library/Src/remote_control.c **** {
  18:Library/Src/remote_control.c ****     RC_init(sbus_rx_buf[0], sbus_rx_buf[1], SBUS_RX_BUF_NUM);
  19:Library/Src/remote_control.c **** }
  20:Library/Src/remote_control.c **** 
  21:Library/Src/remote_control.c **** 
  22:Library/Src/remote_control.c **** void RC_init(uint8_t *rx1_buf, uint8_t *rx2_buf, uint16_t dma_buf_num)
  23:Library/Src/remote_control.c **** {
  24:Library/Src/remote_control.c ****     //enable the DMA transfer for the receiver request
  25:Library/Src/remote_control.c ****     //使能DMA串口接收
  26:Library/Src/remote_control.c ****     SET_BIT(huart3.Instance->CR3, USART_CR3_DMAR);
  27:Library/Src/remote_control.c ****     //enalbe idle interrupt
  28:Library/Src/remote_control.c ****     //使能空闲中断
  29:Library/Src/remote_control.c ****     __HAL_UART_ENABLE_IT(&huart3, UART_IT_IDLE);
  30:Library/Src/remote_control.c ****     //disable DMA
ARM GAS  C:\Users\cyz19\AppData\Local\Temp\ccOmsIEg.s 			page 2


  31:Library/Src/remote_control.c ****     //失效DMA
  32:Library/Src/remote_control.c ****     __HAL_DMA_DISABLE(&hdma_usart3_rx);
  33:Library/Src/remote_control.c **** 
  34:Library/Src/remote_control.c ****     while(hdma_usart3_rx.Instance->CR & DMA_SxCR_EN)
  35:Library/Src/remote_control.c ****     {
  36:Library/Src/remote_control.c ****         __HAL_DMA_DISABLE(&hdma_usart3_rx);
  37:Library/Src/remote_control.c ****     }
  38:Library/Src/remote_control.c **** 
  39:Library/Src/remote_control.c ****     hdma_usart3_rx.Instance->PAR = (uint32_t) & (USART3->DR);
  40:Library/Src/remote_control.c ****     //memory buffer 1
  41:Library/Src/remote_control.c ****     //内存缓冲区1
  42:Library/Src/remote_control.c ****     hdma_usart3_rx.Instance->M0AR = (uint32_t)(rx1_buf);
  43:Library/Src/remote_control.c ****     //memory buffer 2
  44:Library/Src/remote_control.c ****     //内存缓冲区2
  45:Library/Src/remote_control.c ****     hdma_usart3_rx.Instance->M1AR = (uint32_t)(rx2_buf);
  46:Library/Src/remote_control.c ****     //data length
  47:Library/Src/remote_control.c ****     //数据长度
  48:Library/Src/remote_control.c ****     hdma_usart3_rx.Instance->NDTR = dma_buf_num;
  49:Library/Src/remote_control.c ****     //enable double memory buffer
  50:Library/Src/remote_control.c ****     //使能双缓冲区
  51:Library/Src/remote_control.c ****     SET_BIT(hdma_usart3_rx.Instance->CR, DMA_SxCR_DBM);
  52:Library/Src/remote_control.c **** 
  53:Library/Src/remote_control.c ****     //enable DMA
  54:Library/Src/remote_control.c ****     //使能DMA
  55:Library/Src/remote_control.c ****     __HAL_DMA_ENABLE(&hdma_usart3_rx);
  56:Library/Src/remote_control.c **** 
  57:Library/Src/remote_control.c **** }
  58:Library/Src/remote_control.c **** 
  59:Library/Src/remote_control.c **** 
  60:Library/Src/remote_control.c **** static void sbus_to_rc(volatile const uint8_t *sbus_buf, RC_ctrl_t *rc_ctrl)
  61:Library/Src/remote_control.c **** {
  29              		.loc 1 61 1 view -0
  30              		.cfi_startproc
  31              		@ args = 0, pretend = 0, frame = 0
  32              		@ frame_needed = 0, uses_anonymous_args = 0
  62:Library/Src/remote_control.c ****     if (sbus_buf == NULL || rc_ctrl == NULL)
  33              		.loc 1 62 5 view .LVU1
  34              		.loc 1 62 8 is_stmt 0 view .LVU2
  35 0000 0028     		cmp	r0, #0
  36 0002 5FD0     		beq	.L4
  37 0004 0346     		mov	r3, r0
  38              		.loc 1 62 26 discriminator 1 view .LVU3
  39 0006 0029     		cmp	r1, #0
  40 0008 5CD0     		beq	.L4
  61:Library/Src/remote_control.c ****     if (sbus_buf == NULL || rc_ctrl == NULL)
  41              		.loc 1 61 1 view .LVU4
  42 000a 30B5     		push	{r4, r5, lr}
  43              	.LCFI0:
  44              		.cfi_def_cfa_offset 12
  45              		.cfi_offset 4, -12
  46              		.cfi_offset 5, -8
  47              		.cfi_offset 14, -4
  63:Library/Src/remote_control.c ****     {
  64:Library/Src/remote_control.c ****         return;
  65:Library/Src/remote_control.c ****     }
  66:Library/Src/remote_control.c **** 
  67:Library/Src/remote_control.c ****     rc_ctrl->rc.ch[0] = (sbus_buf[0] | (sbus_buf[1] << 8)) & 0x07ff;        //!< Channel 0
ARM GAS  C:\Users\cyz19\AppData\Local\Temp\ccOmsIEg.s 			page 3


  48              		.loc 1 67 5 is_stmt 1 view .LVU5
  49              		.loc 1 67 34 is_stmt 0 view .LVU6
  50 000c 90F800C0 		ldrb	ip, [r0]	@ zero_extendqisi2
  51              		.loc 1 67 49 view .LVU7
  52 0010 4278     		ldrb	r2, [r0, #1]	@ zero_extendqisi2
  53              		.loc 1 67 38 view .LVU8
  54 0012 4CEA022C 		orr	ip, ip, r2, lsl #8
  55              		.loc 1 67 60 view .LVU9
  56 0016 CCF30A0C 		ubfx	ip, ip, #0, #11
  57              		.loc 1 67 23 view .LVU10
  58 001a A1F800C0 		strh	ip, [r1]	@ unaligned
  68:Library/Src/remote_control.c ****     rc_ctrl->rc.ch[1] = ((sbus_buf[1] >> 3) | (sbus_buf[2] << 5)) & 0x07ff; //!< Channel 1
  59              		.loc 1 68 5 is_stmt 1 view .LVU11
  60              		.loc 1 68 35 is_stmt 0 view .LVU12
  61 001e 4278     		ldrb	r2, [r0, #1]	@ zero_extendqisi2
  62              		.loc 1 68 56 view .LVU13
  63 0020 8078     		ldrb	r0, [r0, #2]	@ zero_extendqisi2
  64              	.LVL1:
  65              		.loc 1 68 45 view .LVU14
  66 0022 D208     		lsrs	r2, r2, #3
  67 0024 42EA4012 		orr	r2, r2, r0, lsl #5
  68              		.loc 1 68 67 view .LVU15
  69 0028 C2F30A0E 		ubfx	lr, r2, #0, #11
  70              		.loc 1 68 23 view .LVU16
  71 002c A1F802E0 		strh	lr, [r1, #2]	@ unaligned
  69:Library/Src/remote_control.c ****     rc_ctrl->rc.ch[2] = ((sbus_buf[2] >> 6) | (sbus_buf[3] << 2) |          //!< Channel 2
  72              		.loc 1 69 5 is_stmt 1 view .LVU17
  73              		.loc 1 69 35 is_stmt 0 view .LVU18
  74 0030 9A78     		ldrb	r2, [r3, #2]	@ zero_extendqisi2
  75              		.loc 1 69 56 view .LVU19
  76 0032 D878     		ldrb	r0, [r3, #3]	@ zero_extendqisi2
  77              		.loc 1 69 45 view .LVU20
  78 0034 9209     		lsrs	r2, r2, #6
  79 0036 42EA8002 		orr	r2, r2, r0, lsl #2
  70:Library/Src/remote_control.c ****                          (sbus_buf[4] << 10)) &0x07ff;
  80              		.loc 1 70 35 view .LVU21
  81 003a 1879     		ldrb	r0, [r3, #4]	@ zero_extendqisi2
  69:Library/Src/remote_control.c ****     rc_ctrl->rc.ch[2] = ((sbus_buf[2] >> 6) | (sbus_buf[3] << 2) |          //!< Channel 2
  82              		.loc 1 69 66 view .LVU22
  83 003c 42EA8022 		orr	r2, r2, r0, lsl #10
  84              		.loc 1 70 47 view .LVU23
  85 0040 C2F30A02 		ubfx	r2, r2, #0, #11
  69:Library/Src/remote_control.c ****     rc_ctrl->rc.ch[2] = ((sbus_buf[2] >> 6) | (sbus_buf[3] << 2) |          //!< Channel 2
  86              		.loc 1 69 23 view .LVU24
  87 0044 8A80     		strh	r2, [r1, #4]	@ unaligned
  71:Library/Src/remote_control.c ****     rc_ctrl->rc.ch[3] = ((sbus_buf[4] >> 1) | (sbus_buf[5] << 7)) & 0x07ff; //!< Channel 3
  88              		.loc 1 71 5 is_stmt 1 view .LVU25
  89              		.loc 1 71 35 is_stmt 0 view .LVU26
  90 0046 1879     		ldrb	r0, [r3, #4]	@ zero_extendqisi2
  91              		.loc 1 71 56 view .LVU27
  92 0048 5C79     		ldrb	r4, [r3, #5]	@ zero_extendqisi2
  93              		.loc 1 71 45 view .LVU28
  94 004a 4008     		lsrs	r0, r0, #1
  95 004c 40EAC410 		orr	r0, r0, r4, lsl #7
  96              		.loc 1 71 67 view .LVU29
  97 0050 C0F30A00 		ubfx	r0, r0, #0, #11
  98              		.loc 1 71 23 view .LVU30
ARM GAS  C:\Users\cyz19\AppData\Local\Temp\ccOmsIEg.s 			page 4


  99 0054 C880     		strh	r0, [r1, #6]	@ unaligned
  72:Library/Src/remote_control.c ****     rc_ctrl->rc.s[0] = ((sbus_buf[5] >> 4) & 0x0003);                  //!< Switch left
 100              		.loc 1 72 5 is_stmt 1 view .LVU31
 101              		.loc 1 72 34 is_stmt 0 view .LVU32
 102 0056 5C79     		ldrb	r4, [r3, #5]	@ zero_extendqisi2
 103              		.loc 1 72 44 view .LVU33
 104 0058 C4F30114 		ubfx	r4, r4, #4, #2
 105              		.loc 1 72 22 view .LVU34
 106 005c 8C72     		strb	r4, [r1, #10]
  73:Library/Src/remote_control.c ****     rc_ctrl->rc.s[1] = ((sbus_buf[5] >> 4) & 0x000C) >> 2;                       //!< Switch right
 107              		.loc 1 73 5 is_stmt 1 view .LVU35
 108              		.loc 1 73 34 is_stmt 0 view .LVU36
 109 005e 5C79     		ldrb	r4, [r3, #5]	@ zero_extendqisi2
 110              		.loc 1 73 54 view .LVU37
 111 0060 A409     		lsrs	r4, r4, #6
 112              		.loc 1 73 22 view .LVU38
 113 0062 CC72     		strb	r4, [r1, #11]
  74:Library/Src/remote_control.c ****     rc_ctrl->mouse.x = sbus_buf[6] | (sbus_buf[7] << 8);                    //!< Mouse X axis
 114              		.loc 1 74 5 is_stmt 1 view .LVU39
 115              		.loc 1 74 32 is_stmt 0 view .LVU40
 116 0064 9C79     		ldrb	r4, [r3, #6]	@ zero_extendqisi2
 117              		.loc 1 74 47 view .LVU41
 118 0066 DD79     		ldrb	r5, [r3, #7]	@ zero_extendqisi2
 119              		.loc 1 74 36 view .LVU42
 120 0068 44EA0524 		orr	r4, r4, r5, lsl #8
 121              		.loc 1 74 22 view .LVU43
 122 006c 8C81     		strh	r4, [r1, #12]	@ unaligned
  75:Library/Src/remote_control.c ****     rc_ctrl->mouse.y = sbus_buf[8] | (sbus_buf[9] << 8);                    //!< Mouse Y axis
 123              		.loc 1 75 5 is_stmt 1 view .LVU44
 124              		.loc 1 75 32 is_stmt 0 view .LVU45
 125 006e 1C7A     		ldrb	r4, [r3, #8]	@ zero_extendqisi2
 126              		.loc 1 75 47 view .LVU46
 127 0070 5D7A     		ldrb	r5, [r3, #9]	@ zero_extendqisi2
 128              		.loc 1 75 36 view .LVU47
 129 0072 44EA0524 		orr	r4, r4, r5, lsl #8
 130              		.loc 1 75 22 view .LVU48
 131 0076 CC81     		strh	r4, [r1, #14]	@ unaligned
  76:Library/Src/remote_control.c ****     rc_ctrl->mouse.z = sbus_buf[10] | (sbus_buf[11] << 8);                  //!< Mouse Z axis
 132              		.loc 1 76 5 is_stmt 1 view .LVU49
 133              		.loc 1 76 32 is_stmt 0 view .LVU50
 134 0078 9C7A     		ldrb	r4, [r3, #10]	@ zero_extendqisi2
 135              		.loc 1 76 48 view .LVU51
 136 007a DD7A     		ldrb	r5, [r3, #11]	@ zero_extendqisi2
 137              		.loc 1 76 37 view .LVU52
 138 007c 44EA0524 		orr	r4, r4, r5, lsl #8
 139              		.loc 1 76 22 view .LVU53
 140 0080 0C82     		strh	r4, [r1, #16]	@ unaligned
  77:Library/Src/remote_control.c ****     rc_ctrl->mouse.press_l = sbus_buf[12];                                  //!< Mouse Left Is Pres
 141              		.loc 1 77 5 is_stmt 1 view .LVU54
 142              		.loc 1 77 28 is_stmt 0 view .LVU55
 143 0082 1C7B     		ldrb	r4, [r3, #12]	@ zero_extendqisi2
 144 0084 8C74     		strb	r4, [r1, #18]
  78:Library/Src/remote_control.c ****     rc_ctrl->mouse.press_r = sbus_buf[13];                                  //!< Mouse Right Is Pre
 145              		.loc 1 78 5 is_stmt 1 view .LVU56
 146              		.loc 1 78 28 is_stmt 0 view .LVU57
 147 0086 5C7B     		ldrb	r4, [r3, #13]	@ zero_extendqisi2
 148 0088 CC74     		strb	r4, [r1, #19]
ARM GAS  C:\Users\cyz19\AppData\Local\Temp\ccOmsIEg.s 			page 5


  79:Library/Src/remote_control.c ****     rc_ctrl->key.v = sbus_buf[14] | (sbus_buf[15] << 8);                    //!< KeyBoard value
 149              		.loc 1 79 5 is_stmt 1 view .LVU58
 150              		.loc 1 79 30 is_stmt 0 view .LVU59
 151 008a 9C7B     		ldrb	r4, [r3, #14]	@ zero_extendqisi2
 152              		.loc 1 79 46 view .LVU60
 153 008c DD7B     		ldrb	r5, [r3, #15]	@ zero_extendqisi2
 154              		.loc 1 79 35 view .LVU61
 155 008e 44EA0524 		orr	r4, r4, r5, lsl #8
 156              		.loc 1 79 20 view .LVU62
 157 0092 8C82     		strh	r4, [r1, #20]	@ unaligned
  80:Library/Src/remote_control.c ****     rc_ctrl->rc.ch[4] = sbus_buf[16] | (sbus_buf[17] << 8);                 //NULL
 158              		.loc 1 80 5 is_stmt 1 view .LVU63
 159              		.loc 1 80 33 is_stmt 0 view .LVU64
 160 0094 1C7C     		ldrb	r4, [r3, #16]	@ zero_extendqisi2
 161              		.loc 1 80 49 view .LVU65
 162 0096 5B7C     		ldrb	r3, [r3, #17]	@ zero_extendqisi2
 163              	.LVL2:
 164              		.loc 1 80 38 view .LVU66
 165 0098 44EA0323 		orr	r3, r4, r3, lsl #8
 166 009c 1CB2     		sxth	r4, r3
 167              		.loc 1 80 23 view .LVU67
 168 009e 0B81     		strh	r3, [r1, #8]	@ unaligned
  81:Library/Src/remote_control.c **** 
  82:Library/Src/remote_control.c ****     rc_ctrl->rc.ch[0] -= RC_CH_VALUE_OFFSET;
 169              		.loc 1 82 5 is_stmt 1 view .LVU68
 170              		.loc 1 82 23 is_stmt 0 view .LVU69
 171 00a0 ACF5806C 		sub	ip, ip, #1024
 172 00a4 A1F800C0 		strh	ip, [r1]	@ unaligned
  83:Library/Src/remote_control.c ****     rc_ctrl->rc.ch[1] -= RC_CH_VALUE_OFFSET;
 173              		.loc 1 83 5 is_stmt 1 view .LVU70
 174              		.loc 1 83 23 is_stmt 0 view .LVU71
 175 00a8 AEF5806E 		sub	lr, lr, #1024
 176 00ac A1F802E0 		strh	lr, [r1, #2]	@ unaligned
  84:Library/Src/remote_control.c ****     rc_ctrl->rc.ch[2] -= RC_CH_VALUE_OFFSET;
 177              		.loc 1 84 5 is_stmt 1 view .LVU72
 178              		.loc 1 84 23 is_stmt 0 view .LVU73
 179 00b0 A2F58062 		sub	r2, r2, #1024
 180 00b4 8A80     		strh	r2, [r1, #4]	@ unaligned
  85:Library/Src/remote_control.c ****     rc_ctrl->rc.ch[3] -= RC_CH_VALUE_OFFSET;
 181              		.loc 1 85 5 is_stmt 1 view .LVU74
 182              		.loc 1 85 23 is_stmt 0 view .LVU75
 183 00b6 A0F58060 		sub	r0, r0, #1024
 184 00ba C880     		strh	r0, [r1, #6]	@ unaligned
  86:Library/Src/remote_control.c ****     rc_ctrl->rc.ch[4] -= RC_CH_VALUE_OFFSET;
 185              		.loc 1 86 5 is_stmt 1 view .LVU76
 186              		.loc 1 86 23 is_stmt 0 view .LVU77
 187 00bc A4F58063 		sub	r3, r4, #1024
 188 00c0 0B81     		strh	r3, [r1, #8]	@ unaligned
  87:Library/Src/remote_control.c **** }
 189              		.loc 1 87 1 view .LVU78
 190 00c2 30BD     		pop	{r4, r5, pc}
 191              	.LVL3:
 192              	.L4:
 193              	.LCFI1:
 194              		.cfi_def_cfa_offset 0
 195              		.cfi_restore 4
 196              		.cfi_restore 5
ARM GAS  C:\Users\cyz19\AppData\Local\Temp\ccOmsIEg.s 			page 6


 197              		.cfi_restore 14
 198              		.loc 1 87 1 view .LVU79
 199 00c4 7047     		bx	lr
 200              		.cfi_endproc
 201              	.LFE140:
 203              		.section	.text.RC_init,"ax",%progbits
 204              		.align	1
 205              		.global	RC_init
 206              		.syntax unified
 207              		.thumb
 208              		.thumb_func
 210              	RC_init:
 211              	.LVL4:
 212              	.LFB139:
  23:Library/Src/remote_control.c ****     //enable the DMA transfer for the receiver request
 213              		.loc 1 23 1 is_stmt 1 view -0
 214              		.cfi_startproc
 215              		@ args = 0, pretend = 0, frame = 0
 216              		@ frame_needed = 0, uses_anonymous_args = 0
 217              		@ link register save eliminated.
  23:Library/Src/remote_control.c ****     //enable the DMA transfer for the receiver request
 218              		.loc 1 23 1 is_stmt 0 view .LVU81
 219 0000 10B4     		push	{r4}
 220              	.LCFI2:
 221              		.cfi_def_cfa_offset 4
 222              		.cfi_offset 4, -4
  26:Library/Src/remote_control.c ****     //enalbe idle interrupt
 223              		.loc 1 26 5 is_stmt 1 view .LVU82
 224 0002 164B     		ldr	r3, .L11
 225 0004 1B68     		ldr	r3, [r3]
 226 0006 5C69     		ldr	r4, [r3, #20]
 227 0008 44F04004 		orr	r4, r4, #64
 228 000c 5C61     		str	r4, [r3, #20]
  29:Library/Src/remote_control.c ****     //disable DMA
 229              		.loc 1 29 5 view .LVU83
 230 000e DC68     		ldr	r4, [r3, #12]
 231 0010 44F01004 		orr	r4, r4, #16
 232 0014 DC60     		str	r4, [r3, #12]
  32:Library/Src/remote_control.c **** 
 233              		.loc 1 32 5 view .LVU84
 234 0016 124B     		ldr	r3, .L11+4
 235 0018 1C68     		ldr	r4, [r3]
 236 001a 2368     		ldr	r3, [r4]
 237 001c 23F00103 		bic	r3, r3, #1
 238 0020 2360     		str	r3, [r4]
  34:Library/Src/remote_control.c ****     {
 239              		.loc 1 34 5 view .LVU85
  34:Library/Src/remote_control.c ****     {
 240              		.loc 1 34 10 is_stmt 0 view .LVU86
 241 0022 03E0     		b	.L8
 242              	.L9:
  36:Library/Src/remote_control.c ****     }
 243              		.loc 1 36 9 is_stmt 1 view .LVU87
 244 0024 1C68     		ldr	r4, [r3]
 245 0026 24F00104 		bic	r4, r4, #1
 246 002a 1C60     		str	r4, [r3]
 247              	.L8:
ARM GAS  C:\Users\cyz19\AppData\Local\Temp\ccOmsIEg.s 			page 7


  34:Library/Src/remote_control.c ****     {
 248              		.loc 1 34 10 view .LVU88
  34:Library/Src/remote_control.c ****     {
 249              		.loc 1 34 25 is_stmt 0 view .LVU89
 250 002c 0C4B     		ldr	r3, .L11+4
 251 002e 1B68     		ldr	r3, [r3]
  34:Library/Src/remote_control.c ****     {
 252              		.loc 1 34 34 view .LVU90
 253 0030 1C68     		ldr	r4, [r3]
  34:Library/Src/remote_control.c ****     {
 254              		.loc 1 34 10 view .LVU91
 255 0032 14F0010F 		tst	r4, #1
 256 0036 F5D1     		bne	.L9
  39:Library/Src/remote_control.c ****     //memory buffer 1
 257              		.loc 1 39 5 is_stmt 1 view .LVU92
  39:Library/Src/remote_control.c ****     //memory buffer 1
 258              		.loc 1 39 34 is_stmt 0 view .LVU93
 259 0038 0A4C     		ldr	r4, .L11+8
 260 003a 9C60     		str	r4, [r3, #8]
  42:Library/Src/remote_control.c ****     //memory buffer 2
 261              		.loc 1 42 5 is_stmt 1 view .LVU94
  42:Library/Src/remote_control.c ****     //memory buffer 2
 262              		.loc 1 42 35 is_stmt 0 view .LVU95
 263 003c D860     		str	r0, [r3, #12]
  45:Library/Src/remote_control.c ****     //data length
 264              		.loc 1 45 5 is_stmt 1 view .LVU96
  45:Library/Src/remote_control.c ****     //data length
 265              		.loc 1 45 35 is_stmt 0 view .LVU97
 266 003e 1961     		str	r1, [r3, #16]
  48:Library/Src/remote_control.c ****     //enable double memory buffer
 267              		.loc 1 48 5 is_stmt 1 view .LVU98
  48:Library/Src/remote_control.c ****     //enable double memory buffer
 268              		.loc 1 48 35 is_stmt 0 view .LVU99
 269 0040 5A60     		str	r2, [r3, #4]
  51:Library/Src/remote_control.c **** 
 270              		.loc 1 51 5 is_stmt 1 view .LVU100
 271 0042 1A68     		ldr	r2, [r3]
 272              	.LVL5:
  51:Library/Src/remote_control.c **** 
 273              		.loc 1 51 5 is_stmt 0 view .LVU101
 274 0044 42F48022 		orr	r2, r2, #262144
 275 0048 1A60     		str	r2, [r3]
  55:Library/Src/remote_control.c **** 
 276              		.loc 1 55 5 is_stmt 1 view .LVU102
 277 004a 054B     		ldr	r3, .L11+4
 278 004c 1A68     		ldr	r2, [r3]
 279 004e 1368     		ldr	r3, [r2]
 280 0050 43F00103 		orr	r3, r3, #1
 281 0054 1360     		str	r3, [r2]
  57:Library/Src/remote_control.c **** 
 282              		.loc 1 57 1 is_stmt 0 view .LVU103
 283 0056 5DF8044B 		ldr	r4, [sp], #4
 284              	.LCFI3:
 285              		.cfi_restore 4
 286              		.cfi_def_cfa_offset 0
 287 005a 7047     		bx	lr
 288              	.L12:
ARM GAS  C:\Users\cyz19\AppData\Local\Temp\ccOmsIEg.s 			page 8


 289              		.align	2
 290              	.L11:
 291 005c 00000000 		.word	huart3
 292 0060 00000000 		.word	hdma_usart3_rx
 293 0064 04480040 		.word	1073760260
 294              		.cfi_endproc
 295              	.LFE139:
 297              		.section	.text.remote_control_init,"ax",%progbits
 298              		.align	1
 299              		.global	remote_control_init
 300              		.syntax unified
 301              		.thumb
 302              		.thumb_func
 304              	remote_control_init:
 305              	.LFB138:
  17:Library/Src/remote_control.c ****     RC_init(sbus_rx_buf[0], sbus_rx_buf[1], SBUS_RX_BUF_NUM);
 306              		.loc 1 17 1 is_stmt 1 view -0
 307              		.cfi_startproc
 308              		@ args = 0, pretend = 0, frame = 0
 309              		@ frame_needed = 0, uses_anonymous_args = 0
 310 0000 08B5     		push	{r3, lr}
 311              	.LCFI4:
 312              		.cfi_def_cfa_offset 8
 313              		.cfi_offset 3, -8
 314              		.cfi_offset 14, -4
  18:Library/Src/remote_control.c **** }
 315              		.loc 1 18 5 view .LVU105
 316 0002 0348     		ldr	r0, .L15
 317 0004 2422     		movs	r2, #36
 318 0006 8118     		adds	r1, r0, r2
 319 0008 FFF7FEFF 		bl	RC_init
 320              	.LVL6:
  19:Library/Src/remote_control.c **** 
 321              		.loc 1 19 1 is_stmt 0 view .LVU106
 322 000c 08BD     		pop	{r3, pc}
 323              	.L16:
 324 000e 00BF     		.align	2
 325              	.L15:
 326 0010 00000000 		.word	.LANCHOR0
 327              		.cfi_endproc
 328              	.LFE138:
 330              		.global	__aeabi_i2d
 331              		.global	__aeabi_ddiv
 332              		.global	__aeabi_f2d
 333              		.global	__aeabi_dadd
 334              		.global	__aeabi_d2f
 335              		.global	__aeabi_dcmple
 336              		.section	.text.rc_read_data,"ax",%progbits
 337              		.align	1
 338              		.global	rc_read_data
 339              		.syntax unified
 340              		.thumb
 341              		.thumb_func
 343              	rc_read_data:
 344              	.LVL7:
 345              	.LFB141:
  88:Library/Src/remote_control.c **** 
ARM GAS  C:\Users\cyz19\AppData\Local\Temp\ccOmsIEg.s 			page 9


  89:Library/Src/remote_control.c **** void rc_read_data(data_rc_t *data_rc)
  90:Library/Src/remote_control.c **** {
 346              		.loc 1 90 1 is_stmt 1 view -0
 347              		.cfi_startproc
 348              		@ args = 0, pretend = 0, frame = 0
 349              		@ frame_needed = 0, uses_anonymous_args = 0
 350              		.loc 1 90 1 is_stmt 0 view .LVU108
 351 0000 F8B5     		push	{r3, r4, r5, r6, r7, lr}
 352              	.LCFI5:
 353              		.cfi_def_cfa_offset 24
 354              		.cfi_offset 3, -24
 355              		.cfi_offset 4, -20
 356              		.cfi_offset 5, -16
 357              		.cfi_offset 6, -12
 358              		.cfi_offset 7, -8
 359              		.cfi_offset 14, -4
 360 0002 0446     		mov	r4, r0
  91:Library/Src/remote_control.c ****     data_rc->speed_x = data_rc->RC_ctrl->rc.ch[0] * 20;
 361              		.loc 1 91 5 is_stmt 1 view .LVU109
 362              		.loc 1 91 31 is_stmt 0 view .LVU110
 363 0004 0568     		ldr	r5, [r0]
 364              		.loc 1 91 47 view .LVU111
 365 0006 B5F90030 		ldrsh	r3, [r5]	@ unaligned
 366              		.loc 1 91 51 view .LVU112
 367 000a 03EB8303 		add	r3, r3, r3, lsl #2
 368 000e 9B00     		lsls	r3, r3, #2
 369              		.loc 1 91 22 view .LVU113
 370 0010 8380     		strh	r3, [r0, #4]	@ movhi
  92:Library/Src/remote_control.c ****     data_rc->speed_y = data_rc->RC_ctrl->rc.ch[1] * 40;
 371              		.loc 1 92 5 is_stmt 1 view .LVU114
 372              		.loc 1 92 47 is_stmt 0 view .LVU115
 373 0012 B5F90230 		ldrsh	r3, [r5, #2]	@ unaligned
 374              		.loc 1 92 51 view .LVU116
 375 0016 03EB8303 		add	r3, r3, r3, lsl #2
 376 001a DB00     		lsls	r3, r3, #3
 377              		.loc 1 92 22 view .LVU117
 378 001c C380     		strh	r3, [r0, #6]	@ movhi
  93:Library/Src/remote_control.c **** 
  94:Library/Src/remote_control.c ****     data_rc->angle_pitch += (data_rc->RC_ctrl->rc.ch[3] * 1.0 / 66000);
 379              		.loc 1 94 5 is_stmt 1 view .LVU118
 380              		.loc 1 94 57 is_stmt 0 view .LVU119
 381 001e B5F90600 		ldrsh	r0, [r5, #6]	@ unaligned
 382              	.LVL8:
 383              		.loc 1 94 57 view .LVU120
 384 0022 FFF7FEFF 		bl	__aeabi_i2d
 385              	.LVL9:
 386              		.loc 1 94 63 view .LVU121
 387 0026 4EA3     		adr	r3, .L45+24
 388 0028 D3E90023 		ldrd	r2, [r3]
 389 002c FFF7FEFF 		bl	__aeabi_ddiv
 390              	.LVL10:
 391 0030 0646     		mov	r6, r0
 392 0032 0F46     		mov	r7, r1
 393              		.loc 1 94 26 view .LVU122
 394 0034 A068     		ldr	r0, [r4, #8]	@ float
 395 0036 FFF7FEFF 		bl	__aeabi_f2d
 396              	.LVL11:
ARM GAS  C:\Users\cyz19\AppData\Local\Temp\ccOmsIEg.s 			page 10


 397 003a 3246     		mov	r2, r6
 398 003c 3B46     		mov	r3, r7
 399 003e FFF7FEFF 		bl	__aeabi_dadd
 400              	.LVL12:
 401 0042 FFF7FEFF 		bl	__aeabi_d2f
 402              	.LVL13:
 403 0046 07EE900A 		vmov	s15, r0
 404 004a A060     		str	r0, [r4, #8]	@ float
  95:Library/Src/remote_control.c ****     if(data_rc->angle_pitch >= 2.0)
 405              		.loc 1 95 5 is_stmt 1 view .LVU123
 406              		.loc 1 95 7 is_stmt 0 view .LVU124
 407 004c B0EE007A 		vmov.f32	s14, #2.0e+0
 408 0050 F4EEC77A 		vcmpe.f32	s15, s14
 409 0054 F1EE10FA 		vmrs	APSR_nzcv, FPSCR
 410 0058 41DB     		blt	.L40
  96:Library/Src/remote_control.c ****     {
  97:Library/Src/remote_control.c ****         data_rc->angle_pitch = 2.0;
 411              		.loc 1 97 9 is_stmt 1 view .LVU125
 412              		.loc 1 97 30 is_stmt 0 view .LVU126
 413 005a 84ED027A 		vstr.32	s14, [r4, #8]
 414              	.L20:
  98:Library/Src/remote_control.c ****     }
  99:Library/Src/remote_control.c ****     else if(data_rc->angle_pitch <= 0.3)
 100:Library/Src/remote_control.c ****     {
 101:Library/Src/remote_control.c ****         data_rc->angle_pitch = 0.3;
 102:Library/Src/remote_control.c ****     }
 103:Library/Src/remote_control.c **** 
 104:Library/Src/remote_control.c ****     data_rc->angle_yaw   += (data_rc->RC_ctrl->rc.ch[2] * 1.0 / 132000);
 415              		.loc 1 104 5 is_stmt 1 view .LVU127
 416              		.loc 1 104 57 is_stmt 0 view .LVU128
 417 005e B5F90400 		ldrsh	r0, [r5, #4]	@ unaligned
 418 0062 FFF7FEFF 		bl	__aeabi_i2d
 419              	.LVL14:
 420              		.loc 1 104 63 view .LVU129
 421 0066 0022     		movs	r2, #0
 422 0068 394B     		ldr	r3, .L45+8
 423 006a FFF7FEFF 		bl	__aeabi_ddiv
 424              	.LVL15:
 425 006e 0646     		mov	r6, r0
 426 0070 0F46     		mov	r7, r1
 427              		.loc 1 104 26 view .LVU130
 428 0072 E068     		ldr	r0, [r4, #12]	@ float
 429 0074 FFF7FEFF 		bl	__aeabi_f2d
 430              	.LVL16:
 431 0078 3246     		mov	r2, r6
 432 007a 3B46     		mov	r3, r7
 433 007c FFF7FEFF 		bl	__aeabi_dadd
 434              	.LVL17:
 435 0080 FFF7FEFF 		bl	__aeabi_d2f
 436              	.LVL18:
 437 0084 07EE900A 		vmov	s15, r0
 438 0088 E060     		str	r0, [r4, #12]	@ float
 105:Library/Src/remote_control.c ****     if(data_rc->angle_yaw >= 180)
 439              		.loc 1 105 5 is_stmt 1 view .LVU131
 440              		.loc 1 105 7 is_stmt 0 view .LVU132
 441 008a 9FED327A 		vldr.32	s14, .L45+12
 442 008e F4EEC77A 		vcmpe.f32	s15, s14
ARM GAS  C:\Users\cyz19\AppData\Local\Temp\ccOmsIEg.s 			page 11


 443 0092 F1EE10FA 		vmrs	APSR_nzcv, FPSCR
 444 0096 2EDB     		blt	.L41
 106:Library/Src/remote_control.c ****     {
 107:Library/Src/remote_control.c ****         data_rc->angle_yaw -= 360;
 445              		.loc 1 107 9 is_stmt 1 view .LVU133
 446              		.loc 1 107 28 is_stmt 0 view .LVU134
 447 0098 9FED2F7A 		vldr.32	s14, .L45+16
 448 009c 77EEC77A 		vsub.f32	s15, s15, s14
 449 00a0 C4ED037A 		vstr.32	s15, [r4, #12]
 450              	.L24:
 108:Library/Src/remote_control.c ****     }
 109:Library/Src/remote_control.c ****     else if(data_rc->angle_yaw < 180)
 110:Library/Src/remote_control.c ****     {
 111:Library/Src/remote_control.c ****         data_rc->angle_yaw += 360;
 112:Library/Src/remote_control.c ****     }
 113:Library/Src/remote_control.c **** 
 114:Library/Src/remote_control.c ****     switch (data_rc->RC_ctrl->rc.s[0])
 451              		.loc 1 114 5 is_stmt 1 view .LVU135
 452              		.loc 1 114 35 is_stmt 0 view .LVU136
 453 00a4 AB7A     		ldrb	r3, [r5, #10]	@ zero_extendqisi2
 454              		.loc 1 114 5 view .LVU137
 455 00a6 022B     		cmp	r3, #2
 456 00a8 33D0     		beq	.L26
 457 00aa 032B     		cmp	r3, #3
 458 00ac 35D0     		beq	.L27
 459 00ae 012B     		cmp	r3, #1
 460 00b0 37D0     		beq	.L43
 461              	.L29:
 115:Library/Src/remote_control.c ****     {
 116:Library/Src/remote_control.c ****         case 2: data_rc->status_chassis = 0; data_rc->status_gimbal = 0; break;
 117:Library/Src/remote_control.c ****         case 3: data_rc->status_chassis = 1; data_rc->status_gimbal = 1; break; 
 118:Library/Src/remote_control.c ****         case 1: data_rc->status_chassis = 2; data_rc->status_gimbal = 2; break; 
 119:Library/Src/remote_control.c **** 
 120:Library/Src/remote_control.c ****         default: break;
 121:Library/Src/remote_control.c ****     }
 122:Library/Src/remote_control.c **** 
 123:Library/Src/remote_control.c ****     if(data_rc->status_gimbal == 1 || data_rc->status_gimbal == 2 || data_rc->status_gimbal == 0)
 462              		.loc 1 123 5 is_stmt 1 view .LVU138
 463              		.loc 1 123 15 is_stmt 0 view .LVU139
 464 00b2 637C     		ldrb	r3, [r4, #17]	@ zero_extendqisi2
 465              		.loc 1 123 7 view .LVU140
 466 00b4 022B     		cmp	r3, #2
 467 00b6 06D8     		bhi	.L30
 124:Library/Src/remote_control.c ****     {
 125:Library/Src/remote_control.c ****         switch (data_rc->RC_ctrl->rc.s[1])
 468              		.loc 1 125 9 is_stmt 1 view .LVU141
 469              		.loc 1 125 39 is_stmt 0 view .LVU142
 470 00b8 EB7A     		ldrb	r3, [r5, #11]	@ zero_extendqisi2
 471              		.loc 1 125 9 view .LVU143
 472 00ba 022B     		cmp	r3, #2
 473 00bc 35D0     		beq	.L31
 474 00be 032B     		cmp	r3, #3
 475 00c0 36D0     		beq	.L32
 476 00c2 012B     		cmp	r3, #1
 477 00c4 37D0     		beq	.L44
 478              	.L30:
 126:Library/Src/remote_control.c ****         {
ARM GAS  C:\Users\cyz19\AppData\Local\Temp\ccOmsIEg.s 			page 12


 127:Library/Src/remote_control.c ****             case 2: data_rc->status_ammo = 0; break;
 128:Library/Src/remote_control.c ****             case 3: data_rc->status_ammo = 1; break; 
 129:Library/Src/remote_control.c ****             case 1: data_rc->status_ammo = 2; break; 
 130:Library/Src/remote_control.c **** 
 131:Library/Src/remote_control.c ****             default: break;
 132:Library/Src/remote_control.c ****         }
 133:Library/Src/remote_control.c ****     }
 134:Library/Src/remote_control.c ****     //else if(data_rc->status_gimbal == 0)
 135:Library/Src/remote_control.c ****     //{
 136:Library/Src/remote_control.c ****     //    data_rc->status_ammo = 0;
 137:Library/Src/remote_control.c ****     //}
 138:Library/Src/remote_control.c ****     //
 139:Library/Src/remote_control.c ****     if(data_rc->RC_ctrl->rc.ch[4] >= 550 || data_rc->RC_ctrl->rc.ch[4] <= -550)
 479              		.loc 1 139 5 is_stmt 1 view .LVU144
 480              		.loc 1 139 31 is_stmt 0 view .LVU145
 481 00c6 B5F90830 		ldrsh	r3, [r5, #8]	@ unaligned
 482              		.loc 1 139 42 view .LVU146
 483 00ca 03F22523 		addw	r3, r3, #549
 484 00ce 9BB2     		uxth	r3, r3
 485              		.loc 1 139 7 view .LVU147
 486 00d0 40F24A42 		movw	r2, #1098
 487 00d4 9342     		cmp	r3, r2
 488 00d6 31D9     		bls	.L34
 140:Library/Src/remote_control.c ****     {
 141:Library/Src/remote_control.c ****         data_rc->reset = 1;
 489              		.loc 1 141 9 is_stmt 1 view .LVU148
 490              		.loc 1 141 24 is_stmt 0 view .LVU149
 491 00d8 0123     		movs	r3, #1
 492 00da E374     		strb	r3, [r4, #19]
 493              	.L17:
 142:Library/Src/remote_control.c ****     }
 143:Library/Src/remote_control.c ****     else if(data_rc->RC_ctrl->rc.ch[4] < 550 && data_rc->RC_ctrl->rc.ch[4] > -550)
 144:Library/Src/remote_control.c ****     {
 145:Library/Src/remote_control.c ****        data_rc->reset = 0; 
 146:Library/Src/remote_control.c ****     }
 147:Library/Src/remote_control.c **** 
 148:Library/Src/remote_control.c **** }
 494              		.loc 1 148 1 view .LVU150
 495 00dc F8BD     		pop	{r3, r4, r5, r6, r7, pc}
 496              	.LVL19:
 497              	.L40:
  99:Library/Src/remote_control.c ****     {
 498              		.loc 1 99 10 is_stmt 1 view .LVU151
  99:Library/Src/remote_control.c ****     {
 499              		.loc 1 99 20 is_stmt 0 view .LVU152
 500 00de FFF7FEFF 		bl	__aeabi_f2d
 501              	.LVL20:
  99:Library/Src/remote_control.c ****     {
 502              		.loc 1 99 12 view .LVU153
 503 00e2 19A3     		adr	r3, .L45
 504 00e4 D3E90023 		ldrd	r2, [r3]
 505 00e8 FFF7FEFF 		bl	__aeabi_dcmple
 506              	.LVL21:
 507 00ec 0028     		cmp	r0, #0
 508 00ee B6D0     		beq	.L20
 101:Library/Src/remote_control.c ****     }
 509              		.loc 1 101 9 is_stmt 1 view .LVU154
ARM GAS  C:\Users\cyz19\AppData\Local\Temp\ccOmsIEg.s 			page 13


 101:Library/Src/remote_control.c ****     }
 510              		.loc 1 101 30 is_stmt 0 view .LVU155
 511 00f0 1A4B     		ldr	r3, .L45+20
 512 00f2 A360     		str	r3, [r4, #8]	@ float
 513 00f4 B3E7     		b	.L20
 514              	.L41:
 109:Library/Src/remote_control.c ****     {
 515              		.loc 1 109 10 is_stmt 1 view .LVU156
 109:Library/Src/remote_control.c ****     {
 516              		.loc 1 109 12 is_stmt 0 view .LVU157
 517 00f6 9FED177A 		vldr.32	s14, .L45+12
 518 00fa F4EEC77A 		vcmpe.f32	s15, s14
 519 00fe F1EE10FA 		vmrs	APSR_nzcv, FPSCR
 520 0102 CFD5     		bpl	.L24
 111:Library/Src/remote_control.c ****     }
 521              		.loc 1 111 9 is_stmt 1 view .LVU158
 111:Library/Src/remote_control.c ****     }
 522              		.loc 1 111 28 is_stmt 0 view .LVU159
 523 0104 9FED147A 		vldr.32	s14, .L45+16
 524 0108 77EE877A 		vadd.f32	s15, s15, s14
 525 010c C4ED037A 		vstr.32	s15, [r4, #12]
 526 0110 C8E7     		b	.L24
 527              	.L26:
 116:Library/Src/remote_control.c ****         case 3: data_rc->status_chassis = 1; data_rc->status_gimbal = 1; break; 
 528              		.loc 1 116 17 is_stmt 1 view .LVU160
 116:Library/Src/remote_control.c ****         case 3: data_rc->status_chassis = 1; data_rc->status_gimbal = 1; break; 
 529              		.loc 1 116 41 is_stmt 0 view .LVU161
 530 0112 0023     		movs	r3, #0
 531 0114 2374     		strb	r3, [r4, #16]
 116:Library/Src/remote_control.c ****         case 3: data_rc->status_chassis = 1; data_rc->status_gimbal = 1; break; 
 532              		.loc 1 116 46 is_stmt 1 view .LVU162
 116:Library/Src/remote_control.c ****         case 3: data_rc->status_chassis = 1; data_rc->status_gimbal = 1; break; 
 533              		.loc 1 116 69 is_stmt 0 view .LVU163
 534 0116 6374     		strb	r3, [r4, #17]
 116:Library/Src/remote_control.c ****         case 3: data_rc->status_chassis = 1; data_rc->status_gimbal = 1; break; 
 535              		.loc 1 116 74 is_stmt 1 view .LVU164
 116:Library/Src/remote_control.c ****         case 3: data_rc->status_chassis = 1; data_rc->status_gimbal = 1; break; 
 536              		.loc 1 116 9 is_stmt 0 view .LVU165
 537 0118 CBE7     		b	.L29
 538              	.L27:
 117:Library/Src/remote_control.c ****         case 1: data_rc->status_chassis = 2; data_rc->status_gimbal = 2; break; 
 539              		.loc 1 117 17 is_stmt 1 view .LVU166
 117:Library/Src/remote_control.c ****         case 1: data_rc->status_chassis = 2; data_rc->status_gimbal = 2; break; 
 540              		.loc 1 117 41 is_stmt 0 view .LVU167
 541 011a 0123     		movs	r3, #1
 542 011c 2374     		strb	r3, [r4, #16]
 117:Library/Src/remote_control.c ****         case 1: data_rc->status_chassis = 2; data_rc->status_gimbal = 2; break; 
 543              		.loc 1 117 46 is_stmt 1 view .LVU168
 117:Library/Src/remote_control.c ****         case 1: data_rc->status_chassis = 2; data_rc->status_gimbal = 2; break; 
 544              		.loc 1 117 69 is_stmt 0 view .LVU169
 545 011e 6374     		strb	r3, [r4, #17]
 117:Library/Src/remote_control.c ****         case 1: data_rc->status_chassis = 2; data_rc->status_gimbal = 2; break; 
 546              		.loc 1 117 74 is_stmt 1 view .LVU170
 117:Library/Src/remote_control.c ****         case 1: data_rc->status_chassis = 2; data_rc->status_gimbal = 2; break; 
 547              		.loc 1 117 9 is_stmt 0 view .LVU171
 548 0120 C7E7     		b	.L29
 549              	.L43:
ARM GAS  C:\Users\cyz19\AppData\Local\Temp\ccOmsIEg.s 			page 14


 118:Library/Src/remote_control.c **** 
 550              		.loc 1 118 17 is_stmt 1 view .LVU172
 118:Library/Src/remote_control.c **** 
 551              		.loc 1 118 41 is_stmt 0 view .LVU173
 552 0122 0223     		movs	r3, #2
 553 0124 2374     		strb	r3, [r4, #16]
 118:Library/Src/remote_control.c **** 
 554              		.loc 1 118 46 is_stmt 1 view .LVU174
 118:Library/Src/remote_control.c **** 
 555              		.loc 1 118 69 is_stmt 0 view .LVU175
 556 0126 6374     		strb	r3, [r4, #17]
 118:Library/Src/remote_control.c **** 
 557              		.loc 1 118 74 is_stmt 1 view .LVU176
 118:Library/Src/remote_control.c **** 
 558              		.loc 1 118 9 is_stmt 0 view .LVU177
 559 0128 C3E7     		b	.L29
 560              	.L31:
 127:Library/Src/remote_control.c ****             case 3: data_rc->status_ammo = 1; break; 
 561              		.loc 1 127 21 is_stmt 1 view .LVU178
 127:Library/Src/remote_control.c ****             case 3: data_rc->status_ammo = 1; break; 
 562              		.loc 1 127 42 is_stmt 0 view .LVU179
 563 012a 0023     		movs	r3, #0
 564 012c A374     		strb	r3, [r4, #18]
 127:Library/Src/remote_control.c ****             case 3: data_rc->status_ammo = 1; break; 
 565              		.loc 1 127 47 is_stmt 1 view .LVU180
 127:Library/Src/remote_control.c ****             case 3: data_rc->status_ammo = 1; break; 
 566              		.loc 1 127 13 is_stmt 0 view .LVU181
 567 012e CAE7     		b	.L30
 568              	.L32:
 128:Library/Src/remote_control.c ****             case 1: data_rc->status_ammo = 2; break; 
 569              		.loc 1 128 21 is_stmt 1 view .LVU182
 128:Library/Src/remote_control.c ****             case 1: data_rc->status_ammo = 2; break; 
 570              		.loc 1 128 42 is_stmt 0 view .LVU183
 571 0130 0123     		movs	r3, #1
 572 0132 A374     		strb	r3, [r4, #18]
 128:Library/Src/remote_control.c ****             case 1: data_rc->status_ammo = 2; break; 
 573              		.loc 1 128 47 is_stmt 1 view .LVU184
 128:Library/Src/remote_control.c ****             case 1: data_rc->status_ammo = 2; break; 
 574              		.loc 1 128 13 is_stmt 0 view .LVU185
 575 0134 C7E7     		b	.L30
 576              	.L44:
 129:Library/Src/remote_control.c **** 
 577              		.loc 1 129 21 is_stmt 1 view .LVU186
 129:Library/Src/remote_control.c **** 
 578              		.loc 1 129 42 is_stmt 0 view .LVU187
 579 0136 0223     		movs	r3, #2
 580 0138 A374     		strb	r3, [r4, #18]
 129:Library/Src/remote_control.c **** 
 581              		.loc 1 129 47 is_stmt 1 view .LVU188
 129:Library/Src/remote_control.c **** 
 582              		.loc 1 129 13 is_stmt 0 view .LVU189
 583 013a C4E7     		b	.L30
 584              	.L34:
 143:Library/Src/remote_control.c ****     {
 585              		.loc 1 143 10 is_stmt 1 view .LVU190
 145:Library/Src/remote_control.c ****     }
 586              		.loc 1 145 8 view .LVU191
ARM GAS  C:\Users\cyz19\AppData\Local\Temp\ccOmsIEg.s 			page 15


 145:Library/Src/remote_control.c ****     }
 587              		.loc 1 145 23 is_stmt 0 view .LVU192
 588 013c 0023     		movs	r3, #0
 589 013e E374     		strb	r3, [r4, #19]
 590              		.loc 1 148 1 view .LVU193
 591 0140 CCE7     		b	.L17
 592              	.L46:
 593 0142 00BFAFF3 		.align	3
 593      0080
 594              	.L45:
 595 0148 33333333 		.word	858993459
 596 014c 3333D33F 		.word	1070805811
 597 0150 001D0041 		.word	1090526464
 598 0154 00003443 		.word	1127481344
 599 0158 0000B443 		.word	1135869952
 600 015c 9A99993E 		.word	1050253722
 601 0160 00000000 		.word	0
 602 0164 001DF040 		.word	1089477888
 603              		.cfi_endproc
 604              	.LFE141:
 606              		.section	.text.get_remote_control_point,"ax",%progbits
 607              		.align	1
 608              		.global	get_remote_control_point
 609              		.syntax unified
 610              		.thumb
 611              		.thumb_func
 613              	get_remote_control_point:
 614              	.LFB142:
 149:Library/Src/remote_control.c **** 
 150:Library/Src/remote_control.c **** 
 151:Library/Src/remote_control.c **** const RC_ctrl_t *get_remote_control_point(void)
 152:Library/Src/remote_control.c **** {
 615              		.loc 1 152 1 is_stmt 1 view -0
 616              		.cfi_startproc
 617              		@ args = 0, pretend = 0, frame = 0
 618              		@ frame_needed = 0, uses_anonymous_args = 0
 619              		@ link register save eliminated.
 153:Library/Src/remote_control.c ****     return &rc_ctrl;
 620              		.loc 1 153 5 view .LVU195
 154:Library/Src/remote_control.c **** }
 621              		.loc 1 154 1 is_stmt 0 view .LVU196
 622 0000 0048     		ldr	r0, .L48
 623 0002 7047     		bx	lr
 624              	.L49:
 625              		.align	2
 626              	.L48:
 627 0004 00000000 		.word	.LANCHOR1
 628              		.cfi_endproc
 629              	.LFE142:
 631              		.section	.text.USART3_IRQHandler,"ax",%progbits
 632              		.align	1
 633              		.global	USART3_IRQHandler
 634              		.syntax unified
 635              		.thumb
 636              		.thumb_func
 638              	USART3_IRQHandler:
 639              	.LFB143:
ARM GAS  C:\Users\cyz19\AppData\Local\Temp\ccOmsIEg.s 			page 16


 155:Library/Src/remote_control.c **** 
 156:Library/Src/remote_control.c **** 
 157:Library/Src/remote_control.c **** void USART3_IRQHandler(void)
 158:Library/Src/remote_control.c **** {
 640              		.loc 1 158 1 is_stmt 1 view -0
 641              		.cfi_startproc
 642              		@ args = 0, pretend = 0, frame = 8
 643              		@ frame_needed = 0, uses_anonymous_args = 0
 644 0000 00B5     		push	{lr}
 645              	.LCFI6:
 646              		.cfi_def_cfa_offset 4
 647              		.cfi_offset 14, -4
 648 0002 83B0     		sub	sp, sp, #12
 649              	.LCFI7:
 650              		.cfi_def_cfa_offset 16
 159:Library/Src/remote_control.c ****     if(huart3.Instance->SR & UART_FLAG_RXNE)//接收到数据
 651              		.loc 1 159 5 view .LVU198
 652              		.loc 1 159 14 is_stmt 0 view .LVU199
 653 0004 2F4B     		ldr	r3, .L55
 654 0006 1B68     		ldr	r3, [r3]
 655              		.loc 1 159 23 view .LVU200
 656 0008 1A68     		ldr	r2, [r3]
 657              		.loc 1 159 7 view .LVU201
 658 000a 12F0200F 		tst	r2, #32
 659 000e 09D0     		beq	.L51
 160:Library/Src/remote_control.c ****     {
 161:Library/Src/remote_control.c ****         __HAL_UART_CLEAR_PEFLAG(&huart3);
 660              		.loc 1 161 9 is_stmt 1 view .LVU202
 661              	.LBB2:
 662              		.loc 1 161 9 view .LVU203
 663 0010 0022     		movs	r2, #0
 664 0012 0092     		str	r2, [sp]
 665              		.loc 1 161 9 view .LVU204
 666 0014 1A68     		ldr	r2, [r3]
 667 0016 0092     		str	r2, [sp]
 668              		.loc 1 161 9 view .LVU205
 669 0018 5B68     		ldr	r3, [r3, #4]
 670 001a 0093     		str	r3, [sp]
 671              		.loc 1 161 9 view .LVU206
 672 001c 009B     		ldr	r3, [sp]
 673              	.LBE2:
 674              		.loc 1 161 9 view .LVU207
 675              	.L50:
 162:Library/Src/remote_control.c ****     }
 163:Library/Src/remote_control.c ****     else if(USART3->SR & UART_FLAG_IDLE)
 164:Library/Src/remote_control.c ****     {
 165:Library/Src/remote_control.c ****         static uint16_t this_time_rx_len = 0;
 166:Library/Src/remote_control.c ****         __HAL_UART_CLEAR_PEFLAG(&huart3);
 167:Library/Src/remote_control.c ****         if ((hdma_usart3_rx.Instance->CR & DMA_SxCR_CT) == RESET)
 168:Library/Src/remote_control.c ****         {
 169:Library/Src/remote_control.c ****             __HAL_DMA_DISABLE(&hdma_usart3_rx);
 170:Library/Src/remote_control.c ****             //获取接收数据长度,长度 = 设定长度 - 剩余长度
 171:Library/Src/remote_control.c ****             this_time_rx_len = SBUS_RX_BUF_NUM - hdma_usart3_rx.Instance->NDTR;
 172:Library/Src/remote_control.c ****             //重新设定数据长度
 173:Library/Src/remote_control.c ****             hdma_usart3_rx.Instance->NDTR = SBUS_RX_BUF_NUM;
 174:Library/Src/remote_control.c ****             //设定缓冲区1
 175:Library/Src/remote_control.c ****             hdma_usart3_rx.Instance->CR |= DMA_SxCR_CT;
ARM GAS  C:\Users\cyz19\AppData\Local\Temp\ccOmsIEg.s 			page 17


 176:Library/Src/remote_control.c ****             __HAL_DMA_ENABLE(&hdma_usart3_rx);
 177:Library/Src/remote_control.c ****             if(this_time_rx_len == RC_FRAME_LENGTH)
 178:Library/Src/remote_control.c ****             {
 179:Library/Src/remote_control.c ****                 sbus_to_rc(sbus_rx_buf[0], &rc_ctrl);
 180:Library/Src/remote_control.c ****             }
 181:Library/Src/remote_control.c ****         }
 182:Library/Src/remote_control.c ****         else
 183:Library/Src/remote_control.c ****         {
 184:Library/Src/remote_control.c ****             __HAL_DMA_DISABLE(&hdma_usart3_rx);
 185:Library/Src/remote_control.c ****             //获取接收数据长度,长度 = 设定长度 - 剩余长度
 186:Library/Src/remote_control.c ****             this_time_rx_len = SBUS_RX_BUF_NUM - hdma_usart3_rx.Instance->NDTR;
 187:Library/Src/remote_control.c ****             //重新设定数据长度
 188:Library/Src/remote_control.c ****             hdma_usart3_rx.Instance->NDTR = SBUS_RX_BUF_NUM;
 189:Library/Src/remote_control.c ****             //设定缓冲区0
 190:Library/Src/remote_control.c ****             DMA1_Stream1->CR &= ~(DMA_SxCR_CT);
 191:Library/Src/remote_control.c ****             __HAL_DMA_ENABLE(&hdma_usart3_rx);
 192:Library/Src/remote_control.c ****             if(this_time_rx_len == RC_FRAME_LENGTH)
 193:Library/Src/remote_control.c ****             {
 194:Library/Src/remote_control.c ****                 sbus_to_rc(sbus_rx_buf[1], &rc_ctrl);
 195:Library/Src/remote_control.c ****             }
 196:Library/Src/remote_control.c ****         }
 197:Library/Src/remote_control.c ****     }
 198:Library/Src/remote_control.c ****  }...
 676              		.loc 1 198 2 is_stmt 0 view .LVU208
 677 001e 03B0     		add	sp, sp, #12
 678              	.LCFI8:
 679              		.cfi_remember_state
 680              		.cfi_def_cfa_offset 4
 681              		@ sp needed
 682 0020 5DF804FB 		ldr	pc, [sp], #4
 683              	.L51:
 684              	.LCFI9:
 685              		.cfi_restore_state
 163:Library/Src/remote_control.c ****     else if(USART3->SR & UART_FLAG_IDLE)
 686              		.loc 1 163 10 is_stmt 1 view .LVU209
 163:Library/Src/remote_control.c ****     else if(USART3->SR & UART_FLAG_IDLE)
 687              		.loc 1 163 19 is_stmt 0 view .LVU210
 688 0024 284A     		ldr	r2, .L55+4
 689 0026 1268     		ldr	r2, [r2]
 163:Library/Src/remote_control.c ****     else if(USART3->SR & UART_FLAG_IDLE)
 690              		.loc 1 163 12 view .LVU211
 691 0028 12F0100F 		tst	r2, #16
 692 002c F7D0     		beq	.L50
 693              	.LBB3:
 165:Library/Src/remote_control.c ****         static uint16_t this_time_rx_len = 0;
 694              		.loc 1 165 9 is_stmt 1 view .LVU212
 166:Library/Src/remote_control.c ****         __HAL_UART_CLEAR_PEFLAG(&huart3);
 695              		.loc 1 166 9 view .LVU213
 696              	.LBB4:
 166:Library/Src/remote_control.c ****         __HAL_UART_CLEAR_PEFLAG(&huart3);
 697              		.loc 1 166 9 view .LVU214
 698 002e 0022     		movs	r2, #0
 699 0030 0192     		str	r2, [sp, #4]
 166:Library/Src/remote_control.c ****         __HAL_UART_CLEAR_PEFLAG(&huart3);
 700              		.loc 1 166 9 view .LVU215
 701 0032 1A68     		ldr	r2, [r3]
 702 0034 0192     		str	r2, [sp, #4]
ARM GAS  C:\Users\cyz19\AppData\Local\Temp\ccOmsIEg.s 			page 18


 166:Library/Src/remote_control.c ****         __HAL_UART_CLEAR_PEFLAG(&huart3);
 703              		.loc 1 166 9 view .LVU216
 704 0036 5B68     		ldr	r3, [r3, #4]
 705 0038 0193     		str	r3, [sp, #4]
 166:Library/Src/remote_control.c ****         __HAL_UART_CLEAR_PEFLAG(&huart3);
 706              		.loc 1 166 9 view .LVU217
 707 003a 019B     		ldr	r3, [sp, #4]
 708              	.LBE4:
 166:Library/Src/remote_control.c ****         __HAL_UART_CLEAR_PEFLAG(&huart3);
 709              		.loc 1 166 9 view .LVU218
 167:Library/Src/remote_control.c ****         if ((hdma_usart3_rx.Instance->CR & DMA_SxCR_CT) == RESET)
 710              		.loc 1 167 9 view .LVU219
 167:Library/Src/remote_control.c ****         if ((hdma_usart3_rx.Instance->CR & DMA_SxCR_CT) == RESET)
 711              		.loc 1 167 28 is_stmt 0 view .LVU220
 712 003c 234B     		ldr	r3, .L55+8
 713 003e 1B68     		ldr	r3, [r3]
 167:Library/Src/remote_control.c ****         if ((hdma_usart3_rx.Instance->CR & DMA_SxCR_CT) == RESET)
 714              		.loc 1 167 37 view .LVU221
 715 0040 1A68     		ldr	r2, [r3]
 167:Library/Src/remote_control.c ****         if ((hdma_usart3_rx.Instance->CR & DMA_SxCR_CT) == RESET)
 716              		.loc 1 167 12 view .LVU222
 717 0042 12F4002F 		tst	r2, #524288
 718 0046 1DD1     		bne	.L53
 169:Library/Src/remote_control.c ****             __HAL_DMA_DISABLE(&hdma_usart3_rx);
 719              		.loc 1 169 13 is_stmt 1 view .LVU223
 720 0048 1A68     		ldr	r2, [r3]
 721 004a 22F00102 		bic	r2, r2, #1
 722 004e 1A60     		str	r2, [r3]
 171:Library/Src/remote_control.c ****             this_time_rx_len = SBUS_RX_BUF_NUM - hdma_usart3_rx.Instance->NDTR;
 723              		.loc 1 171 13 view .LVU224
 171:Library/Src/remote_control.c ****             this_time_rx_len = SBUS_RX_BUF_NUM - hdma_usart3_rx.Instance->NDTR;
 724              		.loc 1 171 64 is_stmt 0 view .LVU225
 725 0050 1E48     		ldr	r0, .L55+8
 726 0052 0268     		ldr	r2, [r0]
 171:Library/Src/remote_control.c ****             this_time_rx_len = SBUS_RX_BUF_NUM - hdma_usart3_rx.Instance->NDTR;
 727              		.loc 1 171 73 view .LVU226
 728 0054 5368     		ldr	r3, [r2, #4]
 171:Library/Src/remote_control.c ****             this_time_rx_len = SBUS_RX_BUF_NUM - hdma_usart3_rx.Instance->NDTR;
 729              		.loc 1 171 48 view .LVU227
 730 0056 C3F12403 		rsb	r3, r3, #36
 731 005a 9BB2     		uxth	r3, r3
 171:Library/Src/remote_control.c ****             this_time_rx_len = SBUS_RX_BUF_NUM - hdma_usart3_rx.Instance->NDTR;
 732              		.loc 1 171 30 view .LVU228
 733 005c 1C49     		ldr	r1, .L55+12
 734 005e 0B80     		strh	r3, [r1]	@ movhi
 173:Library/Src/remote_control.c ****             hdma_usart3_rx.Instance->NDTR = SBUS_RX_BUF_NUM;
 735              		.loc 1 173 13 is_stmt 1 view .LVU229
 173:Library/Src/remote_control.c ****             hdma_usart3_rx.Instance->NDTR = SBUS_RX_BUF_NUM;
 736              		.loc 1 173 43 is_stmt 0 view .LVU230
 737 0060 2421     		movs	r1, #36
 738 0062 5160     		str	r1, [r2, #4]
 175:Library/Src/remote_control.c ****             hdma_usart3_rx.Instance->CR |= DMA_SxCR_CT;
 739              		.loc 1 175 13 is_stmt 1 view .LVU231
 175:Library/Src/remote_control.c ****             hdma_usart3_rx.Instance->CR |= DMA_SxCR_CT;
 740              		.loc 1 175 41 is_stmt 0 view .LVU232
 741 0064 1168     		ldr	r1, [r2]
 742 0066 41F40021 		orr	r1, r1, #524288
ARM GAS  C:\Users\cyz19\AppData\Local\Temp\ccOmsIEg.s 			page 19


 743 006a 1160     		str	r1, [r2]
 176:Library/Src/remote_control.c ****             __HAL_DMA_ENABLE(&hdma_usart3_rx);
 744              		.loc 1 176 13 is_stmt 1 view .LVU233
 745 006c 0168     		ldr	r1, [r0]
 746 006e 0A68     		ldr	r2, [r1]
 747 0070 42F00102 		orr	r2, r2, #1
 748 0074 0A60     		str	r2, [r1]
 177:Library/Src/remote_control.c ****             if(this_time_rx_len == RC_FRAME_LENGTH)
 749              		.loc 1 177 13 view .LVU234
 177:Library/Src/remote_control.c ****             if(this_time_rx_len == RC_FRAME_LENGTH)
 750              		.loc 1 177 15 is_stmt 0 view .LVU235
 751 0076 122B     		cmp	r3, #18
 752 0078 D1D1     		bne	.L50
 179:Library/Src/remote_control.c ****                 sbus_to_rc(sbus_rx_buf[0], &rc_ctrl);
 753              		.loc 1 179 17 is_stmt 1 view .LVU236
 754 007a 1649     		ldr	r1, .L55+16
 755 007c 1648     		ldr	r0, .L55+20
 756 007e FFF7FEFF 		bl	sbus_to_rc
 757              	.LVL22:
 758 0082 CCE7     		b	.L50
 759              	.L53:
 184:Library/Src/remote_control.c ****             __HAL_DMA_DISABLE(&hdma_usart3_rx);
 760              		.loc 1 184 13 view .LVU237
 761 0084 1A68     		ldr	r2, [r3]
 762 0086 22F00102 		bic	r2, r2, #1
 763 008a 1A60     		str	r2, [r3]
 186:Library/Src/remote_control.c ****             this_time_rx_len = SBUS_RX_BUF_NUM - hdma_usart3_rx.Instance->NDTR;
 764              		.loc 1 186 13 view .LVU238
 186:Library/Src/remote_control.c ****             this_time_rx_len = SBUS_RX_BUF_NUM - hdma_usart3_rx.Instance->NDTR;
 765              		.loc 1 186 64 is_stmt 0 view .LVU239
 766 008c 0F49     		ldr	r1, .L55+8
 767 008e 0868     		ldr	r0, [r1]
 186:Library/Src/remote_control.c ****             this_time_rx_len = SBUS_RX_BUF_NUM - hdma_usart3_rx.Instance->NDTR;
 768              		.loc 1 186 73 view .LVU240
 769 0090 4368     		ldr	r3, [r0, #4]
 186:Library/Src/remote_control.c ****             this_time_rx_len = SBUS_RX_BUF_NUM - hdma_usart3_rx.Instance->NDTR;
 770              		.loc 1 186 48 view .LVU241
 771 0092 C3F12403 		rsb	r3, r3, #36
 186:Library/Src/remote_control.c ****             this_time_rx_len = SBUS_RX_BUF_NUM - hdma_usart3_rx.Instance->NDTR;
 772              		.loc 1 186 30 view .LVU242
 773 0096 0E4A     		ldr	r2, .L55+12
 774 0098 1380     		strh	r3, [r2]	@ movhi
 188:Library/Src/remote_control.c ****             hdma_usart3_rx.Instance->NDTR = SBUS_RX_BUF_NUM;
 775              		.loc 1 188 13 is_stmt 1 view .LVU243
 188:Library/Src/remote_control.c ****             hdma_usart3_rx.Instance->NDTR = SBUS_RX_BUF_NUM;
 776              		.loc 1 188 43 is_stmt 0 view .LVU244
 777 009a 2423     		movs	r3, #36
 778 009c 4360     		str	r3, [r0, #4]
 190:Library/Src/remote_control.c ****             DMA1_Stream1->CR &= ~(DMA_SxCR_CT);
 779              		.loc 1 190 13 is_stmt 1 view .LVU245
 190:Library/Src/remote_control.c ****             DMA1_Stream1->CR &= ~(DMA_SxCR_CT);
 780              		.loc 1 190 30 is_stmt 0 view .LVU246
 781 009e 0F48     		ldr	r0, .L55+24
 782 00a0 836A     		ldr	r3, [r0, #40]
 783 00a2 23F40023 		bic	r3, r3, #524288
 784 00a6 8362     		str	r3, [r0, #40]
 191:Library/Src/remote_control.c ****             __HAL_DMA_ENABLE(&hdma_usart3_rx);
ARM GAS  C:\Users\cyz19\AppData\Local\Temp\ccOmsIEg.s 			page 20


 785              		.loc 1 191 13 is_stmt 1 view .LVU247
 786 00a8 0968     		ldr	r1, [r1]
 787 00aa 0B68     		ldr	r3, [r1]
 788 00ac 43F00103 		orr	r3, r3, #1
 789 00b0 0B60     		str	r3, [r1]
 192:Library/Src/remote_control.c ****             if(this_time_rx_len == RC_FRAME_LENGTH)
 790              		.loc 1 192 13 view .LVU248
 192:Library/Src/remote_control.c ****             if(this_time_rx_len == RC_FRAME_LENGTH)
 791              		.loc 1 192 33 is_stmt 0 view .LVU249
 792 00b2 1388     		ldrh	r3, [r2]
 192:Library/Src/remote_control.c ****             if(this_time_rx_len == RC_FRAME_LENGTH)
 793              		.loc 1 192 15 view .LVU250
 794 00b4 122B     		cmp	r3, #18
 795 00b6 B2D1     		bne	.L50
 194:Library/Src/remote_control.c ****                 sbus_to_rc(sbus_rx_buf[1], &rc_ctrl);
 796              		.loc 1 194 17 is_stmt 1 view .LVU251
 797 00b8 0649     		ldr	r1, .L55+16
 798 00ba 0948     		ldr	r0, .L55+28
 799 00bc FFF7FEFF 		bl	sbus_to_rc
 800              	.LVL23:
 801              	.LBE3:
 802              		.loc 1 198 2 is_stmt 0 view .LVU252
 803 00c0 ADE7     		b	.L50
 804              	.L56:
 805 00c2 00BF     		.align	2
 806              	.L55:
 807 00c4 00000000 		.word	huart3
 808 00c8 00480040 		.word	1073760256
 809 00cc 00000000 		.word	hdma_usart3_rx
 810 00d0 00000000 		.word	.LANCHOR2
 811 00d4 00000000 		.word	.LANCHOR1
 812 00d8 00000000 		.word	.LANCHOR0
 813 00dc 00600240 		.word	1073897472
 814 00e0 24000000 		.word	.LANCHOR0+36
 815              		.cfi_endproc
 816              	.LFE143:
 818              		.global	data_rc
 819              		.global	rc_ctrl
 820              		.section	.bss.data_rc,"aw",%nobits
 821              		.align	2
 824              	data_rc:
 825 0000 00000000 		.space	20
 825      00000000 
 825      00000000 
 825      00000000 
 825      00000000 
 826              		.section	.bss.rc_ctrl,"aw",%nobits
 827              		.align	2
 828              		.set	.LANCHOR1,. + 0
 831              	rc_ctrl:
 832 0000 00000000 		.space	22
 832      00000000 
 832      00000000 
 832      00000000 
 832      00000000 
 833              		.section	.bss.sbus_rx_buf,"aw",%nobits
 834              		.align	2
ARM GAS  C:\Users\cyz19\AppData\Local\Temp\ccOmsIEg.s 			page 21


 835              		.set	.LANCHOR0,. + 0
 838              	sbus_rx_buf:
 839 0000 00000000 		.space	72
 839      00000000 
 839      00000000 
 839      00000000 
 839      00000000 
 840              		.section	.bss.this_time_rx_len.0,"aw",%nobits
 841              		.align	1
 842              		.set	.LANCHOR2,. + 0
 845              	this_time_rx_len.0:
 846 0000 0000     		.space	2
 847              		.text
 848              	.Letext0:
 849              		.file 2 "c:\\program files (x86)\\gnu arm embedded toolchain\\10 2021.10\\arm-none-eabi\\include\\
 850              		.file 3 "c:\\program files (x86)\\gnu arm embedded toolchain\\10 2021.10\\arm-none-eabi\\include\\
 851              		.file 4 "Drivers/CMSIS/Device/ST/STM32F4xx/Include/stm32f407xx.h"
 852              		.file 5 "Drivers/CMSIS/Device/ST/STM32F4xx/Include/stm32f4xx.h"
 853              		.file 6 "Drivers/STM32F4xx_HAL_Driver/Inc/stm32f4xx_hal_def.h"
 854              		.file 7 "Drivers/STM32F4xx_HAL_Driver/Inc/stm32f4xx_hal_dma.h"
 855              		.file 8 "Drivers/STM32F4xx_HAL_Driver/Inc/stm32f4xx_hal_uart.h"
 856              		.file 9 "Library/Inc/remote_control.h"
 857              		.file 10 "Core/Inc/usart.h"
ARM GAS  C:\Users\cyz19\AppData\Local\Temp\ccOmsIEg.s 			page 22


DEFINED SYMBOLS
                            *ABS*:00000000 remote_control.c
C:\Users\cyz19\AppData\Local\Temp\ccOmsIEg.s:20     .text.sbus_to_rc:00000000 $t
C:\Users\cyz19\AppData\Local\Temp\ccOmsIEg.s:25     .text.sbus_to_rc:00000000 sbus_to_rc
C:\Users\cyz19\AppData\Local\Temp\ccOmsIEg.s:204    .text.RC_init:00000000 $t
C:\Users\cyz19\AppData\Local\Temp\ccOmsIEg.s:210    .text.RC_init:00000000 RC_init
C:\Users\cyz19\AppData\Local\Temp\ccOmsIEg.s:291    .text.RC_init:0000005c $d
C:\Users\cyz19\AppData\Local\Temp\ccOmsIEg.s:298    .text.remote_control_init:00000000 $t
C:\Users\cyz19\AppData\Local\Temp\ccOmsIEg.s:304    .text.remote_control_init:00000000 remote_control_init
C:\Users\cyz19\AppData\Local\Temp\ccOmsIEg.s:326    .text.remote_control_init:00000010 $d
C:\Users\cyz19\AppData\Local\Temp\ccOmsIEg.s:337    .text.rc_read_data:00000000 $t
C:\Users\cyz19\AppData\Local\Temp\ccOmsIEg.s:343    .text.rc_read_data:00000000 rc_read_data
C:\Users\cyz19\AppData\Local\Temp\ccOmsIEg.s:595    .text.rc_read_data:00000148 $d
C:\Users\cyz19\AppData\Local\Temp\ccOmsIEg.s:607    .text.get_remote_control_point:00000000 $t
C:\Users\cyz19\AppData\Local\Temp\ccOmsIEg.s:613    .text.get_remote_control_point:00000000 get_remote_control_point
C:\Users\cyz19\AppData\Local\Temp\ccOmsIEg.s:627    .text.get_remote_control_point:00000004 $d
C:\Users\cyz19\AppData\Local\Temp\ccOmsIEg.s:632    .text.USART3_IRQHandler:00000000 $t
C:\Users\cyz19\AppData\Local\Temp\ccOmsIEg.s:638    .text.USART3_IRQHandler:00000000 USART3_IRQHandler
C:\Users\cyz19\AppData\Local\Temp\ccOmsIEg.s:807    .text.USART3_IRQHandler:000000c4 $d
C:\Users\cyz19\AppData\Local\Temp\ccOmsIEg.s:824    .bss.data_rc:00000000 data_rc
C:\Users\cyz19\AppData\Local\Temp\ccOmsIEg.s:831    .bss.rc_ctrl:00000000 rc_ctrl
C:\Users\cyz19\AppData\Local\Temp\ccOmsIEg.s:821    .bss.data_rc:00000000 $d
C:\Users\cyz19\AppData\Local\Temp\ccOmsIEg.s:827    .bss.rc_ctrl:00000000 $d
C:\Users\cyz19\AppData\Local\Temp\ccOmsIEg.s:834    .bss.sbus_rx_buf:00000000 $d
C:\Users\cyz19\AppData\Local\Temp\ccOmsIEg.s:838    .bss.sbus_rx_buf:00000000 sbus_rx_buf
C:\Users\cyz19\AppData\Local\Temp\ccOmsIEg.s:841    .bss.this_time_rx_len.0:00000000 $d
C:\Users\cyz19\AppData\Local\Temp\ccOmsIEg.s:845    .bss.this_time_rx_len.0:00000000 this_time_rx_len.0

UNDEFINED SYMBOLS
huart3
hdma_usart3_rx
__aeabi_i2d
__aeabi_ddiv
__aeabi_f2d
__aeabi_dadd
__aeabi_d2f
__aeabi_dcmple
