ARM GAS  C:\Users\cyz19\AppData\Local\Temp\cccdDZGf.s 			page 1


   1              		.cpu cortex-m4
   2              		.arch armv7e-m
   3              		.fpu fpv4-sp-d16
   4              		.eabi_attribute 27, 1
   5              		.eabi_attribute 28, 1
   6              		.eabi_attribute 20, 1
   7              		.eabi_attribute 21, 1
   8              		.eabi_attribute 23, 3
   9              		.eabi_attribute 24, 1
  10              		.eabi_attribute 25, 1
  11              		.eabi_attribute 26, 1
  12              		.eabi_attribute 30, 1
  13              		.eabi_attribute 34, 1
  14              		.eabi_attribute 18, 4
  15              		.file	"Status.c"
  16              		.text
  17              	.Ltext0:
  18              		.cfi_sections	.debug_frame
  19              		.section	.text.Status_Task,"ax",%progbits
  20              		.align	1
  21              		.global	Status_Task
  22              		.syntax unified
  23              		.thumb
  24              		.thumb_func
  26              	Status_Task:
  27              	.LFB135:
  28              		.file 1 "App/Src/Status.c"
   1:App/Src/Status.c **** #include "Status.h"
   2:App/Src/Status.c **** 
   3:App/Src/Status.c **** 
   4:App/Src/Status.c **** void Status_Task()
   5:App/Src/Status.c **** {
  29              		.loc 1 5 1 view -0
  30              		.cfi_startproc
  31              		@ Volatile: function does not return.
  32              		@ args = 0, pretend = 0, frame = 0
  33              		@ frame_needed = 0, uses_anonymous_args = 0
  34 0000 08B5     		push	{r3, lr}
  35              	.LCFI0:
  36              		.cfi_def_cfa_offset 8
  37              		.cfi_offset 3, -8
  38              		.cfi_offset 14, -4
  39              	.L2:
   6:App/Src/Status.c ****     while(1)
  40              		.loc 1 6 5 discriminator 1 view .LVU1
   7:App/Src/Status.c ****     {   
   8:App/Src/Status.c ****         osDelay(1);
  41              		.loc 1 8 9 discriminator 1 view .LVU2
  42 0002 0120     		movs	r0, #1
  43 0004 FFF7FEFF 		bl	osDelay
  44              	.LVL0:
   6:App/Src/Status.c ****     while(1)
  45              		.loc 1 6 10 discriminator 1 view .LVU3
  46 0008 FBE7     		b	.L2
  47              		.cfi_endproc
  48              	.LFE135:
  50              		.text
ARM GAS  C:\Users\cyz19\AppData\Local\Temp\cccdDZGf.s 			page 2


  51              	.Letext0:
  52              		.file 2 "Middlewares/Third_Party/FreeRTOS/Source/CMSIS_RTOS/cmsis_os.h"
ARM GAS  C:\Users\cyz19\AppData\Local\Temp\cccdDZGf.s 			page 3


DEFINED SYMBOLS
                            *ABS*:00000000 Status.c
C:\Users\cyz19\AppData\Local\Temp\cccdDZGf.s:20     .text.Status_Task:00000000 $t
C:\Users\cyz19\AppData\Local\Temp\cccdDZGf.s:26     .text.Status_Task:00000000 Status_Task

UNDEFINED SYMBOLS
osDelay
