ARM GAS  C:\Users\cyz19\AppData\Local\Temp\ccHO4TiS.s 			page 1


   1              		.cpu cortex-m4
   2              		.arch armv7e-m
   3              		.fpu fpv4-sp-d16
   4              		.eabi_attribute 27, 1
   5              		.eabi_attribute 28, 1
   6              		.eabi_attribute 20, 1
   7              		.eabi_attribute 21, 1
   8              		.eabi_attribute 23, 3
   9              		.eabi_attribute 24, 1
  10              		.eabi_attribute 25, 1
  11              		.eabi_attribute 26, 1
  12              		.eabi_attribute 30, 1
  13              		.eabi_attribute 34, 1
  14              		.eabi_attribute 18, 4
  15              		.file	"stm32f4xx_it.c"
  16              		.text
  17              	.Ltext0:
  18              		.cfi_sections	.debug_frame
  19              		.section	.text.NMI_Handler,"ax",%progbits
  20              		.align	1
  21              		.global	NMI_Handler
  22              		.syntax unified
  23              		.thumb
  24              		.thumb_func
  26              	NMI_Handler:
  27              	.LFB135:
  28              		.file 1 "Core/Src/stm32f4xx_it.c"
   1:Core/Src/stm32f4xx_it.c **** /* USER CODE BEGIN Header */
   2:Core/Src/stm32f4xx_it.c **** /**
   3:Core/Src/stm32f4xx_it.c ****   ******************************************************************************
   4:Core/Src/stm32f4xx_it.c ****   * @file    stm32f4xx_it.c
   5:Core/Src/stm32f4xx_it.c ****   * @brief   Interrupt Service Routines.
   6:Core/Src/stm32f4xx_it.c ****   ******************************************************************************
   7:Core/Src/stm32f4xx_it.c ****   * @attention
   8:Core/Src/stm32f4xx_it.c ****   *
   9:Core/Src/stm32f4xx_it.c ****   * Copyright (c) 2024 STMicroelectronics.
  10:Core/Src/stm32f4xx_it.c ****   * All rights reserved.
  11:Core/Src/stm32f4xx_it.c ****   *
  12:Core/Src/stm32f4xx_it.c ****   * This software is licensed under terms that can be found in the LICENSE file
  13:Core/Src/stm32f4xx_it.c ****   * in the root directory of this software component.
  14:Core/Src/stm32f4xx_it.c ****   * If no LICENSE file comes with this software, it is provided AS-IS.
  15:Core/Src/stm32f4xx_it.c ****   *
  16:Core/Src/stm32f4xx_it.c ****   ******************************************************************************
  17:Core/Src/stm32f4xx_it.c ****   */
  18:Core/Src/stm32f4xx_it.c **** /* USER CODE END Header */
  19:Core/Src/stm32f4xx_it.c **** 
  20:Core/Src/stm32f4xx_it.c **** /* Includes ------------------------------------------------------------------*/
  21:Core/Src/stm32f4xx_it.c **** #include "main.h"
  22:Core/Src/stm32f4xx_it.c **** #include "stm32f4xx_it.h"
  23:Core/Src/stm32f4xx_it.c **** #include "FreeRTOS.h"
  24:Core/Src/stm32f4xx_it.c **** #include "task.h"
  25:Core/Src/stm32f4xx_it.c **** /* Private includes ----------------------------------------------------------*/
  26:Core/Src/stm32f4xx_it.c **** /* USER CODE BEGIN Includes */
  27:Core/Src/stm32f4xx_it.c **** /* USER CODE END Includes */
  28:Core/Src/stm32f4xx_it.c **** 
  29:Core/Src/stm32f4xx_it.c **** /* Private typedef -----------------------------------------------------------*/
  30:Core/Src/stm32f4xx_it.c **** /* USER CODE BEGIN TD */
ARM GAS  C:\Users\cyz19\AppData\Local\Temp\ccHO4TiS.s 			page 2


  31:Core/Src/stm32f4xx_it.c **** 
  32:Core/Src/stm32f4xx_it.c **** /* USER CODE END TD */
  33:Core/Src/stm32f4xx_it.c **** 
  34:Core/Src/stm32f4xx_it.c **** /* Private define ------------------------------------------------------------*/
  35:Core/Src/stm32f4xx_it.c **** /* USER CODE BEGIN PD */
  36:Core/Src/stm32f4xx_it.c **** 
  37:Core/Src/stm32f4xx_it.c **** /* USER CODE END PD */
  38:Core/Src/stm32f4xx_it.c **** 
  39:Core/Src/stm32f4xx_it.c **** /* Private macro -------------------------------------------------------------*/
  40:Core/Src/stm32f4xx_it.c **** /* USER CODE BEGIN PM */
  41:Core/Src/stm32f4xx_it.c **** 
  42:Core/Src/stm32f4xx_it.c **** /* USER CODE END PM */
  43:Core/Src/stm32f4xx_it.c **** 
  44:Core/Src/stm32f4xx_it.c **** /* Private variables ---------------------------------------------------------*/
  45:Core/Src/stm32f4xx_it.c **** /* USER CODE BEGIN PV */
  46:Core/Src/stm32f4xx_it.c **** 
  47:Core/Src/stm32f4xx_it.c **** /* USER CODE END PV */
  48:Core/Src/stm32f4xx_it.c **** 
  49:Core/Src/stm32f4xx_it.c **** /* Private function prototypes -----------------------------------------------*/
  50:Core/Src/stm32f4xx_it.c **** /* USER CODE BEGIN PFP */
  51:Core/Src/stm32f4xx_it.c **** 
  52:Core/Src/stm32f4xx_it.c **** /* USER CODE END PFP */
  53:Core/Src/stm32f4xx_it.c **** 
  54:Core/Src/stm32f4xx_it.c **** /* Private user code ---------------------------------------------------------*/
  55:Core/Src/stm32f4xx_it.c **** /* USER CODE BEGIN 0 */
  56:Core/Src/stm32f4xx_it.c **** 
  57:Core/Src/stm32f4xx_it.c **** /* USER CODE END 0 */
  58:Core/Src/stm32f4xx_it.c **** 
  59:Core/Src/stm32f4xx_it.c **** /* External variables --------------------------------------------------------*/
  60:Core/Src/stm32f4xx_it.c **** extern CAN_HandleTypeDef hcan1;
  61:Core/Src/stm32f4xx_it.c **** extern CAN_HandleTypeDef hcan2;
  62:Core/Src/stm32f4xx_it.c **** extern DMA_HandleTypeDef hdma_spi1_rx;
  63:Core/Src/stm32f4xx_it.c **** extern DMA_HandleTypeDef hdma_spi1_tx;
  64:Core/Src/stm32f4xx_it.c **** extern DMA_HandleTypeDef hdma_usart1_tx;
  65:Core/Src/stm32f4xx_it.c **** extern DMA_HandleTypeDef hdma_usart1_rx;
  66:Core/Src/stm32f4xx_it.c **** extern DMA_HandleTypeDef hdma_usart3_rx;
  67:Core/Src/stm32f4xx_it.c **** extern DMA_HandleTypeDef hdma_usart6_rx;
  68:Core/Src/stm32f4xx_it.c **** extern DMA_HandleTypeDef hdma_usart6_tx;
  69:Core/Src/stm32f4xx_it.c **** extern UART_HandleTypeDef huart1;
  70:Core/Src/stm32f4xx_it.c **** extern UART_HandleTypeDef huart3;
  71:Core/Src/stm32f4xx_it.c **** extern UART_HandleTypeDef huart6;
  72:Core/Src/stm32f4xx_it.c **** /* USER CODE BEGIN EV */
  73:Core/Src/stm32f4xx_it.c **** 
  74:Core/Src/stm32f4xx_it.c **** /* USER CODE END EV */
  75:Core/Src/stm32f4xx_it.c **** 
  76:Core/Src/stm32f4xx_it.c **** /******************************************************************************/
  77:Core/Src/stm32f4xx_it.c **** /*           Cortex-M4 Processor Interruption and Exception Handlers          */
  78:Core/Src/stm32f4xx_it.c **** /******************************************************************************/
  79:Core/Src/stm32f4xx_it.c **** /**
  80:Core/Src/stm32f4xx_it.c ****   * @brief This function handles Non maskable interrupt.
  81:Core/Src/stm32f4xx_it.c ****   */
  82:Core/Src/stm32f4xx_it.c **** void NMI_Handler(void)
  83:Core/Src/stm32f4xx_it.c **** {
  29              		.loc 1 83 1 view -0
  30              		.cfi_startproc
  31              		@ Volatile: function does not return.
  32              		@ args = 0, pretend = 0, frame = 0
ARM GAS  C:\Users\cyz19\AppData\Local\Temp\ccHO4TiS.s 			page 3


  33              		@ frame_needed = 0, uses_anonymous_args = 0
  34              		@ link register save eliminated.
  35              	.L2:
  84:Core/Src/stm32f4xx_it.c ****   /* USER CODE BEGIN NonMaskableInt_IRQn 0 */
  85:Core/Src/stm32f4xx_it.c **** 
  86:Core/Src/stm32f4xx_it.c ****   /* USER CODE END NonMaskableInt_IRQn 0 */
  87:Core/Src/stm32f4xx_it.c ****   /* USER CODE BEGIN NonMaskableInt_IRQn 1 */
  88:Core/Src/stm32f4xx_it.c ****   while (1)
  36              		.loc 1 88 3 discriminator 1 view .LVU1
  89:Core/Src/stm32f4xx_it.c ****   {
  90:Core/Src/stm32f4xx_it.c ****   }
  37              		.loc 1 90 3 discriminator 1 view .LVU2
  88:Core/Src/stm32f4xx_it.c ****   {
  38              		.loc 1 88 9 discriminator 1 view .LVU3
  39 0000 FEE7     		b	.L2
  40              		.cfi_endproc
  41              	.LFE135:
  43              		.section	.text.HardFault_Handler,"ax",%progbits
  44              		.align	1
  45              		.global	HardFault_Handler
  46              		.syntax unified
  47              		.thumb
  48              		.thumb_func
  50              	HardFault_Handler:
  51              	.LFB136:
  91:Core/Src/stm32f4xx_it.c ****   /* USER CODE END NonMaskableInt_IRQn 1 */
  92:Core/Src/stm32f4xx_it.c **** }
  93:Core/Src/stm32f4xx_it.c **** 
  94:Core/Src/stm32f4xx_it.c **** /**
  95:Core/Src/stm32f4xx_it.c ****   * @brief This function handles Hard fault interrupt.
  96:Core/Src/stm32f4xx_it.c ****   */
  97:Core/Src/stm32f4xx_it.c **** void HardFault_Handler(void)
  98:Core/Src/stm32f4xx_it.c **** {
  52              		.loc 1 98 1 view -0
  53              		.cfi_startproc
  54              		@ Volatile: function does not return.
  55              		@ args = 0, pretend = 0, frame = 0
  56              		@ frame_needed = 0, uses_anonymous_args = 0
  57              		@ link register save eliminated.
  58              	.L4:
  99:Core/Src/stm32f4xx_it.c ****   /* USER CODE BEGIN HardFault_IRQn 0 */
 100:Core/Src/stm32f4xx_it.c **** 
 101:Core/Src/stm32f4xx_it.c ****   /* USER CODE END HardFault_IRQn 0 */
 102:Core/Src/stm32f4xx_it.c ****   while (1)
  59              		.loc 1 102 3 discriminator 1 view .LVU5
 103:Core/Src/stm32f4xx_it.c ****   {
 104:Core/Src/stm32f4xx_it.c ****     /* USER CODE BEGIN W1_HardFault_IRQn 0 */
 105:Core/Src/stm32f4xx_it.c ****     /* USER CODE END W1_HardFault_IRQn 0 */
 106:Core/Src/stm32f4xx_it.c ****   }
  60              		.loc 1 106 3 discriminator 1 view .LVU6
 102:Core/Src/stm32f4xx_it.c ****   {
  61              		.loc 1 102 9 discriminator 1 view .LVU7
  62 0000 FEE7     		b	.L4
  63              		.cfi_endproc
  64              	.LFE136:
  66              		.section	.text.MemManage_Handler,"ax",%progbits
  67              		.align	1
ARM GAS  C:\Users\cyz19\AppData\Local\Temp\ccHO4TiS.s 			page 4


  68              		.global	MemManage_Handler
  69              		.syntax unified
  70              		.thumb
  71              		.thumb_func
  73              	MemManage_Handler:
  74              	.LFB137:
 107:Core/Src/stm32f4xx_it.c **** }
 108:Core/Src/stm32f4xx_it.c **** 
 109:Core/Src/stm32f4xx_it.c **** /**
 110:Core/Src/stm32f4xx_it.c ****   * @brief This function handles Memory management fault.
 111:Core/Src/stm32f4xx_it.c ****   */
 112:Core/Src/stm32f4xx_it.c **** void MemManage_Handler(void)
 113:Core/Src/stm32f4xx_it.c **** {
  75              		.loc 1 113 1 view -0
  76              		.cfi_startproc
  77              		@ Volatile: function does not return.
  78              		@ args = 0, pretend = 0, frame = 0
  79              		@ frame_needed = 0, uses_anonymous_args = 0
  80              		@ link register save eliminated.
  81              	.L6:
 114:Core/Src/stm32f4xx_it.c ****   /* USER CODE BEGIN MemoryManagement_IRQn 0 */
 115:Core/Src/stm32f4xx_it.c **** 
 116:Core/Src/stm32f4xx_it.c ****   /* USER CODE END MemoryManagement_IRQn 0 */
 117:Core/Src/stm32f4xx_it.c ****   while (1)
  82              		.loc 1 117 3 discriminator 1 view .LVU9
 118:Core/Src/stm32f4xx_it.c ****   {
 119:Core/Src/stm32f4xx_it.c ****     /* USER CODE BEGIN W1_MemoryManagement_IRQn 0 */
 120:Core/Src/stm32f4xx_it.c ****     /* USER CODE END W1_MemoryManagement_IRQn 0 */
 121:Core/Src/stm32f4xx_it.c ****   }
  83              		.loc 1 121 3 discriminator 1 view .LVU10
 117:Core/Src/stm32f4xx_it.c ****   {
  84              		.loc 1 117 9 discriminator 1 view .LVU11
  85 0000 FEE7     		b	.L6
  86              		.cfi_endproc
  87              	.LFE137:
  89              		.section	.text.BusFault_Handler,"ax",%progbits
  90              		.align	1
  91              		.global	BusFault_Handler
  92              		.syntax unified
  93              		.thumb
  94              		.thumb_func
  96              	BusFault_Handler:
  97              	.LFB138:
 122:Core/Src/stm32f4xx_it.c **** }
 123:Core/Src/stm32f4xx_it.c **** 
 124:Core/Src/stm32f4xx_it.c **** /**
 125:Core/Src/stm32f4xx_it.c ****   * @brief This function handles Pre-fetch fault, memory access fault.
 126:Core/Src/stm32f4xx_it.c ****   */
 127:Core/Src/stm32f4xx_it.c **** void BusFault_Handler(void)
 128:Core/Src/stm32f4xx_it.c **** {
  98              		.loc 1 128 1 view -0
  99              		.cfi_startproc
 100              		@ Volatile: function does not return.
 101              		@ args = 0, pretend = 0, frame = 0
 102              		@ frame_needed = 0, uses_anonymous_args = 0
 103              		@ link register save eliminated.
 104              	.L8:
ARM GAS  C:\Users\cyz19\AppData\Local\Temp\ccHO4TiS.s 			page 5


 129:Core/Src/stm32f4xx_it.c ****   /* USER CODE BEGIN BusFault_IRQn 0 */
 130:Core/Src/stm32f4xx_it.c **** 
 131:Core/Src/stm32f4xx_it.c ****   /* USER CODE END BusFault_IRQn 0 */
 132:Core/Src/stm32f4xx_it.c ****   while (1)
 105              		.loc 1 132 3 discriminator 1 view .LVU13
 133:Core/Src/stm32f4xx_it.c ****   {
 134:Core/Src/stm32f4xx_it.c ****     /* USER CODE BEGIN W1_BusFault_IRQn 0 */
 135:Core/Src/stm32f4xx_it.c ****     /* USER CODE END W1_BusFault_IRQn 0 */
 136:Core/Src/stm32f4xx_it.c ****   }
 106              		.loc 1 136 3 discriminator 1 view .LVU14
 132:Core/Src/stm32f4xx_it.c ****   {
 107              		.loc 1 132 9 discriminator 1 view .LVU15
 108 0000 FEE7     		b	.L8
 109              		.cfi_endproc
 110              	.LFE138:
 112              		.section	.text.UsageFault_Handler,"ax",%progbits
 113              		.align	1
 114              		.global	UsageFault_Handler
 115              		.syntax unified
 116              		.thumb
 117              		.thumb_func
 119              	UsageFault_Handler:
 120              	.LFB139:
 137:Core/Src/stm32f4xx_it.c **** }
 138:Core/Src/stm32f4xx_it.c **** 
 139:Core/Src/stm32f4xx_it.c **** /**
 140:Core/Src/stm32f4xx_it.c ****   * @brief This function handles Undefined instruction or illegal state.
 141:Core/Src/stm32f4xx_it.c ****   */
 142:Core/Src/stm32f4xx_it.c **** void UsageFault_Handler(void)
 143:Core/Src/stm32f4xx_it.c **** {
 121              		.loc 1 143 1 view -0
 122              		.cfi_startproc
 123              		@ Volatile: function does not return.
 124              		@ args = 0, pretend = 0, frame = 0
 125              		@ frame_needed = 0, uses_anonymous_args = 0
 126              		@ link register save eliminated.
 127              	.L10:
 144:Core/Src/stm32f4xx_it.c ****   /* USER CODE BEGIN UsageFault_IRQn 0 */
 145:Core/Src/stm32f4xx_it.c **** 
 146:Core/Src/stm32f4xx_it.c ****   /* USER CODE END UsageFault_IRQn 0 */
 147:Core/Src/stm32f4xx_it.c ****   while (1)
 128              		.loc 1 147 3 discriminator 1 view .LVU17
 148:Core/Src/stm32f4xx_it.c ****   {
 149:Core/Src/stm32f4xx_it.c ****     /* USER CODE BEGIN W1_UsageFault_IRQn 0 */
 150:Core/Src/stm32f4xx_it.c ****     /* USER CODE END W1_UsageFault_IRQn 0 */
 151:Core/Src/stm32f4xx_it.c ****   }
 129              		.loc 1 151 3 discriminator 1 view .LVU18
 147:Core/Src/stm32f4xx_it.c ****   {
 130              		.loc 1 147 9 discriminator 1 view .LVU19
 131 0000 FEE7     		b	.L10
 132              		.cfi_endproc
 133              	.LFE139:
 135              		.section	.text.DebugMon_Handler,"ax",%progbits
 136              		.align	1
 137              		.global	DebugMon_Handler
 138              		.syntax unified
 139              		.thumb
ARM GAS  C:\Users\cyz19\AppData\Local\Temp\ccHO4TiS.s 			page 6


 140              		.thumb_func
 142              	DebugMon_Handler:
 143              	.LFB140:
 152:Core/Src/stm32f4xx_it.c **** }
 153:Core/Src/stm32f4xx_it.c **** 
 154:Core/Src/stm32f4xx_it.c **** /**
 155:Core/Src/stm32f4xx_it.c ****   * @brief This function handles Debug monitor.
 156:Core/Src/stm32f4xx_it.c ****   */
 157:Core/Src/stm32f4xx_it.c **** void DebugMon_Handler(void)
 158:Core/Src/stm32f4xx_it.c **** {
 144              		.loc 1 158 1 view -0
 145              		.cfi_startproc
 146              		@ args = 0, pretend = 0, frame = 0
 147              		@ frame_needed = 0, uses_anonymous_args = 0
 148              		@ link register save eliminated.
 159:Core/Src/stm32f4xx_it.c ****   /* USER CODE BEGIN DebugMonitor_IRQn 0 */
 160:Core/Src/stm32f4xx_it.c **** 
 161:Core/Src/stm32f4xx_it.c ****   /* USER CODE END DebugMonitor_IRQn 0 */
 162:Core/Src/stm32f4xx_it.c ****   /* USER CODE BEGIN DebugMonitor_IRQn 1 */
 163:Core/Src/stm32f4xx_it.c **** 
 164:Core/Src/stm32f4xx_it.c ****   /* USER CODE END DebugMonitor_IRQn 1 */
 165:Core/Src/stm32f4xx_it.c **** }
 149              		.loc 1 165 1 view .LVU21
 150 0000 7047     		bx	lr
 151              		.cfi_endproc
 152              	.LFE140:
 154              		.section	.text.SysTick_Handler,"ax",%progbits
 155              		.align	1
 156              		.global	SysTick_Handler
 157              		.syntax unified
 158              		.thumb
 159              		.thumb_func
 161              	SysTick_Handler:
 162              	.LFB141:
 166:Core/Src/stm32f4xx_it.c **** 
 167:Core/Src/stm32f4xx_it.c **** /**
 168:Core/Src/stm32f4xx_it.c ****   * @brief This function handles System tick timer.
 169:Core/Src/stm32f4xx_it.c ****   */
 170:Core/Src/stm32f4xx_it.c **** void SysTick_Handler(void)
 171:Core/Src/stm32f4xx_it.c **** {
 163              		.loc 1 171 1 view -0
 164              		.cfi_startproc
 165              		@ args = 0, pretend = 0, frame = 0
 166              		@ frame_needed = 0, uses_anonymous_args = 0
 167 0000 08B5     		push	{r3, lr}
 168              	.LCFI0:
 169              		.cfi_def_cfa_offset 8
 170              		.cfi_offset 3, -8
 171              		.cfi_offset 14, -4
 172:Core/Src/stm32f4xx_it.c ****   /* USER CODE BEGIN SysTick_IRQn 0 */
 173:Core/Src/stm32f4xx_it.c **** 
 174:Core/Src/stm32f4xx_it.c ****   /* USER CODE END SysTick_IRQn 0 */
 175:Core/Src/stm32f4xx_it.c ****   HAL_IncTick();
 172              		.loc 1 175 3 view .LVU23
 173 0002 FFF7FEFF 		bl	HAL_IncTick
 174              	.LVL0:
 176:Core/Src/stm32f4xx_it.c **** #if (INCLUDE_xTaskGetSchedulerState == 1 )
ARM GAS  C:\Users\cyz19\AppData\Local\Temp\ccHO4TiS.s 			page 7


 177:Core/Src/stm32f4xx_it.c ****   if (xTaskGetSchedulerState() != taskSCHEDULER_NOT_STARTED)
 175              		.loc 1 177 3 view .LVU24
 176              		.loc 1 177 7 is_stmt 0 view .LVU25
 177 0006 FFF7FEFF 		bl	xTaskGetSchedulerState
 178              	.LVL1:
 179              		.loc 1 177 6 view .LVU26
 180 000a 0128     		cmp	r0, #1
 181 000c 00D1     		bne	.L15
 182              	.L12:
 178:Core/Src/stm32f4xx_it.c ****   {
 179:Core/Src/stm32f4xx_it.c **** #endif /* INCLUDE_xTaskGetSchedulerState */
 180:Core/Src/stm32f4xx_it.c ****   xPortSysTickHandler();
 181:Core/Src/stm32f4xx_it.c **** #if (INCLUDE_xTaskGetSchedulerState == 1 )
 182:Core/Src/stm32f4xx_it.c ****   }
 183:Core/Src/stm32f4xx_it.c **** #endif /* INCLUDE_xTaskGetSchedulerState */
 184:Core/Src/stm32f4xx_it.c ****   /* USER CODE BEGIN SysTick_IRQn 1 */
 185:Core/Src/stm32f4xx_it.c **** 
 186:Core/Src/stm32f4xx_it.c ****   /* USER CODE END SysTick_IRQn 1 */
 187:Core/Src/stm32f4xx_it.c **** }
 183              		.loc 1 187 1 view .LVU27
 184 000e 08BD     		pop	{r3, pc}
 185              	.L15:
 180:Core/Src/stm32f4xx_it.c **** #if (INCLUDE_xTaskGetSchedulerState == 1 )
 186              		.loc 1 180 3 is_stmt 1 view .LVU28
 187 0010 FFF7FEFF 		bl	xPortSysTickHandler
 188              	.LVL2:
 189              		.loc 1 187 1 is_stmt 0 view .LVU29
 190 0014 FBE7     		b	.L12
 191              		.cfi_endproc
 192              	.LFE141:
 194              		.section	.text.EXTI3_IRQHandler,"ax",%progbits
 195              		.align	1
 196              		.global	EXTI3_IRQHandler
 197              		.syntax unified
 198              		.thumb
 199              		.thumb_func
 201              	EXTI3_IRQHandler:
 202              	.LFB142:
 188:Core/Src/stm32f4xx_it.c **** 
 189:Core/Src/stm32f4xx_it.c **** /******************************************************************************/
 190:Core/Src/stm32f4xx_it.c **** /* STM32F4xx Peripheral Interrupt Handlers                                    */
 191:Core/Src/stm32f4xx_it.c **** /* Add here the Interrupt Handlers for the used peripherals.                  */
 192:Core/Src/stm32f4xx_it.c **** /* For the available peripheral interrupt handler names,                      */
 193:Core/Src/stm32f4xx_it.c **** /* please refer to the startup file (startup_stm32f4xx.s).                    */
 194:Core/Src/stm32f4xx_it.c **** /******************************************************************************/
 195:Core/Src/stm32f4xx_it.c **** 
 196:Core/Src/stm32f4xx_it.c **** /**
 197:Core/Src/stm32f4xx_it.c ****   * @brief This function handles EXTI line3 interrupt.
 198:Core/Src/stm32f4xx_it.c ****   */
 199:Core/Src/stm32f4xx_it.c **** void EXTI3_IRQHandler(void)
 200:Core/Src/stm32f4xx_it.c **** {
 203              		.loc 1 200 1 is_stmt 1 view -0
 204              		.cfi_startproc
 205              		@ args = 0, pretend = 0, frame = 0
 206              		@ frame_needed = 0, uses_anonymous_args = 0
 207 0000 08B5     		push	{r3, lr}
 208              	.LCFI1:
ARM GAS  C:\Users\cyz19\AppData\Local\Temp\ccHO4TiS.s 			page 8


 209              		.cfi_def_cfa_offset 8
 210              		.cfi_offset 3, -8
 211              		.cfi_offset 14, -4
 201:Core/Src/stm32f4xx_it.c ****   /* USER CODE BEGIN EXTI3_IRQn 0 */
 202:Core/Src/stm32f4xx_it.c **** 
 203:Core/Src/stm32f4xx_it.c ****   /* USER CODE END EXTI3_IRQn 0 */
 204:Core/Src/stm32f4xx_it.c ****   HAL_GPIO_EXTI_IRQHandler(IST8310_DataReady_Pin);
 212              		.loc 1 204 3 view .LVU31
 213 0002 0820     		movs	r0, #8
 214 0004 FFF7FEFF 		bl	HAL_GPIO_EXTI_IRQHandler
 215              	.LVL3:
 205:Core/Src/stm32f4xx_it.c ****   /* USER CODE BEGIN EXTI3_IRQn 1 */
 206:Core/Src/stm32f4xx_it.c ****   /* USER CODE END EXTI3_IRQn 1 */
 207:Core/Src/stm32f4xx_it.c **** }
 216              		.loc 1 207 1 is_stmt 0 view .LVU32
 217 0008 08BD     		pop	{r3, pc}
 218              		.cfi_endproc
 219              	.LFE142:
 221              		.section	.text.DMA1_Stream1_IRQHandler,"ax",%progbits
 222              		.align	1
 223              		.global	DMA1_Stream1_IRQHandler
 224              		.syntax unified
 225              		.thumb
 226              		.thumb_func
 228              	DMA1_Stream1_IRQHandler:
 229              	.LFB143:
 208:Core/Src/stm32f4xx_it.c **** 
 209:Core/Src/stm32f4xx_it.c **** /**
 210:Core/Src/stm32f4xx_it.c ****   * @brief This function handles DMA1 stream1 global interrupt.
 211:Core/Src/stm32f4xx_it.c ****   */
 212:Core/Src/stm32f4xx_it.c **** void DMA1_Stream1_IRQHandler(void)
 213:Core/Src/stm32f4xx_it.c **** {
 230              		.loc 1 213 1 is_stmt 1 view -0
 231              		.cfi_startproc
 232              		@ args = 0, pretend = 0, frame = 0
 233              		@ frame_needed = 0, uses_anonymous_args = 0
 234 0000 08B5     		push	{r3, lr}
 235              	.LCFI2:
 236              		.cfi_def_cfa_offset 8
 237              		.cfi_offset 3, -8
 238              		.cfi_offset 14, -4
 214:Core/Src/stm32f4xx_it.c ****   /* USER CODE BEGIN DMA1_Stream1_IRQn 0 */
 215:Core/Src/stm32f4xx_it.c **** 
 216:Core/Src/stm32f4xx_it.c ****   /* USER CODE END DMA1_Stream1_IRQn 0 */
 217:Core/Src/stm32f4xx_it.c ****   HAL_DMA_IRQHandler(&hdma_usart3_rx);
 239              		.loc 1 217 3 view .LVU34
 240 0002 0248     		ldr	r0, .L20
 241 0004 FFF7FEFF 		bl	HAL_DMA_IRQHandler
 242              	.LVL4:
 218:Core/Src/stm32f4xx_it.c ****   /* USER CODE BEGIN DMA1_Stream1_IRQn 1 */
 219:Core/Src/stm32f4xx_it.c **** 
 220:Core/Src/stm32f4xx_it.c ****   /* USER CODE END DMA1_Stream1_IRQn 1 */
 221:Core/Src/stm32f4xx_it.c **** }
 243              		.loc 1 221 1 is_stmt 0 view .LVU35
 244 0008 08BD     		pop	{r3, pc}
 245              	.L21:
 246 000a 00BF     		.align	2
ARM GAS  C:\Users\cyz19\AppData\Local\Temp\ccHO4TiS.s 			page 9


 247              	.L20:
 248 000c 00000000 		.word	hdma_usart3_rx
 249              		.cfi_endproc
 250              	.LFE143:
 252              		.section	.text.CAN1_RX0_IRQHandler,"ax",%progbits
 253              		.align	1
 254              		.global	CAN1_RX0_IRQHandler
 255              		.syntax unified
 256              		.thumb
 257              		.thumb_func
 259              	CAN1_RX0_IRQHandler:
 260              	.LFB144:
 222:Core/Src/stm32f4xx_it.c **** 
 223:Core/Src/stm32f4xx_it.c **** /**
 224:Core/Src/stm32f4xx_it.c ****   * @brief This function handles CAN1 RX0 interrupts.
 225:Core/Src/stm32f4xx_it.c ****   */
 226:Core/Src/stm32f4xx_it.c **** void CAN1_RX0_IRQHandler(void)
 227:Core/Src/stm32f4xx_it.c **** {
 261              		.loc 1 227 1 is_stmt 1 view -0
 262              		.cfi_startproc
 263              		@ args = 0, pretend = 0, frame = 0
 264              		@ frame_needed = 0, uses_anonymous_args = 0
 265 0000 08B5     		push	{r3, lr}
 266              	.LCFI3:
 267              		.cfi_def_cfa_offset 8
 268              		.cfi_offset 3, -8
 269              		.cfi_offset 14, -4
 228:Core/Src/stm32f4xx_it.c ****   /* USER CODE BEGIN CAN1_RX0_IRQn 0 */
 229:Core/Src/stm32f4xx_it.c **** 
 230:Core/Src/stm32f4xx_it.c ****   /* USER CODE END CAN1_RX0_IRQn 0 */
 231:Core/Src/stm32f4xx_it.c ****   HAL_CAN_IRQHandler(&hcan1);
 270              		.loc 1 231 3 view .LVU37
 271 0002 0248     		ldr	r0, .L24
 272 0004 FFF7FEFF 		bl	HAL_CAN_IRQHandler
 273              	.LVL5:
 232:Core/Src/stm32f4xx_it.c ****   /* USER CODE BEGIN CAN1_RX0_IRQn 1 */
 233:Core/Src/stm32f4xx_it.c **** 
 234:Core/Src/stm32f4xx_it.c ****   /* USER CODE END CAN1_RX0_IRQn 1 */
 235:Core/Src/stm32f4xx_it.c **** }
 274              		.loc 1 235 1 is_stmt 0 view .LVU38
 275 0008 08BD     		pop	{r3, pc}
 276              	.L25:
 277 000a 00BF     		.align	2
 278              	.L24:
 279 000c 00000000 		.word	hcan1
 280              		.cfi_endproc
 281              	.LFE144:
 283              		.section	.text.USART1_IRQHandler,"ax",%progbits
 284              		.align	1
 285              		.global	USART1_IRQHandler
 286              		.syntax unified
 287              		.thumb
 288              		.thumb_func
 290              	USART1_IRQHandler:
 291              	.LFB145:
 236:Core/Src/stm32f4xx_it.c **** 
 237:Core/Src/stm32f4xx_it.c **** /**
ARM GAS  C:\Users\cyz19\AppData\Local\Temp\ccHO4TiS.s 			page 10


 238:Core/Src/stm32f4xx_it.c ****   * @brief This function handles USART1 global interrupt.
 239:Core/Src/stm32f4xx_it.c ****   */
 240:Core/Src/stm32f4xx_it.c **** void USART1_IRQHandler(void)
 241:Core/Src/stm32f4xx_it.c **** {
 292              		.loc 1 241 1 is_stmt 1 view -0
 293              		.cfi_startproc
 294              		@ args = 0, pretend = 0, frame = 0
 295              		@ frame_needed = 0, uses_anonymous_args = 0
 296 0000 08B5     		push	{r3, lr}
 297              	.LCFI4:
 298              		.cfi_def_cfa_offset 8
 299              		.cfi_offset 3, -8
 300              		.cfi_offset 14, -4
 242:Core/Src/stm32f4xx_it.c ****   /* USER CODE BEGIN USART1_IRQn 0 */
 243:Core/Src/stm32f4xx_it.c **** 
 244:Core/Src/stm32f4xx_it.c ****   /* USER CODE END USART1_IRQn 0 */
 245:Core/Src/stm32f4xx_it.c ****   HAL_UART_IRQHandler(&huart1);
 301              		.loc 1 245 3 view .LVU40
 302 0002 0248     		ldr	r0, .L28
 303 0004 FFF7FEFF 		bl	HAL_UART_IRQHandler
 304              	.LVL6:
 246:Core/Src/stm32f4xx_it.c ****   /* USER CODE BEGIN USART1_IRQn 1 */
 247:Core/Src/stm32f4xx_it.c **** 
 248:Core/Src/stm32f4xx_it.c ****   /* USER CODE END USART1_IRQn 1 */
 249:Core/Src/stm32f4xx_it.c **** }
 305              		.loc 1 249 1 is_stmt 0 view .LVU41
 306 0008 08BD     		pop	{r3, pc}
 307              	.L29:
 308 000a 00BF     		.align	2
 309              	.L28:
 310 000c 00000000 		.word	huart1
 311              		.cfi_endproc
 312              	.LFE145:
 314              		.section	.text.DMA2_Stream2_IRQHandler,"ax",%progbits
 315              		.align	1
 316              		.global	DMA2_Stream2_IRQHandler
 317              		.syntax unified
 318              		.thumb
 319              		.thumb_func
 321              	DMA2_Stream2_IRQHandler:
 322              	.LFB146:
 250:Core/Src/stm32f4xx_it.c **** 
 251:Core/Src/stm32f4xx_it.c **** /**
 252:Core/Src/stm32f4xx_it.c ****   * @brief This function handles USART3 global interrupt.
 253:Core/Src/stm32f4xx_it.c ****   */
 254:Core/Src/stm32f4xx_it.c **** 
 255:Core/Src/stm32f4xx_it.c **** /**
 256:Core/Src/stm32f4xx_it.c ****   * @brief This function handles DMA2 stream1 global interrupt.
 257:Core/Src/stm32f4xx_it.c ****   */
 258:Core/Src/stm32f4xx_it.c **** /**
 259:Core/Src/stm32f4xx_it.c ****   * @brief This function handles DMA2 stream2 global interrupt.
 260:Core/Src/stm32f4xx_it.c ****   */
 261:Core/Src/stm32f4xx_it.c **** void DMA2_Stream2_IRQHandler(void)
 262:Core/Src/stm32f4xx_it.c **** {
 323              		.loc 1 262 1 is_stmt 1 view -0
 324              		.cfi_startproc
 325              		@ args = 0, pretend = 0, frame = 0
ARM GAS  C:\Users\cyz19\AppData\Local\Temp\ccHO4TiS.s 			page 11


 326              		@ frame_needed = 0, uses_anonymous_args = 0
 327 0000 08B5     		push	{r3, lr}
 328              	.LCFI5:
 329              		.cfi_def_cfa_offset 8
 330              		.cfi_offset 3, -8
 331              		.cfi_offset 14, -4
 263:Core/Src/stm32f4xx_it.c ****   /* USER CODE BEGIN DMA2_Stream2_IRQn 0 */
 264:Core/Src/stm32f4xx_it.c **** 
 265:Core/Src/stm32f4xx_it.c ****   /* USER CODE END DMA2_Stream2_IRQn 0 */
 266:Core/Src/stm32f4xx_it.c ****   HAL_DMA_IRQHandler(&hdma_spi1_rx);
 332              		.loc 1 266 3 view .LVU43
 333 0002 0248     		ldr	r0, .L32
 334 0004 FFF7FEFF 		bl	HAL_DMA_IRQHandler
 335              	.LVL7:
 267:Core/Src/stm32f4xx_it.c ****   /* USER CODE BEGIN DMA2_Stream2_IRQn 1 */
 268:Core/Src/stm32f4xx_it.c **** 
 269:Core/Src/stm32f4xx_it.c ****   /* USER CODE END DMA2_Stream2_IRQn 1 */
 270:Core/Src/stm32f4xx_it.c **** }
 336              		.loc 1 270 1 is_stmt 0 view .LVU44
 337 0008 08BD     		pop	{r3, pc}
 338              	.L33:
 339 000a 00BF     		.align	2
 340              	.L32:
 341 000c 00000000 		.word	hdma_spi1_rx
 342              		.cfi_endproc
 343              	.LFE146:
 345              		.section	.text.DMA2_Stream3_IRQHandler,"ax",%progbits
 346              		.align	1
 347              		.global	DMA2_Stream3_IRQHandler
 348              		.syntax unified
 349              		.thumb
 350              		.thumb_func
 352              	DMA2_Stream3_IRQHandler:
 353              	.LFB147:
 271:Core/Src/stm32f4xx_it.c **** 
 272:Core/Src/stm32f4xx_it.c **** /**
 273:Core/Src/stm32f4xx_it.c ****   * @brief This function handles DMA2 stream3 global interrupt.
 274:Core/Src/stm32f4xx_it.c ****   */
 275:Core/Src/stm32f4xx_it.c **** void DMA2_Stream3_IRQHandler(void)
 276:Core/Src/stm32f4xx_it.c **** {
 354              		.loc 1 276 1 is_stmt 1 view -0
 355              		.cfi_startproc
 356              		@ args = 0, pretend = 0, frame = 0
 357              		@ frame_needed = 0, uses_anonymous_args = 0
 358 0000 08B5     		push	{r3, lr}
 359              	.LCFI6:
 360              		.cfi_def_cfa_offset 8
 361              		.cfi_offset 3, -8
 362              		.cfi_offset 14, -4
 277:Core/Src/stm32f4xx_it.c ****   /* USER CODE BEGIN DMA2_Stream3_IRQn 0 */
 278:Core/Src/stm32f4xx_it.c **** 
 279:Core/Src/stm32f4xx_it.c ****   /* USER CODE END DMA2_Stream3_IRQn 0 */
 280:Core/Src/stm32f4xx_it.c ****   HAL_DMA_IRQHandler(&hdma_spi1_tx);
 363              		.loc 1 280 3 view .LVU46
 364 0002 0248     		ldr	r0, .L36
 365 0004 FFF7FEFF 		bl	HAL_DMA_IRQHandler
 366              	.LVL8:
ARM GAS  C:\Users\cyz19\AppData\Local\Temp\ccHO4TiS.s 			page 12


 281:Core/Src/stm32f4xx_it.c ****   /* USER CODE BEGIN DMA2_Stream3_IRQn 1 */
 282:Core/Src/stm32f4xx_it.c **** 
 283:Core/Src/stm32f4xx_it.c ****   /* USER CODE END DMA2_Stream3_IRQn 1 */
 284:Core/Src/stm32f4xx_it.c **** }
 367              		.loc 1 284 1 is_stmt 0 view .LVU47
 368 0008 08BD     		pop	{r3, pc}
 369              	.L37:
 370 000a 00BF     		.align	2
 371              	.L36:
 372 000c 00000000 		.word	hdma_spi1_tx
 373              		.cfi_endproc
 374              	.LFE147:
 376              		.section	.text.CAN2_RX0_IRQHandler,"ax",%progbits
 377              		.align	1
 378              		.global	CAN2_RX0_IRQHandler
 379              		.syntax unified
 380              		.thumb
 381              		.thumb_func
 383              	CAN2_RX0_IRQHandler:
 384              	.LFB148:
 285:Core/Src/stm32f4xx_it.c **** 
 286:Core/Src/stm32f4xx_it.c **** /**
 287:Core/Src/stm32f4xx_it.c ****   * @brief This function handles CAN2 RX0 interrupts.
 288:Core/Src/stm32f4xx_it.c ****   */
 289:Core/Src/stm32f4xx_it.c **** void CAN2_RX0_IRQHandler(void)
 290:Core/Src/stm32f4xx_it.c **** {
 385              		.loc 1 290 1 is_stmt 1 view -0
 386              		.cfi_startproc
 387              		@ args = 0, pretend = 0, frame = 0
 388              		@ frame_needed = 0, uses_anonymous_args = 0
 389 0000 08B5     		push	{r3, lr}
 390              	.LCFI7:
 391              		.cfi_def_cfa_offset 8
 392              		.cfi_offset 3, -8
 393              		.cfi_offset 14, -4
 291:Core/Src/stm32f4xx_it.c ****   /* USER CODE BEGIN CAN2_RX0_IRQn 0 */
 292:Core/Src/stm32f4xx_it.c **** 
 293:Core/Src/stm32f4xx_it.c ****   /* USER CODE END CAN2_RX0_IRQn 0 */
 294:Core/Src/stm32f4xx_it.c ****   HAL_CAN_IRQHandler(&hcan2);
 394              		.loc 1 294 3 view .LVU49
 395 0002 0248     		ldr	r0, .L40
 396 0004 FFF7FEFF 		bl	HAL_CAN_IRQHandler
 397              	.LVL9:
 295:Core/Src/stm32f4xx_it.c ****   /* USER CODE BEGIN CAN2_RX0_IRQn 1 */
 296:Core/Src/stm32f4xx_it.c **** 
 297:Core/Src/stm32f4xx_it.c ****   /* USER CODE END CAN2_RX0_IRQn 1 */
 298:Core/Src/stm32f4xx_it.c **** }
 398              		.loc 1 298 1 is_stmt 0 view .LVU50
 399 0008 08BD     		pop	{r3, pc}
 400              	.L41:
 401 000a 00BF     		.align	2
 402              	.L40:
 403 000c 00000000 		.word	hcan2
 404              		.cfi_endproc
 405              	.LFE148:
 407              		.section	.text.DMA2_Stream5_IRQHandler,"ax",%progbits
 408              		.align	1
ARM GAS  C:\Users\cyz19\AppData\Local\Temp\ccHO4TiS.s 			page 13


 409              		.global	DMA2_Stream5_IRQHandler
 410              		.syntax unified
 411              		.thumb
 412              		.thumb_func
 414              	DMA2_Stream5_IRQHandler:
 415              	.LFB149:
 299:Core/Src/stm32f4xx_it.c **** 
 300:Core/Src/stm32f4xx_it.c **** /**
 301:Core/Src/stm32f4xx_it.c ****   * @brief This function handles DMA2 stream5 global interrupt.
 302:Core/Src/stm32f4xx_it.c ****   */
 303:Core/Src/stm32f4xx_it.c **** void DMA2_Stream5_IRQHandler(void)
 304:Core/Src/stm32f4xx_it.c **** {
 416              		.loc 1 304 1 is_stmt 1 view -0
 417              		.cfi_startproc
 418              		@ args = 0, pretend = 0, frame = 0
 419              		@ frame_needed = 0, uses_anonymous_args = 0
 420 0000 08B5     		push	{r3, lr}
 421              	.LCFI8:
 422              		.cfi_def_cfa_offset 8
 423              		.cfi_offset 3, -8
 424              		.cfi_offset 14, -4
 305:Core/Src/stm32f4xx_it.c ****   /* USER CODE BEGIN DMA2_Stream5_IRQn 0 */
 306:Core/Src/stm32f4xx_it.c **** 
 307:Core/Src/stm32f4xx_it.c ****   /* USER CODE END DMA2_Stream5_IRQn 0 */
 308:Core/Src/stm32f4xx_it.c ****   HAL_DMA_IRQHandler(&hdma_usart1_rx);
 425              		.loc 1 308 3 view .LVU52
 426 0002 0248     		ldr	r0, .L44
 427 0004 FFF7FEFF 		bl	HAL_DMA_IRQHandler
 428              	.LVL10:
 309:Core/Src/stm32f4xx_it.c ****   /* USER CODE BEGIN DMA2_Stream5_IRQn 1 */
 310:Core/Src/stm32f4xx_it.c **** 
 311:Core/Src/stm32f4xx_it.c ****   /* USER CODE END DMA2_Stream5_IRQn 1 */
 312:Core/Src/stm32f4xx_it.c **** }
 429              		.loc 1 312 1 is_stmt 0 view .LVU53
 430 0008 08BD     		pop	{r3, pc}
 431              	.L45:
 432 000a 00BF     		.align	2
 433              	.L44:
 434 000c 00000000 		.word	hdma_usart1_rx
 435              		.cfi_endproc
 436              	.LFE149:
 438              		.section	.text.DMA2_Stream6_IRQHandler,"ax",%progbits
 439              		.align	1
 440              		.global	DMA2_Stream6_IRQHandler
 441              		.syntax unified
 442              		.thumb
 443              		.thumb_func
 445              	DMA2_Stream6_IRQHandler:
 446              	.LFB150:
 313:Core/Src/stm32f4xx_it.c **** 
 314:Core/Src/stm32f4xx_it.c **** /**
 315:Core/Src/stm32f4xx_it.c ****   * @brief This function handles DMA2 stream6 global interrupt.
 316:Core/Src/stm32f4xx_it.c ****   */
 317:Core/Src/stm32f4xx_it.c **** void DMA2_Stream6_IRQHandler(void)
 318:Core/Src/stm32f4xx_it.c **** {
 447              		.loc 1 318 1 is_stmt 1 view -0
 448              		.cfi_startproc
ARM GAS  C:\Users\cyz19\AppData\Local\Temp\ccHO4TiS.s 			page 14


 449              		@ args = 0, pretend = 0, frame = 0
 450              		@ frame_needed = 0, uses_anonymous_args = 0
 451 0000 08B5     		push	{r3, lr}
 452              	.LCFI9:
 453              		.cfi_def_cfa_offset 8
 454              		.cfi_offset 3, -8
 455              		.cfi_offset 14, -4
 319:Core/Src/stm32f4xx_it.c ****   /* USER CODE BEGIN DMA2_Stream6_IRQn 0 */
 320:Core/Src/stm32f4xx_it.c **** 
 321:Core/Src/stm32f4xx_it.c ****   /* USER CODE END DMA2_Stream6_IRQn 0 */
 322:Core/Src/stm32f4xx_it.c ****   HAL_DMA_IRQHandler(&hdma_usart6_tx);
 456              		.loc 1 322 3 view .LVU55
 457 0002 0248     		ldr	r0, .L48
 458 0004 FFF7FEFF 		bl	HAL_DMA_IRQHandler
 459              	.LVL11:
 323:Core/Src/stm32f4xx_it.c ****   /* USER CODE BEGIN DMA2_Stream6_IRQn 1 */
 324:Core/Src/stm32f4xx_it.c **** 
 325:Core/Src/stm32f4xx_it.c ****   /* USER CODE END DMA2_Stream6_IRQn 1 */
 326:Core/Src/stm32f4xx_it.c **** }
 460              		.loc 1 326 1 is_stmt 0 view .LVU56
 461 0008 08BD     		pop	{r3, pc}
 462              	.L49:
 463 000a 00BF     		.align	2
 464              	.L48:
 465 000c 00000000 		.word	hdma_usart6_tx
 466              		.cfi_endproc
 467              	.LFE150:
 469              		.section	.text.DMA2_Stream7_IRQHandler,"ax",%progbits
 470              		.align	1
 471              		.global	DMA2_Stream7_IRQHandler
 472              		.syntax unified
 473              		.thumb
 474              		.thumb_func
 476              	DMA2_Stream7_IRQHandler:
 477              	.LFB151:
 327:Core/Src/stm32f4xx_it.c **** 
 328:Core/Src/stm32f4xx_it.c **** /**
 329:Core/Src/stm32f4xx_it.c ****   * @brief This function handles DMA2 stream7 global interrupt.
 330:Core/Src/stm32f4xx_it.c ****   */
 331:Core/Src/stm32f4xx_it.c **** void DMA2_Stream7_IRQHandler(void)
 332:Core/Src/stm32f4xx_it.c **** {
 478              		.loc 1 332 1 is_stmt 1 view -0
 479              		.cfi_startproc
 480              		@ args = 0, pretend = 0, frame = 0
 481              		@ frame_needed = 0, uses_anonymous_args = 0
 482 0000 08B5     		push	{r3, lr}
 483              	.LCFI10:
 484              		.cfi_def_cfa_offset 8
 485              		.cfi_offset 3, -8
 486              		.cfi_offset 14, -4
 333:Core/Src/stm32f4xx_it.c ****   /* USER CODE BEGIN DMA2_Stream7_IRQn 0 */
 334:Core/Src/stm32f4xx_it.c **** 
 335:Core/Src/stm32f4xx_it.c ****   /* USER CODE END DMA2_Stream7_IRQn 0 */
 336:Core/Src/stm32f4xx_it.c ****   HAL_DMA_IRQHandler(&hdma_usart1_tx);
 487              		.loc 1 336 3 view .LVU58
 488 0002 0248     		ldr	r0, .L52
 489 0004 FFF7FEFF 		bl	HAL_DMA_IRQHandler
ARM GAS  C:\Users\cyz19\AppData\Local\Temp\ccHO4TiS.s 			page 15


 490              	.LVL12:
 337:Core/Src/stm32f4xx_it.c ****   /* USER CODE BEGIN DMA2_Stream7_IRQn 1 */
 338:Core/Src/stm32f4xx_it.c **** 
 339:Core/Src/stm32f4xx_it.c ****   /* USER CODE END DMA2_Stream7_IRQn 1 */
 340:Core/Src/stm32f4xx_it.c **** }
 491              		.loc 1 340 1 is_stmt 0 view .LVU59
 492 0008 08BD     		pop	{r3, pc}
 493              	.L53:
 494 000a 00BF     		.align	2
 495              	.L52:
 496 000c 00000000 		.word	hdma_usart1_tx
 497              		.cfi_endproc
 498              	.LFE151:
 500              		.text
 501              	.Letext0:
 502              		.file 2 "c:\\program files (x86)\\gnu arm embedded toolchain\\10 2021.10\\arm-none-eabi\\include\\
 503              		.file 3 "c:\\program files (x86)\\gnu arm embedded toolchain\\10 2021.10\\arm-none-eabi\\include\\
 504              		.file 4 "Drivers/CMSIS/Device/ST/STM32F4xx/Include/stm32f407xx.h"
 505              		.file 5 "Drivers/CMSIS/Device/ST/STM32F4xx/Include/stm32f4xx.h"
 506              		.file 6 "Drivers/STM32F4xx_HAL_Driver/Inc/stm32f4xx_hal_def.h"
 507              		.file 7 "Drivers/STM32F4xx_HAL_Driver/Inc/stm32f4xx_hal_dma.h"
 508              		.file 8 "Drivers/STM32F4xx_HAL_Driver/Inc/stm32f4xx_hal_can.h"
 509              		.file 9 "Drivers/STM32F4xx_HAL_Driver/Inc/stm32f4xx_hal_uart.h"
 510              		.file 10 "Middlewares/Third_Party/FreeRTOS/Source/portable/GCC/ARM_CM4F/portmacro.h"
 511              		.file 11 "Drivers/STM32F4xx_HAL_Driver/Inc/stm32f4xx_hal_gpio.h"
 512              		.file 12 "Drivers/STM32F4xx_HAL_Driver/Inc/stm32f4xx_hal.h"
 513              		.file 13 "Middlewares/Third_Party/FreeRTOS/Source/include/task.h"
 514              		.file 14 "Core/Inc/FreeRTOSConfig.h"
ARM GAS  C:\Users\cyz19\AppData\Local\Temp\ccHO4TiS.s 			page 16


DEFINED SYMBOLS
                            *ABS*:00000000 stm32f4xx_it.c
C:\Users\cyz19\AppData\Local\Temp\ccHO4TiS.s:20     .text.NMI_Handler:00000000 $t
C:\Users\cyz19\AppData\Local\Temp\ccHO4TiS.s:26     .text.NMI_Handler:00000000 NMI_Handler
C:\Users\cyz19\AppData\Local\Temp\ccHO4TiS.s:44     .text.HardFault_Handler:00000000 $t
C:\Users\cyz19\AppData\Local\Temp\ccHO4TiS.s:50     .text.HardFault_Handler:00000000 HardFault_Handler
C:\Users\cyz19\AppData\Local\Temp\ccHO4TiS.s:67     .text.MemManage_Handler:00000000 $t
C:\Users\cyz19\AppData\Local\Temp\ccHO4TiS.s:73     .text.MemManage_Handler:00000000 MemManage_Handler
C:\Users\cyz19\AppData\Local\Temp\ccHO4TiS.s:90     .text.BusFault_Handler:00000000 $t
C:\Users\cyz19\AppData\Local\Temp\ccHO4TiS.s:96     .text.BusFault_Handler:00000000 BusFault_Handler
C:\Users\cyz19\AppData\Local\Temp\ccHO4TiS.s:113    .text.UsageFault_Handler:00000000 $t
C:\Users\cyz19\AppData\Local\Temp\ccHO4TiS.s:119    .text.UsageFault_Handler:00000000 UsageFault_Handler
C:\Users\cyz19\AppData\Local\Temp\ccHO4TiS.s:136    .text.DebugMon_Handler:00000000 $t
C:\Users\cyz19\AppData\Local\Temp\ccHO4TiS.s:142    .text.DebugMon_Handler:00000000 DebugMon_Handler
C:\Users\cyz19\AppData\Local\Temp\ccHO4TiS.s:155    .text.SysTick_Handler:00000000 $t
C:\Users\cyz19\AppData\Local\Temp\ccHO4TiS.s:161    .text.SysTick_Handler:00000000 SysTick_Handler
C:\Users\cyz19\AppData\Local\Temp\ccHO4TiS.s:195    .text.EXTI3_IRQHandler:00000000 $t
C:\Users\cyz19\AppData\Local\Temp\ccHO4TiS.s:201    .text.EXTI3_IRQHandler:00000000 EXTI3_IRQHandler
C:\Users\cyz19\AppData\Local\Temp\ccHO4TiS.s:222    .text.DMA1_Stream1_IRQHandler:00000000 $t
C:\Users\cyz19\AppData\Local\Temp\ccHO4TiS.s:228    .text.DMA1_Stream1_IRQHandler:00000000 DMA1_Stream1_IRQHandler
C:\Users\cyz19\AppData\Local\Temp\ccHO4TiS.s:248    .text.DMA1_Stream1_IRQHandler:0000000c $d
C:\Users\cyz19\AppData\Local\Temp\ccHO4TiS.s:253    .text.CAN1_RX0_IRQHandler:00000000 $t
C:\Users\cyz19\AppData\Local\Temp\ccHO4TiS.s:259    .text.CAN1_RX0_IRQHandler:00000000 CAN1_RX0_IRQHandler
C:\Users\cyz19\AppData\Local\Temp\ccHO4TiS.s:279    .text.CAN1_RX0_IRQHandler:0000000c $d
C:\Users\cyz19\AppData\Local\Temp\ccHO4TiS.s:284    .text.USART1_IRQHandler:00000000 $t
C:\Users\cyz19\AppData\Local\Temp\ccHO4TiS.s:290    .text.USART1_IRQHandler:00000000 USART1_IRQHandler
C:\Users\cyz19\AppData\Local\Temp\ccHO4TiS.s:310    .text.USART1_IRQHandler:0000000c $d
C:\Users\cyz19\AppData\Local\Temp\ccHO4TiS.s:315    .text.DMA2_Stream2_IRQHandler:00000000 $t
C:\Users\cyz19\AppData\Local\Temp\ccHO4TiS.s:321    .text.DMA2_Stream2_IRQHandler:00000000 DMA2_Stream2_IRQHandler
C:\Users\cyz19\AppData\Local\Temp\ccHO4TiS.s:341    .text.DMA2_Stream2_IRQHandler:0000000c $d
C:\Users\cyz19\AppData\Local\Temp\ccHO4TiS.s:346    .text.DMA2_Stream3_IRQHandler:00000000 $t
C:\Users\cyz19\AppData\Local\Temp\ccHO4TiS.s:352    .text.DMA2_Stream3_IRQHandler:00000000 DMA2_Stream3_IRQHandler
C:\Users\cyz19\AppData\Local\Temp\ccHO4TiS.s:372    .text.DMA2_Stream3_IRQHandler:0000000c $d
C:\Users\cyz19\AppData\Local\Temp\ccHO4TiS.s:377    .text.CAN2_RX0_IRQHandler:00000000 $t
C:\Users\cyz19\AppData\Local\Temp\ccHO4TiS.s:383    .text.CAN2_RX0_IRQHandler:00000000 CAN2_RX0_IRQHandler
C:\Users\cyz19\AppData\Local\Temp\ccHO4TiS.s:403    .text.CAN2_RX0_IRQHandler:0000000c $d
C:\Users\cyz19\AppData\Local\Temp\ccHO4TiS.s:408    .text.DMA2_Stream5_IRQHandler:00000000 $t
C:\Users\cyz19\AppData\Local\Temp\ccHO4TiS.s:414    .text.DMA2_Stream5_IRQHandler:00000000 DMA2_Stream5_IRQHandler
C:\Users\cyz19\AppData\Local\Temp\ccHO4TiS.s:434    .text.DMA2_Stream5_IRQHandler:0000000c $d
C:\Users\cyz19\AppData\Local\Temp\ccHO4TiS.s:439    .text.DMA2_Stream6_IRQHandler:00000000 $t
C:\Users\cyz19\AppData\Local\Temp\ccHO4TiS.s:445    .text.DMA2_Stream6_IRQHandler:00000000 DMA2_Stream6_IRQHandler
C:\Users\cyz19\AppData\Local\Temp\ccHO4TiS.s:465    .text.DMA2_Stream6_IRQHandler:0000000c $d
C:\Users\cyz19\AppData\Local\Temp\ccHO4TiS.s:470    .text.DMA2_Stream7_IRQHandler:00000000 $t
C:\Users\cyz19\AppData\Local\Temp\ccHO4TiS.s:476    .text.DMA2_Stream7_IRQHandler:00000000 DMA2_Stream7_IRQHandler
C:\Users\cyz19\AppData\Local\Temp\ccHO4TiS.s:496    .text.DMA2_Stream7_IRQHandler:0000000c $d

UNDEFINED SYMBOLS
HAL_IncTick
xTaskGetSchedulerState
xPortSysTickHandler
HAL_GPIO_EXTI_IRQHandler
HAL_DMA_IRQHandler
hdma_usart3_rx
HAL_CAN_IRQHandler
hcan1
HAL_UART_IRQHandler
huart1
ARM GAS  C:\Users\cyz19\AppData\Local\Temp\ccHO4TiS.s 			page 17


hdma_spi1_rx
hdma_spi1_tx
hcan2
hdma_usart1_rx
hdma_usart6_tx
hdma_usart1_tx
