ARM GAS  C:\Users\cyz19\AppData\Local\Temp\ccprfehc.s 			page 1


   1              		.cpu cortex-m4
   2              		.arch armv7e-m
   3              		.fpu fpv4-sp-d16
   4              		.eabi_attribute 27, 1
   5              		.eabi_attribute 28, 1
   6              		.eabi_attribute 20, 1
   7              		.eabi_attribute 21, 1
   8              		.eabi_attribute 23, 3
   9              		.eabi_attribute 24, 1
  10              		.eabi_attribute 25, 1
  11              		.eabi_attribute 26, 1
  12              		.eabi_attribute 30, 1
  13              		.eabi_attribute 34, 1
  14              		.eabi_attribute 18, 4
  15              		.file	"tim.c"
  16              		.text
  17              	.Ltext0:
  18              		.cfi_sections	.debug_frame
  19              		.section	.text.MX_TIM5_Init,"ax",%progbits
  20              		.align	1
  21              		.global	MX_TIM5_Init
  22              		.syntax unified
  23              		.thumb
  24              		.thumb_func
  26              	MX_TIM5_Init:
  27              	.LFB136:
  28              		.file 1 "Core/Src/tim.c"
   1:Core/Src/tim.c **** /* USER CODE BEGIN Header */
   2:Core/Src/tim.c **** /**
   3:Core/Src/tim.c ****   ******************************************************************************
   4:Core/Src/tim.c ****   * @file    tim.c
   5:Core/Src/tim.c ****   * @brief   This file provides code for the configuration
   6:Core/Src/tim.c ****   *          of the TIM instances.
   7:Core/Src/tim.c ****   ******************************************************************************
   8:Core/Src/tim.c ****   * @attention
   9:Core/Src/tim.c ****   *
  10:Core/Src/tim.c ****   * Copyright (c) 2024 STMicroelectronics.
  11:Core/Src/tim.c ****   * All rights reserved.
  12:Core/Src/tim.c ****   *
  13:Core/Src/tim.c ****   * This software is licensed under terms that can be found in the LICENSE file
  14:Core/Src/tim.c ****   * in the root directory of this software component.
  15:Core/Src/tim.c ****   * If no LICENSE file comes with this software, it is provided AS-IS.
  16:Core/Src/tim.c ****   *
  17:Core/Src/tim.c ****   ******************************************************************************
  18:Core/Src/tim.c ****   */
  19:Core/Src/tim.c **** /* USER CODE END Header */
  20:Core/Src/tim.c **** /* Includes ------------------------------------------------------------------*/
  21:Core/Src/tim.c **** #include "tim.h"
  22:Core/Src/tim.c **** 
  23:Core/Src/tim.c **** /* USER CODE BEGIN 0 */
  24:Core/Src/tim.c **** 
  25:Core/Src/tim.c **** /* USER CODE END 0 */
  26:Core/Src/tim.c **** 
  27:Core/Src/tim.c **** TIM_HandleTypeDef htim4;
  28:Core/Src/tim.c **** TIM_HandleTypeDef htim5;
  29:Core/Src/tim.c **** TIM_HandleTypeDef htim10;
  30:Core/Src/tim.c **** 
ARM GAS  C:\Users\cyz19\AppData\Local\Temp\ccprfehc.s 			page 2


  31:Core/Src/tim.c **** /* TIM4 init function */
  32:Core/Src/tim.c **** void MX_TIM4_Init(void)
  33:Core/Src/tim.c **** {
  34:Core/Src/tim.c **** 
  35:Core/Src/tim.c ****   /* USER CODE BEGIN TIM4_Init 0 */
  36:Core/Src/tim.c **** 
  37:Core/Src/tim.c ****   /* USER CODE END TIM4_Init 0 */
  38:Core/Src/tim.c **** 
  39:Core/Src/tim.c ****   TIM_ClockConfigTypeDef sClockSourceConfig = {0};
  40:Core/Src/tim.c ****   TIM_MasterConfigTypeDef sMasterConfig = {0};
  41:Core/Src/tim.c ****   TIM_OC_InitTypeDef sConfigOC = {0};
  42:Core/Src/tim.c **** 
  43:Core/Src/tim.c ****   /* USER CODE BEGIN TIM4_Init 1 */
  44:Core/Src/tim.c **** 
  45:Core/Src/tim.c ****   /* USER CODE END TIM4_Init 1 */
  46:Core/Src/tim.c ****   htim4.Instance = TIM4;
  47:Core/Src/tim.c ****   htim4.Init.Prescaler = 0;
  48:Core/Src/tim.c ****   htim4.Init.CounterMode = TIM_COUNTERMODE_UP;
  49:Core/Src/tim.c ****   htim4.Init.Period = 20999;
  50:Core/Src/tim.c ****   htim4.Init.ClockDivision = TIM_CLOCKDIVISION_DIV1;
  51:Core/Src/tim.c ****   htim4.Init.AutoReloadPreload = TIM_AUTORELOAD_PRELOAD_DISABLE;
  52:Core/Src/tim.c ****   if (HAL_TIM_Base_Init(&htim4) != HAL_OK)
  53:Core/Src/tim.c ****   {
  54:Core/Src/tim.c ****     Error_Handler();
  55:Core/Src/tim.c ****   }
  56:Core/Src/tim.c ****   sClockSourceConfig.ClockSource = TIM_CLOCKSOURCE_INTERNAL;
  57:Core/Src/tim.c ****   if (HAL_TIM_ConfigClockSource(&htim4, &sClockSourceConfig) != HAL_OK)
  58:Core/Src/tim.c ****   {
  59:Core/Src/tim.c ****     Error_Handler();
  60:Core/Src/tim.c ****   }
  61:Core/Src/tim.c ****   if (HAL_TIM_PWM_Init(&htim4) != HAL_OK)
  62:Core/Src/tim.c ****   {
  63:Core/Src/tim.c ****     Error_Handler();
  64:Core/Src/tim.c ****   }
  65:Core/Src/tim.c ****   sMasterConfig.MasterOutputTrigger = TIM_TRGO_RESET;
  66:Core/Src/tim.c ****   sMasterConfig.MasterSlaveMode = TIM_MASTERSLAVEMODE_DISABLE;
  67:Core/Src/tim.c ****   if (HAL_TIMEx_MasterConfigSynchronization(&htim4, &sMasterConfig) != HAL_OK)
  68:Core/Src/tim.c ****   {
  69:Core/Src/tim.c ****     Error_Handler();
  70:Core/Src/tim.c ****   }
  71:Core/Src/tim.c ****   sConfigOC.OCMode = TIM_OCMODE_PWM1;
  72:Core/Src/tim.c ****   sConfigOC.Pulse = 0;
  73:Core/Src/tim.c ****   sConfigOC.OCPolarity = TIM_OCPOLARITY_HIGH;
  74:Core/Src/tim.c ****   sConfigOC.OCFastMode = TIM_OCFAST_DISABLE;
  75:Core/Src/tim.c ****   if (HAL_TIM_PWM_ConfigChannel(&htim4, &sConfigOC, TIM_CHANNEL_3) != HAL_OK)
  76:Core/Src/tim.c ****   {
  77:Core/Src/tim.c ****     Error_Handler();
  78:Core/Src/tim.c ****   }
  79:Core/Src/tim.c ****   /* USER CODE BEGIN TIM4_Init 2 */
  80:Core/Src/tim.c **** 
  81:Core/Src/tim.c ****   /* USER CODE END TIM4_Init 2 */
  82:Core/Src/tim.c ****   HAL_TIM_MspPostInit(&htim4);
  83:Core/Src/tim.c **** 
  84:Core/Src/tim.c **** }
  85:Core/Src/tim.c **** /* TIM5 init function */
  86:Core/Src/tim.c **** void MX_TIM5_Init(void)
  87:Core/Src/tim.c **** {
ARM GAS  C:\Users\cyz19\AppData\Local\Temp\ccprfehc.s 			page 3


  29              		.loc 1 87 1 view -0
  30              		.cfi_startproc
  31              		@ args = 0, pretend = 0, frame = 24
  32              		@ frame_needed = 0, uses_anonymous_args = 0
  33 0000 00B5     		push	{lr}
  34              	.LCFI0:
  35              		.cfi_def_cfa_offset 4
  36              		.cfi_offset 14, -4
  37 0002 87B0     		sub	sp, sp, #28
  38              	.LCFI1:
  39              		.cfi_def_cfa_offset 32
  88:Core/Src/tim.c **** 
  89:Core/Src/tim.c ****   /* USER CODE BEGIN TIM5_Init 0 */
  90:Core/Src/tim.c **** 
  91:Core/Src/tim.c ****   /* USER CODE END TIM5_Init 0 */
  92:Core/Src/tim.c **** 
  93:Core/Src/tim.c ****   TIM_ClockConfigTypeDef sClockSourceConfig = {0};
  40              		.loc 1 93 3 view .LVU1
  41              		.loc 1 93 26 is_stmt 0 view .LVU2
  42 0004 0023     		movs	r3, #0
  43 0006 0293     		str	r3, [sp, #8]
  44 0008 0393     		str	r3, [sp, #12]
  45 000a 0493     		str	r3, [sp, #16]
  46 000c 0593     		str	r3, [sp, #20]
  94:Core/Src/tim.c ****   TIM_MasterConfigTypeDef sMasterConfig = {0};
  47              		.loc 1 94 3 is_stmt 1 view .LVU3
  48              		.loc 1 94 27 is_stmt 0 view .LVU4
  49 000e 0093     		str	r3, [sp]
  50 0010 0193     		str	r3, [sp, #4]
  95:Core/Src/tim.c **** 
  96:Core/Src/tim.c ****   /* USER CODE BEGIN TIM5_Init 1 */
  97:Core/Src/tim.c **** 
  98:Core/Src/tim.c ****   /* USER CODE END TIM5_Init 1 */
  99:Core/Src/tim.c ****   htim5.Instance = TIM5;
  51              		.loc 1 99 3 is_stmt 1 view .LVU5
  52              		.loc 1 99 18 is_stmt 0 view .LVU6
  53 0012 1448     		ldr	r0, .L9
  54 0014 144A     		ldr	r2, .L9+4
  55 0016 0260     		str	r2, [r0]
 100:Core/Src/tim.c ****   htim5.Init.Prescaler = 0;
  56              		.loc 1 100 3 is_stmt 1 view .LVU7
  57              		.loc 1 100 24 is_stmt 0 view .LVU8
  58 0018 4360     		str	r3, [r0, #4]
 101:Core/Src/tim.c ****   htim5.Init.CounterMode = TIM_COUNTERMODE_UP;
  59              		.loc 1 101 3 is_stmt 1 view .LVU9
  60              		.loc 1 101 26 is_stmt 0 view .LVU10
  61 001a 8360     		str	r3, [r0, #8]
 102:Core/Src/tim.c ****   htim5.Init.Period = 4294967295;
  62              		.loc 1 102 3 is_stmt 1 view .LVU11
  63              		.loc 1 102 21 is_stmt 0 view .LVU12
  64 001c 4FF0FF32 		mov	r2, #-1
  65 0020 C260     		str	r2, [r0, #12]
 103:Core/Src/tim.c ****   htim5.Init.ClockDivision = TIM_CLOCKDIVISION_DIV1;
  66              		.loc 1 103 3 is_stmt 1 view .LVU13
  67              		.loc 1 103 28 is_stmt 0 view .LVU14
  68 0022 0361     		str	r3, [r0, #16]
 104:Core/Src/tim.c ****   htim5.Init.AutoReloadPreload = TIM_AUTORELOAD_PRELOAD_DISABLE;
ARM GAS  C:\Users\cyz19\AppData\Local\Temp\ccprfehc.s 			page 4


  69              		.loc 1 104 3 is_stmt 1 view .LVU15
  70              		.loc 1 104 32 is_stmt 0 view .LVU16
  71 0024 8361     		str	r3, [r0, #24]
 105:Core/Src/tim.c ****   if (HAL_TIM_Base_Init(&htim5) != HAL_OK)
  72              		.loc 1 105 3 is_stmt 1 view .LVU17
  73              		.loc 1 105 7 is_stmt 0 view .LVU18
  74 0026 FFF7FEFF 		bl	HAL_TIM_Base_Init
  75              	.LVL0:
  76              		.loc 1 105 6 view .LVU19
  77 002a 90B9     		cbnz	r0, .L6
  78              	.L2:
 106:Core/Src/tim.c ****   {
 107:Core/Src/tim.c ****     Error_Handler();
 108:Core/Src/tim.c ****   }
 109:Core/Src/tim.c ****   sClockSourceConfig.ClockSource = TIM_CLOCKSOURCE_INTERNAL;
  79              		.loc 1 109 3 is_stmt 1 view .LVU20
  80              		.loc 1 109 34 is_stmt 0 view .LVU21
  81 002c 4FF48053 		mov	r3, #4096
  82 0030 0293     		str	r3, [sp, #8]
 110:Core/Src/tim.c ****   if (HAL_TIM_ConfigClockSource(&htim5, &sClockSourceConfig) != HAL_OK)
  83              		.loc 1 110 3 is_stmt 1 view .LVU22
  84              		.loc 1 110 7 is_stmt 0 view .LVU23
  85 0032 02A9     		add	r1, sp, #8
  86 0034 0B48     		ldr	r0, .L9
  87 0036 FFF7FEFF 		bl	HAL_TIM_ConfigClockSource
  88              	.LVL1:
  89              		.loc 1 110 6 view .LVU24
  90 003a 68B9     		cbnz	r0, .L7
  91              	.L3:
 111:Core/Src/tim.c ****   {
 112:Core/Src/tim.c ****     Error_Handler();
 113:Core/Src/tim.c ****   }
 114:Core/Src/tim.c ****   sMasterConfig.MasterOutputTrigger = TIM_TRGO_RESET;
  92              		.loc 1 114 3 is_stmt 1 view .LVU25
  93              		.loc 1 114 37 is_stmt 0 view .LVU26
  94 003c 0023     		movs	r3, #0
  95 003e 0093     		str	r3, [sp]
 115:Core/Src/tim.c ****   sMasterConfig.MasterSlaveMode = TIM_MASTERSLAVEMODE_DISABLE;
  96              		.loc 1 115 3 is_stmt 1 view .LVU27
  97              		.loc 1 115 33 is_stmt 0 view .LVU28
  98 0040 0193     		str	r3, [sp, #4]
 116:Core/Src/tim.c ****   if (HAL_TIMEx_MasterConfigSynchronization(&htim5, &sMasterConfig) != HAL_OK)
  99              		.loc 1 116 3 is_stmt 1 view .LVU29
 100              		.loc 1 116 7 is_stmt 0 view .LVU30
 101 0042 6946     		mov	r1, sp
 102 0044 0748     		ldr	r0, .L9
 103 0046 FFF7FEFF 		bl	HAL_TIMEx_MasterConfigSynchronization
 104              	.LVL2:
 105              		.loc 1 116 6 view .LVU31
 106 004a 40B9     		cbnz	r0, .L8
 107              	.L1:
 117:Core/Src/tim.c ****   {
 118:Core/Src/tim.c ****     Error_Handler();
 119:Core/Src/tim.c ****   }
 120:Core/Src/tim.c ****   /* USER CODE BEGIN TIM5_Init 2 */
 121:Core/Src/tim.c **** 
 122:Core/Src/tim.c ****   /* USER CODE END TIM5_Init 2 */
ARM GAS  C:\Users\cyz19\AppData\Local\Temp\ccprfehc.s 			page 5


 123:Core/Src/tim.c **** 
 124:Core/Src/tim.c **** }
 108              		.loc 1 124 1 view .LVU32
 109 004c 07B0     		add	sp, sp, #28
 110              	.LCFI2:
 111              		.cfi_remember_state
 112              		.cfi_def_cfa_offset 4
 113              		@ sp needed
 114 004e 5DF804FB 		ldr	pc, [sp], #4
 115              	.L6:
 116              	.LCFI3:
 117              		.cfi_restore_state
 107:Core/Src/tim.c ****   }
 118              		.loc 1 107 5 is_stmt 1 view .LVU33
 119 0052 FFF7FEFF 		bl	Error_Handler
 120              	.LVL3:
 121 0056 E9E7     		b	.L2
 122              	.L7:
 112:Core/Src/tim.c ****   }
 123              		.loc 1 112 5 view .LVU34
 124 0058 FFF7FEFF 		bl	Error_Handler
 125              	.LVL4:
 126 005c EEE7     		b	.L3
 127              	.L8:
 118:Core/Src/tim.c ****   }
 128              		.loc 1 118 5 view .LVU35
 129 005e FFF7FEFF 		bl	Error_Handler
 130              	.LVL5:
 131              		.loc 1 124 1 is_stmt 0 view .LVU36
 132 0062 F3E7     		b	.L1
 133              	.L10:
 134              		.align	2
 135              	.L9:
 136 0064 00000000 		.word	.LANCHOR0
 137 0068 000C0040 		.word	1073744896
 138              		.cfi_endproc
 139              	.LFE136:
 141              		.section	.text.HAL_TIM_Base_MspInit,"ax",%progbits
 142              		.align	1
 143              		.global	HAL_TIM_Base_MspInit
 144              		.syntax unified
 145              		.thumb
 146              		.thumb_func
 148              	HAL_TIM_Base_MspInit:
 149              	.LVL6:
 150              	.LFB138:
 125:Core/Src/tim.c **** /* TIM10 init function */
 126:Core/Src/tim.c **** void MX_TIM10_Init(void)
 127:Core/Src/tim.c **** {
 128:Core/Src/tim.c **** 
 129:Core/Src/tim.c ****   /* USER CODE BEGIN TIM10_Init 0 */
 130:Core/Src/tim.c **** 
 131:Core/Src/tim.c ****   /* USER CODE END TIM10_Init 0 */
 132:Core/Src/tim.c **** 
 133:Core/Src/tim.c ****   TIM_OC_InitTypeDef sConfigOC = {0};
 134:Core/Src/tim.c **** 
 135:Core/Src/tim.c ****   /* USER CODE BEGIN TIM10_Init 1 */
ARM GAS  C:\Users\cyz19\AppData\Local\Temp\ccprfehc.s 			page 6


 136:Core/Src/tim.c **** 
 137:Core/Src/tim.c ****   /* USER CODE END TIM10_Init 1 */
 138:Core/Src/tim.c ****   htim10.Instance = TIM10;
 139:Core/Src/tim.c ****   htim10.Init.Prescaler = 0;
 140:Core/Src/tim.c ****   htim10.Init.CounterMode = TIM_COUNTERMODE_UP;
 141:Core/Src/tim.c ****   htim10.Init.Period = 4999;
 142:Core/Src/tim.c ****   htim10.Init.ClockDivision = TIM_CLOCKDIVISION_DIV1;
 143:Core/Src/tim.c ****   htim10.Init.AutoReloadPreload = TIM_AUTORELOAD_PRELOAD_DISABLE;
 144:Core/Src/tim.c ****   if (HAL_TIM_Base_Init(&htim10) != HAL_OK)
 145:Core/Src/tim.c ****   {
 146:Core/Src/tim.c ****     Error_Handler();
 147:Core/Src/tim.c ****   }
 148:Core/Src/tim.c ****   if (HAL_TIM_PWM_Init(&htim10) != HAL_OK)
 149:Core/Src/tim.c ****   {
 150:Core/Src/tim.c ****     Error_Handler();
 151:Core/Src/tim.c ****   }
 152:Core/Src/tim.c ****   sConfigOC.OCMode = TIM_OCMODE_PWM1;
 153:Core/Src/tim.c ****   sConfigOC.Pulse = 0;
 154:Core/Src/tim.c ****   sConfigOC.OCPolarity = TIM_OCPOLARITY_HIGH;
 155:Core/Src/tim.c ****   sConfigOC.OCFastMode = TIM_OCFAST_DISABLE;
 156:Core/Src/tim.c ****   if (HAL_TIM_PWM_ConfigChannel(&htim10, &sConfigOC, TIM_CHANNEL_1) != HAL_OK)
 157:Core/Src/tim.c ****   {
 158:Core/Src/tim.c ****     Error_Handler();
 159:Core/Src/tim.c ****   }
 160:Core/Src/tim.c ****   /* USER CODE BEGIN TIM10_Init 2 */
 161:Core/Src/tim.c **** 
 162:Core/Src/tim.c ****   /* USER CODE END TIM10_Init 2 */
 163:Core/Src/tim.c ****   HAL_TIM_MspPostInit(&htim10);
 164:Core/Src/tim.c **** 
 165:Core/Src/tim.c **** }
 166:Core/Src/tim.c **** 
 167:Core/Src/tim.c **** void HAL_TIM_Base_MspInit(TIM_HandleTypeDef* tim_baseHandle)
 168:Core/Src/tim.c **** {
 151              		.loc 1 168 1 is_stmt 1 view -0
 152              		.cfi_startproc
 153              		@ args = 0, pretend = 0, frame = 16
 154              		@ frame_needed = 0, uses_anonymous_args = 0
 155              		@ link register save eliminated.
 156              		.loc 1 168 1 is_stmt 0 view .LVU38
 157 0000 84B0     		sub	sp, sp, #16
 158              	.LCFI4:
 159              		.cfi_def_cfa_offset 16
 169:Core/Src/tim.c **** 
 170:Core/Src/tim.c ****   if(tim_baseHandle->Instance==TIM4)
 160              		.loc 1 170 3 is_stmt 1 view .LVU39
 161              		.loc 1 170 20 is_stmt 0 view .LVU40
 162 0002 0368     		ldr	r3, [r0]
 163              		.loc 1 170 5 view .LVU41
 164 0004 184A     		ldr	r2, .L19
 165 0006 9342     		cmp	r3, r2
 166 0008 07D0     		beq	.L16
 171:Core/Src/tim.c ****   {
 172:Core/Src/tim.c ****   /* USER CODE BEGIN TIM4_MspInit 0 */
 173:Core/Src/tim.c **** 
 174:Core/Src/tim.c ****   /* USER CODE END TIM4_MspInit 0 */
 175:Core/Src/tim.c ****     /* TIM4 clock enable */
 176:Core/Src/tim.c ****     __HAL_RCC_TIM4_CLK_ENABLE();
ARM GAS  C:\Users\cyz19\AppData\Local\Temp\ccprfehc.s 			page 7


 177:Core/Src/tim.c ****   /* USER CODE BEGIN TIM4_MspInit 1 */
 178:Core/Src/tim.c **** 
 179:Core/Src/tim.c ****   /* USER CODE END TIM4_MspInit 1 */
 180:Core/Src/tim.c ****   }
 181:Core/Src/tim.c ****   else if(tim_baseHandle->Instance==TIM5)
 167              		.loc 1 181 8 is_stmt 1 view .LVU42
 168              		.loc 1 181 10 is_stmt 0 view .LVU43
 169 000a 184A     		ldr	r2, .L19+4
 170 000c 9342     		cmp	r3, r2
 171 000e 11D0     		beq	.L17
 182:Core/Src/tim.c ****   {
 183:Core/Src/tim.c ****   /* USER CODE BEGIN TIM5_MspInit 0 */
 184:Core/Src/tim.c **** 
 185:Core/Src/tim.c ****   /* USER CODE END TIM5_MspInit 0 */
 186:Core/Src/tim.c ****     /* TIM5 clock enable */
 187:Core/Src/tim.c ****     __HAL_RCC_TIM5_CLK_ENABLE();
 188:Core/Src/tim.c ****   /* USER CODE BEGIN TIM5_MspInit 1 */
 189:Core/Src/tim.c **** 
 190:Core/Src/tim.c ****   /* USER CODE END TIM5_MspInit 1 */
 191:Core/Src/tim.c ****   }
 192:Core/Src/tim.c ****   else if(tim_baseHandle->Instance==TIM10)
 172              		.loc 1 192 8 is_stmt 1 view .LVU44
 173              		.loc 1 192 10 is_stmt 0 view .LVU45
 174 0010 174A     		ldr	r2, .L19+8
 175 0012 9342     		cmp	r3, r2
 176 0014 1BD0     		beq	.L18
 177              	.L11:
 193:Core/Src/tim.c ****   {
 194:Core/Src/tim.c ****   /* USER CODE BEGIN TIM10_MspInit 0 */
 195:Core/Src/tim.c **** 
 196:Core/Src/tim.c ****   /* USER CODE END TIM10_MspInit 0 */
 197:Core/Src/tim.c ****     /* TIM10 clock enable */
 198:Core/Src/tim.c ****     __HAL_RCC_TIM10_CLK_ENABLE();
 199:Core/Src/tim.c ****   /* USER CODE BEGIN TIM10_MspInit 1 */
 200:Core/Src/tim.c **** 
 201:Core/Src/tim.c ****   /* USER CODE END TIM10_MspInit 1 */
 202:Core/Src/tim.c ****   }
 203:Core/Src/tim.c **** }
 178              		.loc 1 203 1 view .LVU46
 179 0016 04B0     		add	sp, sp, #16
 180              	.LCFI5:
 181              		.cfi_remember_state
 182              		.cfi_def_cfa_offset 0
 183              		@ sp needed
 184 0018 7047     		bx	lr
 185              	.L16:
 186              	.LCFI6:
 187              		.cfi_restore_state
 176:Core/Src/tim.c ****   /* USER CODE BEGIN TIM4_MspInit 1 */
 188              		.loc 1 176 5 is_stmt 1 view .LVU47
 189              	.LBB2:
 176:Core/Src/tim.c ****   /* USER CODE BEGIN TIM4_MspInit 1 */
 190              		.loc 1 176 5 view .LVU48
 191 001a 0023     		movs	r3, #0
 192 001c 0193     		str	r3, [sp, #4]
 176:Core/Src/tim.c ****   /* USER CODE BEGIN TIM4_MspInit 1 */
 193              		.loc 1 176 5 view .LVU49
ARM GAS  C:\Users\cyz19\AppData\Local\Temp\ccprfehc.s 			page 8


 194 001e 154B     		ldr	r3, .L19+12
 195 0020 1A6C     		ldr	r2, [r3, #64]
 196 0022 42F00402 		orr	r2, r2, #4
 197 0026 1A64     		str	r2, [r3, #64]
 176:Core/Src/tim.c ****   /* USER CODE BEGIN TIM4_MspInit 1 */
 198              		.loc 1 176 5 view .LVU50
 199 0028 1B6C     		ldr	r3, [r3, #64]
 200 002a 03F00403 		and	r3, r3, #4
 201 002e 0193     		str	r3, [sp, #4]
 176:Core/Src/tim.c ****   /* USER CODE BEGIN TIM4_MspInit 1 */
 202              		.loc 1 176 5 view .LVU51
 203 0030 019B     		ldr	r3, [sp, #4]
 204              	.LBE2:
 176:Core/Src/tim.c ****   /* USER CODE BEGIN TIM4_MspInit 1 */
 205              		.loc 1 176 5 view .LVU52
 206 0032 F0E7     		b	.L11
 207              	.L17:
 187:Core/Src/tim.c ****   /* USER CODE BEGIN TIM5_MspInit 1 */
 208              		.loc 1 187 5 view .LVU53
 209              	.LBB3:
 187:Core/Src/tim.c ****   /* USER CODE BEGIN TIM5_MspInit 1 */
 210              		.loc 1 187 5 view .LVU54
 211 0034 0023     		movs	r3, #0
 212 0036 0293     		str	r3, [sp, #8]
 187:Core/Src/tim.c ****   /* USER CODE BEGIN TIM5_MspInit 1 */
 213              		.loc 1 187 5 view .LVU55
 214 0038 0E4B     		ldr	r3, .L19+12
 215 003a 1A6C     		ldr	r2, [r3, #64]
 216 003c 42F00802 		orr	r2, r2, #8
 217 0040 1A64     		str	r2, [r3, #64]
 187:Core/Src/tim.c ****   /* USER CODE BEGIN TIM5_MspInit 1 */
 218              		.loc 1 187 5 view .LVU56
 219 0042 1B6C     		ldr	r3, [r3, #64]
 220 0044 03F00803 		and	r3, r3, #8
 221 0048 0293     		str	r3, [sp, #8]
 187:Core/Src/tim.c ****   /* USER CODE BEGIN TIM5_MspInit 1 */
 222              		.loc 1 187 5 view .LVU57
 223 004a 029B     		ldr	r3, [sp, #8]
 224              	.LBE3:
 187:Core/Src/tim.c ****   /* USER CODE BEGIN TIM5_MspInit 1 */
 225              		.loc 1 187 5 view .LVU58
 226 004c E3E7     		b	.L11
 227              	.L18:
 198:Core/Src/tim.c ****   /* USER CODE BEGIN TIM10_MspInit 1 */
 228              		.loc 1 198 5 view .LVU59
 229              	.LBB4:
 198:Core/Src/tim.c ****   /* USER CODE BEGIN TIM10_MspInit 1 */
 230              		.loc 1 198 5 view .LVU60
 231 004e 0023     		movs	r3, #0
 232 0050 0393     		str	r3, [sp, #12]
 198:Core/Src/tim.c ****   /* USER CODE BEGIN TIM10_MspInit 1 */
 233              		.loc 1 198 5 view .LVU61
 234 0052 084B     		ldr	r3, .L19+12
 235 0054 5A6C     		ldr	r2, [r3, #68]
 236 0056 42F40032 		orr	r2, r2, #131072
 237 005a 5A64     		str	r2, [r3, #68]
 198:Core/Src/tim.c ****   /* USER CODE BEGIN TIM10_MspInit 1 */
ARM GAS  C:\Users\cyz19\AppData\Local\Temp\ccprfehc.s 			page 9


 238              		.loc 1 198 5 view .LVU62
 239 005c 5B6C     		ldr	r3, [r3, #68]
 240 005e 03F40033 		and	r3, r3, #131072
 241 0062 0393     		str	r3, [sp, #12]
 198:Core/Src/tim.c ****   /* USER CODE BEGIN TIM10_MspInit 1 */
 242              		.loc 1 198 5 view .LVU63
 243 0064 039B     		ldr	r3, [sp, #12]
 244              	.LBE4:
 198:Core/Src/tim.c ****   /* USER CODE BEGIN TIM10_MspInit 1 */
 245              		.loc 1 198 5 view .LVU64
 246              		.loc 1 203 1 is_stmt 0 view .LVU65
 247 0066 D6E7     		b	.L11
 248              	.L20:
 249              		.align	2
 250              	.L19:
 251 0068 00080040 		.word	1073743872
 252 006c 000C0040 		.word	1073744896
 253 0070 00440140 		.word	1073824768
 254 0074 00380240 		.word	1073887232
 255              		.cfi_endproc
 256              	.LFE138:
 258              		.section	.text.HAL_TIM_MspPostInit,"ax",%progbits
 259              		.align	1
 260              		.global	HAL_TIM_MspPostInit
 261              		.syntax unified
 262              		.thumb
 263              		.thumb_func
 265              	HAL_TIM_MspPostInit:
 266              	.LVL7:
 267              	.LFB139:
 204:Core/Src/tim.c **** void HAL_TIM_MspPostInit(TIM_HandleTypeDef* timHandle)
 205:Core/Src/tim.c **** {
 268              		.loc 1 205 1 is_stmt 1 view -0
 269              		.cfi_startproc
 270              		@ args = 0, pretend = 0, frame = 32
 271              		@ frame_needed = 0, uses_anonymous_args = 0
 272              		.loc 1 205 1 is_stmt 0 view .LVU67
 273 0000 30B5     		push	{r4, r5, lr}
 274              	.LCFI7:
 275              		.cfi_def_cfa_offset 12
 276              		.cfi_offset 4, -12
 277              		.cfi_offset 5, -8
 278              		.cfi_offset 14, -4
 279 0002 89B0     		sub	sp, sp, #36
 280              	.LCFI8:
 281              		.cfi_def_cfa_offset 48
 206:Core/Src/tim.c **** 
 207:Core/Src/tim.c ****   GPIO_InitTypeDef GPIO_InitStruct = {0};
 282              		.loc 1 207 3 is_stmt 1 view .LVU68
 283              		.loc 1 207 20 is_stmt 0 view .LVU69
 284 0004 0023     		movs	r3, #0
 285 0006 0393     		str	r3, [sp, #12]
 286 0008 0493     		str	r3, [sp, #16]
 287 000a 0593     		str	r3, [sp, #20]
 288 000c 0693     		str	r3, [sp, #24]
 289 000e 0793     		str	r3, [sp, #28]
 208:Core/Src/tim.c ****   if(timHandle->Instance==TIM4)
ARM GAS  C:\Users\cyz19\AppData\Local\Temp\ccprfehc.s 			page 10


 290              		.loc 1 208 3 is_stmt 1 view .LVU70
 291              		.loc 1 208 15 is_stmt 0 view .LVU71
 292 0010 0368     		ldr	r3, [r0]
 293              		.loc 1 208 5 view .LVU72
 294 0012 1F4A     		ldr	r2, .L27
 295 0014 9342     		cmp	r3, r2
 296 0016 04D0     		beq	.L25
 209:Core/Src/tim.c ****   {
 210:Core/Src/tim.c ****   /* USER CODE BEGIN TIM4_MspPostInit 0 */
 211:Core/Src/tim.c **** 
 212:Core/Src/tim.c ****   /* USER CODE END TIM4_MspPostInit 0 */
 213:Core/Src/tim.c ****     __HAL_RCC_GPIOD_CLK_ENABLE();
 214:Core/Src/tim.c ****     /**TIM4 GPIO Configuration
 215:Core/Src/tim.c ****     PD14     ------> TIM4_CH3
 216:Core/Src/tim.c ****     */
 217:Core/Src/tim.c ****     GPIO_InitStruct.Pin = GPIO_PIN_14;
 218:Core/Src/tim.c ****     GPIO_InitStruct.Mode = GPIO_MODE_AF_PP;
 219:Core/Src/tim.c ****     GPIO_InitStruct.Pull = GPIO_NOPULL;
 220:Core/Src/tim.c ****     GPIO_InitStruct.Speed = GPIO_SPEED_FREQ_LOW;
 221:Core/Src/tim.c ****     GPIO_InitStruct.Alternate = GPIO_AF2_TIM4;
 222:Core/Src/tim.c ****     HAL_GPIO_Init(GPIOD, &GPIO_InitStruct);
 223:Core/Src/tim.c **** 
 224:Core/Src/tim.c ****   /* USER CODE BEGIN TIM4_MspPostInit 1 */
 225:Core/Src/tim.c **** 
 226:Core/Src/tim.c ****   /* USER CODE END TIM4_MspPostInit 1 */
 227:Core/Src/tim.c ****   }
 228:Core/Src/tim.c ****   else if(timHandle->Instance==TIM10)
 297              		.loc 1 228 8 is_stmt 1 view .LVU73
 298              		.loc 1 228 10 is_stmt 0 view .LVU74
 299 0018 1E4A     		ldr	r2, .L27+4
 300 001a 9342     		cmp	r3, r2
 301 001c 18D0     		beq	.L26
 302              	.LVL8:
 303              	.L21:
 229:Core/Src/tim.c ****   {
 230:Core/Src/tim.c ****   /* USER CODE BEGIN TIM10_MspPostInit 0 */
 231:Core/Src/tim.c **** 
 232:Core/Src/tim.c ****   /* USER CODE END TIM10_MspPostInit 0 */
 233:Core/Src/tim.c **** 
 234:Core/Src/tim.c ****     __HAL_RCC_GPIOF_CLK_ENABLE();
 235:Core/Src/tim.c ****     /**TIM10 GPIO Configuration
 236:Core/Src/tim.c ****     PF6     ------> TIM10_CH1
 237:Core/Src/tim.c ****     */
 238:Core/Src/tim.c ****     GPIO_InitStruct.Pin = GPIO_PIN_6;
 239:Core/Src/tim.c ****     GPIO_InitStruct.Mode = GPIO_MODE_AF_PP;
 240:Core/Src/tim.c ****     GPIO_InitStruct.Pull = GPIO_NOPULL;
 241:Core/Src/tim.c ****     GPIO_InitStruct.Speed = GPIO_SPEED_FREQ_LOW;
 242:Core/Src/tim.c ****     GPIO_InitStruct.Alternate = GPIO_AF3_TIM10;
 243:Core/Src/tim.c ****     HAL_GPIO_Init(GPIOF, &GPIO_InitStruct);
 244:Core/Src/tim.c **** 
 245:Core/Src/tim.c ****   /* USER CODE BEGIN TIM10_MspPostInit 1 */
 246:Core/Src/tim.c ****     HAL_TIM_Base_Start(&htim10);
 247:Core/Src/tim.c ****     HAL_TIM_PWM_Start(&htim10, TIM_CHANNEL_1);
 248:Core/Src/tim.c ****   /* USER CODE END TIM10_MspPostInit 1 */
 249:Core/Src/tim.c ****   }
 250:Core/Src/tim.c **** 
 251:Core/Src/tim.c **** }
ARM GAS  C:\Users\cyz19\AppData\Local\Temp\ccprfehc.s 			page 11


 304              		.loc 1 251 1 view .LVU75
 305 001e 09B0     		add	sp, sp, #36
 306              	.LCFI9:
 307              		.cfi_remember_state
 308              		.cfi_def_cfa_offset 12
 309              		@ sp needed
 310 0020 30BD     		pop	{r4, r5, pc}
 311              	.LVL9:
 312              	.L25:
 313              	.LCFI10:
 314              		.cfi_restore_state
 213:Core/Src/tim.c ****     /**TIM4 GPIO Configuration
 315              		.loc 1 213 5 is_stmt 1 view .LVU76
 316              	.LBB5:
 213:Core/Src/tim.c ****     /**TIM4 GPIO Configuration
 317              		.loc 1 213 5 view .LVU77
 318 0022 0023     		movs	r3, #0
 319 0024 0193     		str	r3, [sp, #4]
 213:Core/Src/tim.c ****     /**TIM4 GPIO Configuration
 320              		.loc 1 213 5 view .LVU78
 321 0026 1C4B     		ldr	r3, .L27+8
 322 0028 1A6B     		ldr	r2, [r3, #48]
 323 002a 42F00802 		orr	r2, r2, #8
 324 002e 1A63     		str	r2, [r3, #48]
 213:Core/Src/tim.c ****     /**TIM4 GPIO Configuration
 325              		.loc 1 213 5 view .LVU79
 326 0030 1B6B     		ldr	r3, [r3, #48]
 327 0032 03F00803 		and	r3, r3, #8
 328 0036 0193     		str	r3, [sp, #4]
 213:Core/Src/tim.c ****     /**TIM4 GPIO Configuration
 329              		.loc 1 213 5 view .LVU80
 330 0038 019B     		ldr	r3, [sp, #4]
 331              	.LBE5:
 213:Core/Src/tim.c ****     /**TIM4 GPIO Configuration
 332              		.loc 1 213 5 view .LVU81
 217:Core/Src/tim.c ****     GPIO_InitStruct.Mode = GPIO_MODE_AF_PP;
 333              		.loc 1 217 5 view .LVU82
 217:Core/Src/tim.c ****     GPIO_InitStruct.Mode = GPIO_MODE_AF_PP;
 334              		.loc 1 217 25 is_stmt 0 view .LVU83
 335 003a 4FF48043 		mov	r3, #16384
 336 003e 0393     		str	r3, [sp, #12]
 218:Core/Src/tim.c ****     GPIO_InitStruct.Pull = GPIO_NOPULL;
 337              		.loc 1 218 5 is_stmt 1 view .LVU84
 218:Core/Src/tim.c ****     GPIO_InitStruct.Pull = GPIO_NOPULL;
 338              		.loc 1 218 26 is_stmt 0 view .LVU85
 339 0040 0223     		movs	r3, #2
 340 0042 0493     		str	r3, [sp, #16]
 219:Core/Src/tim.c ****     GPIO_InitStruct.Speed = GPIO_SPEED_FREQ_LOW;
 341              		.loc 1 219 5 is_stmt 1 view .LVU86
 220:Core/Src/tim.c ****     GPIO_InitStruct.Alternate = GPIO_AF2_TIM4;
 342              		.loc 1 220 5 view .LVU87
 221:Core/Src/tim.c ****     HAL_GPIO_Init(GPIOD, &GPIO_InitStruct);
 343              		.loc 1 221 5 view .LVU88
 221:Core/Src/tim.c ****     HAL_GPIO_Init(GPIOD, &GPIO_InitStruct);
 344              		.loc 1 221 31 is_stmt 0 view .LVU89
 345 0044 0793     		str	r3, [sp, #28]
 222:Core/Src/tim.c **** 
ARM GAS  C:\Users\cyz19\AppData\Local\Temp\ccprfehc.s 			page 12


 346              		.loc 1 222 5 is_stmt 1 view .LVU90
 347 0046 03A9     		add	r1, sp, #12
 348 0048 1448     		ldr	r0, .L27+12
 349              	.LVL10:
 222:Core/Src/tim.c **** 
 350              		.loc 1 222 5 is_stmt 0 view .LVU91
 351 004a FFF7FEFF 		bl	HAL_GPIO_Init
 352              	.LVL11:
 353 004e E6E7     		b	.L21
 354              	.LVL12:
 355              	.L26:
 234:Core/Src/tim.c ****     /**TIM10 GPIO Configuration
 356              		.loc 1 234 5 is_stmt 1 view .LVU92
 357              	.LBB6:
 234:Core/Src/tim.c ****     /**TIM10 GPIO Configuration
 358              		.loc 1 234 5 view .LVU93
 359 0050 0025     		movs	r5, #0
 360 0052 0295     		str	r5, [sp, #8]
 234:Core/Src/tim.c ****     /**TIM10 GPIO Configuration
 361              		.loc 1 234 5 view .LVU94
 362 0054 104B     		ldr	r3, .L27+8
 363 0056 1A6B     		ldr	r2, [r3, #48]
 364 0058 42F02002 		orr	r2, r2, #32
 365 005c 1A63     		str	r2, [r3, #48]
 234:Core/Src/tim.c ****     /**TIM10 GPIO Configuration
 366              		.loc 1 234 5 view .LVU95
 367 005e 1B6B     		ldr	r3, [r3, #48]
 368 0060 03F02003 		and	r3, r3, #32
 369 0064 0293     		str	r3, [sp, #8]
 234:Core/Src/tim.c ****     /**TIM10 GPIO Configuration
 370              		.loc 1 234 5 view .LVU96
 371 0066 029B     		ldr	r3, [sp, #8]
 372              	.LBE6:
 234:Core/Src/tim.c ****     /**TIM10 GPIO Configuration
 373              		.loc 1 234 5 view .LVU97
 238:Core/Src/tim.c ****     GPIO_InitStruct.Mode = GPIO_MODE_AF_PP;
 374              		.loc 1 238 5 view .LVU98
 238:Core/Src/tim.c ****     GPIO_InitStruct.Mode = GPIO_MODE_AF_PP;
 375              		.loc 1 238 25 is_stmt 0 view .LVU99
 376 0068 4023     		movs	r3, #64
 377 006a 0393     		str	r3, [sp, #12]
 239:Core/Src/tim.c ****     GPIO_InitStruct.Pull = GPIO_NOPULL;
 378              		.loc 1 239 5 is_stmt 1 view .LVU100
 239:Core/Src/tim.c ****     GPIO_InitStruct.Pull = GPIO_NOPULL;
 379              		.loc 1 239 26 is_stmt 0 view .LVU101
 380 006c 0223     		movs	r3, #2
 381 006e 0493     		str	r3, [sp, #16]
 240:Core/Src/tim.c ****     GPIO_InitStruct.Speed = GPIO_SPEED_FREQ_LOW;
 382              		.loc 1 240 5 is_stmt 1 view .LVU102
 241:Core/Src/tim.c ****     GPIO_InitStruct.Alternate = GPIO_AF3_TIM10;
 383              		.loc 1 241 5 view .LVU103
 242:Core/Src/tim.c ****     HAL_GPIO_Init(GPIOF, &GPIO_InitStruct);
 384              		.loc 1 242 5 view .LVU104
 242:Core/Src/tim.c ****     HAL_GPIO_Init(GPIOF, &GPIO_InitStruct);
 385              		.loc 1 242 31 is_stmt 0 view .LVU105
 386 0070 0323     		movs	r3, #3
 387 0072 0793     		str	r3, [sp, #28]
ARM GAS  C:\Users\cyz19\AppData\Local\Temp\ccprfehc.s 			page 13


 243:Core/Src/tim.c **** 
 388              		.loc 1 243 5 is_stmt 1 view .LVU106
 389 0074 03A9     		add	r1, sp, #12
 390 0076 0A48     		ldr	r0, .L27+16
 391              	.LVL13:
 243:Core/Src/tim.c **** 
 392              		.loc 1 243 5 is_stmt 0 view .LVU107
 393 0078 FFF7FEFF 		bl	HAL_GPIO_Init
 394              	.LVL14:
 246:Core/Src/tim.c ****     HAL_TIM_PWM_Start(&htim10, TIM_CHANNEL_1);
 395              		.loc 1 246 5 is_stmt 1 view .LVU108
 396 007c 094C     		ldr	r4, .L27+20
 397 007e 2046     		mov	r0, r4
 398 0080 FFF7FEFF 		bl	HAL_TIM_Base_Start
 399              	.LVL15:
 247:Core/Src/tim.c ****   /* USER CODE END TIM10_MspPostInit 1 */
 400              		.loc 1 247 5 view .LVU109
 401 0084 2946     		mov	r1, r5
 402 0086 2046     		mov	r0, r4
 403 0088 FFF7FEFF 		bl	HAL_TIM_PWM_Start
 404              	.LVL16:
 405              		.loc 1 251 1 is_stmt 0 view .LVU110
 406 008c C7E7     		b	.L21
 407              	.L28:
 408 008e 00BF     		.align	2
 409              	.L27:
 410 0090 00080040 		.word	1073743872
 411 0094 00440140 		.word	1073824768
 412 0098 00380240 		.word	1073887232
 413 009c 000C0240 		.word	1073875968
 414 00a0 00140240 		.word	1073878016
 415 00a4 00000000 		.word	.LANCHOR1
 416              		.cfi_endproc
 417              	.LFE139:
 419              		.section	.text.MX_TIM4_Init,"ax",%progbits
 420              		.align	1
 421              		.global	MX_TIM4_Init
 422              		.syntax unified
 423              		.thumb
 424              		.thumb_func
 426              	MX_TIM4_Init:
 427              	.LFB135:
  33:Core/Src/tim.c **** 
 428              		.loc 1 33 1 is_stmt 1 view -0
 429              		.cfi_startproc
 430              		@ args = 0, pretend = 0, frame = 56
 431              		@ frame_needed = 0, uses_anonymous_args = 0
 432 0000 00B5     		push	{lr}
 433              	.LCFI11:
 434              		.cfi_def_cfa_offset 4
 435              		.cfi_offset 14, -4
 436 0002 8FB0     		sub	sp, sp, #60
 437              	.LCFI12:
 438              		.cfi_def_cfa_offset 64
  39:Core/Src/tim.c ****   TIM_MasterConfigTypeDef sMasterConfig = {0};
 439              		.loc 1 39 3 view .LVU112
  39:Core/Src/tim.c ****   TIM_MasterConfigTypeDef sMasterConfig = {0};
ARM GAS  C:\Users\cyz19\AppData\Local\Temp\ccprfehc.s 			page 14


 440              		.loc 1 39 26 is_stmt 0 view .LVU113
 441 0004 0023     		movs	r3, #0
 442 0006 0A93     		str	r3, [sp, #40]
 443 0008 0B93     		str	r3, [sp, #44]
 444 000a 0C93     		str	r3, [sp, #48]
 445 000c 0D93     		str	r3, [sp, #52]
  40:Core/Src/tim.c ****   TIM_OC_InitTypeDef sConfigOC = {0};
 446              		.loc 1 40 3 is_stmt 1 view .LVU114
  40:Core/Src/tim.c ****   TIM_OC_InitTypeDef sConfigOC = {0};
 447              		.loc 1 40 27 is_stmt 0 view .LVU115
 448 000e 0893     		str	r3, [sp, #32]
 449 0010 0993     		str	r3, [sp, #36]
  41:Core/Src/tim.c **** 
 450              		.loc 1 41 3 is_stmt 1 view .LVU116
  41:Core/Src/tim.c **** 
 451              		.loc 1 41 22 is_stmt 0 view .LVU117
 452 0012 0193     		str	r3, [sp, #4]
 453 0014 0293     		str	r3, [sp, #8]
 454 0016 0393     		str	r3, [sp, #12]
 455 0018 0493     		str	r3, [sp, #16]
 456 001a 0593     		str	r3, [sp, #20]
 457 001c 0693     		str	r3, [sp, #24]
 458 001e 0793     		str	r3, [sp, #28]
  46:Core/Src/tim.c ****   htim4.Init.Prescaler = 0;
 459              		.loc 1 46 3 is_stmt 1 view .LVU118
  46:Core/Src/tim.c ****   htim4.Init.Prescaler = 0;
 460              		.loc 1 46 18 is_stmt 0 view .LVU119
 461 0020 2048     		ldr	r0, .L41
 462 0022 214A     		ldr	r2, .L41+4
 463 0024 0260     		str	r2, [r0]
  47:Core/Src/tim.c ****   htim4.Init.CounterMode = TIM_COUNTERMODE_UP;
 464              		.loc 1 47 3 is_stmt 1 view .LVU120
  47:Core/Src/tim.c ****   htim4.Init.CounterMode = TIM_COUNTERMODE_UP;
 465              		.loc 1 47 24 is_stmt 0 view .LVU121
 466 0026 4360     		str	r3, [r0, #4]
  48:Core/Src/tim.c ****   htim4.Init.Period = 20999;
 467              		.loc 1 48 3 is_stmt 1 view .LVU122
  48:Core/Src/tim.c ****   htim4.Init.Period = 20999;
 468              		.loc 1 48 26 is_stmt 0 view .LVU123
 469 0028 8360     		str	r3, [r0, #8]
  49:Core/Src/tim.c ****   htim4.Init.ClockDivision = TIM_CLOCKDIVISION_DIV1;
 470              		.loc 1 49 3 is_stmt 1 view .LVU124
  49:Core/Src/tim.c ****   htim4.Init.ClockDivision = TIM_CLOCKDIVISION_DIV1;
 471              		.loc 1 49 21 is_stmt 0 view .LVU125
 472 002a 45F20722 		movw	r2, #20999
 473 002e C260     		str	r2, [r0, #12]
  50:Core/Src/tim.c ****   htim4.Init.AutoReloadPreload = TIM_AUTORELOAD_PRELOAD_DISABLE;
 474              		.loc 1 50 3 is_stmt 1 view .LVU126
  50:Core/Src/tim.c ****   htim4.Init.AutoReloadPreload = TIM_AUTORELOAD_PRELOAD_DISABLE;
 475              		.loc 1 50 28 is_stmt 0 view .LVU127
 476 0030 0361     		str	r3, [r0, #16]
  51:Core/Src/tim.c ****   if (HAL_TIM_Base_Init(&htim4) != HAL_OK)
 477              		.loc 1 51 3 is_stmt 1 view .LVU128
  51:Core/Src/tim.c ****   if (HAL_TIM_Base_Init(&htim4) != HAL_OK)
 478              		.loc 1 51 32 is_stmt 0 view .LVU129
 479 0032 8361     		str	r3, [r0, #24]
  52:Core/Src/tim.c ****   {
ARM GAS  C:\Users\cyz19\AppData\Local\Temp\ccprfehc.s 			page 15


 480              		.loc 1 52 3 is_stmt 1 view .LVU130
  52:Core/Src/tim.c ****   {
 481              		.loc 1 52 7 is_stmt 0 view .LVU131
 482 0034 FFF7FEFF 		bl	HAL_TIM_Base_Init
 483              	.LVL17:
  52:Core/Src/tim.c ****   {
 484              		.loc 1 52 6 view .LVU132
 485 0038 28BB     		cbnz	r0, .L36
 486              	.L30:
  56:Core/Src/tim.c ****   if (HAL_TIM_ConfigClockSource(&htim4, &sClockSourceConfig) != HAL_OK)
 487              		.loc 1 56 3 is_stmt 1 view .LVU133
  56:Core/Src/tim.c ****   if (HAL_TIM_ConfigClockSource(&htim4, &sClockSourceConfig) != HAL_OK)
 488              		.loc 1 56 34 is_stmt 0 view .LVU134
 489 003a 4FF48053 		mov	r3, #4096
 490 003e 0A93     		str	r3, [sp, #40]
  57:Core/Src/tim.c ****   {
 491              		.loc 1 57 3 is_stmt 1 view .LVU135
  57:Core/Src/tim.c ****   {
 492              		.loc 1 57 7 is_stmt 0 view .LVU136
 493 0040 0AA9     		add	r1, sp, #40
 494 0042 1848     		ldr	r0, .L41
 495 0044 FFF7FEFF 		bl	HAL_TIM_ConfigClockSource
 496              	.LVL18:
  57:Core/Src/tim.c ****   {
 497              		.loc 1 57 6 view .LVU137
 498 0048 00BB     		cbnz	r0, .L37
 499              	.L31:
  61:Core/Src/tim.c ****   {
 500              		.loc 1 61 3 is_stmt 1 view .LVU138
  61:Core/Src/tim.c ****   {
 501              		.loc 1 61 7 is_stmt 0 view .LVU139
 502 004a 1648     		ldr	r0, .L41
 503 004c FFF7FEFF 		bl	HAL_TIM_PWM_Init
 504              	.LVL19:
  61:Core/Src/tim.c ****   {
 505              		.loc 1 61 6 view .LVU140
 506 0050 F8B9     		cbnz	r0, .L38
 507              	.L32:
  65:Core/Src/tim.c ****   sMasterConfig.MasterSlaveMode = TIM_MASTERSLAVEMODE_DISABLE;
 508              		.loc 1 65 3 is_stmt 1 view .LVU141
  65:Core/Src/tim.c ****   sMasterConfig.MasterSlaveMode = TIM_MASTERSLAVEMODE_DISABLE;
 509              		.loc 1 65 37 is_stmt 0 view .LVU142
 510 0052 0023     		movs	r3, #0
 511 0054 0893     		str	r3, [sp, #32]
  66:Core/Src/tim.c ****   if (HAL_TIMEx_MasterConfigSynchronization(&htim4, &sMasterConfig) != HAL_OK)
 512              		.loc 1 66 3 is_stmt 1 view .LVU143
  66:Core/Src/tim.c ****   if (HAL_TIMEx_MasterConfigSynchronization(&htim4, &sMasterConfig) != HAL_OK)
 513              		.loc 1 66 33 is_stmt 0 view .LVU144
 514 0056 0993     		str	r3, [sp, #36]
  67:Core/Src/tim.c ****   {
 515              		.loc 1 67 3 is_stmt 1 view .LVU145
  67:Core/Src/tim.c ****   {
 516              		.loc 1 67 7 is_stmt 0 view .LVU146
 517 0058 08A9     		add	r1, sp, #32
 518 005a 1248     		ldr	r0, .L41
 519 005c FFF7FEFF 		bl	HAL_TIMEx_MasterConfigSynchronization
 520              	.LVL20:
ARM GAS  C:\Users\cyz19\AppData\Local\Temp\ccprfehc.s 			page 16


  67:Core/Src/tim.c ****   {
 521              		.loc 1 67 6 view .LVU147
 522 0060 D0B9     		cbnz	r0, .L39
 523              	.L33:
  71:Core/Src/tim.c ****   sConfigOC.Pulse = 0;
 524              		.loc 1 71 3 is_stmt 1 view .LVU148
  71:Core/Src/tim.c ****   sConfigOC.Pulse = 0;
 525              		.loc 1 71 20 is_stmt 0 view .LVU149
 526 0062 6023     		movs	r3, #96
 527 0064 0193     		str	r3, [sp, #4]
  72:Core/Src/tim.c ****   sConfigOC.OCPolarity = TIM_OCPOLARITY_HIGH;
 528              		.loc 1 72 3 is_stmt 1 view .LVU150
  72:Core/Src/tim.c ****   sConfigOC.OCPolarity = TIM_OCPOLARITY_HIGH;
 529              		.loc 1 72 19 is_stmt 0 view .LVU151
 530 0066 0023     		movs	r3, #0
 531 0068 0293     		str	r3, [sp, #8]
  73:Core/Src/tim.c ****   sConfigOC.OCFastMode = TIM_OCFAST_DISABLE;
 532              		.loc 1 73 3 is_stmt 1 view .LVU152
  73:Core/Src/tim.c ****   sConfigOC.OCFastMode = TIM_OCFAST_DISABLE;
 533              		.loc 1 73 24 is_stmt 0 view .LVU153
 534 006a 0393     		str	r3, [sp, #12]
  74:Core/Src/tim.c ****   if (HAL_TIM_PWM_ConfigChannel(&htim4, &sConfigOC, TIM_CHANNEL_3) != HAL_OK)
 535              		.loc 1 74 3 is_stmt 1 view .LVU154
  74:Core/Src/tim.c ****   if (HAL_TIM_PWM_ConfigChannel(&htim4, &sConfigOC, TIM_CHANNEL_3) != HAL_OK)
 536              		.loc 1 74 24 is_stmt 0 view .LVU155
 537 006c 0593     		str	r3, [sp, #20]
  75:Core/Src/tim.c ****   {
 538              		.loc 1 75 3 is_stmt 1 view .LVU156
  75:Core/Src/tim.c ****   {
 539              		.loc 1 75 7 is_stmt 0 view .LVU157
 540 006e 0822     		movs	r2, #8
 541 0070 01A9     		add	r1, sp, #4
 542 0072 0C48     		ldr	r0, .L41
 543 0074 FFF7FEFF 		bl	HAL_TIM_PWM_ConfigChannel
 544              	.LVL21:
  75:Core/Src/tim.c ****   {
 545              		.loc 1 75 6 view .LVU158
 546 0078 88B9     		cbnz	r0, .L40
 547              	.L34:
  82:Core/Src/tim.c **** 
 548              		.loc 1 82 3 is_stmt 1 view .LVU159
 549 007a 0A48     		ldr	r0, .L41
 550 007c FFF7FEFF 		bl	HAL_TIM_MspPostInit
 551              	.LVL22:
  84:Core/Src/tim.c **** /* TIM5 init function */
 552              		.loc 1 84 1 is_stmt 0 view .LVU160
 553 0080 0FB0     		add	sp, sp, #60
 554              	.LCFI13:
 555              		.cfi_remember_state
 556              		.cfi_def_cfa_offset 4
 557              		@ sp needed
 558 0082 5DF804FB 		ldr	pc, [sp], #4
 559              	.L36:
 560              	.LCFI14:
 561              		.cfi_restore_state
  54:Core/Src/tim.c ****   }
 562              		.loc 1 54 5 is_stmt 1 view .LVU161
ARM GAS  C:\Users\cyz19\AppData\Local\Temp\ccprfehc.s 			page 17


 563 0086 FFF7FEFF 		bl	Error_Handler
 564              	.LVL23:
 565 008a D6E7     		b	.L30
 566              	.L37:
  59:Core/Src/tim.c ****   }
 567              		.loc 1 59 5 view .LVU162
 568 008c FFF7FEFF 		bl	Error_Handler
 569              	.LVL24:
 570 0090 DBE7     		b	.L31
 571              	.L38:
  63:Core/Src/tim.c ****   }
 572              		.loc 1 63 5 view .LVU163
 573 0092 FFF7FEFF 		bl	Error_Handler
 574              	.LVL25:
 575 0096 DCE7     		b	.L32
 576              	.L39:
  69:Core/Src/tim.c ****   }
 577              		.loc 1 69 5 view .LVU164
 578 0098 FFF7FEFF 		bl	Error_Handler
 579              	.LVL26:
 580 009c E1E7     		b	.L33
 581              	.L40:
  77:Core/Src/tim.c ****   }
 582              		.loc 1 77 5 view .LVU165
 583 009e FFF7FEFF 		bl	Error_Handler
 584              	.LVL27:
 585 00a2 EAE7     		b	.L34
 586              	.L42:
 587              		.align	2
 588              	.L41:
 589 00a4 00000000 		.word	.LANCHOR2
 590 00a8 00080040 		.word	1073743872
 591              		.cfi_endproc
 592              	.LFE135:
 594              		.section	.text.MX_TIM10_Init,"ax",%progbits
 595              		.align	1
 596              		.global	MX_TIM10_Init
 597              		.syntax unified
 598              		.thumb
 599              		.thumb_func
 601              	MX_TIM10_Init:
 602              	.LFB137:
 127:Core/Src/tim.c **** 
 603              		.loc 1 127 1 view -0
 604              		.cfi_startproc
 605              		@ args = 0, pretend = 0, frame = 32
 606              		@ frame_needed = 0, uses_anonymous_args = 0
 607 0000 00B5     		push	{lr}
 608              	.LCFI15:
 609              		.cfi_def_cfa_offset 4
 610              		.cfi_offset 14, -4
 611 0002 89B0     		sub	sp, sp, #36
 612              	.LCFI16:
 613              		.cfi_def_cfa_offset 40
 133:Core/Src/tim.c **** 
 614              		.loc 1 133 3 view .LVU167
 133:Core/Src/tim.c **** 
ARM GAS  C:\Users\cyz19\AppData\Local\Temp\ccprfehc.s 			page 18


 615              		.loc 1 133 22 is_stmt 0 view .LVU168
 616 0004 0023     		movs	r3, #0
 617 0006 0193     		str	r3, [sp, #4]
 618 0008 0293     		str	r3, [sp, #8]
 619 000a 0393     		str	r3, [sp, #12]
 620 000c 0493     		str	r3, [sp, #16]
 621 000e 0593     		str	r3, [sp, #20]
 622 0010 0693     		str	r3, [sp, #24]
 623 0012 0793     		str	r3, [sp, #28]
 138:Core/Src/tim.c ****   htim10.Init.Prescaler = 0;
 624              		.loc 1 138 3 is_stmt 1 view .LVU169
 138:Core/Src/tim.c ****   htim10.Init.Prescaler = 0;
 625              		.loc 1 138 19 is_stmt 0 view .LVU170
 626 0014 1548     		ldr	r0, .L51
 627 0016 164A     		ldr	r2, .L51+4
 628 0018 0260     		str	r2, [r0]
 139:Core/Src/tim.c ****   htim10.Init.CounterMode = TIM_COUNTERMODE_UP;
 629              		.loc 1 139 3 is_stmt 1 view .LVU171
 139:Core/Src/tim.c ****   htim10.Init.CounterMode = TIM_COUNTERMODE_UP;
 630              		.loc 1 139 25 is_stmt 0 view .LVU172
 631 001a 4360     		str	r3, [r0, #4]
 140:Core/Src/tim.c ****   htim10.Init.Period = 4999;
 632              		.loc 1 140 3 is_stmt 1 view .LVU173
 140:Core/Src/tim.c ****   htim10.Init.Period = 4999;
 633              		.loc 1 140 27 is_stmt 0 view .LVU174
 634 001c 8360     		str	r3, [r0, #8]
 141:Core/Src/tim.c ****   htim10.Init.ClockDivision = TIM_CLOCKDIVISION_DIV1;
 635              		.loc 1 141 3 is_stmt 1 view .LVU175
 141:Core/Src/tim.c ****   htim10.Init.ClockDivision = TIM_CLOCKDIVISION_DIV1;
 636              		.loc 1 141 22 is_stmt 0 view .LVU176
 637 001e 41F28732 		movw	r2, #4999
 638 0022 C260     		str	r2, [r0, #12]
 142:Core/Src/tim.c ****   htim10.Init.AutoReloadPreload = TIM_AUTORELOAD_PRELOAD_DISABLE;
 639              		.loc 1 142 3 is_stmt 1 view .LVU177
 142:Core/Src/tim.c ****   htim10.Init.AutoReloadPreload = TIM_AUTORELOAD_PRELOAD_DISABLE;
 640              		.loc 1 142 29 is_stmt 0 view .LVU178
 641 0024 0361     		str	r3, [r0, #16]
 143:Core/Src/tim.c ****   if (HAL_TIM_Base_Init(&htim10) != HAL_OK)
 642              		.loc 1 143 3 is_stmt 1 view .LVU179
 143:Core/Src/tim.c ****   if (HAL_TIM_Base_Init(&htim10) != HAL_OK)
 643              		.loc 1 143 33 is_stmt 0 view .LVU180
 644 0026 8361     		str	r3, [r0, #24]
 144:Core/Src/tim.c ****   {
 645              		.loc 1 144 3 is_stmt 1 view .LVU181
 144:Core/Src/tim.c ****   {
 646              		.loc 1 144 7 is_stmt 0 view .LVU182
 647 0028 FFF7FEFF 		bl	HAL_TIM_Base_Init
 648              	.LVL28:
 144:Core/Src/tim.c ****   {
 649              		.loc 1 144 6 view .LVU183
 650 002c A0B9     		cbnz	r0, .L48
 651              	.L44:
 148:Core/Src/tim.c ****   {
 652              		.loc 1 148 3 is_stmt 1 view .LVU184
 148:Core/Src/tim.c ****   {
 653              		.loc 1 148 7 is_stmt 0 view .LVU185
 654 002e 0F48     		ldr	r0, .L51
ARM GAS  C:\Users\cyz19\AppData\Local\Temp\ccprfehc.s 			page 19


 655 0030 FFF7FEFF 		bl	HAL_TIM_PWM_Init
 656              	.LVL29:
 148:Core/Src/tim.c ****   {
 657              		.loc 1 148 6 view .LVU186
 658 0034 98B9     		cbnz	r0, .L49
 659              	.L45:
 152:Core/Src/tim.c ****   sConfigOC.Pulse = 0;
 660              		.loc 1 152 3 is_stmt 1 view .LVU187
 152:Core/Src/tim.c ****   sConfigOC.Pulse = 0;
 661              		.loc 1 152 20 is_stmt 0 view .LVU188
 662 0036 6023     		movs	r3, #96
 663 0038 0193     		str	r3, [sp, #4]
 153:Core/Src/tim.c ****   sConfigOC.OCPolarity = TIM_OCPOLARITY_HIGH;
 664              		.loc 1 153 3 is_stmt 1 view .LVU189
 153:Core/Src/tim.c ****   sConfigOC.OCPolarity = TIM_OCPOLARITY_HIGH;
 665              		.loc 1 153 19 is_stmt 0 view .LVU190
 666 003a 0022     		movs	r2, #0
 667 003c 0292     		str	r2, [sp, #8]
 154:Core/Src/tim.c ****   sConfigOC.OCFastMode = TIM_OCFAST_DISABLE;
 668              		.loc 1 154 3 is_stmt 1 view .LVU191
 154:Core/Src/tim.c ****   sConfigOC.OCFastMode = TIM_OCFAST_DISABLE;
 669              		.loc 1 154 24 is_stmt 0 view .LVU192
 670 003e 0392     		str	r2, [sp, #12]
 155:Core/Src/tim.c ****   if (HAL_TIM_PWM_ConfigChannel(&htim10, &sConfigOC, TIM_CHANNEL_1) != HAL_OK)
 671              		.loc 1 155 3 is_stmt 1 view .LVU193
 155:Core/Src/tim.c ****   if (HAL_TIM_PWM_ConfigChannel(&htim10, &sConfigOC, TIM_CHANNEL_1) != HAL_OK)
 672              		.loc 1 155 24 is_stmt 0 view .LVU194
 673 0040 0592     		str	r2, [sp, #20]
 156:Core/Src/tim.c ****   {
 674              		.loc 1 156 3 is_stmt 1 view .LVU195
 156:Core/Src/tim.c ****   {
 675              		.loc 1 156 7 is_stmt 0 view .LVU196
 676 0042 01A9     		add	r1, sp, #4
 677 0044 0948     		ldr	r0, .L51
 678 0046 FFF7FEFF 		bl	HAL_TIM_PWM_ConfigChannel
 679              	.LVL30:
 156:Core/Src/tim.c ****   {
 680              		.loc 1 156 6 view .LVU197
 681 004a 58B9     		cbnz	r0, .L50
 682              	.L46:
 163:Core/Src/tim.c **** 
 683              		.loc 1 163 3 is_stmt 1 view .LVU198
 684 004c 0748     		ldr	r0, .L51
 685 004e FFF7FEFF 		bl	HAL_TIM_MspPostInit
 686              	.LVL31:
 165:Core/Src/tim.c **** 
 687              		.loc 1 165 1 is_stmt 0 view .LVU199
 688 0052 09B0     		add	sp, sp, #36
 689              	.LCFI17:
 690              		.cfi_remember_state
 691              		.cfi_def_cfa_offset 4
 692              		@ sp needed
 693 0054 5DF804FB 		ldr	pc, [sp], #4
 694              	.L48:
 695              	.LCFI18:
 696              		.cfi_restore_state
 146:Core/Src/tim.c ****   }
ARM GAS  C:\Users\cyz19\AppData\Local\Temp\ccprfehc.s 			page 20


 697              		.loc 1 146 5 is_stmt 1 view .LVU200
 698 0058 FFF7FEFF 		bl	Error_Handler
 699              	.LVL32:
 700 005c E7E7     		b	.L44
 701              	.L49:
 150:Core/Src/tim.c ****   }
 702              		.loc 1 150 5 view .LVU201
 703 005e FFF7FEFF 		bl	Error_Handler
 704              	.LVL33:
 705 0062 E8E7     		b	.L45
 706              	.L50:
 158:Core/Src/tim.c ****   }
 707              		.loc 1 158 5 view .LVU202
 708 0064 FFF7FEFF 		bl	Error_Handler
 709              	.LVL34:
 710 0068 F0E7     		b	.L46
 711              	.L52:
 712 006a 00BF     		.align	2
 713              	.L51:
 714 006c 00000000 		.word	.LANCHOR1
 715 0070 00440140 		.word	1073824768
 716              		.cfi_endproc
 717              	.LFE137:
 719              		.section	.text.HAL_TIM_Base_MspDeInit,"ax",%progbits
 720              		.align	1
 721              		.global	HAL_TIM_Base_MspDeInit
 722              		.syntax unified
 723              		.thumb
 724              		.thumb_func
 726              	HAL_TIM_Base_MspDeInit:
 727              	.LVL35:
 728              	.LFB140:
 252:Core/Src/tim.c **** 
 253:Core/Src/tim.c **** void HAL_TIM_Base_MspDeInit(TIM_HandleTypeDef* tim_baseHandle)
 254:Core/Src/tim.c **** {
 729              		.loc 1 254 1 view -0
 730              		.cfi_startproc
 731              		@ args = 0, pretend = 0, frame = 0
 732              		@ frame_needed = 0, uses_anonymous_args = 0
 733              		@ link register save eliminated.
 255:Core/Src/tim.c **** 
 256:Core/Src/tim.c ****   if(tim_baseHandle->Instance==TIM4)
 734              		.loc 1 256 3 view .LVU204
 735              		.loc 1 256 20 is_stmt 0 view .LVU205
 736 0000 0368     		ldr	r3, [r0]
 737              		.loc 1 256 5 view .LVU206
 738 0002 0F4A     		ldr	r2, .L60
 739 0004 9342     		cmp	r3, r2
 740 0006 06D0     		beq	.L57
 257:Core/Src/tim.c ****   {
 258:Core/Src/tim.c ****   /* USER CODE BEGIN TIM4_MspDeInit 0 */
 259:Core/Src/tim.c **** 
 260:Core/Src/tim.c ****   /* USER CODE END TIM4_MspDeInit 0 */
 261:Core/Src/tim.c ****     /* Peripheral clock disable */
 262:Core/Src/tim.c ****     __HAL_RCC_TIM4_CLK_DISABLE();
 263:Core/Src/tim.c ****   /* USER CODE BEGIN TIM4_MspDeInit 1 */
 264:Core/Src/tim.c **** 
ARM GAS  C:\Users\cyz19\AppData\Local\Temp\ccprfehc.s 			page 21


 265:Core/Src/tim.c ****   /* USER CODE END TIM4_MspDeInit 1 */
 266:Core/Src/tim.c ****   }
 267:Core/Src/tim.c ****   else if(tim_baseHandle->Instance==TIM5)
 741              		.loc 1 267 8 is_stmt 1 view .LVU207
 742              		.loc 1 267 10 is_stmt 0 view .LVU208
 743 0008 0E4A     		ldr	r2, .L60+4
 744 000a 9342     		cmp	r3, r2
 745 000c 0AD0     		beq	.L58
 268:Core/Src/tim.c ****   {
 269:Core/Src/tim.c ****   /* USER CODE BEGIN TIM5_MspDeInit 0 */
 270:Core/Src/tim.c **** 
 271:Core/Src/tim.c ****   /* USER CODE END TIM5_MspDeInit 0 */
 272:Core/Src/tim.c ****     /* Peripheral clock disable */
 273:Core/Src/tim.c ****     __HAL_RCC_TIM5_CLK_DISABLE();
 274:Core/Src/tim.c ****   /* USER CODE BEGIN TIM5_MspDeInit 1 */
 275:Core/Src/tim.c **** 
 276:Core/Src/tim.c ****   /* USER CODE END TIM5_MspDeInit 1 */
 277:Core/Src/tim.c ****   }
 278:Core/Src/tim.c ****   else if(tim_baseHandle->Instance==TIM10)
 746              		.loc 1 278 8 is_stmt 1 view .LVU209
 747              		.loc 1 278 10 is_stmt 0 view .LVU210
 748 000e 0E4A     		ldr	r2, .L60+8
 749 0010 9342     		cmp	r3, r2
 750 0012 0ED0     		beq	.L59
 751              	.L53:
 279:Core/Src/tim.c ****   {
 280:Core/Src/tim.c ****   /* USER CODE BEGIN TIM10_MspDeInit 0 */
 281:Core/Src/tim.c **** 
 282:Core/Src/tim.c ****   /* USER CODE END TIM10_MspDeInit 0 */
 283:Core/Src/tim.c ****     /* Peripheral clock disable */
 284:Core/Src/tim.c ****     __HAL_RCC_TIM10_CLK_DISABLE();
 285:Core/Src/tim.c ****   /* USER CODE BEGIN TIM10_MspDeInit 1 */
 286:Core/Src/tim.c **** 
 287:Core/Src/tim.c ****   /* USER CODE END TIM10_MspDeInit 1 */
 288:Core/Src/tim.c ****   }
 289:Core/Src/tim.c **** }
 752              		.loc 1 289 1 view .LVU211
 753 0014 7047     		bx	lr
 754              	.L57:
 262:Core/Src/tim.c ****   /* USER CODE BEGIN TIM4_MspDeInit 1 */
 755              		.loc 1 262 5 is_stmt 1 view .LVU212
 756 0016 02F50C32 		add	r2, r2, #143360
 757 001a 136C     		ldr	r3, [r2, #64]
 758 001c 23F00403 		bic	r3, r3, #4
 759 0020 1364     		str	r3, [r2, #64]
 760 0022 7047     		bx	lr
 761              	.L58:
 273:Core/Src/tim.c ****   /* USER CODE BEGIN TIM5_MspDeInit 1 */
 762              		.loc 1 273 5 view .LVU213
 763 0024 02F50B32 		add	r2, r2, #142336
 764 0028 136C     		ldr	r3, [r2, #64]
 765 002a 23F00803 		bic	r3, r3, #8
 766 002e 1364     		str	r3, [r2, #64]
 767 0030 7047     		bx	lr
 768              	.L59:
 284:Core/Src/tim.c ****   /* USER CODE BEGIN TIM10_MspDeInit 1 */
 769              		.loc 1 284 5 view .LVU214
ARM GAS  C:\Users\cyz19\AppData\Local\Temp\ccprfehc.s 			page 22


 770 0032 02F57442 		add	r2, r2, #62464
 771 0036 536C     		ldr	r3, [r2, #68]
 772 0038 23F40033 		bic	r3, r3, #131072
 773 003c 5364     		str	r3, [r2, #68]
 774              		.loc 1 289 1 is_stmt 0 view .LVU215
 775 003e E9E7     		b	.L53
 776              	.L61:
 777              		.align	2
 778              	.L60:
 779 0040 00080040 		.word	1073743872
 780 0044 000C0040 		.word	1073744896
 781 0048 00440140 		.word	1073824768
 782              		.cfi_endproc
 783              	.LFE140:
 785              		.global	htim10
 786              		.global	htim5
 787              		.global	htim4
 788              		.section	.bss.htim10,"aw",%nobits
 789              		.align	2
 790              		.set	.LANCHOR1,. + 0
 793              	htim10:
 794 0000 00000000 		.space	72
 794      00000000 
 794      00000000 
 794      00000000 
 794      00000000 
 795              		.section	.bss.htim4,"aw",%nobits
 796              		.align	2
 797              		.set	.LANCHOR2,. + 0
 800              	htim4:
 801 0000 00000000 		.space	72
 801      00000000 
 801      00000000 
 801      00000000 
 801      00000000 
 802              		.section	.bss.htim5,"aw",%nobits
 803              		.align	2
 804              		.set	.LANCHOR0,. + 0
 807              	htim5:
 808 0000 00000000 		.space	72
 808      00000000 
 808      00000000 
 808      00000000 
 808      00000000 
 809              		.text
 810              	.Letext0:
 811              		.file 2 "c:\\program files (x86)\\gnu arm embedded toolchain\\10 2021.10\\arm-none-eabi\\include\\
 812              		.file 3 "c:\\program files (x86)\\gnu arm embedded toolchain\\10 2021.10\\arm-none-eabi\\include\\
 813              		.file 4 "Drivers/CMSIS/Device/ST/STM32F4xx/Include/stm32f407xx.h"
 814              		.file 5 "Drivers/STM32F4xx_HAL_Driver/Inc/stm32f4xx_hal_def.h"
 815              		.file 6 "Drivers/STM32F4xx_HAL_Driver/Inc/stm32f4xx_hal_gpio.h"
 816              		.file 7 "Drivers/STM32F4xx_HAL_Driver/Inc/stm32f4xx_hal_dma.h"
 817              		.file 8 "Drivers/STM32F4xx_HAL_Driver/Inc/stm32f4xx_hal_tim.h"
 818              		.file 9 "Core/Inc/tim.h"
 819              		.file 10 "Core/Inc/main.h"
 820              		.file 11 "Drivers/STM32F4xx_HAL_Driver/Inc/stm32f4xx_hal_tim_ex.h"
ARM GAS  C:\Users\cyz19\AppData\Local\Temp\ccprfehc.s 			page 23


DEFINED SYMBOLS
                            *ABS*:00000000 tim.c
C:\Users\cyz19\AppData\Local\Temp\ccprfehc.s:20     .text.MX_TIM5_Init:00000000 $t
C:\Users\cyz19\AppData\Local\Temp\ccprfehc.s:26     .text.MX_TIM5_Init:00000000 MX_TIM5_Init
C:\Users\cyz19\AppData\Local\Temp\ccprfehc.s:136    .text.MX_TIM5_Init:00000064 $d
C:\Users\cyz19\AppData\Local\Temp\ccprfehc.s:142    .text.HAL_TIM_Base_MspInit:00000000 $t
C:\Users\cyz19\AppData\Local\Temp\ccprfehc.s:148    .text.HAL_TIM_Base_MspInit:00000000 HAL_TIM_Base_MspInit
C:\Users\cyz19\AppData\Local\Temp\ccprfehc.s:251    .text.HAL_TIM_Base_MspInit:00000068 $d
C:\Users\cyz19\AppData\Local\Temp\ccprfehc.s:259    .text.HAL_TIM_MspPostInit:00000000 $t
C:\Users\cyz19\AppData\Local\Temp\ccprfehc.s:265    .text.HAL_TIM_MspPostInit:00000000 HAL_TIM_MspPostInit
C:\Users\cyz19\AppData\Local\Temp\ccprfehc.s:410    .text.HAL_TIM_MspPostInit:00000090 $d
C:\Users\cyz19\AppData\Local\Temp\ccprfehc.s:420    .text.MX_TIM4_Init:00000000 $t
C:\Users\cyz19\AppData\Local\Temp\ccprfehc.s:426    .text.MX_TIM4_Init:00000000 MX_TIM4_Init
C:\Users\cyz19\AppData\Local\Temp\ccprfehc.s:589    .text.MX_TIM4_Init:000000a4 $d
C:\Users\cyz19\AppData\Local\Temp\ccprfehc.s:595    .text.MX_TIM10_Init:00000000 $t
C:\Users\cyz19\AppData\Local\Temp\ccprfehc.s:601    .text.MX_TIM10_Init:00000000 MX_TIM10_Init
C:\Users\cyz19\AppData\Local\Temp\ccprfehc.s:714    .text.MX_TIM10_Init:0000006c $d
C:\Users\cyz19\AppData\Local\Temp\ccprfehc.s:720    .text.HAL_TIM_Base_MspDeInit:00000000 $t
C:\Users\cyz19\AppData\Local\Temp\ccprfehc.s:726    .text.HAL_TIM_Base_MspDeInit:00000000 HAL_TIM_Base_MspDeInit
C:\Users\cyz19\AppData\Local\Temp\ccprfehc.s:779    .text.HAL_TIM_Base_MspDeInit:00000040 $d
C:\Users\cyz19\AppData\Local\Temp\ccprfehc.s:793    .bss.htim10:00000000 htim10
C:\Users\cyz19\AppData\Local\Temp\ccprfehc.s:807    .bss.htim5:00000000 htim5
C:\Users\cyz19\AppData\Local\Temp\ccprfehc.s:800    .bss.htim4:00000000 htim4
C:\Users\cyz19\AppData\Local\Temp\ccprfehc.s:789    .bss.htim10:00000000 $d
C:\Users\cyz19\AppData\Local\Temp\ccprfehc.s:796    .bss.htim4:00000000 $d
C:\Users\cyz19\AppData\Local\Temp\ccprfehc.s:803    .bss.htim5:00000000 $d

UNDEFINED SYMBOLS
HAL_TIM_Base_Init
HAL_TIM_ConfigClockSource
HAL_TIMEx_MasterConfigSynchronization
Error_Handler
HAL_GPIO_Init
HAL_TIM_Base_Start
HAL_TIM_PWM_Start
HAL_TIM_PWM_Init
HAL_TIM_PWM_ConfigChannel
