ARM GAS  C:\Users\cyz19\AppData\Local\Temp\ccTXo601.s 			page 1


   1              		.cpu cortex-m4
   2              		.arch armv7e-m
   3              		.fpu fpv4-sp-d16
   4              		.eabi_attribute 27, 1
   5              		.eabi_attribute 28, 1
   6              		.eabi_attribute 20, 1
   7              		.eabi_attribute 21, 1
   8              		.eabi_attribute 23, 3
   9              		.eabi_attribute 24, 1
  10              		.eabi_attribute 25, 1
  11              		.eabi_attribute 26, 1
  12              		.eabi_attribute 30, 1
  13              		.eabi_attribute 34, 1
  14              		.eabi_attribute 18, 4
  15              		.file	"UART_miniPC.c"
  16              		.text
  17              	.Ltext0:
  18              		.cfi_sections	.debug_frame
  19              		.section	.text.uart_miniPC_Init,"ax",%progbits
  20              		.align	1
  21              		.global	uart_miniPC_Init
  22              		.syntax unified
  23              		.thumb
  24              		.thumb_func
  26              	uart_miniPC_Init:
  27              	.LVL0:
  28              	.LFB138:
  29              		.file 1 "Library/Src/UART_miniPC.c"
   1:Library/Src/UART_miniPC.c **** #include "UART_miniPC.h"
   2:Library/Src/UART_miniPC.c **** 
   3:Library/Src/UART_miniPC.c **** fifo_s_t uart_miniPC_fifo;
   4:Library/Src/UART_miniPC.c **** uint8_t usart1_buf[2][UART_RX_BUF_LENGHT];
   5:Library/Src/UART_miniPC.c **** uint8_t uart_miniPC_fifo_buf[UART_MINIPC_FIFO_BUF_LENGTH];
   6:Library/Src/UART_miniPC.c **** uart_miniPC_info_t uart_miniPC_info = {0};
   7:Library/Src/UART_miniPC.c **** uart_miniPC_unpack_data_t uart_miniPC_unpack_obj = {0};
   8:Library/Src/UART_miniPC.c **** 
   9:Library/Src/UART_miniPC.c **** extern UART_HandleTypeDef huart1;
  10:Library/Src/UART_miniPC.c **** extern DMA_HandleTypeDef hdma_usart1_rx;
  11:Library/Src/UART_miniPC.c **** extern DMA_HandleTypeDef hdma_usart1_tx;
  12:Library/Src/UART_miniPC.c **** 
  13:Library/Src/UART_miniPC.c **** 
  14:Library/Src/UART_miniPC.c **** void uart_miniPC_Init(uint8_t *rx1_buf, uint8_t *rx2_buf, uint16_t dma_buf_num)
  15:Library/Src/UART_miniPC.c **** {
  30              		.loc 1 15 1 view -0
  31              		.cfi_startproc
  32              		@ args = 0, pretend = 0, frame = 0
  33              		@ frame_needed = 0, uses_anonymous_args = 0
  34              		@ link register save eliminated.
  35              		.loc 1 15 1 is_stmt 0 view .LVU1
  36 0000 30B4     		push	{r4, r5}
  37              	.LCFI0:
  38              		.cfi_def_cfa_offset 8
  39              		.cfi_offset 4, -8
  40              		.cfi_offset 5, -4
  16:Library/Src/UART_miniPC.c ****     //enable the DMA transfer for the receiver and tramsmit request
  17:Library/Src/UART_miniPC.c ****     //使能DMA串口接收和发送
  18:Library/Src/UART_miniPC.c ****     SET_BIT(huart1.Instance->CR3, USART_CR3_DMAR);
ARM GAS  C:\Users\cyz19\AppData\Local\Temp\ccTXo601.s 			page 2


  41              		.loc 1 18 5 is_stmt 1 view .LVU2
  42 0002 304B     		ldr	r3, .L11
  43 0004 1B68     		ldr	r3, [r3]
  44 0006 5C69     		ldr	r4, [r3, #20]
  45 0008 44F04004 		orr	r4, r4, #64
  46 000c 5C61     		str	r4, [r3, #20]
  19:Library/Src/UART_miniPC.c ****     SET_BIT(huart1.Instance->CR3, USART_CR3_DMAT);
  47              		.loc 1 19 5 view .LVU3
  48 000e 5C69     		ldr	r4, [r3, #20]
  49 0010 44F08004 		orr	r4, r4, #128
  50 0014 5C61     		str	r4, [r3, #20]
  20:Library/Src/UART_miniPC.c ****     //enalbe idle interrupt
  21:Library/Src/UART_miniPC.c ****     //使能空闲中断
  22:Library/Src/UART_miniPC.c ****     __HAL_UART_ENABLE_IT(&huart1, UART_IT_IDLE);
  51              		.loc 1 22 5 view .LVU4
  52 0016 DC68     		ldr	r4, [r3, #12]
  53 0018 44F01004 		orr	r4, r4, #16
  54 001c DC60     		str	r4, [r3, #12]
  23:Library/Src/UART_miniPC.c ****     //disable DMA
  24:Library/Src/UART_miniPC.c ****     //失效DMA
  25:Library/Src/UART_miniPC.c ****     __HAL_DMA_DISABLE(&hdma_usart1_rx);
  55              		.loc 1 25 5 view .LVU5
  56 001e 2A4B     		ldr	r3, .L11+4
  57 0020 1C68     		ldr	r4, [r3]
  58 0022 2368     		ldr	r3, [r4]
  59 0024 23F00103 		bic	r3, r3, #1
  60 0028 2360     		str	r3, [r4]
  26:Library/Src/UART_miniPC.c ****     
  27:Library/Src/UART_miniPC.c ****     while(hdma_usart1_rx.Instance->CR & DMA_SxCR_EN)
  61              		.loc 1 27 5 view .LVU6
  62              		.loc 1 27 10 is_stmt 0 view .LVU7
  63 002a 03E0     		b	.L2
  64              	.L3:
  28:Library/Src/UART_miniPC.c ****     {
  29:Library/Src/UART_miniPC.c ****         __HAL_DMA_DISABLE(&hdma_usart1_rx);
  65              		.loc 1 29 9 is_stmt 1 view .LVU8
  66 002c 1C68     		ldr	r4, [r3]
  67 002e 24F00104 		bic	r4, r4, #1
  68 0032 1C60     		str	r4, [r3]
  69              	.L2:
  27:Library/Src/UART_miniPC.c ****     {
  70              		.loc 1 27 10 view .LVU9
  27:Library/Src/UART_miniPC.c ****     {
  71              		.loc 1 27 25 is_stmt 0 view .LVU10
  72 0034 244B     		ldr	r3, .L11+4
  73 0036 1B68     		ldr	r3, [r3]
  27:Library/Src/UART_miniPC.c ****     {
  74              		.loc 1 27 34 view .LVU11
  75 0038 1C68     		ldr	r4, [r3]
  27:Library/Src/UART_miniPC.c ****     {
  76              		.loc 1 27 10 view .LVU12
  77 003a 14F0010F 		tst	r4, #1
  78 003e F5D1     		bne	.L3
  30:Library/Src/UART_miniPC.c ****     }
  31:Library/Src/UART_miniPC.c **** 
  32:Library/Src/UART_miniPC.c ****     __HAL_DMA_CLEAR_FLAG(&hdma_usart1_rx, DMA_LISR_TCIF1);
  79              		.loc 1 32 5 is_stmt 1 view .LVU13
ARM GAS  C:\Users\cyz19\AppData\Local\Temp\ccTXo601.s 			page 3


  80 0040 224C     		ldr	r4, .L11+8
  81 0042 A342     		cmp	r3, r4
  82 0044 19D9     		bls	.L4
  83              		.loc 1 32 5 is_stmt 0 discriminator 1 view .LVU14
  84 0046 583C     		subs	r4, r4, #88
  85 0048 4FF40065 		mov	r5, #2048
  86 004c E560     		str	r5, [r4, #12]
  87              	.L5:
  33:Library/Src/UART_miniPC.c **** 
  34:Library/Src/UART_miniPC.c ****     hdma_usart1_rx.Instance->PAR = (uint32_t) & (USART1->DR);
  88              		.loc 1 34 5 is_stmt 1 view .LVU15
  89              		.loc 1 34 34 is_stmt 0 view .LVU16
  90 004e 204C     		ldr	r4, .L11+12
  91 0050 9C60     		str	r4, [r3, #8]
  35:Library/Src/UART_miniPC.c ****     //memory buffer 1
  36:Library/Src/UART_miniPC.c ****     //内存缓冲区1
  37:Library/Src/UART_miniPC.c ****     hdma_usart1_rx.Instance->M0AR = (uint32_t)(rx1_buf);
  92              		.loc 1 37 5 is_stmt 1 view .LVU17
  93              		.loc 1 37 35 is_stmt 0 view .LVU18
  94 0052 D860     		str	r0, [r3, #12]
  38:Library/Src/UART_miniPC.c ****     //memory buffer 2
  39:Library/Src/UART_miniPC.c ****     //内存缓冲区2
  40:Library/Src/UART_miniPC.c ****     hdma_usart1_rx.Instance->M1AR = (uint32_t)(rx2_buf);
  95              		.loc 1 40 5 is_stmt 1 view .LVU19
  96              		.loc 1 40 35 is_stmt 0 view .LVU20
  97 0054 1961     		str	r1, [r3, #16]
  41:Library/Src/UART_miniPC.c ****     //data length
  42:Library/Src/UART_miniPC.c ****     //数据长度
  43:Library/Src/UART_miniPC.c ****     __HAL_DMA_SET_COUNTER(&hdma_usart1_rx, dma_buf_num);
  98              		.loc 1 43 5 is_stmt 1 view .LVU21
  99 0056 5A60     		str	r2, [r3, #4]
  44:Library/Src/UART_miniPC.c **** 
  45:Library/Src/UART_miniPC.c ****     //enable double memory buffer
  46:Library/Src/UART_miniPC.c ****     //使能双缓冲区
  47:Library/Src/UART_miniPC.c ****     SET_BIT(hdma_usart1_rx.Instance->CR, DMA_SxCR_DBM);
 100              		.loc 1 47 5 view .LVU22
 101 0058 1A68     		ldr	r2, [r3]
 102              	.LVL1:
 103              		.loc 1 47 5 is_stmt 0 view .LVU23
 104 005a 42F48022 		orr	r2, r2, #262144
 105 005e 1A60     		str	r2, [r3]
  48:Library/Src/UART_miniPC.c **** 
  49:Library/Src/UART_miniPC.c ****     //enable DMA
  50:Library/Src/UART_miniPC.c ****     //使能DMA
  51:Library/Src/UART_miniPC.c ****     __HAL_DMA_ENABLE(&hdma_usart1_rx);
 106              		.loc 1 51 5 is_stmt 1 view .LVU24
 107 0060 194B     		ldr	r3, .L11+4
 108 0062 1A68     		ldr	r2, [r3]
 109 0064 1368     		ldr	r3, [r2]
 110 0066 43F00103 		orr	r3, r3, #1
 111 006a 1360     		str	r3, [r2]
  52:Library/Src/UART_miniPC.c **** 
  53:Library/Src/UART_miniPC.c **** 
  54:Library/Src/UART_miniPC.c ****     //disable DMA
  55:Library/Src/UART_miniPC.c ****     //失效DMA
  56:Library/Src/UART_miniPC.c ****     __HAL_DMA_DISABLE(&hdma_usart1_tx);
 112              		.loc 1 56 5 view .LVU25
ARM GAS  C:\Users\cyz19\AppData\Local\Temp\ccTXo601.s 			page 4


 113 006c 194B     		ldr	r3, .L11+16
 114 006e 1A68     		ldr	r2, [r3]
 115 0070 1368     		ldr	r3, [r2]
 116 0072 23F00103 		bic	r3, r3, #1
 117 0076 1360     		str	r3, [r2]
  57:Library/Src/UART_miniPC.c **** 
  58:Library/Src/UART_miniPC.c ****     while(hdma_usart1_tx.Instance->CR & DMA_SxCR_EN)
 118              		.loc 1 58 5 view .LVU26
 119              		.loc 1 58 10 is_stmt 0 view .LVU27
 120 0078 19E0     		b	.L8
 121              	.LVL2:
 122              	.L4:
  32:Library/Src/UART_miniPC.c **** 
 123              		.loc 1 32 5 discriminator 2 view .LVU28
 124 007a 174C     		ldr	r4, .L11+20
 125 007c A342     		cmp	r3, r4
 126 007e 05D9     		bls	.L6
  32:Library/Src/UART_miniPC.c **** 
 127              		.loc 1 32 5 discriminator 3 view .LVU29
 128 0080 04F55274 		add	r4, r4, #840
 129 0084 4FF40065 		mov	r5, #2048
 130 0088 A560     		str	r5, [r4, #8]
 131 008a E0E7     		b	.L5
 132              	.L6:
  32:Library/Src/UART_miniPC.c **** 
 133              		.loc 1 32 5 discriminator 4 view .LVU30
 134 008c 134C     		ldr	r4, .L11+24
 135 008e A342     		cmp	r3, r4
 136 0090 04D9     		bls	.L7
  32:Library/Src/UART_miniPC.c **** 
 137              		.loc 1 32 5 discriminator 6 view .LVU31
 138 0092 583C     		subs	r4, r4, #88
 139 0094 4FF40065 		mov	r5, #2048
 140 0098 E560     		str	r5, [r4, #12]
 141 009a D8E7     		b	.L5
 142              	.L7:
  32:Library/Src/UART_miniPC.c **** 
 143              		.loc 1 32 5 discriminator 7 view .LVU32
 144 009c 104C     		ldr	r4, .L11+28
 145 009e 4FF40065 		mov	r5, #2048
 146 00a2 A560     		str	r5, [r4, #8]
 147 00a4 D3E7     		b	.L5
 148              	.LVL3:
 149              	.L9:
  59:Library/Src/UART_miniPC.c ****     {
  60:Library/Src/UART_miniPC.c ****         __HAL_DMA_DISABLE(&hdma_usart1_tx);
 150              		.loc 1 60 9 is_stmt 1 view .LVU33
 151 00a6 1A68     		ldr	r2, [r3]
 152 00a8 22F00102 		bic	r2, r2, #1
 153 00ac 1A60     		str	r2, [r3]
 154              	.L8:
  58:Library/Src/UART_miniPC.c ****     {
 155              		.loc 1 58 10 view .LVU34
  58:Library/Src/UART_miniPC.c ****     {
 156              		.loc 1 58 25 is_stmt 0 view .LVU35
 157 00ae 094B     		ldr	r3, .L11+16
 158 00b0 1B68     		ldr	r3, [r3]
ARM GAS  C:\Users\cyz19\AppData\Local\Temp\ccTXo601.s 			page 5


  58:Library/Src/UART_miniPC.c ****     {
 159              		.loc 1 58 34 view .LVU36
 160 00b2 1A68     		ldr	r2, [r3]
  58:Library/Src/UART_miniPC.c ****     {
 161              		.loc 1 58 10 view .LVU37
 162 00b4 12F0010F 		tst	r2, #1
 163 00b8 F5D1     		bne	.L9
  61:Library/Src/UART_miniPC.c ****     }
  62:Library/Src/UART_miniPC.c **** 
  63:Library/Src/UART_miniPC.c ****     hdma_usart1_tx.Instance->PAR = (uint32_t) & (USART1->DR);
 164              		.loc 1 63 5 is_stmt 1 view .LVU38
 165              		.loc 1 63 34 is_stmt 0 view .LVU39
 166 00ba 054A     		ldr	r2, .L11+12
 167 00bc 9A60     		str	r2, [r3, #8]
  64:Library/Src/UART_miniPC.c **** }
 168              		.loc 1 64 1 view .LVU40
 169 00be 30BC     		pop	{r4, r5}
 170              	.LCFI1:
 171              		.cfi_restore 5
 172              		.cfi_restore 4
 173              		.cfi_def_cfa_offset 0
 174 00c0 7047     		bx	lr
 175              	.L12:
 176 00c2 00BF     		.align	2
 177              	.L11:
 178 00c4 00000000 		.word	huart1
 179 00c8 00000000 		.word	hdma_usart1_rx
 180 00cc 58640240 		.word	1073898584
 181 00d0 04100140 		.word	1073811460
 182 00d4 00000000 		.word	hdma_usart1_tx
 183 00d8 B8600240 		.word	1073897656
 184 00dc 58600240 		.word	1073897560
 185 00e0 00600240 		.word	1073897472
 186              		.cfi_endproc
 187              	.LFE138:
 189              		.section	.text.uart_miniPC_read_data,"ax",%progbits
 190              		.align	1
 191              		.global	uart_miniPC_read_data
 192              		.syntax unified
 193              		.thumb
 194              		.thumb_func
 196              	uart_miniPC_read_data:
 197              	.LVL4:
 198              	.LFB140:
  65:Library/Src/UART_miniPC.c **** 
  66:Library/Src/UART_miniPC.c **** void uart_miniPC_unpack_fifo_data(void)
  67:Library/Src/UART_miniPC.c **** {
  68:Library/Src/UART_miniPC.c ****     uint8_t byte = 0;
  69:Library/Src/UART_miniPC.c ****     uart_miniPC_unpack_data_t *p_obj = &uart_miniPC_unpack_obj;
  70:Library/Src/UART_miniPC.c ****     p_obj->unpack_step = STEP_SOF;
  71:Library/Src/UART_miniPC.c ****     while(fifo_s_used(&uart_miniPC_fifo))
  72:Library/Src/UART_miniPC.c ****     {
  73:Library/Src/UART_miniPC.c ****         byte = fifo_s_get(&uart_miniPC_fifo);
  74:Library/Src/UART_miniPC.c ****         switch(p_obj->unpack_step)
  75:Library/Src/UART_miniPC.c ****         {
  76:Library/Src/UART_miniPC.c ****             case STEP_SOF:
  77:Library/Src/UART_miniPC.c ****             {
ARM GAS  C:\Users\cyz19\AppData\Local\Temp\ccTXo601.s 			page 6


  78:Library/Src/UART_miniPC.c ****                 if(byte == HEADER_SOF)
  79:Library/Src/UART_miniPC.c ****                 {
  80:Library/Src/UART_miniPC.c ****                     p_obj->index = 0;
  81:Library/Src/UART_miniPC.c ****                     p_obj->unpack_step = STEP_LEN;
  82:Library/Src/UART_miniPC.c ****                     p_obj->protocol_packet[p_obj->index++] = byte;
  83:Library/Src/UART_miniPC.c ****                 }
  84:Library/Src/UART_miniPC.c ****                 else
  85:Library/Src/UART_miniPC.c ****                 {
  86:Library/Src/UART_miniPC.c ****                     p_obj->index = 0;
  87:Library/Src/UART_miniPC.c ****                 }
  88:Library/Src/UART_miniPC.c ****             }break;
  89:Library/Src/UART_miniPC.c **** 
  90:Library/Src/UART_miniPC.c ****             case STEP_LEN:
  91:Library/Src/UART_miniPC.c ****             {
  92:Library/Src/UART_miniPC.c ****                 static uint8_t step_time = 0;
  93:Library/Src/UART_miniPC.c ****                 if(step_time <= UART_RX_BUF_LENGHT && p_obj->index == UART_MINI_PC_INFO_LEN)
  94:Library/Src/UART_miniPC.c ****                 {
  95:Library/Src/UART_miniPC.c ****                     p_obj->unpack_step = STEP_EOF;
  96:Library/Src/UART_miniPC.c ****                     p_obj->protocol_packet[p_obj->index++] = byte;
  97:Library/Src/UART_miniPC.c ****                 }
  98:Library/Src/UART_miniPC.c ****                 else if(step_time <= UART_RX_BUF_LENGHT && p_obj->index < UART_MINI_PC_INFO_LEN)
  99:Library/Src/UART_miniPC.c ****                 {
 100:Library/Src/UART_miniPC.c ****                     p_obj->protocol_packet[p_obj->index++] = byte;
 101:Library/Src/UART_miniPC.c ****                 } 
 102:Library/Src/UART_miniPC.c ****                 else
 103:Library/Src/UART_miniPC.c ****                 {
 104:Library/Src/UART_miniPC.c ****                     p_obj->unpack_step = STEP_SOF;
 105:Library/Src/UART_miniPC.c ****                     p_obj->index = 0;
 106:Library/Src/UART_miniPC.c ****                 } 
 107:Library/Src/UART_miniPC.c ****             }break;
 108:Library/Src/UART_miniPC.c **** 
 109:Library/Src/UART_miniPC.c ****             case STEP_EOF:
 110:Library/Src/UART_miniPC.c ****             {
 111:Library/Src/UART_miniPC.c ****                 if(p_obj->protocol_packet[11] == HEADER_EOF)
 112:Library/Src/UART_miniPC.c ****                 {
 113:Library/Src/UART_miniPC.c ****                     uart_miniPC_read_data(p_obj->protocol_packet);   
 114:Library/Src/UART_miniPC.c ****                 }
 115:Library/Src/UART_miniPC.c ****                 p_obj->unpack_step = STEP_SOF;
 116:Library/Src/UART_miniPC.c ****                 p_obj->index = 0;
 117:Library/Src/UART_miniPC.c ****             }break;
 118:Library/Src/UART_miniPC.c ****         }
 119:Library/Src/UART_miniPC.c ****     }
 120:Library/Src/UART_miniPC.c **** }
 121:Library/Src/UART_miniPC.c **** 
 122:Library/Src/UART_miniPC.c **** void uart_miniPC_read_data(uint8_t *frame)
 123:Library/Src/UART_miniPC.c **** {
 199              		.loc 1 123 1 is_stmt 1 view -0
 200              		.cfi_startproc
 201              		@ args = 0, pretend = 0, frame = 0
 202              		@ frame_needed = 0, uses_anonymous_args = 0
 203              		@ link register save eliminated.
 204              		.loc 1 123 1 is_stmt 0 view .LVU42
 205 0000 0246     		mov	r2, r0
 124:Library/Src/UART_miniPC.c ****     memcpy(&uart_miniPC_info , frame , sizeof(uart_miniPC_info_t));
 206              		.loc 1 124 5 is_stmt 1 view .LVU43
 207 0002 034B     		ldr	r3, .L14
 208 0004 0068     		ldr	r0, [r0]	@ unaligned
ARM GAS  C:\Users\cyz19\AppData\Local\Temp\ccTXo601.s 			page 7


 209              	.LVL5:
 210              		.loc 1 124 5 is_stmt 0 view .LVU44
 211 0006 5168     		ldr	r1, [r2, #4]	@ unaligned
 212 0008 9268     		ldr	r2, [r2, #8]	@ unaligned
 213              	.LVL6:
 214              		.loc 1 124 5 view .LVU45
 215 000a 07C3     		stmia	r3!, {r0, r1, r2}
 125:Library/Src/UART_miniPC.c **** }
 216              		.loc 1 125 1 view .LVU46
 217 000c 7047     		bx	lr
 218              	.L15:
 219 000e 00BF     		.align	2
 220              	.L14:
 221 0010 00000000 		.word	.LANCHOR0
 222              		.cfi_endproc
 223              	.LFE140:
 225              		.section	.text.uart_miniPC_unpack_fifo_data,"ax",%progbits
 226              		.align	1
 227              		.global	uart_miniPC_unpack_fifo_data
 228              		.syntax unified
 229              		.thumb
 230              		.thumb_func
 232              	uart_miniPC_unpack_fifo_data:
 233              	.LFB139:
  67:Library/Src/UART_miniPC.c ****     uint8_t byte = 0;
 234              		.loc 1 67 1 is_stmt 1 view -0
 235              		.cfi_startproc
 236              		@ args = 0, pretend = 0, frame = 0
 237              		@ frame_needed = 0, uses_anonymous_args = 0
 238 0000 08B5     		push	{r3, lr}
 239              	.LCFI2:
 240              		.cfi_def_cfa_offset 8
 241              		.cfi_offset 3, -8
 242              		.cfi_offset 14, -4
  68:Library/Src/UART_miniPC.c ****     uart_miniPC_unpack_data_t *p_obj = &uart_miniPC_unpack_obj;
 243              		.loc 1 68 5 view .LVU48
 244              	.LVL7:
  69:Library/Src/UART_miniPC.c ****     p_obj->unpack_step = STEP_SOF;
 245              		.loc 1 69 5 view .LVU49
  70:Library/Src/UART_miniPC.c ****     while(fifo_s_used(&uart_miniPC_fifo))
 246              		.loc 1 70 5 view .LVU50
  70:Library/Src/UART_miniPC.c ****     while(fifo_s_used(&uart_miniPC_fifo))
 247              		.loc 1 70 24 is_stmt 0 view .LVU51
 248 0002 2D4B     		ldr	r3, .L32
 249 0004 0022     		movs	r2, #0
 250 0006 83F88020 		strb	r2, [r3, #128]
  71:Library/Src/UART_miniPC.c ****     {
 251              		.loc 1 71 5 is_stmt 1 view .LVU52
  71:Library/Src/UART_miniPC.c ****     {
 252              		.loc 1 71 10 is_stmt 0 view .LVU53
 253 000a 37E0     		b	.L20
 254              	.LVL8:
 255              	.L31:
  80:Library/Src/UART_miniPC.c ****                     p_obj->unpack_step = STEP_LEN;
 256              		.loc 1 80 21 is_stmt 1 view .LVU54
  80:Library/Src/UART_miniPC.c ****                     p_obj->unpack_step = STEP_LEN;
 257              		.loc 1 80 34 is_stmt 0 view .LVU55
ARM GAS  C:\Users\cyz19\AppData\Local\Temp\ccTXo601.s 			page 8


 258 000c 2A4B     		ldr	r3, .L32
 259 000e 0022     		movs	r2, #0
 260 0010 83F88120 		strb	r2, [r3, #129]
 261 0014 83F88220 		strb	r2, [r3, #130]
  81:Library/Src/UART_miniPC.c ****                     p_obj->protocol_packet[p_obj->index++] = byte;
 262              		.loc 1 81 21 is_stmt 1 view .LVU56
  81:Library/Src/UART_miniPC.c ****                     p_obj->protocol_packet[p_obj->index++] = byte;
 263              		.loc 1 81 40 is_stmt 0 view .LVU57
 264 0018 0122     		movs	r2, #1
 265 001a 83F88020 		strb	r2, [r3, #128]
  82:Library/Src/UART_miniPC.c ****                 }
 266              		.loc 1 82 21 is_stmt 1 view .LVU58
  82:Library/Src/UART_miniPC.c ****                 }
 267              		.loc 1 82 56 is_stmt 0 view .LVU59
 268 001e 83F88120 		strb	r2, [r3, #129]
  82:Library/Src/UART_miniPC.c ****                 }
 269              		.loc 1 82 60 view .LVU60
 270 0022 1870     		strb	r0, [r3]
 271 0024 2AE0     		b	.L20
 272              	.L18:
 273              	.LBB2:
  92:Library/Src/UART_miniPC.c ****                 if(step_time <= UART_RX_BUF_LENGHT && p_obj->index == UART_MINI_PC_INFO_LEN)
 274              		.loc 1 92 17 is_stmt 1 view .LVU61
  93:Library/Src/UART_miniPC.c ****                 {
 275              		.loc 1 93 17 view .LVU62
  93:Library/Src/UART_miniPC.c ****                 {
 276              		.loc 1 93 60 is_stmt 0 view .LVU63
 277 0026 244B     		ldr	r3, .L32
 278 0028 B3F88130 		ldrh	r3, [r3, #129]	@ unaligned
  93:Library/Src/UART_miniPC.c ****                 {
 279              		.loc 1 93 19 view .LVU64
 280 002c 0C2B     		cmp	r3, #12
 281 002e 07D0     		beq	.L28
  98:Library/Src/UART_miniPC.c ****                 {
 282              		.loc 1 98 22 is_stmt 1 view .LVU65
  98:Library/Src/UART_miniPC.c ****                 {
 283              		.loc 1 98 24 is_stmt 0 view .LVU66
 284 0030 0B2B     		cmp	r3, #11
 285 0032 0ED8     		bhi	.L24
 100:Library/Src/UART_miniPC.c ****                 } 
 286              		.loc 1 100 21 is_stmt 1 view .LVU67
 100:Library/Src/UART_miniPC.c ****                 } 
 287              		.loc 1 100 56 is_stmt 0 view .LVU68
 288 0034 204A     		ldr	r2, .L32
 289 0036 591C     		adds	r1, r3, #1
 290 0038 A2F88110 		strh	r1, [r2, #129]	@ unaligned
 100:Library/Src/UART_miniPC.c ****                 } 
 291              		.loc 1 100 60 view .LVU69
 292 003c D054     		strb	r0, [r2, r3]
 293 003e 1DE0     		b	.L20
 294              	.L28:
  95:Library/Src/UART_miniPC.c ****                     p_obj->protocol_packet[p_obj->index++] = byte;
 295              		.loc 1 95 21 is_stmt 1 view .LVU70
  95:Library/Src/UART_miniPC.c ****                     p_obj->protocol_packet[p_obj->index++] = byte;
 296              		.loc 1 95 40 is_stmt 0 view .LVU71
 297 0040 1D4A     		ldr	r2, .L32
 298 0042 0221     		movs	r1, #2
ARM GAS  C:\Users\cyz19\AppData\Local\Temp\ccTXo601.s 			page 9


 299 0044 82F88010 		strb	r1, [r2, #128]
  96:Library/Src/UART_miniPC.c ****                 }
 300              		.loc 1 96 21 is_stmt 1 view .LVU72
  96:Library/Src/UART_miniPC.c ****                 }
 301              		.loc 1 96 56 is_stmt 0 view .LVU73
 302 0048 591C     		adds	r1, r3, #1
 303 004a A2F88110 		strh	r1, [r2, #129]	@ unaligned
  96:Library/Src/UART_miniPC.c ****                 }
 304              		.loc 1 96 60 view .LVU74
 305 004e D054     		strb	r0, [r2, r3]
 306 0050 14E0     		b	.L20
 307              	.L24:
 104:Library/Src/UART_miniPC.c ****                     p_obj->index = 0;
 308              		.loc 1 104 21 is_stmt 1 view .LVU75
 104:Library/Src/UART_miniPC.c ****                     p_obj->index = 0;
 309              		.loc 1 104 40 is_stmt 0 view .LVU76
 310 0052 194B     		ldr	r3, .L32
 311 0054 0022     		movs	r2, #0
 312 0056 83F88020 		strb	r2, [r3, #128]
 105:Library/Src/UART_miniPC.c ****                 } 
 313              		.loc 1 105 21 is_stmt 1 view .LVU77
 105:Library/Src/UART_miniPC.c ****                 } 
 314              		.loc 1 105 34 is_stmt 0 view .LVU78
 315 005a 83F88120 		strb	r2, [r3, #129]
 316 005e 83F88220 		strb	r2, [r3, #130]
 317 0062 0BE0     		b	.L20
 318              	.L19:
 319              	.LBE2:
 111:Library/Src/UART_miniPC.c ****                 {
 320              		.loc 1 111 17 is_stmt 1 view .LVU79
 111:Library/Src/UART_miniPC.c ****                 {
 321              		.loc 1 111 42 is_stmt 0 view .LVU80
 322 0064 144B     		ldr	r3, .L32
 323 0066 DB7A     		ldrb	r3, [r3, #11]	@ zero_extendqisi2
 111:Library/Src/UART_miniPC.c ****                 {
 324              		.loc 1 111 19 view .LVU81
 325 0068 442B     		cmp	r3, #68
 326 006a 20D0     		beq	.L29
 327              	.LVL9:
 328              	.L25:
 115:Library/Src/UART_miniPC.c ****                 p_obj->index = 0;
 329              		.loc 1 115 17 is_stmt 1 view .LVU82
 115:Library/Src/UART_miniPC.c ****                 p_obj->index = 0;
 330              		.loc 1 115 36 is_stmt 0 view .LVU83
 331 006c 124B     		ldr	r3, .L32
 332 006e 0022     		movs	r2, #0
 333 0070 83F88020 		strb	r2, [r3, #128]
 116:Library/Src/UART_miniPC.c ****             }break;
 334              		.loc 1 116 17 is_stmt 1 view .LVU84
 116:Library/Src/UART_miniPC.c ****             }break;
 335              		.loc 1 116 30 is_stmt 0 view .LVU85
 336 0074 83F88120 		strb	r2, [r3, #129]
 337 0078 83F88220 		strb	r2, [r3, #130]
 117:Library/Src/UART_miniPC.c ****         }
 338              		.loc 1 117 14 is_stmt 1 view .LVU86
 339              	.L20:
  71:Library/Src/UART_miniPC.c ****     {
ARM GAS  C:\Users\cyz19\AppData\Local\Temp\ccTXo601.s 			page 10


 340              		.loc 1 71 10 view .LVU87
  71:Library/Src/UART_miniPC.c ****     {
 341              		.loc 1 71 11 is_stmt 0 view .LVU88
 342 007c 0F48     		ldr	r0, .L32+4
 343 007e FFF7FEFF 		bl	fifo_s_used
 344              	.LVL10:
  71:Library/Src/UART_miniPC.c ****     {
 345              		.loc 1 71 10 view .LVU89
 346 0082 C0B1     		cbz	r0, .L30
  73:Library/Src/UART_miniPC.c ****         switch(p_obj->unpack_step)
 347              		.loc 1 73 9 is_stmt 1 view .LVU90
  73:Library/Src/UART_miniPC.c ****         switch(p_obj->unpack_step)
 348              		.loc 1 73 16 is_stmt 0 view .LVU91
 349 0084 0D48     		ldr	r0, .L32+4
 350 0086 FFF7FEFF 		bl	fifo_s_get
 351              	.LVL11:
  74:Library/Src/UART_miniPC.c ****         {
 352              		.loc 1 74 9 is_stmt 1 view .LVU92
  74:Library/Src/UART_miniPC.c ****         {
 353              		.loc 1 74 21 is_stmt 0 view .LVU93
 354 008a 0B4B     		ldr	r3, .L32
 355 008c 93F88030 		ldrb	r3, [r3, #128]	@ zero_extendqisi2
  74:Library/Src/UART_miniPC.c ****         {
 356              		.loc 1 74 9 view .LVU94
 357 0090 012B     		cmp	r3, #1
 358 0092 C8D0     		beq	.L18
 359 0094 022B     		cmp	r3, #2
 360 0096 E5D0     		beq	.L19
 361 0098 002B     		cmp	r3, #0
 362 009a EFD1     		bne	.L20
  78:Library/Src/UART_miniPC.c ****                 {
 363              		.loc 1 78 17 is_stmt 1 view .LVU95
  78:Library/Src/UART_miniPC.c ****                 {
 364              		.loc 1 78 19 is_stmt 0 view .LVU96
 365 009c 4328     		cmp	r0, #67
 366 009e B5D0     		beq	.L31
  86:Library/Src/UART_miniPC.c ****                 }
 367              		.loc 1 86 21 is_stmt 1 view .LVU97
  86:Library/Src/UART_miniPC.c ****                 }
 368              		.loc 1 86 34 is_stmt 0 view .LVU98
 369 00a0 054B     		ldr	r3, .L32
 370 00a2 0022     		movs	r2, #0
 371 00a4 83F88120 		strb	r2, [r3, #129]
 372 00a8 83F88220 		strb	r2, [r3, #130]
 373 00ac E6E7     		b	.L20
 374              	.L29:
 113:Library/Src/UART_miniPC.c ****                 }
 375              		.loc 1 113 21 is_stmt 1 view .LVU99
 376 00ae 0248     		ldr	r0, .L32
 377              	.LVL12:
 113:Library/Src/UART_miniPC.c ****                 }
 378              		.loc 1 113 21 is_stmt 0 view .LVU100
 379 00b0 FFF7FEFF 		bl	uart_miniPC_read_data
 380              	.LVL13:
 381 00b4 DAE7     		b	.L25
 382              	.L30:
 120:Library/Src/UART_miniPC.c **** 
ARM GAS  C:\Users\cyz19\AppData\Local\Temp\ccTXo601.s 			page 11


 383              		.loc 1 120 1 view .LVU101
 384 00b6 08BD     		pop	{r3, pc}
 385              	.L33:
 386              		.align	2
 387              	.L32:
 388 00b8 00000000 		.word	.LANCHOR1
 389 00bc 00000000 		.word	.LANCHOR2
 390              		.cfi_endproc
 391              	.LFE139:
 393              		.global	uart_miniPC_unpack_obj
 394              		.global	uart_miniPC_info
 395              		.global	uart_miniPC_fifo_buf
 396              		.global	usart1_buf
 397              		.global	uart_miniPC_fifo
 398              		.section	.bss.uart_miniPC_fifo,"aw",%nobits
 399              		.align	2
 400              		.set	.LANCHOR2,. + 0
 403              	uart_miniPC_fifo:
 404 0000 00000000 		.space	24
 404      00000000 
 404      00000000 
 404      00000000 
 404      00000000 
 405              		.section	.bss.uart_miniPC_fifo_buf,"aw",%nobits
 406              		.align	2
 409              	uart_miniPC_fifo_buf:
 410 0000 00000000 		.space	512
 410      00000000 
 410      00000000 
 410      00000000 
 410      00000000 
 411              		.section	.bss.uart_miniPC_info,"aw",%nobits
 412              		.align	2
 413              		.set	.LANCHOR0,. + 0
 416              	uart_miniPC_info:
 417 0000 00000000 		.space	12
 417      00000000 
 417      00000000 
 418              		.section	.bss.uart_miniPC_unpack_obj,"aw",%nobits
 419              		.align	2
 420              		.set	.LANCHOR1,. + 0
 423              	uart_miniPC_unpack_obj:
 424 0000 00000000 		.space	131
 424      00000000 
 424      00000000 
 424      00000000 
 424      00000000 
 425              		.section	.bss.usart1_buf,"aw",%nobits
 426              		.align	2
 429              	usart1_buf:
 430 0000 00000000 		.space	512
 430      00000000 
 430      00000000 
 430      00000000 
 430      00000000 
 431              		.text
 432              	.Letext0:
ARM GAS  C:\Users\cyz19\AppData\Local\Temp\ccTXo601.s 			page 12


 433              		.file 2 "c:\\program files (x86)\\gnu arm embedded toolchain\\10 2021.10\\arm-none-eabi\\include\\
 434              		.file 3 "c:\\program files (x86)\\gnu arm embedded toolchain\\10 2021.10\\arm-none-eabi\\include\\
 435              		.file 4 "Drivers/CMSIS/Device/ST/STM32F4xx/Include/stm32f407xx.h"
 436              		.file 5 "Drivers/STM32F4xx_HAL_Driver/Inc/stm32f4xx_hal_def.h"
 437              		.file 6 "Drivers/STM32F4xx_HAL_Driver/Inc/stm32f4xx_hal_dma.h"
 438              		.file 7 "Drivers/STM32F4xx_HAL_Driver/Inc/stm32f4xx_hal_uart.h"
 439              		.file 8 "Library/Inc/fifo.h"
 440              		.file 9 "Library/Inc/UART_miniPC.h"
ARM GAS  C:\Users\cyz19\AppData\Local\Temp\ccTXo601.s 			page 13


DEFINED SYMBOLS
                            *ABS*:00000000 UART_miniPC.c
C:\Users\cyz19\AppData\Local\Temp\ccTXo601.s:20     .text.uart_miniPC_Init:00000000 $t
C:\Users\cyz19\AppData\Local\Temp\ccTXo601.s:26     .text.uart_miniPC_Init:00000000 uart_miniPC_Init
C:\Users\cyz19\AppData\Local\Temp\ccTXo601.s:178    .text.uart_miniPC_Init:000000c4 $d
C:\Users\cyz19\AppData\Local\Temp\ccTXo601.s:190    .text.uart_miniPC_read_data:00000000 $t
C:\Users\cyz19\AppData\Local\Temp\ccTXo601.s:196    .text.uart_miniPC_read_data:00000000 uart_miniPC_read_data
C:\Users\cyz19\AppData\Local\Temp\ccTXo601.s:221    .text.uart_miniPC_read_data:00000010 $d
C:\Users\cyz19\AppData\Local\Temp\ccTXo601.s:226    .text.uart_miniPC_unpack_fifo_data:00000000 $t
C:\Users\cyz19\AppData\Local\Temp\ccTXo601.s:232    .text.uart_miniPC_unpack_fifo_data:00000000 uart_miniPC_unpack_fifo_data
C:\Users\cyz19\AppData\Local\Temp\ccTXo601.s:388    .text.uart_miniPC_unpack_fifo_data:000000b8 $d
C:\Users\cyz19\AppData\Local\Temp\ccTXo601.s:423    .bss.uart_miniPC_unpack_obj:00000000 uart_miniPC_unpack_obj
C:\Users\cyz19\AppData\Local\Temp\ccTXo601.s:416    .bss.uart_miniPC_info:00000000 uart_miniPC_info
C:\Users\cyz19\AppData\Local\Temp\ccTXo601.s:409    .bss.uart_miniPC_fifo_buf:00000000 uart_miniPC_fifo_buf
C:\Users\cyz19\AppData\Local\Temp\ccTXo601.s:429    .bss.usart1_buf:00000000 usart1_buf
C:\Users\cyz19\AppData\Local\Temp\ccTXo601.s:403    .bss.uart_miniPC_fifo:00000000 uart_miniPC_fifo
C:\Users\cyz19\AppData\Local\Temp\ccTXo601.s:399    .bss.uart_miniPC_fifo:00000000 $d
C:\Users\cyz19\AppData\Local\Temp\ccTXo601.s:406    .bss.uart_miniPC_fifo_buf:00000000 $d
C:\Users\cyz19\AppData\Local\Temp\ccTXo601.s:412    .bss.uart_miniPC_info:00000000 $d
C:\Users\cyz19\AppData\Local\Temp\ccTXo601.s:419    .bss.uart_miniPC_unpack_obj:00000000 $d
C:\Users\cyz19\AppData\Local\Temp\ccTXo601.s:426    .bss.usart1_buf:00000000 $d

UNDEFINED SYMBOLS
huart1
hdma_usart1_rx
hdma_usart1_tx
fifo_s_used
fifo_s_get
